[2.605s] Invoking command in '/home/arnavb/erc_ws/src/erc_ros2_navigation_py': DEBUGINFOD_URLS=https://debuginfod.ubuntu.com PYTHONPATH=/home/arnavb/erc_ws/src/build/erc_ros2_navigation_py/prefix_override:/usr/lib/python3/dist-packages/colcon_core/task/python/colcon_distutils_commands:/home/arnavb/erc_ws/src/install/erc_ros2_navigation_py/lib/python3.12/site-packages:${PYTHONPATH} /usr/bin/python3 -W ignore:setup.py install is deprecated -W ignore:easy_install command is deprecated setup.py egg_info --egg-base ../build/erc_ros2_navigation_py build --build-base /home/arnavb/erc_ws/src/build/erc_ros2_navigation_py/build install --record /home/arnavb/erc_ws/src/build/erc_ros2_navigation_py/install.log --single-version-externally-managed install_data
[2.927s] running egg_info
[2.950s] writing ../build/erc_ros2_navigation_py/erc_ros2_navigation_py.egg-info/PKG-INFO
[2.950s] writing dependency_links to ../build/erc_ros2_navigation_py/erc_ros2_navigation_py.egg-info/dependency_links.txt
[2.950s] writing entry points to ../build/erc_ros2_navigation_py/erc_ros2_navigation_py.egg-info/entry_points.txt
[2.950s] writing requirements to ../build/erc_ros2_navigation_py/erc_ros2_navigation_py.egg-info/requires.txt
[2.950s] writing top-level names to ../build/erc_ros2_navigation_py/erc_ros2_navigation_py.egg-info/top_level.txt
[2.996s] reading manifest file '../build/erc_ros2_navigation_py/erc_ros2_navigation_py.egg-info/SOURCES.txt'
[2.997s] writing manifest file '../build/erc_ros2_navigation_py/erc_ros2_navigation_py.egg-info/SOURCES.txt'
[2.997s] running build
[2.997s] running build_py
[2.998s] running install
[3.005s] running install_lib
[3.029s] running install_data
[3.029s] running install_egg_info
[3.053s] removing '/home/arnavb/erc_ws/src/install/erc_ros2_navigation_py/lib/python3.12/site-packages/erc_ros2_navigation_py-1.0.0-py3.12.egg-info' (and everything under it)
[3.053s] Copying ../build/erc_ros2_navigation_py/erc_ros2_navigation_py.egg-info to /home/arnavb/erc_ws/src/install/erc_ros2_navigation_py/lib/python3.12/site-packages/erc_ros2_navigation_py-1.0.0-py3.12.egg-info
[3.054s] running install_scripts
[3.211s] Installing controller_node script to /home/arnavb/erc_ws/src/install/erc_ros2_navigation_py/lib/erc_ros2_navigation_py
[3.211s] Installing follow_waypoints script to /home/arnavb/erc_ws/src/install/erc_ros2_navigation_py/lib/erc_ros2_navigation_py
[3.211s] Installing send_initialpose script to /home/arnavb/erc_ws/src/install/erc_ros2_navigation_py/lib/erc_ros2_navigation_py
[3.211s] Installing slam_toolbox_load_map script to /home/arnavb/erc_ws/src/install/erc_ros2_navigation_py/lib/erc_ros2_navigation_py
[3.211s] writing list of installed files to '/home/arnavb/erc_ws/src/build/erc_ros2_navigation_py/install.log'
[3.271s] Invoked command in '/home/arnavb/erc_ws/src/erc_ros2_navigation_py' returned '0': DEBUGINFOD_URLS=https://debuginfod.ubuntu.com PYTHONPATH=/home/arnavb/erc_ws/src/build/erc_ros2_navigation_py/prefix_override:/usr/lib/python3/dist-packages/colcon_core/task/python/colcon_distutils_commands:/home/arnavb/erc_ws/src/install/erc_ros2_navigation_py/lib/python3.12/site-packages:${PYTHONPATH} /usr/bin/python3 -W ignore:setup.py install is deprecated -W ignore:easy_install command is deprecated setup.py egg_info --egg-base ../build/erc_ros2_navigation_py build --build-base /home/arnavb/erc_ws/src/build/erc_ros2_navigation_py/build install --record /home/arnavb/erc_ws/src/build/erc_ros2_navigation_py/install.log --single-version-externally-managed install_data
