[1.466s] Invoking command in '/home/arnavb/erc_ws/src/assgn': DEBUGINFOD_URLS=https://debuginfod.ubuntu.com PYTHONPATH=/home/arnavb/erc_ws/src/build/assgn/prefix_override:/usr/lib/python3/dist-packages/colcon_core/task/python/colcon_distutils_commands:/home/arnavb/erc_ws/src/install/assgn/lib/python3.12/site-packages:${PYTHONPATH} /usr/bin/python3 -W ignore:setup.py install is deprecated -W ignore:easy_install command is deprecated setup.py egg_info --egg-base ../build/assgn build --build-base /home/arnavb/erc_ws/src/build/assgn/build install --record /home/arnavb/erc_ws/src/build/assgn/install.log --single-version-externally-managed install_data
[1.655s] running egg_info
[1.669s] writing ../build/assgn/assgn.egg-info/PKG-INFO
[1.669s] writing dependency_links to ../build/assgn/assgn.egg-info/dependency_links.txt
[1.669s] writing entry points to ../build/assgn/assgn.egg-info/entry_points.txt
[1.669s] writing requirements to ../build/assgn/assgn.egg-info/requires.txt
[1.670s] writing top-level names to ../build/assgn/assgn.egg-info/top_level.txt
[1.697s] reading manifest file '../build/assgn/assgn.egg-info/SOURCES.txt'
[1.698s] writing manifest file '../build/assgn/assgn.egg-info/SOURCES.txt'
[1.698s] running build
[1.698s] running build_py
[1.699s] running install
[1.703s] running install_lib
[1.718s] running install_data
[1.718s] running install_egg_info
[1.733s] removing '/home/arnavb/erc_ws/src/install/assgn/lib/python3.12/site-packages/assgn-0.0.0-py3.12.egg-info' (and everything under it)
[1.733s] Copying ../build/assgn/assgn.egg-info to /home/arnavb/erc_ws/src/install/assgn/lib/python3.12/site-packages/assgn-0.0.0-py3.12.egg-info
[1.734s] running install_scripts
[1.868s] Installing node script to /home/arnavb/erc_ws/src/install/assgn/lib/assgn
[1.869s] writing list of installed files to '/home/arnavb/erc_ws/src/build/assgn/install.log'
[1.888s] Invoked command in '/home/arnavb/erc_ws/src/assgn' returned '0': DEBUGINFOD_URLS=https://debuginfod.ubuntu.com PYTHONPATH=/home/arnavb/erc_ws/src/build/assgn/prefix_override:/usr/lib/python3/dist-packages/colcon_core/task/python/colcon_distutils_commands:/home/arnavb/erc_ws/src/install/assgn/lib/python3.12/site-packages:${PYTHONPATH} /usr/bin/python3 -W ignore:setup.py install is deprecated -W ignore:easy_install command is deprecated setup.py egg_info --egg-base ../build/assgn build --build-base /home/arnavb/erc_ws/src/build/assgn/build install --record /home/arnavb/erc_ws/src/build/assgn/install.log --single-version-externally-managed install_data
