[1.172s] Invoking command in '/home/arnavb/erc_ws/src/week1_tutorials': DEBUGINFOD_URLS=https://debuginfod.ubuntu.com PYTHONPATH=/home/arnavb/erc_ws/build/week1_tutorials/prefix_override:/usr/lib/python3/dist-packages/colcon_core/task/python/colcon_distutils_commands:/home/arnavb/erc_ws/install/week1_tutorials/lib/python3.12/site-packages:${PYTHONPATH} /usr/bin/python3 -W ignore:setup.py install is deprecated -W ignore:easy_install command is deprecated setup.py egg_info --egg-base ../../build/week1_tutorials build --build-base /home/arnavb/erc_ws/build/week1_tutorials/build install --record /home/arnavb/erc_ws/build/week1_tutorials/install.log --single-version-externally-managed install_data
[1.472s] running egg_info
[1.493s] writing ../../build/week1_tutorials/week1_tutorials.egg-info/PKG-INFO
[1.493s] writing dependency_links to ../../build/week1_tutorials/week1_tutorials.egg-info/dependency_links.txt
[1.493s] writing entry points to ../../build/week1_tutorials/week1_tutorials.egg-info/entry_points.txt
[1.493s] writing requirements to ../../build/week1_tutorials/week1_tutorials.egg-info/requires.txt
[1.493s] writing top-level names to ../../build/week1_tutorials/week1_tutorials.egg-info/top_level.txt
[1.535s] reading manifest file '../../build/week1_tutorials/week1_tutorials.egg-info/SOURCES.txt'
[1.536s] writing manifest file '../../build/week1_tutorials/week1_tutorials.egg-info/SOURCES.txt'
[1.536s] running build
[1.536s] running build_py
[1.537s] running install
[1.544s] running install_lib
[1.565s] running install_data
[1.565s] running install_egg_info
[1.587s] removing '/home/arnavb/erc_ws/install/week1_tutorials/lib/python3.12/site-packages/week1_tutorials-0.0.0-py3.12.egg-info' (and everything under it)
[1.588s] Copying ../../build/week1_tutorials/week1_tutorials.egg-info to /home/arnavb/erc_ws/install/week1_tutorials/lib/python3.12/site-packages/week1_tutorials-0.0.0-py3.12.egg-info
[1.589s] running install_scripts
[1.732s] Installing publisher script to /home/arnavb/erc_ws/install/week1_tutorials/lib/week1_tutorials
[1.732s] Installing subscriber script to /home/arnavb/erc_ws/install/week1_tutorials/lib/week1_tutorials
[1.733s] writing list of installed files to '/home/arnavb/erc_ws/build/week1_tutorials/install.log'
[1.764s] Invoked command in '/home/arnavb/erc_ws/src/week1_tutorials' returned '0': DEBUGINFOD_URLS=https://debuginfod.ubuntu.com PYTHONPATH=/home/arnavb/erc_ws/build/week1_tutorials/prefix_override:/usr/lib/python3/dist-packages/colcon_core/task/python/colcon_distutils_commands:/home/arnavb/erc_ws/install/week1_tutorials/lib/python3.12/site-packages:${PYTHONPATH} /usr/bin/python3 -W ignore:setup.py install is deprecated -W ignore:easy_install command is deprecated setup.py egg_info --egg-base ../../build/week1_tutorials build --build-base /home/arnavb/erc_ws/build/week1_tutorials/build install --record /home/arnavb/erc_ws/build/week1_tutorials/install.log --single-version-externally-managed install_data
