[0.123s] DEBUG:colcon:Command line arguments: ['/usr/bin/colcon', 'build']
[0.123s] DEBUG:colcon:Parsed command line arguments: Namespace(log_base=None, log_level=None, verb_name='build', build_base='build', install_base='install', merge_install=False, symlink_install=False, test_result_base=None, continue_on_error=False, executor='parallel', parallel_workers=20, event_handlers=None, ignore_user_meta=False, metas=['./colcon.meta'], base_paths=['.'], packages_ignore=None, packages_ignore_regex=None, paths=None, packages_up_to=None, packages_up_to_regex=None, packages_above=None, packages_above_and_dependencies=None, packages_above_depth=None, packages_select_by_dep=None, packages_skip_by_dep=None, packages_skip_up_to=None, packages_select_build_failed=False, packages_skip_build_finished=False, packages_select_test_failures=False, packages_skip_test_passed=False, packages_select=None, packages_skip=None, packages_select_regex=None, packages_skip_regex=None, packages_start=None, packages_end=None, allow_overriding=[], cmake_args=None, cmake_target=None, cmake_target_skip_unavailable=False, cmake_clean_cache=False, cmake_clean_first=False, cmake_force_configure=False, ament_cmake_args=None, catkin_cmake_args=None, catkin_skip_building_tests=False, mixin_files=None, mixin=None, verb_parser=<colcon_mixin.mixin.mixin_argument.MixinArgumentDecorator object at 0x7b4c9d5372c0>, verb_extension=<colcon_core.verb.build.BuildVerb object at 0x7b4c9d536f30>, main=<bound method BuildVerb.main of <colcon_core.verb.build.BuildVerb object at 0x7b4c9d536f30>>, mixin_verb=('build',))
[0.168s] Level 1:colcon.colcon_core.package_discovery:discover_packages(colcon_meta) check parameters
[0.169s] Level 1:colcon.colcon_core.package_discovery:discover_packages(recursive) check parameters
[0.169s] Level 1:colcon.colcon_core.package_discovery:discover_packages(ignore) check parameters
[0.169s] Level 1:colcon.colcon_core.package_discovery:discover_packages(path) check parameters
[0.169s] Level 1:colcon.colcon_core.package_discovery:discover_packages(colcon_meta) discover
[0.169s] Level 1:colcon.colcon_core.package_discovery:discover_packages(recursive) discover
[0.169s] INFO:colcon.colcon_core.package_discovery:Crawling recursively for packages in '/home/arnavb/erc_ws/src/erc_gazebo_basics'
[0.169s] Level 1:colcon.colcon_core.package_identification:_identify(.) by extensions ['ignore', 'ignore_ament_install']
[0.169s] Level 1:colcon.colcon_core.package_identification:_identify(.) by extension 'ignore'
[0.169s] Level 1:colcon.colcon_core.package_identification:_identify(.) by extension 'ignore_ament_install'
[0.169s] Level 1:colcon.colcon_core.package_identification:_identify(.) by extensions ['colcon_pkg']
[0.169s] Level 1:colcon.colcon_core.package_identification:_identify(.) by extension 'colcon_pkg'
[0.169s] Level 1:colcon.colcon_core.package_identification:_identify(.) by extensions ['colcon_meta']
[0.169s] Level 1:colcon.colcon_core.package_identification:_identify(.) by extension 'colcon_meta'
[0.169s] Level 1:colcon.colcon_core.package_identification:_identify(.) by extensions ['ros']
[0.169s] Level 1:colcon.colcon_core.package_identification:_identify(.) by extension 'ros'
[0.203s] DEBUG:colcon.colcon_core.package_identification:Package '.' with type 'ros.ament_cmake' and name 'erc_gazebo_basics'
[0.203s] Level 1:colcon.colcon_core.package_discovery:discover_packages(recursive) using defaults
[0.203s] Level 1:colcon.colcon_core.package_discovery:discover_packages(ignore) discover
[0.203s] Level 1:colcon.colcon_core.package_discovery:discover_packages(ignore) using defaults
[0.203s] Level 1:colcon.colcon_core.package_discovery:discover_packages(path) discover
[0.203s] Level 1:colcon.colcon_core.package_discovery:discover_packages(path) using defaults
[0.224s] Level 1:colcon.colcon_core.package_discovery:discover_packages(prefix_path) check parameters
[0.224s] Level 1:colcon.colcon_core.package_discovery:discover_packages(prefix_path) discover
[0.226s] DEBUG:colcon.colcon_installed_package_information.package_discovery:Found 2 installed packages in /home/arnavb/erc_ws/src/winteros_week2_sensors/install
[0.226s] DEBUG:colcon.colcon_installed_package_information.package_discovery:Found 4 installed packages in /home/arnavb/erc_ws/install
[0.228s] DEBUG:colcon.colcon_installed_package_information.package_discovery:Found 374 installed packages in /opt/ros/jazzy
[0.230s] Level 1:colcon.colcon_core.package_discovery:discover_packages(prefix_path) using defaults
[0.281s] Level 5:colcon.colcon_core.verb:set package 'erc_gazebo_basics' build argument 'cmake_args' from command line to 'None'
[0.282s] Level 5:colcon.colcon_core.verb:set package 'erc_gazebo_basics' build argument 'cmake_target' from command line to 'None'
[0.282s] Level 5:colcon.colcon_core.verb:set package 'erc_gazebo_basics' build argument 'cmake_target_skip_unavailable' from command line to 'False'
[0.282s] Level 5:colcon.colcon_core.verb:set package 'erc_gazebo_basics' build argument 'cmake_clean_cache' from command line to 'False'
[0.282s] Level 5:colcon.colcon_core.verb:set package 'erc_gazebo_basics' build argument 'cmake_clean_first' from command line to 'False'
[0.282s] Level 5:colcon.colcon_core.verb:set package 'erc_gazebo_basics' build argument 'cmake_force_configure' from command line to 'False'
[0.282s] Level 5:colcon.colcon_core.verb:set package 'erc_gazebo_basics' build argument 'ament_cmake_args' from command line to 'None'
[0.282s] Level 5:colcon.colcon_core.verb:set package 'erc_gazebo_basics' build argument 'catkin_cmake_args' from command line to 'None'
[0.282s] Level 5:colcon.colcon_core.verb:set package 'erc_gazebo_basics' build argument 'catkin_skip_building_tests' from command line to 'False'
[0.282s] DEBUG:colcon.colcon_core.verb:Building package 'erc_gazebo_basics' with the following arguments: {'ament_cmake_args': None, 'build_base': '/home/arnavb/erc_ws/src/erc_gazebo_basics/build/erc_gazebo_basics', 'catkin_cmake_args': None, 'catkin_skip_building_tests': False, 'cmake_args': None, 'cmake_clean_cache': False, 'cmake_clean_first': False, 'cmake_force_configure': False, 'cmake_target': None, 'cmake_target_skip_unavailable': False, 'install_base': '/home/arnavb/erc_ws/src/erc_gazebo_basics/install/erc_gazebo_basics', 'merge_install': False, 'path': '/home/arnavb/erc_ws/src/erc_gazebo_basics', 'symlink_install': False, 'test_result_base': None}
[0.282s] INFO:colcon.colcon_core.executor:Executing jobs using 'parallel' executor
[0.283s] DEBUG:colcon.colcon_parallel_executor.executor.parallel:run_until_complete
[0.283s] INFO:colcon.colcon_ros.task.ament_cmake.build:Building ROS package in '/home/arnavb/erc_ws/src/erc_gazebo_basics' with build type 'ament_cmake'
[0.283s] INFO:colcon.colcon_cmake.task.cmake.build:Building CMake package in '/home/arnavb/erc_ws/src/erc_gazebo_basics'
[0.286s] INFO:colcon.colcon_core.plugin_system:Skipping extension 'colcon_core.shell.bat': Not used on non-Windows systems
[0.286s] INFO:colcon.colcon_core.shell:Skip shell extension 'powershell' for command environment: Not usable outside of PowerShell
[0.286s] DEBUG:colcon.colcon_core.shell:Skip shell extension 'dsv' for command environment
[0.296s] DEBUG:colcon.colcon_core.event_handler.log_command:Invoking command in '/home/arnavb/erc_ws/src/erc_gazebo_basics/build/erc_gazebo_basics': CMAKE_PREFIX_PATH=${CMAKE_PREFIX_PATH}:/home/arnavb/erc_ws/src/winteros_week2_sensors/install/mogi_trajectory_server:/home/arnavb/erc_ws/install/week1_tutorials:/home/arnavb/erc_ws/install/stark_os:/home/arnavb/erc_ws/install/mogi_trajectory_server:/opt/ros/jazzy DEBUGINFOD_URLS=https://debuginfod.ubuntu.com /usr/bin/cmake /home/arnavb/erc_ws/src/erc_gazebo_basics -DCMAKE_INSTALL_PREFIX=/home/arnavb/erc_ws/src/erc_gazebo_basics/install/erc_gazebo_basics
[1.325s] DEBUG:colcon.colcon_core.event_handler.log_command:Invoked command in '/home/arnavb/erc_ws/src/erc_gazebo_basics/build/erc_gazebo_basics' returned '0': CMAKE_PREFIX_PATH=${CMAKE_PREFIX_PATH}:/home/arnavb/erc_ws/src/winteros_week2_sensors/install/mogi_trajectory_server:/home/arnavb/erc_ws/install/week1_tutorials:/home/arnavb/erc_ws/install/stark_os:/home/arnavb/erc_ws/install/mogi_trajectory_server:/opt/ros/jazzy DEBUGINFOD_URLS=https://debuginfod.ubuntu.com /usr/bin/cmake /home/arnavb/erc_ws/src/erc_gazebo_basics -DCMAKE_INSTALL_PREFIX=/home/arnavb/erc_ws/src/erc_gazebo_basics/install/erc_gazebo_basics
[1.327s] DEBUG:colcon.colcon_core.event_handler.log_command:Invoking command in '/home/arnavb/erc_ws/src/erc_gazebo_basics/build/erc_gazebo_basics': CMAKE_PREFIX_PATH=${CMAKE_PREFIX_PATH}:/home/arnavb/erc_ws/src/winteros_week2_sensors/install/mogi_trajectory_server:/home/arnavb/erc_ws/install/week1_tutorials:/home/arnavb/erc_ws/install/stark_os:/home/arnavb/erc_ws/install/mogi_trajectory_server:/opt/ros/jazzy DEBUGINFOD_URLS=https://debuginfod.ubuntu.com /usr/bin/cmake --build /home/arnavb/erc_ws/src/erc_gazebo_basics/build/erc_gazebo_basics -- -j20 -l20
[1.388s] DEBUG:colcon.colcon_core.event_handler.log_command:Invoked command in '/home/arnavb/erc_ws/src/erc_gazebo_basics/build/erc_gazebo_basics' returned '0': CMAKE_PREFIX_PATH=${CMAKE_PREFIX_PATH}:/home/arnavb/erc_ws/src/winteros_week2_sensors/install/mogi_trajectory_server:/home/arnavb/erc_ws/install/week1_tutorials:/home/arnavb/erc_ws/install/stark_os:/home/arnavb/erc_ws/install/mogi_trajectory_server:/opt/ros/jazzy DEBUGINFOD_URLS=https://debuginfod.ubuntu.com /usr/bin/cmake --build /home/arnavb/erc_ws/src/erc_gazebo_basics/build/erc_gazebo_basics -- -j20 -l20
[1.404s] DEBUG:colcon.colcon_core.event_handler.log_command:Invoking command in '/home/arnavb/erc_ws/src/erc_gazebo_basics/build/erc_gazebo_basics': CMAKE_PREFIX_PATH=${CMAKE_PREFIX_PATH}:/home/arnavb/erc_ws/src/winteros_week2_sensors/install/mogi_trajectory_server:/home/arnavb/erc_ws/install/week1_tutorials:/home/arnavb/erc_ws/install/stark_os:/home/arnavb/erc_ws/install/mogi_trajectory_server:/opt/ros/jazzy DEBUGINFOD_URLS=https://debuginfod.ubuntu.com /usr/bin/cmake --install /home/arnavb/erc_ws/src/erc_gazebo_basics/build/erc_gazebo_basics
[1.428s] Level 1:colcon.colcon_core.environment:create_environment_scripts_only(erc_gazebo_basics)
[1.429s] DEBUG:colcon.colcon_core.event_handler.log_command:Invoked command in '/home/arnavb/erc_ws/src/erc_gazebo_basics/build/erc_gazebo_basics' returned '0': CMAKE_PREFIX_PATH=${CMAKE_PREFIX_PATH}:/home/arnavb/erc_ws/src/winteros_week2_sensors/install/mogi_trajectory_server:/home/arnavb/erc_ws/install/week1_tutorials:/home/arnavb/erc_ws/install/stark_os:/home/arnavb/erc_ws/install/mogi_trajectory_server:/opt/ros/jazzy DEBUGINFOD_URLS=https://debuginfod.ubuntu.com /usr/bin/cmake --install /home/arnavb/erc_ws/src/erc_gazebo_basics/build/erc_gazebo_basics
[1.431s] Level 1:colcon.colcon_core.environment:checking '/home/arnavb/erc_ws/src/erc_gazebo_basics/install/erc_gazebo_basics' for CMake module files
[1.432s] Level 1:colcon.colcon_core.environment:checking '/home/arnavb/erc_ws/src/erc_gazebo_basics/install/erc_gazebo_basics' for CMake config files
[1.432s] Level 1:colcon.colcon_core.shell:create_environment_hook('erc_gazebo_basics', 'cmake_prefix_path')
[1.432s] INFO:colcon.colcon_core.shell:Creating environment hook '/home/arnavb/erc_ws/src/erc_gazebo_basics/install/erc_gazebo_basics/share/erc_gazebo_basics/hook/cmake_prefix_path.ps1'
[1.433s] INFO:colcon.colcon_core.shell:Creating environment descriptor '/home/arnavb/erc_ws/src/erc_gazebo_basics/install/erc_gazebo_basics/share/erc_gazebo_basics/hook/cmake_prefix_path.dsv'
[1.434s] INFO:colcon.colcon_core.shell:Creating environment hook '/home/arnavb/erc_ws/src/erc_gazebo_basics/install/erc_gazebo_basics/share/erc_gazebo_basics/hook/cmake_prefix_path.sh'
[1.435s] Level 1:colcon.colcon_core.environment:checking '/home/arnavb/erc_ws/src/erc_gazebo_basics/install/erc_gazebo_basics/bin'
[1.435s] Level 1:colcon.colcon_core.environment:checking '/home/arnavb/erc_ws/src/erc_gazebo_basics/install/erc_gazebo_basics/lib/pkgconfig/erc_gazebo_basics.pc'
[1.435s] Level 1:colcon.colcon_core.environment:checking '/home/arnavb/erc_ws/src/erc_gazebo_basics/install/erc_gazebo_basics/lib/python3.12/site-packages'
[1.436s] Level 1:colcon.colcon_core.environment:checking '/home/arnavb/erc_ws/src/erc_gazebo_basics/install/erc_gazebo_basics/bin'
[1.436s] INFO:colcon.colcon_core.shell:Creating package script '/home/arnavb/erc_ws/src/erc_gazebo_basics/install/erc_gazebo_basics/share/erc_gazebo_basics/package.ps1'
[1.437s] INFO:colcon.colcon_core.shell:Creating package descriptor '/home/arnavb/erc_ws/src/erc_gazebo_basics/install/erc_gazebo_basics/share/erc_gazebo_basics/package.dsv'
[1.438s] INFO:colcon.colcon_core.shell:Creating package script '/home/arnavb/erc_ws/src/erc_gazebo_basics/install/erc_gazebo_basics/share/erc_gazebo_basics/package.sh'
[1.438s] INFO:colcon.colcon_core.shell:Creating package script '/home/arnavb/erc_ws/src/erc_gazebo_basics/install/erc_gazebo_basics/share/erc_gazebo_basics/package.bash'
[1.439s] INFO:colcon.colcon_core.shell:Creating package script '/home/arnavb/erc_ws/src/erc_gazebo_basics/install/erc_gazebo_basics/share/erc_gazebo_basics/package.zsh'
[1.440s] Level 1:colcon.colcon_core.environment:create_file_with_runtime_dependencies(/home/arnavb/erc_ws/src/erc_gazebo_basics/install/erc_gazebo_basics/share/colcon-core/packages/erc_gazebo_basics)
[1.440s] Level 1:colcon.colcon_core.environment:create_environment_scripts_only(erc_gazebo_basics)
[1.441s] Level 1:colcon.colcon_core.environment:checking '/home/arnavb/erc_ws/src/erc_gazebo_basics/install/erc_gazebo_basics' for CMake module files
[1.441s] Level 1:colcon.colcon_core.environment:checking '/home/arnavb/erc_ws/src/erc_gazebo_basics/install/erc_gazebo_basics' for CMake config files
[1.441s] Level 1:colcon.colcon_core.shell:create_environment_hook('erc_gazebo_basics', 'cmake_prefix_path')
[1.442s] INFO:colcon.colcon_core.shell:Creating environment hook '/home/arnavb/erc_ws/src/erc_gazebo_basics/install/erc_gazebo_basics/share/erc_gazebo_basics/hook/cmake_prefix_path.ps1'
[1.442s] INFO:colcon.colcon_core.shell:Creating environment descriptor '/home/arnavb/erc_ws/src/erc_gazebo_basics/install/erc_gazebo_basics/share/erc_gazebo_basics/hook/cmake_prefix_path.dsv'
[1.442s] INFO:colcon.colcon_core.shell:Creating environment hook '/home/arnavb/erc_ws/src/erc_gazebo_basics/install/erc_gazebo_basics/share/erc_gazebo_basics/hook/cmake_prefix_path.sh'
[1.443s] Level 1:colcon.colcon_core.environment:checking '/home/arnavb/erc_ws/src/erc_gazebo_basics/install/erc_gazebo_basics/bin'
[1.443s] Level 1:colcon.colcon_core.environment:checking '/home/arnavb/erc_ws/src/erc_gazebo_basics/install/erc_gazebo_basics/lib/pkgconfig/erc_gazebo_basics.pc'
[1.444s] Level 1:colcon.colcon_core.environment:checking '/home/arnavb/erc_ws/src/erc_gazebo_basics/install/erc_gazebo_basics/lib/python3.12/site-packages'
[1.444s] Level 1:colcon.colcon_core.environment:checking '/home/arnavb/erc_ws/src/erc_gazebo_basics/install/erc_gazebo_basics/bin'
[1.444s] INFO:colcon.colcon_core.shell:Creating package script '/home/arnavb/erc_ws/src/erc_gazebo_basics/install/erc_gazebo_basics/share/erc_gazebo_basics/package.ps1'
[1.445s] INFO:colcon.colcon_core.shell:Creating package descriptor '/home/arnavb/erc_ws/src/erc_gazebo_basics/install/erc_gazebo_basics/share/erc_gazebo_basics/package.dsv'
[1.446s] INFO:colcon.colcon_core.shell:Creating package script '/home/arnavb/erc_ws/src/erc_gazebo_basics/install/erc_gazebo_basics/share/erc_gazebo_basics/package.sh'
[1.446s] INFO:colcon.colcon_core.shell:Creating package script '/home/arnavb/erc_ws/src/erc_gazebo_basics/install/erc_gazebo_basics/share/erc_gazebo_basics/package.bash'
[1.446s] INFO:colcon.colcon_core.shell:Creating package script '/home/arnavb/erc_ws/src/erc_gazebo_basics/install/erc_gazebo_basics/share/erc_gazebo_basics/package.zsh'
[1.447s] Level 1:colcon.colcon_core.environment:create_file_with_runtime_dependencies(/home/arnavb/erc_ws/src/erc_gazebo_basics/install/erc_gazebo_basics/share/colcon-core/packages/erc_gazebo_basics)
[1.447s] DEBUG:colcon.colcon_parallel_executor.executor.parallel:closing loop
[1.447s] DEBUG:colcon.colcon_parallel_executor.executor.parallel:loop closed
[1.447s] DEBUG:colcon.colcon_parallel_executor.executor.parallel:run_until_complete finished with '0'
[1.447s] DEBUG:colcon.colcon_core.event_reactor:joining thread
[1.458s] INFO:colcon.colcon_core.plugin_system:Skipping extension 'colcon_notification.desktop_notification.terminal_notifier': Not used on non-Darwin systems
[1.458s] INFO:colcon.colcon_core.plugin_system:Skipping extension 'colcon_notification.desktop_notification.win32': Not used on non-Windows systems
[1.458s] INFO:colcon.colcon_notification.desktop_notification:Sending desktop notification using 'notify2'
[1.482s] DEBUG:colcon.colcon_core.event_reactor:joined thread
[1.482s] INFO:colcon.colcon_core.shell:Creating prefix script '/home/arnavb/erc_ws/src/erc_gazebo_basics/install/local_setup.ps1'
[1.483s] INFO:colcon.colcon_core.shell:Creating prefix util module '/home/arnavb/erc_ws/src/erc_gazebo_basics/install/_local_setup_util_ps1.py'
[1.485s] INFO:colcon.colcon_core.shell:Creating prefix chain script '/home/arnavb/erc_ws/src/erc_gazebo_basics/install/setup.ps1'
[1.486s] INFO:colcon.colcon_core.shell:Creating prefix script '/home/arnavb/erc_ws/src/erc_gazebo_basics/install/local_setup.sh'
[1.487s] INFO:colcon.colcon_core.shell:Creating prefix util module '/home/arnavb/erc_ws/src/erc_gazebo_basics/install/_local_setup_util_sh.py'
[1.488s] INFO:colcon.colcon_core.shell:Creating prefix chain script '/home/arnavb/erc_ws/src/erc_gazebo_basics/install/setup.sh'
[1.489s] INFO:colcon.colcon_core.shell:Creating prefix script '/home/arnavb/erc_ws/src/erc_gazebo_basics/install/local_setup.bash'
[1.490s] INFO:colcon.colcon_core.shell:Creating prefix chain script '/home/arnavb/erc_ws/src/erc_gazebo_basics/install/setup.bash'
[1.491s] INFO:colcon.colcon_core.shell:Creating prefix script '/home/arnavb/erc_ws/src/erc_gazebo_basics/install/local_setup.zsh'
[1.491s] INFO:colcon.colcon_core.shell:Creating prefix chain script '/home/arnavb/erc_ws/src/erc_gazebo_basics/install/setup.zsh'
