[0.045s] Invoking command in '/home/arnavb/erc_ws/src/build/erc_gazebo_sensors': CMAKE_PREFIX_PATH=${CMAKE_PREFIX_PATH}:/home/arnavb/erc_ws/src/winteros_week2_sensors/install/mogi_trajectory_server:/home/arnavb/erc_ws/src/install/week1_tutorials:/home/arnavb/erc_ws/src/install/stark_os:/home/arnavb/erc_ws/src/install/mogi_trajectory_server:/home/arnavb/erc_ws/install/week1_tutorials:/home/arnavb/erc_ws/install/stark_os:/home/arnavb/erc_ws/install/mogi_trajectory_server:/opt/ros/jazzy DEBUGINFOD_URLS=https://debuginfod.ubuntu.com /usr/bin/cmake --build /home/arnavb/erc_ws/src/build/erc_gazebo_sensors -- -j20 -l20
[0.572s] -- Found ament_cmake: 2.5.4 (/opt/ros/jazzy/share/ament_cmake/cmake)
[0.573s] -- Found ament_lint_auto: 0.17.3 (/opt/ros/jazzy/share/ament_lint_auto/cmake)
[0.573s] -- Added test 'flake8' to check Python code syntax and style conventions
[0.573s] -- Configured 'flake8' exclude dirs and/or files: 
[0.573s] -- Added test 'lint_cmake' to check CMake code style
[0.573s] -- Added test 'pep257' to check Python code against some of the docstring style conventions in PEP 257
[0.573s] -- Added test 'xmllint' to check XML markup files
[0.573s] -- Configuring done (0.4s)
[0.573s] -- Generating done (0.0s)
[0.573s] -- Build files have been written to: /home/arnavb/erc_ws/src/build/erc_gazebo_sensors
[0.590s] Invoked command in '/home/arnavb/erc_ws/src/build/erc_gazebo_sensors' returned '0': CMAKE_PREFIX_PATH=${CMAKE_PREFIX_PATH}:/home/arnavb/erc_ws/src/winteros_week2_sensors/install/mogi_trajectory_server:/home/arnavb/erc_ws/src/install/week1_tutorials:/home/arnavb/erc_ws/src/install/stark_os:/home/arnavb/erc_ws/src/install/mogi_trajectory_server:/home/arnavb/erc_ws/install/week1_tutorials:/home/arnavb/erc_ws/install/stark_os:/home/arnavb/erc_ws/install/mogi_trajectory_server:/opt/ros/jazzy DEBUGINFOD_URLS=https://debuginfod.ubuntu.com /usr/bin/cmake --build /home/arnavb/erc_ws/src/build/erc_gazebo_sensors -- -j20 -l20
[0.591s] Invoking command in '/home/arnavb/erc_ws/src/build/erc_gazebo_sensors': CMAKE_PREFIX_PATH=${CMAKE_PREFIX_PATH}:/home/arnavb/erc_ws/src/winteros_week2_sensors/install/mogi_trajectory_server:/home/arnavb/erc_ws/src/install/week1_tutorials:/home/arnavb/erc_ws/src/install/stark_os:/home/arnavb/erc_ws/src/install/mogi_trajectory_server:/home/arnavb/erc_ws/install/week1_tutorials:/home/arnavb/erc_ws/install/stark_os:/home/arnavb/erc_ws/install/mogi_trajectory_server:/opt/ros/jazzy DEBUGINFOD_URLS=https://debuginfod.ubuntu.com /usr/bin/cmake --install /home/arnavb/erc_ws/src/build/erc_gazebo_sensors
[0.867s] -- Install configuration: ""
[0.867s] -- Up-to-date: /home/arnavb/erc_ws/src/install/erc_gazebo_sensors/share/erc_gazebo_sensors/launch
[0.867s] -- Installing: /home/arnavb/erc_ws/src/install/erc_gazebo_sensors/share/erc_gazebo_sensors/launch/check_urdf.launch.py
[0.867s] -- Installing: /home/arnavb/erc_ws/src/install/erc_gazebo_sensors/share/erc_gazebo_sensors/launch/world.launch.py
[0.867s] -- Installing: /home/arnavb/erc_ws/src/install/erc_gazebo_sensors/share/erc_gazebo_sensors/launch/spawn_robot.launch.py
[0.867s] -- Up-to-date: /home/arnavb/erc_ws/src/install/erc_gazebo_sensors/share/erc_gazebo_sensors/worlds
[0.867s] -- Installing: /home/arnavb/erc_ws/src/install/erc_gazebo_sensors/share/erc_gazebo_sensors/worlds/world.sdf
[0.867s] -- Installing: /home/arnavb/erc_ws/src/install/erc_gazebo_sensors/share/erc_gazebo_sensors/worlds/empty.sdf
[0.868s] -- Installing: /home/arnavb/erc_ws/src/install/erc_gazebo_sensors/share/erc_gazebo_sensors/worlds/home.sdf
[0.868s] -- Up-to-date: /home/arnavb/erc_ws/src/install/erc_gazebo_sensors/share/erc_gazebo_sensors/rviz
[0.868s] -- Installing: /home/arnavb/erc_ws/src/install/erc_gazebo_sensors/share/erc_gazebo_sensors/rviz/gps.rviz
[0.868s] -- Installing: /home/arnavb/erc_ws/src/install/erc_gazebo_sensors/share/erc_gazebo_sensors/rviz/urdf.rviz
[0.868s] -- Installing: /home/arnavb/erc_ws/src/install/erc_gazebo_sensors/share/erc_gazebo_sensors/rviz/rviz.rviz
[0.868s] -- Up-to-date: /home/arnavb/erc_ws/src/install/erc_gazebo_sensors/share/erc_gazebo_sensors/urdf
[0.868s] -- Installing: /home/arnavb/erc_ws/src/install/erc_gazebo_sensors/share/erc_gazebo_sensors/urdf/erc_bot.gazebo
[0.868s] -- Installing: /home/arnavb/erc_ws/src/install/erc_gazebo_sensors/share/erc_gazebo_sensors/urdf/materials.xacro
[0.868s] -- Installing: /home/arnavb/erc_ws/src/install/erc_gazebo_sensors/share/erc_gazebo_sensors/urdf/erc_bot.urdf
[0.868s] -- Up-to-date: /home/arnavb/erc_ws/src/install/erc_gazebo_sensors/share/erc_gazebo_sensors/meshes
[0.868s] -- Installing: /home/arnavb/erc_ws/src/install/erc_gazebo_sensors/share/erc_gazebo_sensors/meshes/IronManWheelLeftFront.dae
[0.868s] -- Installing: /home/arnavb/erc_ws/src/install/erc_gazebo_sensors/share/erc_gazebo_sensors/meshes/lidar.dae
[0.868s] -- Installing: /home/arnavb/erc_ws/src/install/erc_gazebo_sensors/share/erc_gazebo_sensors/meshes/IronManWheelRightFront.dae
[0.868s] -- Installing: /home/arnavb/erc_ws/src/install/erc_gazebo_sensors/share/erc_gazebo_sensors/meshes/IronMan_ROS_Body.dae
[0.868s] -- Up-to-date: /home/arnavb/erc_ws/src/install/erc_gazebo_sensors/share/ament_index/resource_index/package_run_dependencies/erc_gazebo_sensors
[0.868s] -- Installing: /home/arnavb/erc_ws/src/install/erc_gazebo_sensors/share/ament_index/resource_index/parent_prefix_path/erc_gazebo_sensors
[0.869s] -- Up-to-date: /home/arnavb/erc_ws/src/install/erc_gazebo_sensors/share/erc_gazebo_sensors/environment/ament_prefix_path.sh
[0.869s] -- Up-to-date: /home/arnavb/erc_ws/src/install/erc_gazebo_sensors/share/erc_gazebo_sensors/environment/ament_prefix_path.dsv
[0.869s] -- Up-to-date: /home/arnavb/erc_ws/src/install/erc_gazebo_sensors/share/erc_gazebo_sensors/environment/path.sh
[0.869s] -- Up-to-date: /home/arnavb/erc_ws/src/install/erc_gazebo_sensors/share/erc_gazebo_sensors/environment/path.dsv
[0.869s] -- Up-to-date: /home/arnavb/erc_ws/src/install/erc_gazebo_sensors/share/erc_gazebo_sensors/local_setup.bash
[0.869s] -- Up-to-date: /home/arnavb/erc_ws/src/install/erc_gazebo_sensors/share/erc_gazebo_sensors/local_setup.sh
[0.869s] -- Up-to-date: /home/arnavb/erc_ws/src/install/erc_gazebo_sensors/share/erc_gazebo_sensors/local_setup.zsh
[0.869s] -- Up-to-date: /home/arnavb/erc_ws/src/install/erc_gazebo_sensors/share/erc_gazebo_sensors/local_setup.dsv
[0.869s] -- Installing: /home/arnavb/erc_ws/src/install/erc_gazebo_sensors/share/erc_gazebo_sensors/package.dsv
[0.869s] -- Up-to-date: /home/arnavb/erc_ws/src/install/erc_gazebo_sensors/share/ament_index/resource_index/packages/erc_gazebo_sensors
[0.869s] -- Up-to-date: /home/arnavb/erc_ws/src/install/erc_gazebo_sensors/share/erc_gazebo_sensors/cmake/erc_gazebo_sensorsConfig.cmake
[0.869s] -- Up-to-date: /home/arnavb/erc_ws/src/install/erc_gazebo_sensors/share/erc_gazebo_sensors/cmake/erc_gazebo_sensorsConfig-version.cmake
[0.870s] -- Installing: /home/arnavb/erc_ws/src/install/erc_gazebo_sensors/share/erc_gazebo_sensors/package.xml
[0.891s] Invoked command in '/home/arnavb/erc_ws/src/build/erc_gazebo_sensors' returned '0': CMAKE_PREFIX_PATH=${CMAKE_PREFIX_PATH}:/home/arnavb/erc_ws/src/winteros_week2_sensors/install/mogi_trajectory_server:/home/arnavb/erc_ws/src/install/week1_tutorials:/home/arnavb/erc_ws/src/install/stark_os:/home/arnavb/erc_ws/src/install/mogi_trajectory_server:/home/arnavb/erc_ws/install/week1_tutorials:/home/arnavb/erc_ws/install/stark_os:/home/arnavb/erc_ws/install/mogi_trajectory_server:/opt/ros/jazzy DEBUGINFOD_URLS=https://debuginfod.ubuntu.com /usr/bin/cmake --install /home/arnavb/erc_ws/src/build/erc_gazebo_sensors
