running egg_info
creating ../../build/stark_os/stark_os.egg-info
writing ../../build/stark_os/stark_os.egg-info/PKG-INFO
writing dependency_links to ../../build/stark_os/stark_os.egg-info/dependency_links.txt
writing entry points to ../../build/stark_os/stark_os.egg-info/entry_points.txt
writing requirements to ../../build/stark_os/stark_os.egg-info/requires.txt
writing top-level names to ../../build/stark_os/stark_os.egg-info/top_level.txt
writing manifest file '../../build/stark_os/stark_os.egg-info/SOURCES.txt'
reading manifest file '../../build/stark_os/stark_os.egg-info/SOURCES.txt'
writing manifest file '../../build/stark_os/stark_os.egg-info/SOURCES.txt'
running build
running build_py
creating /home/arnavb/erc_ws/build/stark_os/build
creating /home/arnavb/erc_ws/build/stark_os/build/lib
creating /home/arnavb/erc_ws/build/stark_os/build/lib/stark_os
copying stark_os/__init__.py -> /home/arnavb/erc_ws/build/stark_os/build/lib/stark_os
copying stark_os/talker2.py -> /home/arnavb/erc_ws/build/stark_os/build/lib/stark_os
copying stark_os/talker1.py -> /home/arnavb/erc_ws/build/stark_os/build/lib/stark_os
copying stark_os/listener.py -> /home/arnavb/erc_ws/build/stark_os/build/lib/stark_os
running install
running install_lib
creating /home/arnavb/erc_ws/install/stark_os/lib/python3.12/site-packages/stark_os
copying /home/arnavb/erc_ws/build/stark_os/build/lib/stark_os/__init__.py -> /home/arnavb/erc_ws/install/stark_os/lib/python3.12/site-packages/stark_os
copying /home/arnavb/erc_ws/build/stark_os/build/lib/stark_os/talker2.py -> /home/arnavb/erc_ws/install/stark_os/lib/python3.12/site-packages/stark_os
copying /home/arnavb/erc_ws/build/stark_os/build/lib/stark_os/talker1.py -> /home/arnavb/erc_ws/install/stark_os/lib/python3.12/site-packages/stark_os
copying /home/arnavb/erc_ws/build/stark_os/build/lib/stark_os/listener.py -> /home/arnavb/erc_ws/install/stark_os/lib/python3.12/site-packages/stark_os
byte-compiling /home/arnavb/erc_ws/install/stark_os/lib/python3.12/site-packages/stark_os/__init__.py to __init__.cpython-312.pyc
byte-compiling /home/arnavb/erc_ws/install/stark_os/lib/python3.12/site-packages/stark_os/talker2.py to talker2.cpython-312.pyc
byte-compiling /home/arnavb/erc_ws/install/stark_os/lib/python3.12/site-packages/stark_os/talker1.py to talker1.cpython-312.pyc
byte-compiling /home/arnavb/erc_ws/install/stark_os/lib/python3.12/site-packages/stark_os/listener.py to listener.cpython-312.pyc
running install_data
creating /home/arnavb/erc_ws/install/stark_os/share/ament_index
creating /home/arnavb/erc_ws/install/stark_os/share/ament_index/resource_index
creating /home/arnavb/erc_ws/install/stark_os/share/ament_index/resource_index/packages
copying resource/stark_os -> /home/arnavb/erc_ws/install/stark_os/share/ament_index/resource_index/packages
copying package.xml -> /home/arnavb/erc_ws/install/stark_os/share/stark_os
running install_egg_info
Copying ../../build/stark_os/stark_os.egg-info to /home/arnavb/erc_ws/install/stark_os/lib/python3.12/site-packages/stark_os-0.0.0-py3.12.egg-info
running install_scripts
Installing publisher1 script to /home/arnavb/erc_ws/install/stark_os/lib/stark_os
Installing publisher2 script to /home/arnavb/erc_ws/install/stark_os/lib/stark_os
Installing subscriber script to /home/arnavb/erc_ws/install/stark_os/lib/stark_os
writing list of installed files to '/home/arnavb/erc_ws/build/stark_os/install.log'
