[0.585s] Invoking command in '/home/arnavb/erc_ws/src/build/erc_ros2_navigation': CMAKE_PREFIX_PATH=${CMAKE_PREFIX_PATH}:/home/arnavb/erc_ws/install/week1_tutorials:/home/arnavb/erc_ws/install/stark_os:/home/arnavb/erc_ws/install/mogi_trajectory_server:/opt/ros/jazzy DEBUGINFOD_URLS=https://debuginfod.ubuntu.com /usr/bin/cmake /home/arnavb/erc_ws/src/erc_ros2_navigation -DCMAKE_INSTALL_PREFIX=/home/arnavb/erc_ws/src/install/erc_ros2_navigation
[1.132s] -- The C compiler identification is GNU 13.3.0
[1.132s] -- The CXX compiler identification is GNU 13.3.0
[1.132s] -- Detecting C compiler ABI info
[1.132s] -- Detecting C compiler ABI info - done
[1.132s] -- Check for working C compiler: /usr/bin/cc - skipped
[1.132s] -- Detecting C compile features
[1.132s] -- Detecting C compile features - done
[1.133s] -- Detecting CXX compiler ABI info
[1.149s] -- Detecting CXX compiler ABI info - done
[1.168s] -- Check for working CXX compiler: /usr/bin/c++ - skipped
[1.169s] -- Detecting CXX compile features
[1.169s] -- Detecting CXX compile features - done
[1.178s] -- Found ament_cmake: 2.5.4 (/opt/ros/jazzy/share/ament_cmake/cmake)
[1.381s] -- Found Python3: /usr/bin/python3 (found version "3.12.3") found components: Interpreter 
[1.573s] -- Found ament_lint_auto: 0.17.3 (/opt/ros/jazzy/share/ament_lint_auto/cmake)
[1.723s] -- Added test 'flake8' to check Python code syntax and style conventions
[1.723s] -- Configured 'flake8' exclude dirs and/or files: 
[1.724s] -- Added test 'lint_cmake' to check CMake code style
[1.725s] -- Added test 'pep257' to check Python code against some of the docstring style conventions in PEP 257
[1.728s] -- Added test 'xmllint' to check XML markup files
[1.730s] -- Configuring done (1.1s)
[1.733s] -- Generating done (0.0s)
[1.734s] -- Build files have been written to: /home/arnavb/erc_ws/src/build/erc_ros2_navigation
[1.741s] Invoked command in '/home/arnavb/erc_ws/src/build/erc_ros2_navigation' returned '0': CMAKE_PREFIX_PATH=${CMAKE_PREFIX_PATH}:/home/arnavb/erc_ws/install/week1_tutorials:/home/arnavb/erc_ws/install/stark_os:/home/arnavb/erc_ws/install/mogi_trajectory_server:/opt/ros/jazzy DEBUGINFOD_URLS=https://debuginfod.ubuntu.com /usr/bin/cmake /home/arnavb/erc_ws/src/erc_ros2_navigation -DCMAKE_INSTALL_PREFIX=/home/arnavb/erc_ws/src/install/erc_ros2_navigation
[1.742s] Invoking command in '/home/arnavb/erc_ws/src/build/erc_ros2_navigation': CMAKE_PREFIX_PATH=${CMAKE_PREFIX_PATH}:/home/arnavb/erc_ws/install/week1_tutorials:/home/arnavb/erc_ws/install/stark_os:/home/arnavb/erc_ws/install/mogi_trajectory_server:/opt/ros/jazzy DEBUGINFOD_URLS=https://debuginfod.ubuntu.com /usr/bin/cmake --build /home/arnavb/erc_ws/src/build/erc_ros2_navigation -- -j20 -l20
[1.810s] Invoked command in '/home/arnavb/erc_ws/src/build/erc_ros2_navigation' returned '0': CMAKE_PREFIX_PATH=${CMAKE_PREFIX_PATH}:/home/arnavb/erc_ws/install/week1_tutorials:/home/arnavb/erc_ws/install/stark_os:/home/arnavb/erc_ws/install/mogi_trajectory_server:/opt/ros/jazzy DEBUGINFOD_URLS=https://debuginfod.ubuntu.com /usr/bin/cmake --build /home/arnavb/erc_ws/src/build/erc_ros2_navigation -- -j20 -l20
[1.812s] Invoking command in '/home/arnavb/erc_ws/src/build/erc_ros2_navigation': CMAKE_PREFIX_PATH=${CMAKE_PREFIX_PATH}:/home/arnavb/erc_ws/install/week1_tutorials:/home/arnavb/erc_ws/install/stark_os:/home/arnavb/erc_ws/install/mogi_trajectory_server:/opt/ros/jazzy DEBUGINFOD_URLS=https://debuginfod.ubuntu.com /usr/bin/cmake --install /home/arnavb/erc_ws/src/build/erc_ros2_navigation
[1.827s] -- Install configuration: ""
[1.827s] -- Installing: /home/arnavb/erc_ws/src/install/erc_ros2_navigation/share/erc_ros2_navigation/launch
[1.828s] -- Installing: /home/arnavb/erc_ws/src/install/erc_ros2_navigation/share/erc_ros2_navigation/launch/check_urdf.launch.py
[1.828s] -- Installing: /home/arnavb/erc_ws/src/install/erc_ros2_navigation/share/erc_ros2_navigation/launch/world.launch.py
[1.828s] -- Installing: /home/arnavb/erc_ws/src/install/erc_ros2_navigation/share/erc_ros2_navigation/launch/spawn_robot.launch.py
[1.828s] -- Installing: /home/arnavb/erc_ws/src/install/erc_ros2_navigation/share/erc_ros2_navigation/worlds
[1.829s] -- Installing: /home/arnavb/erc_ws/src/install/erc_ros2_navigation/share/erc_ros2_navigation/worlds/empty.sdf
[1.829s] -- Installing: /home/arnavb/erc_ws/src/install/erc_ros2_navigation/share/erc_ros2_navigation/worlds/home.sdf
[1.829s] -- Installing: /home/arnavb/erc_ws/src/install/erc_ros2_navigation/share/erc_ros2_navigation/rviz
[1.829s] -- Installing: /home/arnavb/erc_ws/src/install/erc_ros2_navigation/share/erc_ros2_navigation/rviz/navigation.rviz
[1.829s] -- Installing: /home/arnavb/erc_ws/src/install/erc_ros2_navigation/share/erc_ros2_navigation/rviz/urdf.rviz
[1.829s] -- Installing: /home/arnavb/erc_ws/src/install/erc_ros2_navigation/share/erc_ros2_navigation/rviz/localization.rviz
[1.830s] -- Installing: /home/arnavb/erc_ws/src/install/erc_ros2_navigation/share/erc_ros2_navigation/rviz/rviz.rviz
[1.830s] -- Installing: /home/arnavb/erc_ws/src/install/erc_ros2_navigation/share/erc_ros2_navigation/rviz/mapping.rviz
[1.830s] -- Installing: /home/arnavb/erc_ws/src/install/erc_ros2_navigation/share/erc_ros2_navigation/urdf
[1.830s] -- Installing: /home/arnavb/erc_ws/src/install/erc_ros2_navigation/share/erc_ros2_navigation/urdf/erc_bot.gazebo
[1.830s] -- Installing: /home/arnavb/erc_ws/src/install/erc_ros2_navigation/share/erc_ros2_navigation/urdf/materials.xacro
[1.830s] -- Installing: /home/arnavb/erc_ws/src/install/erc_ros2_navigation/share/erc_ros2_navigation/urdf/erc_bot.urdf
[1.831s] -- Installing: /home/arnavb/erc_ws/src/install/erc_ros2_navigation/share/erc_ros2_navigation/meshes
[1.831s] -- Installing: /home/arnavb/erc_ws/src/install/erc_ros2_navigation/share/erc_ros2_navigation/meshes/IronManWheelLeftFront.dae
[1.834s] -- Installing: /home/arnavb/erc_ws/src/install/erc_ros2_navigation/share/erc_ros2_navigation/meshes/lidar.dae
[1.834s] -- Installing: /home/arnavb/erc_ws/src/install/erc_ros2_navigation/share/erc_ros2_navigation/meshes/IronManWheelRightFront.dae
[1.837s] -- Installing: /home/arnavb/erc_ws/src/install/erc_ros2_navigation/share/erc_ros2_navigation/meshes/IronMan_ROS_Body.dae
[1.838s] -- Installing: /home/arnavb/erc_ws/src/install/erc_ros2_navigation/share/erc_ros2_navigation/config
[1.838s] -- Installing: /home/arnavb/erc_ws/src/install/erc_ros2_navigation/share/erc_ros2_navigation/config/waypoints.yaml
[1.838s] -- Installing: /home/arnavb/erc_ws/src/install/erc_ros2_navigation/share/erc_ros2_navigation/config/ekf.yaml
[1.839s] -- Installing: /home/arnavb/erc_ws/src/install/erc_ros2_navigation/share/erc_ros2_navigation/config/slam_toolbox_mapping.yaml
[1.839s] -- Installing: /home/arnavb/erc_ws/src/install/erc_ros2_navigation/share/erc_ros2_navigation/config/navigation.yaml
[1.839s] -- Installing: /home/arnavb/erc_ws/src/install/erc_ros2_navigation/share/erc_ros2_navigation/config/slam_toolbox_localization.yaml
[1.839s] -- Installing: /home/arnavb/erc_ws/src/install/erc_ros2_navigation/share/erc_ros2_navigation/config/amcl_localization.yaml
[1.839s] -- Installing: /home/arnavb/erc_ws/src/install/erc_ros2_navigation/share/erc_ros2_navigation/config/gz_bridge.yaml
[1.839s] -- Installing: /home/arnavb/erc_ws/src/install/erc_ros2_navigation/share/erc_ros2_navigation/maps
[1.839s] -- Installing: /home/arnavb/erc_ws/src/install/erc_ros2_navigation/share/erc_ros2_navigation/maps/serialized.posegraph
[1.848s] -- Installing: /home/arnavb/erc_ws/src/install/erc_ros2_navigation/share/erc_ros2_navigation/maps/my_map.pgm
[1.848s] -- Installing: /home/arnavb/erc_ws/src/install/erc_ros2_navigation/share/erc_ros2_navigation/maps/serialized.data
[1.850s] -- Installing: /home/arnavb/erc_ws/src/install/erc_ros2_navigation/share/erc_ros2_navigation/maps/my_map.yaml
[1.850s] -- Installing: /home/arnavb/erc_ws/src/install/erc_ros2_navigation/share/ament_index/resource_index/package_run_dependencies/erc_ros2_navigation
[1.851s] -- Installing: /home/arnavb/erc_ws/src/install/erc_ros2_navigation/share/ament_index/resource_index/parent_prefix_path/erc_ros2_navigation
[1.851s] -- Installing: /home/arnavb/erc_ws/src/install/erc_ros2_navigation/share/erc_ros2_navigation/environment/ament_prefix_path.sh
[1.851s] -- Installing: /home/arnavb/erc_ws/src/install/erc_ros2_navigation/share/erc_ros2_navigation/environment/ament_prefix_path.dsv
[1.851s] -- Installing: /home/arnavb/erc_ws/src/install/erc_ros2_navigation/share/erc_ros2_navigation/environment/path.sh
[1.851s] -- Installing: /home/arnavb/erc_ws/src/install/erc_ros2_navigation/share/erc_ros2_navigation/environment/path.dsv
[1.851s] -- Installing: /home/arnavb/erc_ws/src/install/erc_ros2_navigation/share/erc_ros2_navigation/local_setup.bash
[1.852s] -- Installing: /home/arnavb/erc_ws/src/install/erc_ros2_navigation/share/erc_ros2_navigation/local_setup.sh
[1.852s] -- Installing: /home/arnavb/erc_ws/src/install/erc_ros2_navigation/share/erc_ros2_navigation/local_setup.zsh
[1.852s] -- Installing: /home/arnavb/erc_ws/src/install/erc_ros2_navigation/share/erc_ros2_navigation/local_setup.dsv
[1.852s] -- Installing: /home/arnavb/erc_ws/src/install/erc_ros2_navigation/share/erc_ros2_navigation/package.dsv
[1.852s] -- Installing: /home/arnavb/erc_ws/src/install/erc_ros2_navigation/share/ament_index/resource_index/packages/erc_ros2_navigation
[1.852s] -- Installing: /home/arnavb/erc_ws/src/install/erc_ros2_navigation/share/erc_ros2_navigation/cmake/erc_ros2_navigationConfig.cmake
[1.853s] -- Installing: /home/arnavb/erc_ws/src/install/erc_ros2_navigation/share/erc_ros2_navigation/cmake/erc_ros2_navigationConfig-version.cmake
[1.853s] -- Installing: /home/arnavb/erc_ws/src/install/erc_ros2_navigation/share/erc_ros2_navigation/package.xml
[1.854s] Invoked command in '/home/arnavb/erc_ws/src/build/erc_ros2_navigation' returned '0': CMAKE_PREFIX_PATH=${CMAKE_PREFIX_PATH}:/home/arnavb/erc_ws/install/week1_tutorials:/home/arnavb/erc_ws/install/stark_os:/home/arnavb/erc_ws/install/mogi_trajectory_server:/opt/ros/jazzy DEBUGINFOD_URLS=https://debuginfod.ubuntu.com /usr/bin/cmake --install /home/arnavb/erc_ws/src/build/erc_ros2_navigation
