[1.393s] Invoking command in '/home/arnavb/erc_ws/src/build/erc_gazebo_sensors': CMAKE_PREFIX_PATH=${CMAKE_PREFIX_PATH}:/home/arnavb/erc_ws/src/week3/install/erc_trajectory_server:/home/arnavb/erc_ws/src/week3/install/erc_ros2_simple_arm_py:/home/arnavb/erc_ws/src/week3/install/erc_ros2_navigation_py:/home/arnavb/erc_ws/src/week3/install/erc_gazebo_sensors_py:/home/arnavb/erc_ws/install/week1_tutorials:/home/arnavb/erc_ws/install/stark_os:/home/arnavb/erc_ws/install/mogi_trajectory_server:/opt/ros/jazzy DEBUGINFOD_URLS=https://debuginfod.ubuntu.com /usr/bin/cmake --build /home/arnavb/erc_ws/src/build/erc_gazebo_sensors -- -j20 -l20
[6.764s] Invoked command in '/home/arnavb/erc_ws/src/build/erc_gazebo_sensors' returned '0': CMAKE_PREFIX_PATH=${CMAKE_PREFIX_PATH}:/home/arnavb/erc_ws/src/week3/install/erc_trajectory_server:/home/arnavb/erc_ws/src/week3/install/erc_ros2_simple_arm_py:/home/arnavb/erc_ws/src/week3/install/erc_ros2_navigation_py:/home/arnavb/erc_ws/src/week3/install/erc_gazebo_sensors_py:/home/arnavb/erc_ws/install/week1_tutorials:/home/arnavb/erc_ws/install/stark_os:/home/arnavb/erc_ws/install/mogi_trajectory_server:/opt/ros/jazzy DEBUGINFOD_URLS=https://debuginfod.ubuntu.com /usr/bin/cmake --build /home/arnavb/erc_ws/src/build/erc_gazebo_sensors -- -j20 -l20
[6.771s] Invoking command in '/home/arnavb/erc_ws/src/build/erc_gazebo_sensors': CMAKE_PREFIX_PATH=${CMAKE_PREFIX_PATH}:/home/arnavb/erc_ws/src/week3/install/erc_trajectory_server:/home/arnavb/erc_ws/src/week3/install/erc_ros2_simple_arm_py:/home/arnavb/erc_ws/src/week3/install/erc_ros2_navigation_py:/home/arnavb/erc_ws/src/week3/install/erc_gazebo_sensors_py:/home/arnavb/erc_ws/install/week1_tutorials:/home/arnavb/erc_ws/install/stark_os:/home/arnavb/erc_ws/install/mogi_trajectory_server:/opt/ros/jazzy DEBUGINFOD_URLS=https://debuginfod.ubuntu.com /usr/bin/cmake --install /home/arnavb/erc_ws/src/build/erc_gazebo_sensors
[6.897s] -- Install configuration: ""
[6.898s] -- Up-to-date: /home/arnavb/erc_ws/src/install/erc_gazebo_sensors/share/erc_gazebo_sensors/launch
[6.898s] -- Up-to-date: /home/arnavb/erc_ws/src/install/erc_gazebo_sensors/share/erc_gazebo_sensors/launch/check_urdf.launch.py
[6.898s] -- Up-to-date: /home/arnavb/erc_ws/src/install/erc_gazebo_sensors/share/erc_gazebo_sensors/launch/world.launch.py
[6.898s] -- Up-to-date: /home/arnavb/erc_ws/src/install/erc_gazebo_sensors/share/erc_gazebo_sensors/launch/spawn_robot.launch.py
[6.899s] -- Up-to-date: /home/arnavb/erc_ws/src/install/erc_gazebo_sensors/share/erc_gazebo_sensors/worlds
[6.899s] -- Up-to-date: /home/arnavb/erc_ws/src/install/erc_gazebo_sensors/share/erc_gazebo_sensors/worlds/world.sdf
[6.899s] -- Up-to-date: /home/arnavb/erc_ws/src/install/erc_gazebo_sensors/share/erc_gazebo_sensors/worlds/empty.sdf
[6.900s] -- Up-to-date: /home/arnavb/erc_ws/src/install/erc_gazebo_sensors/share/erc_gazebo_sensors/worlds/home.sdf
[6.900s] -- Up-to-date: /home/arnavb/erc_ws/src/install/erc_gazebo_sensors/share/erc_gazebo_sensors/rviz
[6.900s] -- Up-to-date: /home/arnavb/erc_ws/src/install/erc_gazebo_sensors/share/erc_gazebo_sensors/rviz/gps.rviz
[6.901s] -- Up-to-date: /home/arnavb/erc_ws/src/install/erc_gazebo_sensors/share/erc_gazebo_sensors/rviz/urdf.rviz
[6.901s] -- Up-to-date: /home/arnavb/erc_ws/src/install/erc_gazebo_sensors/share/erc_gazebo_sensors/rviz/rviz.rviz
[6.901s] -- Up-to-date: /home/arnavb/erc_ws/src/install/erc_gazebo_sensors/share/erc_gazebo_sensors/urdf
[6.901s] -- Up-to-date: /home/arnavb/erc_ws/src/install/erc_gazebo_sensors/share/erc_gazebo_sensors/urdf/erc_bot.gazebo
[6.902s] -- Up-to-date: /home/arnavb/erc_ws/src/install/erc_gazebo_sensors/share/erc_gazebo_sensors/urdf/materials.xacro
[6.902s] -- Up-to-date: /home/arnavb/erc_ws/src/install/erc_gazebo_sensors/share/erc_gazebo_sensors/urdf/erc_bot.urdf
[6.902s] -- Up-to-date: /home/arnavb/erc_ws/src/install/erc_gazebo_sensors/share/erc_gazebo_sensors/meshes
[6.902s] -- Up-to-date: /home/arnavb/erc_ws/src/install/erc_gazebo_sensors/share/erc_gazebo_sensors/meshes/IronManWheelLeftFront.dae
[6.903s] -- Up-to-date: /home/arnavb/erc_ws/src/install/erc_gazebo_sensors/share/erc_gazebo_sensors/meshes/lidar.dae
[6.903s] -- Up-to-date: /home/arnavb/erc_ws/src/install/erc_gazebo_sensors/share/erc_gazebo_sensors/meshes/IronManWheelRightFront.dae
[6.903s] -- Up-to-date: /home/arnavb/erc_ws/src/install/erc_gazebo_sensors/share/erc_gazebo_sensors/meshes/IronMan_ROS_Body.dae
[6.903s] -- Up-to-date: /home/arnavb/erc_ws/src/install/erc_gazebo_sensors/share/ament_index/resource_index/package_run_dependencies/erc_gazebo_sensors
[6.903s] -- Up-to-date: /home/arnavb/erc_ws/src/install/erc_gazebo_sensors/share/ament_index/resource_index/parent_prefix_path/erc_gazebo_sensors
[6.904s] -- Up-to-date: /home/arnavb/erc_ws/src/install/erc_gazebo_sensors/share/erc_gazebo_sensors/environment/ament_prefix_path.sh
[6.904s] -- Up-to-date: /home/arnavb/erc_ws/src/install/erc_gazebo_sensors/share/erc_gazebo_sensors/environment/ament_prefix_path.dsv
[6.904s] -- Up-to-date: /home/arnavb/erc_ws/src/install/erc_gazebo_sensors/share/erc_gazebo_sensors/environment/path.sh
[6.904s] -- Up-to-date: /home/arnavb/erc_ws/src/install/erc_gazebo_sensors/share/erc_gazebo_sensors/environment/path.dsv
[6.904s] -- Up-to-date: /home/arnavb/erc_ws/src/install/erc_gazebo_sensors/share/erc_gazebo_sensors/local_setup.bash
[6.905s] -- Up-to-date: /home/arnavb/erc_ws/src/install/erc_gazebo_sensors/share/erc_gazebo_sensors/local_setup.sh
[6.905s] -- Up-to-date: /home/arnavb/erc_ws/src/install/erc_gazebo_sensors/share/erc_gazebo_sensors/local_setup.zsh
[6.905s] -- Up-to-date: /home/arnavb/erc_ws/src/install/erc_gazebo_sensors/share/erc_gazebo_sensors/local_setup.dsv
[6.905s] -- Installing: /home/arnavb/erc_ws/src/install/erc_gazebo_sensors/share/erc_gazebo_sensors/package.dsv
[6.905s] -- Up-to-date: /home/arnavb/erc_ws/src/install/erc_gazebo_sensors/share/ament_index/resource_index/packages/erc_gazebo_sensors
[6.905s] -- Up-to-date: /home/arnavb/erc_ws/src/install/erc_gazebo_sensors/share/erc_gazebo_sensors/cmake/erc_gazebo_sensorsConfig.cmake
[6.906s] -- Up-to-date: /home/arnavb/erc_ws/src/install/erc_gazebo_sensors/share/erc_gazebo_sensors/cmake/erc_gazebo_sensorsConfig-version.cmake
[6.906s] -- Up-to-date: /home/arnavb/erc_ws/src/install/erc_gazebo_sensors/share/erc_gazebo_sensors/package.xml
