[0.723s] Invoking command in '/home/arnavb/erc_ws/src/mogi_trajectory_server': DEBUGINFOD_URLS=https://debuginfod.ubuntu.com PYTHONPATH=/home/arnavb/erc_ws/src/build/mogi_trajectory_server/prefix_override:/usr/lib/python3/dist-packages/colcon_core/task/python/colcon_distutils_commands:/home/arnavb/erc_ws/src/install/mogi_trajectory_server/lib/python3.12/site-packages:${PYTHONPATH} /usr/bin/python3 -W ignore:setup.py install is deprecated -W ignore:easy_install command is deprecated setup.py egg_info --egg-base ../build/mogi_trajectory_server build --build-base /home/arnavb/erc_ws/src/build/mogi_trajectory_server/build install --record /home/arnavb/erc_ws/src/build/mogi_trajectory_server/install.log --single-version-externally-managed install_data
[0.906s] running egg_info
[0.919s] writing ../build/mogi_trajectory_server/mogi_trajectory_server.egg-info/PKG-INFO
[0.919s] writing dependency_links to ../build/mogi_trajectory_server/mogi_trajectory_server.egg-info/dependency_links.txt
[0.919s] writing entry points to ../build/mogi_trajectory_server/mogi_trajectory_server.egg-info/entry_points.txt
[0.919s] writing requirements to ../build/mogi_trajectory_server/mogi_trajectory_server.egg-info/requires.txt
[0.919s] writing top-level names to ../build/mogi_trajectory_server/mogi_trajectory_server.egg-info/top_level.txt
[0.945s] reading manifest file '../build/mogi_trajectory_server/mogi_trajectory_server.egg-info/SOURCES.txt'
[0.945s] adding license file 'LICENSE'
[0.945s] writing manifest file '../build/mogi_trajectory_server/mogi_trajectory_server.egg-info/SOURCES.txt'
[0.945s] running build
[0.945s] running build_py
[0.945s] running install
[0.950s] running install_lib
[0.962s] running install_data
[0.962s] running install_egg_info
[0.976s] removing '/home/arnavb/erc_ws/src/install/mogi_trajectory_server/lib/python3.12/site-packages/mogi_trajectory_server-1.0.0-py3.12.egg-info' (and everything under it)
[0.976s] Copying ../build/mogi_trajectory_server/mogi_trajectory_server.egg-info to /home/arnavb/erc_ws/src/install/mogi_trajectory_server/lib/python3.12/site-packages/mogi_trajectory_server-1.0.0-py3.12.egg-info
[0.976s] running install_scripts
[1.063s] Installing mogi_trajectory_server script to /home/arnavb/erc_ws/src/install/mogi_trajectory_server/lib/mogi_trajectory_server
[1.063s] Installing mogi_trajectory_server_topic_based script to /home/arnavb/erc_ws/src/install/mogi_trajectory_server/lib/mogi_trajectory_server
[1.063s] writing list of installed files to '/home/arnavb/erc_ws/src/build/mogi_trajectory_server/install.log'
[1.083s] Invoked command in '/home/arnavb/erc_ws/src/mogi_trajectory_server' returned '0': DEBUGINFOD_URLS=https://debuginfod.ubuntu.com PYTHONPATH=/home/arnavb/erc_ws/src/build/mogi_trajectory_server/prefix_override:/usr/lib/python3/dist-packages/colcon_core/task/python/colcon_distutils_commands:/home/arnavb/erc_ws/src/install/mogi_trajectory_server/lib/python3.12/site-packages:${PYTHONPATH} /usr/bin/python3 -W ignore:setup.py install is deprecated -W ignore:easy_install command is deprecated setup.py egg_info --egg-base ../build/mogi_trajectory_server build --build-base /home/arnavb/erc_ws/src/build/mogi_trajectory_server/build install --record /home/arnavb/erc_ws/src/build/mogi_trajectory_server/install.log --single-version-externally-managed install_data
