[2.242s] Invoking command in '/home/arnavb/erc_ws/src/assgn': DEBUGINFOD_URLS=https://debuginfod.ubuntu.com PYTHONPATH=/home/arnavb/erc_ws/src/build/assgn/prefix_override:/usr/lib/python3/dist-packages/colcon_core/task/python/colcon_distutils_commands:/home/arnavb/erc_ws/src/install/assgn/lib/python3.12/site-packages:${PYTHONPATH} /usr/bin/python3 -W ignore:setup.py install is deprecated -W ignore:easy_install command is deprecated setup.py egg_info --egg-base ../build/assgn build --build-base /home/arnavb/erc_ws/src/build/assgn/build install --record /home/arnavb/erc_ws/src/build/assgn/install.log --single-version-externally-managed install_data
[2.560s] running egg_info
[2.582s] writing ../build/assgn/assgn.egg-info/PKG-INFO
[2.582s] writing dependency_links to ../build/assgn/assgn.egg-info/dependency_links.txt
[2.582s] writing entry points to ../build/assgn/assgn.egg-info/entry_points.txt
[2.582s] writing requirements to ../build/assgn/assgn.egg-info/requires.txt
[2.582s] writing top-level names to ../build/assgn/assgn.egg-info/top_level.txt
[2.628s] reading manifest file '../build/assgn/assgn.egg-info/SOURCES.txt'
[2.629s] writing manifest file '../build/assgn/assgn.egg-info/SOURCES.txt'
[2.629s] running build
[2.629s] running build_py
[2.630s] running install
[2.637s] running install_lib
[2.660s] running install_data
[2.660s] running install_egg_info
[2.684s] removing '/home/arnavb/erc_ws/src/install/assgn/lib/python3.12/site-packages/assgn-0.0.0-py3.12.egg-info' (and everything under it)
[2.684s] Copying ../build/assgn/assgn.egg-info to /home/arnavb/erc_ws/src/install/assgn/lib/python3.12/site-packages/assgn-0.0.0-py3.12.egg-info
[2.685s] running install_scripts
[2.840s] Installing node script to /home/arnavb/erc_ws/src/install/assgn/lib/assgn
[2.841s] writing list of installed files to '/home/arnavb/erc_ws/src/build/assgn/install.log'
[2.902s] Invoked command in '/home/arnavb/erc_ws/src/assgn' returned '0': DEBUGINFOD_URLS=https://debuginfod.ubuntu.com PYTHONPATH=/home/arnavb/erc_ws/src/build/assgn/prefix_override:/usr/lib/python3/dist-packages/colcon_core/task/python/colcon_distutils_commands:/home/arnavb/erc_ws/src/install/assgn/lib/python3.12/site-packages:${PYTHONPATH} /usr/bin/python3 -W ignore:setup.py install is deprecated -W ignore:easy_install command is deprecated setup.py egg_info --egg-base ../build/assgn build --build-base /home/arnavb/erc_ws/src/build/assgn/build install --record /home/arnavb/erc_ws/src/build/assgn/install.log --single-version-externally-managed install_data
