[0.070s] DEBUG:colcon:Command line arguments: ['/usr/bin/colcon', 'build']
[0.070s] DEBUG:colcon:Parsed command line arguments: Namespace(log_base=None, log_level=None, verb_name='build', build_base='build', install_base='install', merge_install=False, symlink_install=False, test_result_base=None, continue_on_error=False, executor='parallel', parallel_workers=20, event_handlers=None, ignore_user_meta=False, metas=['./colcon.meta'], base_paths=['.'], packages_ignore=None, packages_ignore_regex=None, paths=None, packages_up_to=None, packages_up_to_regex=None, packages_above=None, packages_above_and_dependencies=None, packages_above_depth=None, packages_select_by_dep=None, packages_skip_by_dep=None, packages_skip_up_to=None, packages_select_build_failed=False, packages_skip_build_finished=False, packages_select_test_failures=False, packages_skip_test_passed=False, packages_select=None, packages_skip=None, packages_select_regex=None, packages_skip_regex=None, packages_start=None, packages_end=None, allow_overriding=[], cmake_args=None, cmake_target=None, cmake_target_skip_unavailable=False, cmake_clean_cache=False, cmake_clean_first=False, cmake_force_configure=False, ament_cmake_args=None, catkin_cmake_args=None, catkin_skip_building_tests=False, mixin_files=None, mixin=None, verb_parser=<colcon_mixin.mixin.mixin_argument.MixinArgumentDecorator object at 0x7e2509a9b8f0>, verb_extension=<colcon_core.verb.build.BuildVerb object at 0x7e2509a9b650>, main=<bound method BuildVerb.main of <colcon_core.verb.build.BuildVerb object at 0x7e2509a9b650>>, mixin_verb=('build',))
[0.094s] Level 1:colcon.colcon_core.package_discovery:discover_packages(colcon_meta) check parameters
[0.094s] Level 1:colcon.colcon_core.package_discovery:discover_packages(recursive) check parameters
[0.094s] Level 1:colcon.colcon_core.package_discovery:discover_packages(ignore) check parameters
[0.094s] Level 1:colcon.colcon_core.package_discovery:discover_packages(path) check parameters
[0.094s] Level 1:colcon.colcon_core.package_discovery:discover_packages(colcon_meta) discover
[0.095s] Level 1:colcon.colcon_core.package_discovery:discover_packages(recursive) discover
[0.095s] INFO:colcon.colcon_core.package_discovery:Crawling recursively for packages in '/home/arnavb/erc_ws/src'
[0.095s] Level 1:colcon.colcon_core.package_identification:_identify(.) by extensions ['ignore', 'ignore_ament_install']
[0.095s] Level 1:colcon.colcon_core.package_identification:_identify(.) by extension 'ignore'
[0.095s] Level 1:colcon.colcon_core.package_identification:_identify(.) by extension 'ignore_ament_install'
[0.095s] Level 1:colcon.colcon_core.package_identification:_identify(.) by extensions ['colcon_pkg']
[0.095s] Level 1:colcon.colcon_core.package_identification:_identify(.) by extension 'colcon_pkg'
[0.095s] Level 1:colcon.colcon_core.package_identification:_identify(.) by extensions ['colcon_meta']
[0.095s] Level 1:colcon.colcon_core.package_identification:_identify(.) by extension 'colcon_meta'
[0.095s] Level 1:colcon.colcon_core.package_identification:_identify(.) by extensions ['ros']
[0.095s] Level 1:colcon.colcon_core.package_identification:_identify(.) by extension 'ros'
[0.112s] Level 1:colcon.colcon_core.package_identification:_identify(.) by extensions ['cmake', 'python']
[0.112s] Level 1:colcon.colcon_core.package_identification:_identify(.) by extension 'cmake'
[0.112s] Level 1:colcon.colcon_core.package_identification:_identify(.) by extension 'python'
[0.112s] Level 1:colcon.colcon_core.package_identification:_identify(.) by extensions ['python_setup_py']
[0.112s] Level 1:colcon.colcon_core.package_identification:_identify(.) by extension 'python_setup_py'
[0.112s] Level 1:colcon.colcon_core.package_identification:_identify(build) by extensions ['ignore', 'ignore_ament_install']
[0.112s] Level 1:colcon.colcon_core.package_identification:_identify(build) by extension 'ignore'
[0.112s] Level 1:colcon.colcon_core.package_identification:_identify(build) ignored
[0.113s] Level 1:colcon.colcon_core.package_identification:_identify(erc_gazebo_basics) by extensions ['ignore', 'ignore_ament_install']
[0.113s] Level 1:colcon.colcon_core.package_identification:_identify(erc_gazebo_basics) by extension 'ignore'
[0.113s] Level 1:colcon.colcon_core.package_identification:_identify(erc_gazebo_basics) by extension 'ignore_ament_install'
[0.113s] Level 1:colcon.colcon_core.package_identification:_identify(erc_gazebo_basics) by extensions ['colcon_pkg']
[0.113s] Level 1:colcon.colcon_core.package_identification:_identify(erc_gazebo_basics) by extension 'colcon_pkg'
[0.113s] Level 1:colcon.colcon_core.package_identification:_identify(erc_gazebo_basics) by extensions ['colcon_meta']
[0.113s] Level 1:colcon.colcon_core.package_identification:_identify(erc_gazebo_basics) by extension 'colcon_meta'
[0.113s] Level 1:colcon.colcon_core.package_identification:_identify(erc_gazebo_basics) by extensions ['ros']
[0.113s] Level 1:colcon.colcon_core.package_identification:_identify(erc_gazebo_basics) by extension 'ros'
[0.114s] DEBUG:colcon.colcon_core.package_identification:Package 'erc_gazebo_basics' with type 'ros.ament_cmake' and name 'erc_gazebo_basics'
[0.114s] Level 1:colcon.colcon_core.package_identification:_identify(install) by extensions ['ignore', 'ignore_ament_install']
[0.114s] Level 1:colcon.colcon_core.package_identification:_identify(install) by extension 'ignore'
[0.114s] Level 1:colcon.colcon_core.package_identification:_identify(install) ignored
[0.114s] Level 1:colcon.colcon_core.package_identification:_identify(log) by extensions ['ignore', 'ignore_ament_install']
[0.114s] Level 1:colcon.colcon_core.package_identification:_identify(log) by extension 'ignore'
[0.115s] Level 1:colcon.colcon_core.package_identification:_identify(log) ignored
[0.115s] Level 1:colcon.colcon_core.package_identification:_identify(mogi_trajectory_server) by extensions ['ignore', 'ignore_ament_install']
[0.115s] Level 1:colcon.colcon_core.package_identification:_identify(mogi_trajectory_server) by extension 'ignore'
[0.115s] Level 1:colcon.colcon_core.package_identification:_identify(mogi_trajectory_server) by extension 'ignore_ament_install'
[0.115s] Level 1:colcon.colcon_core.package_identification:_identify(mogi_trajectory_server) by extensions ['colcon_pkg']
[0.115s] Level 1:colcon.colcon_core.package_identification:_identify(mogi_trajectory_server) by extension 'colcon_pkg'
[0.115s] Level 1:colcon.colcon_core.package_identification:_identify(mogi_trajectory_server) by extensions ['colcon_meta']
[0.115s] Level 1:colcon.colcon_core.package_identification:_identify(mogi_trajectory_server) by extension 'colcon_meta'
[0.115s] Level 1:colcon.colcon_core.package_identification:_identify(mogi_trajectory_server) by extensions ['ros']
[0.115s] Level 1:colcon.colcon_core.package_identification:_identify(mogi_trajectory_server) by extension 'ros'
[0.115s] DEBUG:colcon.colcon_core.package_identification:Package 'mogi_trajectory_server' with type 'ros.ament_python' and name 'mogi_trajectory_server'
[0.115s] Level 1:colcon.colcon_core.package_identification:_identify(stark_os) by extensions ['ignore', 'ignore_ament_install']
[0.115s] Level 1:colcon.colcon_core.package_identification:_identify(stark_os) by extension 'ignore'
[0.115s] Level 1:colcon.colcon_core.package_identification:_identify(stark_os) by extension 'ignore_ament_install'
[0.115s] Level 1:colcon.colcon_core.package_identification:_identify(stark_os) by extensions ['colcon_pkg']
[0.115s] Level 1:colcon.colcon_core.package_identification:_identify(stark_os) by extension 'colcon_pkg'
[0.115s] Level 1:colcon.colcon_core.package_identification:_identify(stark_os) by extensions ['colcon_meta']
[0.115s] Level 1:colcon.colcon_core.package_identification:_identify(stark_os) by extension 'colcon_meta'
[0.115s] Level 1:colcon.colcon_core.package_identification:_identify(stark_os) by extensions ['ros']
[0.115s] Level 1:colcon.colcon_core.package_identification:_identify(stark_os) by extension 'ros'
[0.116s] DEBUG:colcon.colcon_core.package_identification:Package 'stark_os' with type 'ros.ament_python' and name 'stark_os'
[0.116s] Level 1:colcon.colcon_core.package_identification:_identify(week1_tutorials) by extensions ['ignore', 'ignore_ament_install']
[0.116s] Level 1:colcon.colcon_core.package_identification:_identify(week1_tutorials) by extension 'ignore'
[0.116s] Level 1:colcon.colcon_core.package_identification:_identify(week1_tutorials) by extension 'ignore_ament_install'
[0.116s] Level 1:colcon.colcon_core.package_identification:_identify(week1_tutorials) by extensions ['colcon_pkg']
[0.116s] Level 1:colcon.colcon_core.package_identification:_identify(week1_tutorials) by extension 'colcon_pkg'
[0.116s] Level 1:colcon.colcon_core.package_identification:_identify(week1_tutorials) by extensions ['colcon_meta']
[0.116s] Level 1:colcon.colcon_core.package_identification:_identify(week1_tutorials) by extension 'colcon_meta'
[0.116s] Level 1:colcon.colcon_core.package_identification:_identify(week1_tutorials) by extensions ['ros']
[0.116s] Level 1:colcon.colcon_core.package_identification:_identify(week1_tutorials) by extension 'ros'
[0.116s] DEBUG:colcon.colcon_core.package_identification:Package 'week1_tutorials' with type 'ros.ament_python' and name 'week1_tutorials'
[0.116s] Level 1:colcon.colcon_core.package_identification:_identify(winteros_week2_sensors) by extensions ['ignore', 'ignore_ament_install']
[0.116s] Level 1:colcon.colcon_core.package_identification:_identify(winteros_week2_sensors) by extension 'ignore'
[0.116s] Level 1:colcon.colcon_core.package_identification:_identify(winteros_week2_sensors) by extension 'ignore_ament_install'
[0.116s] Level 1:colcon.colcon_core.package_identification:_identify(winteros_week2_sensors) by extensions ['colcon_pkg']
[0.116s] Level 1:colcon.colcon_core.package_identification:_identify(winteros_week2_sensors) by extension 'colcon_pkg'
[0.116s] Level 1:colcon.colcon_core.package_identification:_identify(winteros_week2_sensors) by extensions ['colcon_meta']
[0.116s] Level 1:colcon.colcon_core.package_identification:_identify(winteros_week2_sensors) by extension 'colcon_meta'
[0.116s] Level 1:colcon.colcon_core.package_identification:_identify(winteros_week2_sensors) by extensions ['ros']
[0.116s] Level 1:colcon.colcon_core.package_identification:_identify(winteros_week2_sensors) by extension 'ros'
[0.116s] Level 1:colcon.colcon_core.package_identification:_identify(winteros_week2_sensors) by extensions ['cmake', 'python']
[0.116s] Level 1:colcon.colcon_core.package_identification:_identify(winteros_week2_sensors) by extension 'cmake'
[0.116s] Level 1:colcon.colcon_core.package_identification:_identify(winteros_week2_sensors) by extension 'python'
[0.116s] Level 1:colcon.colcon_core.package_identification:_identify(winteros_week2_sensors) by extensions ['python_setup_py']
[0.116s] Level 1:colcon.colcon_core.package_identification:_identify(winteros_week2_sensors) by extension 'python_setup_py'
[0.116s] Level 1:colcon.colcon_core.package_identification:_identify(winteros_week2_sensors/assets) by extensions ['ignore', 'ignore_ament_install']
[0.117s] Level 1:colcon.colcon_core.package_identification:_identify(winteros_week2_sensors/assets) by extension 'ignore'
[0.117s] Level 1:colcon.colcon_core.package_identification:_identify(winteros_week2_sensors/assets) by extension 'ignore_ament_install'
[0.117s] Level 1:colcon.colcon_core.package_identification:_identify(winteros_week2_sensors/assets) by extensions ['colcon_pkg']
[0.117s] Level 1:colcon.colcon_core.package_identification:_identify(winteros_week2_sensors/assets) by extension 'colcon_pkg'
[0.117s] Level 1:colcon.colcon_core.package_identification:_identify(winteros_week2_sensors/assets) by extensions ['colcon_meta']
[0.117s] Level 1:colcon.colcon_core.package_identification:_identify(winteros_week2_sensors/assets) by extension 'colcon_meta'
[0.117s] Level 1:colcon.colcon_core.package_identification:_identify(winteros_week2_sensors/assets) by extensions ['ros']
[0.117s] Level 1:colcon.colcon_core.package_identification:_identify(winteros_week2_sensors/assets) by extension 'ros'
[0.117s] Level 1:colcon.colcon_core.package_identification:_identify(winteros_week2_sensors/assets) by extensions ['cmake', 'python']
[0.117s] Level 1:colcon.colcon_core.package_identification:_identify(winteros_week2_sensors/assets) by extension 'cmake'
[0.117s] Level 1:colcon.colcon_core.package_identification:_identify(winteros_week2_sensors/assets) by extension 'python'
[0.117s] Level 1:colcon.colcon_core.package_identification:_identify(winteros_week2_sensors/assets) by extensions ['python_setup_py']
[0.117s] Level 1:colcon.colcon_core.package_identification:_identify(winteros_week2_sensors/assets) by extension 'python_setup_py'
[0.117s] Level 1:colcon.colcon_core.package_identification:_identify(winteros_week2_sensors/erc_gazebo_sensors) by extensions ['ignore', 'ignore_ament_install']
[0.117s] Level 1:colcon.colcon_core.package_identification:_identify(winteros_week2_sensors/erc_gazebo_sensors) by extension 'ignore'
[0.117s] Level 1:colcon.colcon_core.package_identification:_identify(winteros_week2_sensors/erc_gazebo_sensors) by extension 'ignore_ament_install'
[0.117s] Level 1:colcon.colcon_core.package_identification:_identify(winteros_week2_sensors/erc_gazebo_sensors) by extensions ['colcon_pkg']
[0.117s] Level 1:colcon.colcon_core.package_identification:_identify(winteros_week2_sensors/erc_gazebo_sensors) by extension 'colcon_pkg'
[0.117s] Level 1:colcon.colcon_core.package_identification:_identify(winteros_week2_sensors/erc_gazebo_sensors) by extensions ['colcon_meta']
[0.117s] Level 1:colcon.colcon_core.package_identification:_identify(winteros_week2_sensors/erc_gazebo_sensors) by extension 'colcon_meta'
[0.117s] Level 1:colcon.colcon_core.package_identification:_identify(winteros_week2_sensors/erc_gazebo_sensors) by extensions ['ros']
[0.117s] Level 1:colcon.colcon_core.package_identification:_identify(winteros_week2_sensors/erc_gazebo_sensors) by extension 'ros'
[0.117s] DEBUG:colcon.colcon_core.package_identification:Package 'winteros_week2_sensors/erc_gazebo_sensors' with type 'ros.ament_cmake' and name 'erc_gazebo_sensors'
[0.117s] Level 1:colcon.colcon_core.package_identification:_identify(winteros_week2_sensors/mogi_trajectory_server) by extensions ['ignore', 'ignore_ament_install']
[0.117s] Level 1:colcon.colcon_core.package_identification:_identify(winteros_week2_sensors/mogi_trajectory_server) by extension 'ignore'
[0.118s] Level 1:colcon.colcon_core.package_identification:_identify(winteros_week2_sensors/mogi_trajectory_server) by extension 'ignore_ament_install'
[0.118s] Level 1:colcon.colcon_core.package_identification:_identify(winteros_week2_sensors/mogi_trajectory_server) by extensions ['colcon_pkg']
[0.118s] Level 1:colcon.colcon_core.package_identification:_identify(winteros_week2_sensors/mogi_trajectory_server) by extension 'colcon_pkg'
[0.118s] Level 1:colcon.colcon_core.package_identification:_identify(winteros_week2_sensors/mogi_trajectory_server) by extensions ['colcon_meta']
[0.118s] Level 1:colcon.colcon_core.package_identification:_identify(winteros_week2_sensors/mogi_trajectory_server) by extension 'colcon_meta'
[0.118s] Level 1:colcon.colcon_core.package_identification:_identify(winteros_week2_sensors/mogi_trajectory_server) by extensions ['ros']
[0.118s] Level 1:colcon.colcon_core.package_identification:_identify(winteros_week2_sensors/mogi_trajectory_server) by extension 'ros'
[0.118s] DEBUG:colcon.colcon_core.package_identification:Package 'winteros_week2_sensors/mogi_trajectory_server' with type 'ros.ament_python' and name 'mogi_trajectory_server'
[0.118s] Level 1:colcon.colcon_core.package_discovery:discover_packages(recursive) using defaults
[0.118s] Level 1:colcon.colcon_core.package_discovery:discover_packages(ignore) discover
[0.118s] Level 1:colcon.colcon_core.package_discovery:discover_packages(ignore) using defaults
[0.118s] Level 1:colcon.colcon_core.package_discovery:discover_packages(path) discover
[0.118s] Level 1:colcon.colcon_core.package_discovery:discover_packages(path) using defaults
[0.130s] Level 1:colcon.colcon_core.package_discovery:discover_packages(prefix_path) check parameters
[0.130s] Level 1:colcon.colcon_core.package_discovery:discover_packages(prefix_path) discover
[0.131s] WARNING:colcon.colcon_core.prefix_path.colcon:The path '/home/arnavb/erc_ws/src/winteros_week2_sensors/install' in the environment variable COLCON_PREFIX_PATH doesn't exist
[0.131s] WARNING:colcon.colcon_ros.prefix_path.ament:The path '/home/arnavb/erc_ws/src/winteros_week2_sensors/install/mogi_trajectory_server' in the environment variable AMENT_PREFIX_PATH doesn't exist
[0.131s] WARNING:colcon.colcon_ros.prefix_path.ament:The path '/home/arnavb/erc_ws/src/winteros_week2_sensors/install/erc_gazebo_sensors' in the environment variable AMENT_PREFIX_PATH doesn't exist
[0.131s] WARNING:colcon.colcon_ros.prefix_path.catkin:The path '/home/arnavb/erc_ws/src/winteros_week2_sensors/install/erc_gazebo_sensors' in the environment variable CMAKE_PREFIX_PATH doesn't exist
[0.132s] DEBUG:colcon.colcon_installed_package_information.package_discovery:Found 5 installed packages in /home/arnavb/erc_ws/src/install
[0.133s] DEBUG:colcon.colcon_installed_package_information.package_discovery:Found 4 installed packages in /home/arnavb/erc_ws/install
[0.133s] DEBUG:colcon.colcon_installed_package_information.package_discovery:Found 1 installed packages in /home/arnavb/erc_ws/src/erc_gazebo_basics/install
[0.134s] DEBUG:colcon.colcon_installed_package_information.package_discovery:Found 372 installed packages in /opt/ros/jazzy
[0.135s] Level 1:colcon.colcon_core.package_discovery:discover_packages(prefix_path) using defaults
[0.165s] ERROR:colcon:colcon build: Duplicate package names not supported:
- mogi_trajectory_server:
  - mogi_trajectory_server
  - winteros_week2_sensors/mogi_trajectory_server
