[0.333s] Invoking command in '/home/arnavb/erc_ws/src/week3/build/erc_ros2_navigation': CMAKE_PREFIX_PATH=${CMAKE_PREFIX_PATH}:/home/arnavb/erc_ws/install/week1_tutorials:/home/arnavb/erc_ws/install/stark_os:/home/arnavb/erc_ws/install/mogi_trajectory_server:/opt/ros/jazzy DEBUGINFOD_URLS=https://debuginfod.ubuntu.com /usr/bin/cmake --build /home/arnavb/erc_ws/src/week3/build/erc_ros2_navigation -- -j20 -l20
[0.970s] Invoked command in '/home/arnavb/erc_ws/src/week3/build/erc_ros2_navigation' returned '0': CMAKE_PREFIX_PATH=${CMAKE_PREFIX_PATH}:/home/arnavb/erc_ws/install/week1_tutorials:/home/arnavb/erc_ws/install/stark_os:/home/arnavb/erc_ws/install/mogi_trajectory_server:/opt/ros/jazzy DEBUGINFOD_URLS=https://debuginfod.ubuntu.com /usr/bin/cmake --build /home/arnavb/erc_ws/src/week3/build/erc_ros2_navigation -- -j20 -l20
[0.988s] Invoking command in '/home/arnavb/erc_ws/src/week3/build/erc_ros2_navigation': CMAKE_PREFIX_PATH=${CMAKE_PREFIX_PATH}:/home/arnavb/erc_ws/install/week1_tutorials:/home/arnavb/erc_ws/install/stark_os:/home/arnavb/erc_ws/install/mogi_trajectory_server:/opt/ros/jazzy DEBUGINFOD_URLS=https://debuginfod.ubuntu.com /usr/bin/cmake --install /home/arnavb/erc_ws/src/week3/build/erc_ros2_navigation
[1.005s] -- Install configuration: ""
[1.006s] -- Up-to-date: /home/arnavb/erc_ws/src/week3/install/erc_ros2_navigation/share/erc_ros2_navigation/launch
[1.006s] -- Up-to-date: /home/arnavb/erc_ws/src/week3/install/erc_ros2_navigation/share/erc_ros2_navigation/launch/check_urdf.launch.py
[1.006s] -- Up-to-date: /home/arnavb/erc_ws/src/week3/install/erc_ros2_navigation/share/erc_ros2_navigation/launch/world.launch.py
[1.007s] -- Up-to-date: /home/arnavb/erc_ws/src/week3/install/erc_ros2_navigation/share/erc_ros2_navigation/launch/spawn_robot.launch.py
[1.007s] -- Up-to-date: /home/arnavb/erc_ws/src/week3/install/erc_ros2_navigation/share/erc_ros2_navigation/launch/.vscode
[1.007s] -- Up-to-date: /home/arnavb/erc_ws/src/week3/install/erc_ros2_navigation/share/erc_ros2_navigation/launch/.vscode/settings.json
[1.007s] -- Up-to-date: /home/arnavb/erc_ws/src/week3/install/erc_ros2_navigation/share/erc_ros2_navigation/launch/navigation.launch.py
[1.007s] -- Up-to-date: /home/arnavb/erc_ws/src/week3/install/erc_ros2_navigation/share/erc_ros2_navigation/launch/localization.launch.py
[1.007s] -- Up-to-date: /home/arnavb/erc_ws/src/week3/install/erc_ros2_navigation/share/erc_ros2_navigation/launch/mapping.launch.py
[1.008s] -- Up-to-date: /home/arnavb/erc_ws/src/week3/install/erc_ros2_navigation/share/erc_ros2_navigation/launch/localization_slam_toolbox.launch.py
[1.009s] -- Up-to-date: /home/arnavb/erc_ws/src/week3/install/erc_ros2_navigation/share/erc_ros2_navigation/launch/navigation_with_slam.launch.py
[1.009s] -- Up-to-date: /home/arnavb/erc_ws/src/week3/install/erc_ros2_navigation/share/erc_ros2_navigation/worlds
[1.009s] -- Up-to-date: /home/arnavb/erc_ws/src/week3/install/erc_ros2_navigation/share/erc_ros2_navigation/worlds/empty.sdf
[1.010s] -- Up-to-date: /home/arnavb/erc_ws/src/week3/install/erc_ros2_navigation/share/erc_ros2_navigation/worlds/home.sdf
[1.010s] -- Up-to-date: /home/arnavb/erc_ws/src/week3/install/erc_ros2_navigation/share/erc_ros2_navigation/rviz
[1.010s] -- Up-to-date: /home/arnavb/erc_ws/src/week3/install/erc_ros2_navigation/share/erc_ros2_navigation/rviz/navigation.rviz
[1.010s] -- Up-to-date: /home/arnavb/erc_ws/src/week3/install/erc_ros2_navigation/share/erc_ros2_navigation/rviz/urdf.rviz
[1.011s] -- Up-to-date: /home/arnavb/erc_ws/src/week3/install/erc_ros2_navigation/share/erc_ros2_navigation/rviz/localization.rviz
[1.011s] -- Up-to-date: /home/arnavb/erc_ws/src/week3/install/erc_ros2_navigation/share/erc_ros2_navigation/rviz/rviz.rviz
[1.011s] -- Up-to-date: /home/arnavb/erc_ws/src/week3/install/erc_ros2_navigation/share/erc_ros2_navigation/rviz/mapping.rviz
[1.011s] -- Up-to-date: /home/arnavb/erc_ws/src/week3/install/erc_ros2_navigation/share/erc_ros2_navigation/urdf
[1.011s] -- Up-to-date: /home/arnavb/erc_ws/src/week3/install/erc_ros2_navigation/share/erc_ros2_navigation/urdf/mogi_arm.gazebo
[1.011s] -- Up-to-date: /home/arnavb/erc_ws/src/week3/install/erc_ros2_navigation/share/erc_ros2_navigation/urdf/erc_bot.gazebo
[1.011s] -- Up-to-date: /home/arnavb/erc_ws/src/week3/install/erc_ros2_navigation/share/erc_ros2_navigation/urdf/materials.xacro
[1.011s] -- Up-to-date: /home/arnavb/erc_ws/src/week3/install/erc_ros2_navigation/share/erc_ros2_navigation/urdf/erc_bot.urdf
[1.011s] -- Up-to-date: /home/arnavb/erc_ws/src/week3/install/erc_ros2_navigation/share/erc_ros2_navigation/meshes
[1.011s] -- Up-to-date: /home/arnavb/erc_ws/src/week3/install/erc_ros2_navigation/share/erc_ros2_navigation/meshes/upper_arm.STEP
[1.012s] -- Up-to-date: /home/arnavb/erc_ws/src/week3/install/erc_ros2_navigation/share/erc_ros2_navigation/meshes/forearm.SLDPRT
[1.012s] -- Up-to-date: /home/arnavb/erc_ws/src/week3/install/erc_ros2_navigation/share/erc_ros2_navigation/meshes/IronManWheelLeftFront.dae
[1.012s] -- Up-to-date: /home/arnavb/erc_ws/src/week3/install/erc_ros2_navigation/share/erc_ros2_navigation/meshes/shoulder.STEP
[1.012s] -- Up-to-date: /home/arnavb/erc_ws/src/week3/install/erc_ros2_navigation/share/erc_ros2_navigation/meshes/lidar.dae
[1.012s] -- Up-to-date: /home/arnavb/erc_ws/src/week3/install/erc_ros2_navigation/share/erc_ros2_navigation/meshes/upper_arm.dae
[1.012s] -- Up-to-date: /home/arnavb/erc_ws/src/week3/install/erc_ros2_navigation/share/erc_ros2_navigation/meshes/forearm.STEP
[1.012s] -- Up-to-date: /home/arnavb/erc_ws/src/week3/install/erc_ros2_navigation/share/erc_ros2_navigation/meshes/shoulder.dae
[1.012s] -- Up-to-date: /home/arnavb/erc_ws/src/week3/install/erc_ros2_navigation/share/erc_ros2_navigation/meshes/shoulder.SLDPRT
[1.012s] -- Up-to-date: /home/arnavb/erc_ws/src/week3/install/erc_ros2_navigation/share/erc_ros2_navigation/meshes/forearm.blend
[1.012s] -- Up-to-date: /home/arnavb/erc_ws/src/week3/install/erc_ros2_navigation/share/erc_ros2_navigation/meshes/IronManWheelRightFront.dae
[1.012s] -- Up-to-date: /home/arnavb/erc_ws/src/week3/install/erc_ros2_navigation/share/erc_ros2_navigation/meshes/upper_arm.STL
[1.013s] -- Up-to-date: /home/arnavb/erc_ws/src/week3/install/erc_ros2_navigation/share/erc_ros2_navigation/meshes/forearm.dae
[1.023s] -- Up-to-date: /home/arnavb/erc_ws/src/week3/install/erc_ros2_navigation/share/erc_ros2_navigation/meshes/shoulder.blend
[1.023s] -- Up-to-date: /home/arnavb/erc_ws/src/week3/install/erc_ros2_navigation/share/erc_ros2_navigation/meshes/wrist.dae
[1.023s] -- Up-to-date: /home/arnavb/erc_ws/src/week3/install/erc_ros2_navigation/share/erc_ros2_navigation/meshes/shoulder.STL
[1.024s] -- Up-to-date: /home/arnavb/erc_ws/src/week3/install/erc_ros2_navigation/share/erc_ros2_navigation/meshes/wrist.STL
[1.024s] -- Up-to-date: /home/arnavb/erc_ws/src/week3/install/erc_ros2_navigation/share/erc_ros2_navigation/meshes/upper_arm.SLDPRT
[1.024s] -- Up-to-date: /home/arnavb/erc_ws/src/week3/install/erc_ros2_navigation/share/erc_ros2_navigation/meshes/upper_arm.blend
[1.024s] -- Up-to-date: /home/arnavb/erc_ws/src/week3/install/erc_ros2_navigation/share/erc_ros2_navigation/meshes/IronMan_ROS_Body.dae
[1.024s] -- Up-to-date: /home/arnavb/erc_ws/src/week3/install/erc_ros2_navigation/share/erc_ros2_navigation/meshes/wrist.STEP
[1.024s] -- Up-to-date: /home/arnavb/erc_ws/src/week3/install/erc_ros2_navigation/share/erc_ros2_navigation/meshes/wrist.blend
[1.024s] -- Up-to-date: /home/arnavb/erc_ws/src/week3/install/erc_ros2_navigation/share/erc_ros2_navigation/meshes/forearm.STL
[1.024s] -- Up-to-date: /home/arnavb/erc_ws/src/week3/install/erc_ros2_navigation/share/erc_ros2_navigation/meshes/wrist.SLDPRT
[1.024s] -- Up-to-date: /home/arnavb/erc_ws/src/week3/install/erc_ros2_navigation/share/erc_ros2_navigation/config
[1.025s] -- Up-to-date: /home/arnavb/erc_ws/src/week3/install/erc_ros2_navigation/share/erc_ros2_navigation/config/waypoints.yaml
[1.025s] -- Up-to-date: /home/arnavb/erc_ws/src/week3/install/erc_ros2_navigation/share/erc_ros2_navigation/config/ekf.yaml
[1.025s] -- Up-to-date: /home/arnavb/erc_ws/src/week3/install/erc_ros2_navigation/share/erc_ros2_navigation/config/slam_toolbox_mapping.yaml
[1.025s] -- Up-to-date: /home/arnavb/erc_ws/src/week3/install/erc_ros2_navigation/share/erc_ros2_navigation/config/navigation.yaml
[1.025s] -- Up-to-date: /home/arnavb/erc_ws/src/week3/install/erc_ros2_navigation/share/erc_ros2_navigation/config/slam_toolbox_localization.yaml
[1.025s] -- Up-to-date: /home/arnavb/erc_ws/src/week3/install/erc_ros2_navigation/share/erc_ros2_navigation/config/amcl_localization.yaml
[1.025s] -- Up-to-date: /home/arnavb/erc_ws/src/week3/install/erc_ros2_navigation/share/erc_ros2_navigation/config/gz_bridge.yaml
[1.025s] -- Up-to-date: /home/arnavb/erc_ws/src/week3/install/erc_ros2_navigation/share/erc_ros2_navigation/maps
[1.026s] -- Up-to-date: /home/arnavb/erc_ws/src/week3/install/erc_ros2_navigation/share/erc_ros2_navigation/maps/serialized.posegraph
[1.026s] -- Up-to-date: /home/arnavb/erc_ws/src/week3/install/erc_ros2_navigation/share/erc_ros2_navigation/maps/my_map.pgm
[1.026s] -- Up-to-date: /home/arnavb/erc_ws/src/week3/install/erc_ros2_navigation/share/erc_ros2_navigation/maps/serialized.data
[1.026s] -- Up-to-date: /home/arnavb/erc_ws/src/week3/install/erc_ros2_navigation/share/erc_ros2_navigation/maps/my_map.yaml
[1.026s] -- Up-to-date: /home/arnavb/erc_ws/src/week3/install/erc_ros2_navigation/share/ament_index/resource_index/package_run_dependencies/erc_ros2_navigation
[1.026s] -- Up-to-date: /home/arnavb/erc_ws/src/week3/install/erc_ros2_navigation/share/ament_index/resource_index/parent_prefix_path/erc_ros2_navigation
[1.026s] -- Up-to-date: /home/arnavb/erc_ws/src/week3/install/erc_ros2_navigation/share/erc_ros2_navigation/environment/ament_prefix_path.sh
[1.026s] -- Up-to-date: /home/arnavb/erc_ws/src/week3/install/erc_ros2_navigation/share/erc_ros2_navigation/environment/ament_prefix_path.dsv
[1.027s] -- Up-to-date: /home/arnavb/erc_ws/src/week3/install/erc_ros2_navigation/share/erc_ros2_navigation/environment/path.sh
[1.027s] -- Up-to-date: /home/arnavb/erc_ws/src/week3/install/erc_ros2_navigation/share/erc_ros2_navigation/environment/path.dsv
[1.027s] -- Up-to-date: /home/arnavb/erc_ws/src/week3/install/erc_ros2_navigation/share/erc_ros2_navigation/local_setup.bash
[1.027s] -- Up-to-date: /home/arnavb/erc_ws/src/week3/install/erc_ros2_navigation/share/erc_ros2_navigation/local_setup.sh
[1.027s] -- Up-to-date: /home/arnavb/erc_ws/src/week3/install/erc_ros2_navigation/share/erc_ros2_navigation/local_setup.zsh
[1.027s] -- Up-to-date: /home/arnavb/erc_ws/src/week3/install/erc_ros2_navigation/share/erc_ros2_navigation/local_setup.dsv
[1.027s] -- Installing: /home/arnavb/erc_ws/src/week3/install/erc_ros2_navigation/share/erc_ros2_navigation/package.dsv
[1.027s] -- Up-to-date: /home/arnavb/erc_ws/src/week3/install/erc_ros2_navigation/share/ament_index/resource_index/packages/erc_ros2_navigation
[1.027s] -- Up-to-date: /home/arnavb/erc_ws/src/week3/install/erc_ros2_navigation/share/erc_ros2_navigation/cmake/erc_ros2_navigationConfig.cmake
[1.028s] -- Up-to-date: /home/arnavb/erc_ws/src/week3/install/erc_ros2_navigation/share/erc_ros2_navigation/cmake/erc_ros2_navigationConfig-version.cmake
[1.028s] -- Up-to-date: /home/arnavb/erc_ws/src/week3/install/erc_ros2_navigation/share/erc_ros2_navigation/package.xml
[1.028s] Invoked command in '/home/arnavb/erc_ws/src/week3/build/erc_ros2_navigation' returned '0': CMAKE_PREFIX_PATH=${CMAKE_PREFIX_PATH}:/home/arnavb/erc_ws/install/week1_tutorials:/home/arnavb/erc_ws/install/stark_os:/home/arnavb/erc_ws/install/mogi_trajectory_server:/opt/ros/jazzy DEBUGINFOD_URLS=https://debuginfod.ubuntu.com /usr/bin/cmake --install /home/arnavb/erc_ws/src/week3/build/erc_ros2_navigation
