[0.123s] DEBUG:colcon:Command line arguments: ['/usr/bin/colcon', 'build']
[0.124s] DEBUG:colcon:Parsed command line arguments: Namespace(log_base=None, log_level=None, verb_name='build', build_base='build', install_base='install', merge_install=False, symlink_install=False, test_result_base=None, continue_on_error=False, executor='parallel', parallel_workers=20, event_handlers=None, ignore_user_meta=False, metas=['./colcon.meta'], base_paths=['.'], packages_ignore=None, packages_ignore_regex=None, paths=None, packages_up_to=None, packages_up_to_regex=None, packages_above=None, packages_above_and_dependencies=None, packages_above_depth=None, packages_select_by_dep=None, packages_skip_by_dep=None, packages_skip_up_to=None, packages_select_build_failed=False, packages_skip_build_finished=False, packages_select_test_failures=False, packages_skip_test_passed=False, packages_select=None, packages_skip=None, packages_select_regex=None, packages_skip_regex=None, packages_start=None, packages_end=None, allow_overriding=[], cmake_args=None, cmake_target=None, cmake_target_skip_unavailable=False, cmake_clean_cache=False, cmake_clean_first=False, cmake_force_configure=False, ament_cmake_args=None, catkin_cmake_args=None, catkin_skip_building_tests=False, mixin_files=None, mixin=None, verb_parser=<colcon_mixin.mixin.mixin_argument.MixinArgumentDecorator object at 0x704cf3883410>, verb_extension=<colcon_core.verb.build.BuildVerb object at 0x704cf3883140>, main=<bound method BuildVerb.main of <colcon_core.verb.build.BuildVerb object at 0x704cf3883140>>, mixin_verb=('build',))
[0.168s] Level 1:colcon.colcon_core.package_discovery:discover_packages(colcon_meta) check parameters
[0.168s] Level 1:colcon.colcon_core.package_discovery:discover_packages(recursive) check parameters
[0.168s] Level 1:colcon.colcon_core.package_discovery:discover_packages(ignore) check parameters
[0.168s] Level 1:colcon.colcon_core.package_discovery:discover_packages(path) check parameters
[0.168s] Level 1:colcon.colcon_core.package_discovery:discover_packages(colcon_meta) discover
[0.168s] Level 1:colcon.colcon_core.package_discovery:discover_packages(recursive) discover
[0.168s] INFO:colcon.colcon_core.package_discovery:Crawling recursively for packages in '/home/arnavb/erc_ws/src/week3'
[0.168s] Level 1:colcon.colcon_core.package_identification:_identify(.) by extensions ['ignore', 'ignore_ament_install']
[0.169s] Level 1:colcon.colcon_core.package_identification:_identify(.) by extension 'ignore'
[0.169s] Level 1:colcon.colcon_core.package_identification:_identify(.) by extension 'ignore_ament_install'
[0.169s] Level 1:colcon.colcon_core.package_identification:_identify(.) by extensions ['colcon_pkg']
[0.169s] Level 1:colcon.colcon_core.package_identification:_identify(.) by extension 'colcon_pkg'
[0.169s] Level 1:colcon.colcon_core.package_identification:_identify(.) by extensions ['colcon_meta']
[0.169s] Level 1:colcon.colcon_core.package_identification:_identify(.) by extension 'colcon_meta'
[0.169s] Level 1:colcon.colcon_core.package_identification:_identify(.) by extensions ['ros']
[0.169s] Level 1:colcon.colcon_core.package_identification:_identify(.) by extension 'ros'
[0.200s] Level 1:colcon.colcon_core.package_identification:_identify(.) by extensions ['cmake', 'python']
[0.200s] Level 1:colcon.colcon_core.package_identification:_identify(.) by extension 'cmake'
[0.200s] Level 1:colcon.colcon_core.package_identification:_identify(.) by extension 'python'
[0.200s] Level 1:colcon.colcon_core.package_identification:_identify(.) by extensions ['python_setup_py']
[0.200s] Level 1:colcon.colcon_core.package_identification:_identify(.) by extension 'python_setup_py'
[0.200s] Level 1:colcon.colcon_core.package_identification:_identify(build) by extensions ['ignore', 'ignore_ament_install']
[0.200s] Level 1:colcon.colcon_core.package_identification:_identify(build) by extension 'ignore'
[0.200s] Level 1:colcon.colcon_core.package_identification:_identify(build) ignored
[0.200s] Level 1:colcon.colcon_core.package_identification:_identify(erc_gazebo_sensors_py) by extensions ['ignore', 'ignore_ament_install']
[0.201s] Level 1:colcon.colcon_core.package_identification:_identify(erc_gazebo_sensors_py) by extension 'ignore'
[0.201s] Level 1:colcon.colcon_core.package_identification:_identify(erc_gazebo_sensors_py) by extension 'ignore_ament_install'
[0.201s] Level 1:colcon.colcon_core.package_identification:_identify(erc_gazebo_sensors_py) by extensions ['colcon_pkg']
[0.201s] Level 1:colcon.colcon_core.package_identification:_identify(erc_gazebo_sensors_py) by extension 'colcon_pkg'
[0.201s] Level 1:colcon.colcon_core.package_identification:_identify(erc_gazebo_sensors_py) by extensions ['colcon_meta']
[0.201s] Level 1:colcon.colcon_core.package_identification:_identify(erc_gazebo_sensors_py) by extension 'colcon_meta'
[0.201s] Level 1:colcon.colcon_core.package_identification:_identify(erc_gazebo_sensors_py) by extensions ['ros']
[0.201s] Level 1:colcon.colcon_core.package_identification:_identify(erc_gazebo_sensors_py) by extension 'ros'
[0.210s] DEBUG:colcon.colcon_core.package_identification:Package 'erc_gazebo_sensors_py' with type 'ros.ament_python' and name 'erc_gazebo_sensors_py'
[0.211s] Level 1:colcon.colcon_core.package_identification:_identify(erc_ros2_navigation) by extensions ['ignore', 'ignore_ament_install']
[0.211s] Level 1:colcon.colcon_core.package_identification:_identify(erc_ros2_navigation) by extension 'ignore'
[0.211s] Level 1:colcon.colcon_core.package_identification:_identify(erc_ros2_navigation) by extension 'ignore_ament_install'
[0.211s] Level 1:colcon.colcon_core.package_identification:_identify(erc_ros2_navigation) by extensions ['colcon_pkg']
[0.211s] Level 1:colcon.colcon_core.package_identification:_identify(erc_ros2_navigation) by extension 'colcon_pkg'
[0.211s] Level 1:colcon.colcon_core.package_identification:_identify(erc_ros2_navigation) by extensions ['colcon_meta']
[0.211s] Level 1:colcon.colcon_core.package_identification:_identify(erc_ros2_navigation) by extension 'colcon_meta'
[0.211s] Level 1:colcon.colcon_core.package_identification:_identify(erc_ros2_navigation) by extensions ['ros']
[0.211s] Level 1:colcon.colcon_core.package_identification:_identify(erc_ros2_navigation) by extension 'ros'
[0.212s] DEBUG:colcon.colcon_core.package_identification:Package 'erc_ros2_navigation' with type 'ros.ament_cmake' and name 'erc_ros2_navigation'
[0.212s] Level 1:colcon.colcon_core.package_identification:_identify(erc_ros2_navigation_py) by extensions ['ignore', 'ignore_ament_install']
[0.212s] Level 1:colcon.colcon_core.package_identification:_identify(erc_ros2_navigation_py) by extension 'ignore'
[0.212s] Level 1:colcon.colcon_core.package_identification:_identify(erc_ros2_navigation_py) by extension 'ignore_ament_install'
[0.212s] Level 1:colcon.colcon_core.package_identification:_identify(erc_ros2_navigation_py) by extensions ['colcon_pkg']
[0.212s] Level 1:colcon.colcon_core.package_identification:_identify(erc_ros2_navigation_py) by extension 'colcon_pkg'
[0.212s] Level 1:colcon.colcon_core.package_identification:_identify(erc_ros2_navigation_py) by extensions ['colcon_meta']
[0.212s] Level 1:colcon.colcon_core.package_identification:_identify(erc_ros2_navigation_py) by extension 'colcon_meta'
[0.212s] Level 1:colcon.colcon_core.package_identification:_identify(erc_ros2_navigation_py) by extensions ['ros']
[0.212s] Level 1:colcon.colcon_core.package_identification:_identify(erc_ros2_navigation_py) by extension 'ros'
[0.213s] DEBUG:colcon.colcon_core.package_identification:Package 'erc_ros2_navigation_py' with type 'ros.ament_python' and name 'erc_ros2_navigation_py'
[0.213s] Level 1:colcon.colcon_core.package_identification:_identify(erc_ros2_simple_arm) by extensions ['ignore', 'ignore_ament_install']
[0.213s] Level 1:colcon.colcon_core.package_identification:_identify(erc_ros2_simple_arm) by extension 'ignore'
[0.213s] Level 1:colcon.colcon_core.package_identification:_identify(erc_ros2_simple_arm) by extension 'ignore_ament_install'
[0.213s] Level 1:colcon.colcon_core.package_identification:_identify(erc_ros2_simple_arm) by extensions ['colcon_pkg']
[0.213s] Level 1:colcon.colcon_core.package_identification:_identify(erc_ros2_simple_arm) by extension 'colcon_pkg'
[0.213s] Level 1:colcon.colcon_core.package_identification:_identify(erc_ros2_simple_arm) by extensions ['colcon_meta']
[0.213s] Level 1:colcon.colcon_core.package_identification:_identify(erc_ros2_simple_arm) by extension 'colcon_meta'
[0.213s] Level 1:colcon.colcon_core.package_identification:_identify(erc_ros2_simple_arm) by extensions ['ros']
[0.213s] Level 1:colcon.colcon_core.package_identification:_identify(erc_ros2_simple_arm) by extension 'ros'
[0.213s] DEBUG:colcon.colcon_core.package_identification:Package 'erc_ros2_simple_arm' with type 'ros.ament_cmake' and name 'erc_ros2_simple_arm'
[0.214s] Level 1:colcon.colcon_core.package_identification:_identify(erc_ros2_simple_arm_py) by extensions ['ignore', 'ignore_ament_install']
[0.214s] Level 1:colcon.colcon_core.package_identification:_identify(erc_ros2_simple_arm_py) by extension 'ignore'
[0.214s] Level 1:colcon.colcon_core.package_identification:_identify(erc_ros2_simple_arm_py) by extension 'ignore_ament_install'
[0.214s] Level 1:colcon.colcon_core.package_identification:_identify(erc_ros2_simple_arm_py) by extensions ['colcon_pkg']
[0.214s] Level 1:colcon.colcon_core.package_identification:_identify(erc_ros2_simple_arm_py) by extension 'colcon_pkg'
[0.214s] Level 1:colcon.colcon_core.package_identification:_identify(erc_ros2_simple_arm_py) by extensions ['colcon_meta']
[0.214s] Level 1:colcon.colcon_core.package_identification:_identify(erc_ros2_simple_arm_py) by extension 'colcon_meta'
[0.214s] Level 1:colcon.colcon_core.package_identification:_identify(erc_ros2_simple_arm_py) by extensions ['ros']
[0.214s] Level 1:colcon.colcon_core.package_identification:_identify(erc_ros2_simple_arm_py) by extension 'ros'
[0.214s] DEBUG:colcon.colcon_core.package_identification:Package 'erc_ros2_simple_arm_py' with type 'ros.ament_python' and name 'erc_ros2_simple_arm_py'
[0.215s] Level 1:colcon.colcon_core.package_identification:_identify(install) by extensions ['ignore', 'ignore_ament_install']
[0.215s] Level 1:colcon.colcon_core.package_identification:_identify(install) by extension 'ignore'
[0.215s] Level 1:colcon.colcon_core.package_identification:_identify(install) ignored
[0.215s] Level 1:colcon.colcon_core.package_identification:_identify(log) by extensions ['ignore', 'ignore_ament_install']
[0.215s] Level 1:colcon.colcon_core.package_identification:_identify(log) by extension 'ignore'
[0.215s] Level 1:colcon.colcon_core.package_identification:_identify(log) ignored
[0.215s] Level 1:colcon.colcon_core.package_identification:_identify(red_cylinder) by extensions ['ignore', 'ignore_ament_install']
[0.215s] Level 1:colcon.colcon_core.package_identification:_identify(red_cylinder) by extension 'ignore'
[0.215s] Level 1:colcon.colcon_core.package_identification:_identify(red_cylinder) by extension 'ignore_ament_install'
[0.215s] Level 1:colcon.colcon_core.package_identification:_identify(red_cylinder) by extensions ['colcon_pkg']
[0.215s] Level 1:colcon.colcon_core.package_identification:_identify(red_cylinder) by extension 'colcon_pkg'
[0.215s] Level 1:colcon.colcon_core.package_identification:_identify(red_cylinder) by extensions ['colcon_meta']
[0.215s] Level 1:colcon.colcon_core.package_identification:_identify(red_cylinder) by extension 'colcon_meta'
[0.215s] Level 1:colcon.colcon_core.package_identification:_identify(red_cylinder) by extensions ['ros']
[0.215s] Level 1:colcon.colcon_core.package_identification:_identify(red_cylinder) by extension 'ros'
[0.215s] Level 1:colcon.colcon_core.package_identification:_identify(red_cylinder) by extensions ['cmake', 'python']
[0.216s] Level 1:colcon.colcon_core.package_identification:_identify(red_cylinder) by extension 'cmake'
[0.216s] Level 1:colcon.colcon_core.package_identification:_identify(red_cylinder) by extension 'python'
[0.216s] Level 1:colcon.colcon_core.package_identification:_identify(red_cylinder) by extensions ['python_setup_py']
[0.216s] Level 1:colcon.colcon_core.package_identification:_identify(red_cylinder) by extension 'python_setup_py'
[0.216s] Level 1:colcon.colcon_core.package_identification:_identify(red_cylinder/thumbnails) by extensions ['ignore', 'ignore_ament_install']
[0.216s] Level 1:colcon.colcon_core.package_identification:_identify(red_cylinder/thumbnails) by extension 'ignore'
[0.216s] Level 1:colcon.colcon_core.package_identification:_identify(red_cylinder/thumbnails) by extension 'ignore_ament_install'
[0.216s] Level 1:colcon.colcon_core.package_identification:_identify(red_cylinder/thumbnails) by extensions ['colcon_pkg']
[0.216s] Level 1:colcon.colcon_core.package_identification:_identify(red_cylinder/thumbnails) by extension 'colcon_pkg'
[0.216s] Level 1:colcon.colcon_core.package_identification:_identify(red_cylinder/thumbnails) by extensions ['colcon_meta']
[0.216s] Level 1:colcon.colcon_core.package_identification:_identify(red_cylinder/thumbnails) by extension 'colcon_meta'
[0.216s] Level 1:colcon.colcon_core.package_identification:_identify(red_cylinder/thumbnails) by extensions ['ros']
[0.216s] Level 1:colcon.colcon_core.package_identification:_identify(red_cylinder/thumbnails) by extension 'ros'
[0.216s] Level 1:colcon.colcon_core.package_identification:_identify(red_cylinder/thumbnails) by extensions ['cmake', 'python']
[0.216s] Level 1:colcon.colcon_core.package_identification:_identify(red_cylinder/thumbnails) by extension 'cmake'
[0.216s] Level 1:colcon.colcon_core.package_identification:_identify(red_cylinder/thumbnails) by extension 'python'
[0.216s] Level 1:colcon.colcon_core.package_identification:_identify(red_cylinder/thumbnails) by extensions ['python_setup_py']
[0.216s] Level 1:colcon.colcon_core.package_identification:_identify(red_cylinder/thumbnails) by extension 'python_setup_py'
[0.216s] Level 1:colcon.colcon_core.package_discovery:discover_packages(recursive) using defaults
[0.216s] Level 1:colcon.colcon_core.package_discovery:discover_packages(ignore) discover
[0.216s] Level 1:colcon.colcon_core.package_discovery:discover_packages(ignore) using defaults
[0.216s] Level 1:colcon.colcon_core.package_discovery:discover_packages(path) discover
[0.216s] Level 1:colcon.colcon_core.package_discovery:discover_packages(path) using defaults
[0.238s] Level 1:colcon.colcon_core.package_discovery:discover_packages(prefix_path) check parameters
[0.238s] Level 1:colcon.colcon_core.package_discovery:discover_packages(prefix_path) discover
[0.240s] DEBUG:colcon.colcon_installed_package_information.package_discovery:Found 4 installed packages in /home/arnavb/erc_ws/install
[0.241s] DEBUG:colcon.colcon_installed_package_information.package_discovery:Found 1 installed packages in /home/arnavb/erc_ws/src/erc_gazebo_basics/install
[0.243s] DEBUG:colcon.colcon_installed_package_information.package_discovery:Found 435 installed packages in /opt/ros/jazzy
[0.245s] Level 1:colcon.colcon_core.package_discovery:discover_packages(prefix_path) using defaults
[0.303s] Level 5:colcon.colcon_core.verb:set package 'erc_gazebo_sensors_py' build argument 'cmake_args' from command line to 'None'
[0.303s] Level 5:colcon.colcon_core.verb:set package 'erc_gazebo_sensors_py' build argument 'cmake_target' from command line to 'None'
[0.303s] Level 5:colcon.colcon_core.verb:set package 'erc_gazebo_sensors_py' build argument 'cmake_target_skip_unavailable' from command line to 'False'
[0.303s] Level 5:colcon.colcon_core.verb:set package 'erc_gazebo_sensors_py' build argument 'cmake_clean_cache' from command line to 'False'
[0.303s] Level 5:colcon.colcon_core.verb:set package 'erc_gazebo_sensors_py' build argument 'cmake_clean_first' from command line to 'False'
[0.303s] Level 5:colcon.colcon_core.verb:set package 'erc_gazebo_sensors_py' build argument 'cmake_force_configure' from command line to 'False'
[0.303s] Level 5:colcon.colcon_core.verb:set package 'erc_gazebo_sensors_py' build argument 'ament_cmake_args' from command line to 'None'
[0.303s] Level 5:colcon.colcon_core.verb:set package 'erc_gazebo_sensors_py' build argument 'catkin_cmake_args' from command line to 'None'
[0.303s] Level 5:colcon.colcon_core.verb:set package 'erc_gazebo_sensors_py' build argument 'catkin_skip_building_tests' from command line to 'False'
[0.303s] DEBUG:colcon.colcon_core.verb:Building package 'erc_gazebo_sensors_py' with the following arguments: {'ament_cmake_args': None, 'build_base': '/home/arnavb/erc_ws/src/week3/build/erc_gazebo_sensors_py', 'catkin_cmake_args': None, 'catkin_skip_building_tests': False, 'cmake_args': None, 'cmake_clean_cache': False, 'cmake_clean_first': False, 'cmake_force_configure': False, 'cmake_target': None, 'cmake_target_skip_unavailable': False, 'install_base': '/home/arnavb/erc_ws/src/week3/install/erc_gazebo_sensors_py', 'merge_install': False, 'path': '/home/arnavb/erc_ws/src/week3/erc_gazebo_sensors_py', 'symlink_install': False, 'test_result_base': None}
[0.303s] Level 5:colcon.colcon_core.verb:set package 'erc_ros2_navigation' build argument 'cmake_args' from command line to 'None'
[0.303s] Level 5:colcon.colcon_core.verb:set package 'erc_ros2_navigation' build argument 'cmake_target' from command line to 'None'
[0.303s] Level 5:colcon.colcon_core.verb:set package 'erc_ros2_navigation' build argument 'cmake_target_skip_unavailable' from command line to 'False'
[0.303s] Level 5:colcon.colcon_core.verb:set package 'erc_ros2_navigation' build argument 'cmake_clean_cache' from command line to 'False'
[0.303s] Level 5:colcon.colcon_core.verb:set package 'erc_ros2_navigation' build argument 'cmake_clean_first' from command line to 'False'
[0.303s] Level 5:colcon.colcon_core.verb:set package 'erc_ros2_navigation' build argument 'cmake_force_configure' from command line to 'False'
[0.303s] Level 5:colcon.colcon_core.verb:set package 'erc_ros2_navigation' build argument 'ament_cmake_args' from command line to 'None'
[0.303s] Level 5:colcon.colcon_core.verb:set package 'erc_ros2_navigation' build argument 'catkin_cmake_args' from command line to 'None'
[0.303s] Level 5:colcon.colcon_core.verb:set package 'erc_ros2_navigation' build argument 'catkin_skip_building_tests' from command line to 'False'
[0.303s] DEBUG:colcon.colcon_core.verb:Building package 'erc_ros2_navigation' with the following arguments: {'ament_cmake_args': None, 'build_base': '/home/arnavb/erc_ws/src/week3/build/erc_ros2_navigation', 'catkin_cmake_args': None, 'catkin_skip_building_tests': False, 'cmake_args': None, 'cmake_clean_cache': False, 'cmake_clean_first': False, 'cmake_force_configure': False, 'cmake_target': None, 'cmake_target_skip_unavailable': False, 'install_base': '/home/arnavb/erc_ws/src/week3/install/erc_ros2_navigation', 'merge_install': False, 'path': '/home/arnavb/erc_ws/src/week3/erc_ros2_navigation', 'symlink_install': False, 'test_result_base': None}
[0.304s] Level 5:colcon.colcon_core.verb:set package 'erc_ros2_navigation_py' build argument 'cmake_args' from command line to 'None'
[0.304s] Level 5:colcon.colcon_core.verb:set package 'erc_ros2_navigation_py' build argument 'cmake_target' from command line to 'None'
[0.304s] Level 5:colcon.colcon_core.verb:set package 'erc_ros2_navigation_py' build argument 'cmake_target_skip_unavailable' from command line to 'False'
[0.304s] Level 5:colcon.colcon_core.verb:set package 'erc_ros2_navigation_py' build argument 'cmake_clean_cache' from command line to 'False'
[0.304s] Level 5:colcon.colcon_core.verb:set package 'erc_ros2_navigation_py' build argument 'cmake_clean_first' from command line to 'False'
[0.304s] Level 5:colcon.colcon_core.verb:set package 'erc_ros2_navigation_py' build argument 'cmake_force_configure' from command line to 'False'
[0.304s] Level 5:colcon.colcon_core.verb:set package 'erc_ros2_navigation_py' build argument 'ament_cmake_args' from command line to 'None'
[0.304s] Level 5:colcon.colcon_core.verb:set package 'erc_ros2_navigation_py' build argument 'catkin_cmake_args' from command line to 'None'
[0.304s] Level 5:colcon.colcon_core.verb:set package 'erc_ros2_navigation_py' build argument 'catkin_skip_building_tests' from command line to 'False'
[0.304s] DEBUG:colcon.colcon_core.verb:Building package 'erc_ros2_navigation_py' with the following arguments: {'ament_cmake_args': None, 'build_base': '/home/arnavb/erc_ws/src/week3/build/erc_ros2_navigation_py', 'catkin_cmake_args': None, 'catkin_skip_building_tests': False, 'cmake_args': None, 'cmake_clean_cache': False, 'cmake_clean_first': False, 'cmake_force_configure': False, 'cmake_target': None, 'cmake_target_skip_unavailable': False, 'install_base': '/home/arnavb/erc_ws/src/week3/install/erc_ros2_navigation_py', 'merge_install': False, 'path': '/home/arnavb/erc_ws/src/week3/erc_ros2_navigation_py', 'symlink_install': False, 'test_result_base': None}
[0.304s] Level 5:colcon.colcon_core.verb:set package 'erc_ros2_simple_arm' build argument 'cmake_args' from command line to 'None'
[0.304s] Level 5:colcon.colcon_core.verb:set package 'erc_ros2_simple_arm' build argument 'cmake_target' from command line to 'None'
[0.304s] Level 5:colcon.colcon_core.verb:set package 'erc_ros2_simple_arm' build argument 'cmake_target_skip_unavailable' from command line to 'False'
[0.304s] Level 5:colcon.colcon_core.verb:set package 'erc_ros2_simple_arm' build argument 'cmake_clean_cache' from command line to 'False'
[0.304s] Level 5:colcon.colcon_core.verb:set package 'erc_ros2_simple_arm' build argument 'cmake_clean_first' from command line to 'False'
[0.304s] Level 5:colcon.colcon_core.verb:set package 'erc_ros2_simple_arm' build argument 'cmake_force_configure' from command line to 'False'
[0.304s] Level 5:colcon.colcon_core.verb:set package 'erc_ros2_simple_arm' build argument 'ament_cmake_args' from command line to 'None'
[0.304s] Level 5:colcon.colcon_core.verb:set package 'erc_ros2_simple_arm' build argument 'catkin_cmake_args' from command line to 'None'
[0.304s] Level 5:colcon.colcon_core.verb:set package 'erc_ros2_simple_arm' build argument 'catkin_skip_building_tests' from command line to 'False'
[0.304s] DEBUG:colcon.colcon_core.verb:Building package 'erc_ros2_simple_arm' with the following arguments: {'ament_cmake_args': None, 'build_base': '/home/arnavb/erc_ws/src/week3/build/erc_ros2_simple_arm', 'catkin_cmake_args': None, 'catkin_skip_building_tests': False, 'cmake_args': None, 'cmake_clean_cache': False, 'cmake_clean_first': False, 'cmake_force_configure': False, 'cmake_target': None, 'cmake_target_skip_unavailable': False, 'install_base': '/home/arnavb/erc_ws/src/week3/install/erc_ros2_simple_arm', 'merge_install': False, 'path': '/home/arnavb/erc_ws/src/week3/erc_ros2_simple_arm', 'symlink_install': False, 'test_result_base': None}
[0.304s] Level 5:colcon.colcon_core.verb:set package 'erc_ros2_simple_arm_py' build argument 'cmake_args' from command line to 'None'
[0.304s] Level 5:colcon.colcon_core.verb:set package 'erc_ros2_simple_arm_py' build argument 'cmake_target' from command line to 'None'
[0.304s] Level 5:colcon.colcon_core.verb:set package 'erc_ros2_simple_arm_py' build argument 'cmake_target_skip_unavailable' from command line to 'False'
[0.305s] Level 5:colcon.colcon_core.verb:set package 'erc_ros2_simple_arm_py' build argument 'cmake_clean_cache' from command line to 'False'
[0.305s] Level 5:colcon.colcon_core.verb:set package 'erc_ros2_simple_arm_py' build argument 'cmake_clean_first' from command line to 'False'
[0.305s] Level 5:colcon.colcon_core.verb:set package 'erc_ros2_simple_arm_py' build argument 'cmake_force_configure' from command line to 'False'
[0.305s] Level 5:colcon.colcon_core.verb:set package 'erc_ros2_simple_arm_py' build argument 'ament_cmake_args' from command line to 'None'
[0.305s] Level 5:colcon.colcon_core.verb:set package 'erc_ros2_simple_arm_py' build argument 'catkin_cmake_args' from command line to 'None'
[0.305s] Level 5:colcon.colcon_core.verb:set package 'erc_ros2_simple_arm_py' build argument 'catkin_skip_building_tests' from command line to 'False'
[0.305s] DEBUG:colcon.colcon_core.verb:Building package 'erc_ros2_simple_arm_py' with the following arguments: {'ament_cmake_args': None, 'build_base': '/home/arnavb/erc_ws/src/week3/build/erc_ros2_simple_arm_py', 'catkin_cmake_args': None, 'catkin_skip_building_tests': False, 'cmake_args': None, 'cmake_clean_cache': False, 'cmake_clean_first': False, 'cmake_force_configure': False, 'cmake_target': None, 'cmake_target_skip_unavailable': False, 'install_base': '/home/arnavb/erc_ws/src/week3/install/erc_ros2_simple_arm_py', 'merge_install': False, 'path': '/home/arnavb/erc_ws/src/week3/erc_ros2_simple_arm_py', 'symlink_install': False, 'test_result_base': None}
[0.305s] INFO:colcon.colcon_core.executor:Executing jobs using 'parallel' executor
[0.306s] DEBUG:colcon.colcon_parallel_executor.executor.parallel:run_until_complete
[0.306s] INFO:colcon.colcon_ros.task.ament_python.build:Building ROS package in '/home/arnavb/erc_ws/src/week3/erc_gazebo_sensors_py' with build type 'ament_python'
[0.306s] Level 1:colcon.colcon_core.shell:create_environment_hook('erc_gazebo_sensors_py', 'ament_prefix_path')
[0.309s] INFO:colcon.colcon_core.plugin_system:Skipping extension 'colcon_core.shell.bat': Not used on non-Windows systems
[0.309s] INFO:colcon.colcon_core.shell:Creating environment hook '/home/arnavb/erc_ws/src/week3/install/erc_gazebo_sensors_py/share/erc_gazebo_sensors_py/hook/ament_prefix_path.ps1'
[0.310s] INFO:colcon.colcon_core.shell:Creating environment descriptor '/home/arnavb/erc_ws/src/week3/install/erc_gazebo_sensors_py/share/erc_gazebo_sensors_py/hook/ament_prefix_path.dsv'
[0.310s] INFO:colcon.colcon_core.shell:Creating environment hook '/home/arnavb/erc_ws/src/week3/install/erc_gazebo_sensors_py/share/erc_gazebo_sensors_py/hook/ament_prefix_path.sh'
[0.311s] INFO:colcon.colcon_core.shell:Skip shell extension 'powershell' for command environment: Not usable outside of PowerShell
[0.311s] DEBUG:colcon.colcon_core.shell:Skip shell extension 'dsv' for command environment
[0.316s] INFO:colcon.colcon_ros.task.ament_cmake.build:Building ROS package in '/home/arnavb/erc_ws/src/week3/erc_ros2_navigation' with build type 'ament_cmake'
[0.316s] INFO:colcon.colcon_cmake.task.cmake.build:Building CMake package in '/home/arnavb/erc_ws/src/week3/erc_ros2_navigation'
[0.316s] INFO:colcon.colcon_core.shell:Skip shell extension 'powershell' for command environment: Not usable outside of PowerShell
[0.316s] DEBUG:colcon.colcon_core.shell:Skip shell extension 'dsv' for command environment
[0.321s] INFO:colcon.colcon_ros.task.ament_python.build:Building ROS package in '/home/arnavb/erc_ws/src/week3/erc_ros2_navigation_py' with build type 'ament_python'
[0.321s] Level 1:colcon.colcon_core.shell:create_environment_hook('erc_ros2_navigation_py', 'ament_prefix_path')
[0.321s] INFO:colcon.colcon_core.shell:Creating environment hook '/home/arnavb/erc_ws/src/week3/install/erc_ros2_navigation_py/share/erc_ros2_navigation_py/hook/ament_prefix_path.ps1'
[0.322s] INFO:colcon.colcon_core.shell:Creating environment descriptor '/home/arnavb/erc_ws/src/week3/install/erc_ros2_navigation_py/share/erc_ros2_navigation_py/hook/ament_prefix_path.dsv'
[0.322s] INFO:colcon.colcon_core.shell:Creating environment hook '/home/arnavb/erc_ws/src/week3/install/erc_ros2_navigation_py/share/erc_ros2_navigation_py/hook/ament_prefix_path.sh'
[0.322s] INFO:colcon.colcon_core.shell:Skip shell extension 'powershell' for command environment: Not usable outside of PowerShell
[0.322s] DEBUG:colcon.colcon_core.shell:Skip shell extension 'dsv' for command environment
[0.327s] INFO:colcon.colcon_ros.task.ament_cmake.build:Building ROS package in '/home/arnavb/erc_ws/src/week3/erc_ros2_simple_arm' with build type 'ament_cmake'
[0.327s] INFO:colcon.colcon_cmake.task.cmake.build:Building CMake package in '/home/arnavb/erc_ws/src/week3/erc_ros2_simple_arm'
[0.327s] INFO:colcon.colcon_core.shell:Skip shell extension 'powershell' for command environment: Not usable outside of PowerShell
[0.327s] DEBUG:colcon.colcon_core.shell:Skip shell extension 'dsv' for command environment
[0.331s] INFO:colcon.colcon_ros.task.ament_python.build:Building ROS package in '/home/arnavb/erc_ws/src/week3/erc_ros2_simple_arm_py' with build type 'ament_python'
[0.332s] Level 1:colcon.colcon_core.shell:create_environment_hook('erc_ros2_simple_arm_py', 'ament_prefix_path')
[0.332s] INFO:colcon.colcon_core.shell:Creating environment hook '/home/arnavb/erc_ws/src/week3/install/erc_ros2_simple_arm_py/share/erc_ros2_simple_arm_py/hook/ament_prefix_path.ps1'
[0.332s] INFO:colcon.colcon_core.shell:Creating environment descriptor '/home/arnavb/erc_ws/src/week3/install/erc_ros2_simple_arm_py/share/erc_ros2_simple_arm_py/hook/ament_prefix_path.dsv'
[0.333s] INFO:colcon.colcon_core.shell:Creating environment hook '/home/arnavb/erc_ws/src/week3/install/erc_ros2_simple_arm_py/share/erc_ros2_simple_arm_py/hook/ament_prefix_path.sh'
[0.333s] INFO:colcon.colcon_core.shell:Skip shell extension 'powershell' for command environment: Not usable outside of PowerShell
[0.333s] DEBUG:colcon.colcon_core.shell:Skip shell extension 'dsv' for command environment
[0.597s] INFO:colcon.colcon_core.task.python.build:Building Python package in '/home/arnavb/erc_ws/src/week3/erc_gazebo_sensors_py'
[0.597s] INFO:colcon.colcon_core.shell:Skip shell extension 'powershell' for command environment: Not usable outside of PowerShell
[0.597s] DEBUG:colcon.colcon_core.shell:Skip shell extension 'dsv' for command environment
[0.605s] DEBUG:colcon.colcon_core.event_handler.log_command:Invoking command in '/home/arnavb/erc_ws/src/week3/build/erc_ros2_navigation': CMAKE_PREFIX_PATH=${CMAKE_PREFIX_PATH}:/home/arnavb/erc_ws/install/week1_tutorials:/home/arnavb/erc_ws/install/stark_os:/home/arnavb/erc_ws/install/mogi_trajectory_server:/opt/ros/jazzy DEBUGINFOD_URLS=https://debuginfod.ubuntu.com /usr/bin/cmake --build /home/arnavb/erc_ws/src/week3/build/erc_ros2_navigation -- -j20 -l20
[0.857s] INFO:colcon.colcon_core.task.python.build:Building Python package in '/home/arnavb/erc_ws/src/week3/erc_ros2_navigation_py'
[0.857s] INFO:colcon.colcon_core.shell:Skip shell extension 'powershell' for command environment: Not usable outside of PowerShell
[0.857s] DEBUG:colcon.colcon_core.shell:Skip shell extension 'dsv' for command environment
[0.866s] DEBUG:colcon.colcon_core.event_handler.log_command:Invoking command in '/home/arnavb/erc_ws/src/week3/build/erc_ros2_simple_arm': CMAKE_PREFIX_PATH=${CMAKE_PREFIX_PATH}:/home/arnavb/erc_ws/install/week1_tutorials:/home/arnavb/erc_ws/install/stark_os:/home/arnavb/erc_ws/install/mogi_trajectory_server:/opt/ros/jazzy DEBUGINFOD_URLS=https://debuginfod.ubuntu.com /usr/bin/cmake --build /home/arnavb/erc_ws/src/week3/build/erc_ros2_simple_arm -- -j20 -l20
[0.869s] DEBUG:colcon.colcon_core.event_handler.log_command:Invoked command in '/home/arnavb/erc_ws/src/week3/build/erc_ros2_navigation' returned '0': CMAKE_PREFIX_PATH=${CMAKE_PREFIX_PATH}:/home/arnavb/erc_ws/install/week1_tutorials:/home/arnavb/erc_ws/install/stark_os:/home/arnavb/erc_ws/install/mogi_trajectory_server:/opt/ros/jazzy DEBUGINFOD_URLS=https://debuginfod.ubuntu.com /usr/bin/cmake --build /home/arnavb/erc_ws/src/week3/build/erc_ros2_navigation -- -j20 -l20
[0.881s] DEBUG:colcon.colcon_core.event_handler.log_command:Invoking command in '/home/arnavb/erc_ws/src/week3/build/erc_ros2_navigation': CMAKE_PREFIX_PATH=${CMAKE_PREFIX_PATH}:/home/arnavb/erc_ws/install/week1_tutorials:/home/arnavb/erc_ws/install/stark_os:/home/arnavb/erc_ws/install/mogi_trajectory_server:/opt/ros/jazzy DEBUGINFOD_URLS=https://debuginfod.ubuntu.com /usr/bin/cmake --install /home/arnavb/erc_ws/src/week3/build/erc_ros2_navigation
[1.155s] INFO:colcon.colcon_core.task.python.build:Building Python package in '/home/arnavb/erc_ws/src/week3/erc_ros2_simple_arm_py'
[1.155s] INFO:colcon.colcon_core.shell:Skip shell extension 'powershell' for command environment: Not usable outside of PowerShell
[1.155s] DEBUG:colcon.colcon_core.shell:Skip shell extension 'dsv' for command environment
[1.175s] DEBUG:colcon.colcon_core.event_handler.log_command:Invoked command in '/home/arnavb/erc_ws/src/week3/build/erc_ros2_simple_arm' returned '0': CMAKE_PREFIX_PATH=${CMAKE_PREFIX_PATH}:/home/arnavb/erc_ws/install/week1_tutorials:/home/arnavb/erc_ws/install/stark_os:/home/arnavb/erc_ws/install/mogi_trajectory_server:/opt/ros/jazzy DEBUGINFOD_URLS=https://debuginfod.ubuntu.com /usr/bin/cmake --build /home/arnavb/erc_ws/src/week3/build/erc_ros2_simple_arm -- -j20 -l20
[1.176s] DEBUG:colcon.colcon_core.event_handler.log_command:Invoking command in '/home/arnavb/erc_ws/src/week3/build/erc_ros2_simple_arm': CMAKE_PREFIX_PATH=${CMAKE_PREFIX_PATH}:/home/arnavb/erc_ws/install/week1_tutorials:/home/arnavb/erc_ws/install/stark_os:/home/arnavb/erc_ws/install/mogi_trajectory_server:/opt/ros/jazzy DEBUGINFOD_URLS=https://debuginfod.ubuntu.com /usr/bin/cmake --install /home/arnavb/erc_ws/src/week3/build/erc_ros2_simple_arm
[1.176s] Level 1:colcon.colcon_core.environment:create_environment_scripts_only(erc_ros2_navigation)
[1.178s] DEBUG:colcon.colcon_core.event_handler.log_command:Invoked command in '/home/arnavb/erc_ws/src/week3/build/erc_ros2_navigation' returned '0': CMAKE_PREFIX_PATH=${CMAKE_PREFIX_PATH}:/home/arnavb/erc_ws/install/week1_tutorials:/home/arnavb/erc_ws/install/stark_os:/home/arnavb/erc_ws/install/mogi_trajectory_server:/opt/ros/jazzy DEBUGINFOD_URLS=https://debuginfod.ubuntu.com /usr/bin/cmake --install /home/arnavb/erc_ws/src/week3/build/erc_ros2_navigation
[1.180s] Level 1:colcon.colcon_core.environment:checking '/home/arnavb/erc_ws/src/week3/install/erc_ros2_navigation' for CMake module files
[1.180s] Level 1:colcon.colcon_core.environment:checking '/home/arnavb/erc_ws/src/week3/install/erc_ros2_navigation' for CMake config files
[1.181s] Level 1:colcon.colcon_core.shell:create_environment_hook('erc_ros2_navigation', 'cmake_prefix_path')
[1.181s] INFO:colcon.colcon_core.shell:Creating environment hook '/home/arnavb/erc_ws/src/week3/install/erc_ros2_navigation/share/erc_ros2_navigation/hook/cmake_prefix_path.ps1'
[1.181s] INFO:colcon.colcon_core.shell:Creating environment descriptor '/home/arnavb/erc_ws/src/week3/install/erc_ros2_navigation/share/erc_ros2_navigation/hook/cmake_prefix_path.dsv'
[1.182s] INFO:colcon.colcon_core.shell:Creating environment hook '/home/arnavb/erc_ws/src/week3/install/erc_ros2_navigation/share/erc_ros2_navigation/hook/cmake_prefix_path.sh'
[1.183s] Level 1:colcon.colcon_core.environment:checking '/home/arnavb/erc_ws/src/week3/install/erc_ros2_navigation/bin'
[1.183s] Level 1:colcon.colcon_core.environment:checking '/home/arnavb/erc_ws/src/week3/install/erc_ros2_navigation/lib/pkgconfig/erc_ros2_navigation.pc'
[1.183s] Level 1:colcon.colcon_core.environment:checking '/home/arnavb/erc_ws/src/week3/install/erc_ros2_navigation/lib/python3.12/site-packages'
[1.184s] Level 1:colcon.colcon_core.environment:checking '/home/arnavb/erc_ws/src/week3/install/erc_ros2_navigation/bin'
[1.184s] INFO:colcon.colcon_core.shell:Creating package script '/home/arnavb/erc_ws/src/week3/install/erc_ros2_navigation/share/erc_ros2_navigation/package.ps1'
[1.185s] INFO:colcon.colcon_core.shell:Creating package descriptor '/home/arnavb/erc_ws/src/week3/install/erc_ros2_navigation/share/erc_ros2_navigation/package.dsv'
[1.186s] INFO:colcon.colcon_core.shell:Creating package script '/home/arnavb/erc_ws/src/week3/install/erc_ros2_navigation/share/erc_ros2_navigation/package.sh'
[1.186s] INFO:colcon.colcon_core.shell:Creating package script '/home/arnavb/erc_ws/src/week3/install/erc_ros2_navigation/share/erc_ros2_navigation/package.bash'
[1.187s] INFO:colcon.colcon_core.shell:Creating package script '/home/arnavb/erc_ws/src/week3/install/erc_ros2_navigation/share/erc_ros2_navigation/package.zsh'
[1.188s] Level 1:colcon.colcon_core.environment:create_file_with_runtime_dependencies(/home/arnavb/erc_ws/src/week3/install/erc_ros2_navigation/share/colcon-core/packages/erc_ros2_navigation)
[1.189s] Level 1:colcon.colcon_core.environment:create_environment_scripts_only(erc_ros2_navigation)
[1.189s] Level 1:colcon.colcon_core.environment:checking '/home/arnavb/erc_ws/src/week3/install/erc_ros2_navigation' for CMake module files
[1.189s] Level 1:colcon.colcon_core.environment:checking '/home/arnavb/erc_ws/src/week3/install/erc_ros2_navigation' for CMake config files
[1.190s] Level 1:colcon.colcon_core.shell:create_environment_hook('erc_ros2_navigation', 'cmake_prefix_path')
[1.190s] INFO:colcon.colcon_core.shell:Creating environment hook '/home/arnavb/erc_ws/src/week3/install/erc_ros2_navigation/share/erc_ros2_navigation/hook/cmake_prefix_path.ps1'
[1.190s] INFO:colcon.colcon_core.shell:Creating environment descriptor '/home/arnavb/erc_ws/src/week3/install/erc_ros2_navigation/share/erc_ros2_navigation/hook/cmake_prefix_path.dsv'
[1.191s] INFO:colcon.colcon_core.shell:Creating environment hook '/home/arnavb/erc_ws/src/week3/install/erc_ros2_navigation/share/erc_ros2_navigation/hook/cmake_prefix_path.sh'
[1.192s] Level 1:colcon.colcon_core.environment:checking '/home/arnavb/erc_ws/src/week3/install/erc_ros2_navigation/bin'
[1.192s] Level 1:colcon.colcon_core.environment:checking '/home/arnavb/erc_ws/src/week3/install/erc_ros2_navigation/lib/pkgconfig/erc_ros2_navigation.pc'
[1.192s] Level 1:colcon.colcon_core.environment:checking '/home/arnavb/erc_ws/src/week3/install/erc_ros2_navigation/lib/python3.12/site-packages'
[1.193s] Level 1:colcon.colcon_core.environment:checking '/home/arnavb/erc_ws/src/week3/install/erc_ros2_navigation/bin'
[1.193s] INFO:colcon.colcon_core.shell:Creating package script '/home/arnavb/erc_ws/src/week3/install/erc_ros2_navigation/share/erc_ros2_navigation/package.ps1'
[1.194s] INFO:colcon.colcon_core.shell:Creating package descriptor '/home/arnavb/erc_ws/src/week3/install/erc_ros2_navigation/share/erc_ros2_navigation/package.dsv'
[1.194s] INFO:colcon.colcon_core.shell:Creating package script '/home/arnavb/erc_ws/src/week3/install/erc_ros2_navigation/share/erc_ros2_navigation/package.sh'
[1.195s] INFO:colcon.colcon_core.shell:Creating package script '/home/arnavb/erc_ws/src/week3/install/erc_ros2_navigation/share/erc_ros2_navigation/package.bash'
[1.195s] INFO:colcon.colcon_core.shell:Creating package script '/home/arnavb/erc_ws/src/week3/install/erc_ros2_navigation/share/erc_ros2_navigation/package.zsh'
[1.195s] Level 1:colcon.colcon_core.environment:create_file_with_runtime_dependencies(/home/arnavb/erc_ws/src/week3/install/erc_ros2_navigation/share/colcon-core/packages/erc_ros2_navigation)
[1.205s] Level 1:colcon.colcon_core.environment:create_environment_scripts_only(erc_ros2_simple_arm)
[1.206s] Level 1:colcon.colcon_core.environment:checking '/home/arnavb/erc_ws/src/week3/install/erc_ros2_simple_arm' for CMake module files
[1.207s] DEBUG:colcon.colcon_core.event_handler.log_command:Invoked command in '/home/arnavb/erc_ws/src/week3/build/erc_ros2_simple_arm' returned '0': CMAKE_PREFIX_PATH=${CMAKE_PREFIX_PATH}:/home/arnavb/erc_ws/install/week1_tutorials:/home/arnavb/erc_ws/install/stark_os:/home/arnavb/erc_ws/install/mogi_trajectory_server:/opt/ros/jazzy DEBUGINFOD_URLS=https://debuginfod.ubuntu.com /usr/bin/cmake --install /home/arnavb/erc_ws/src/week3/build/erc_ros2_simple_arm
[1.207s] Level 1:colcon.colcon_core.environment:checking '/home/arnavb/erc_ws/src/week3/install/erc_ros2_simple_arm' for CMake config files
[1.207s] Level 1:colcon.colcon_core.shell:create_environment_hook('erc_ros2_simple_arm', 'cmake_prefix_path')
[1.208s] INFO:colcon.colcon_core.shell:Creating environment hook '/home/arnavb/erc_ws/src/week3/install/erc_ros2_simple_arm/share/erc_ros2_simple_arm/hook/cmake_prefix_path.ps1'
[1.208s] INFO:colcon.colcon_core.shell:Creating environment descriptor '/home/arnavb/erc_ws/src/week3/install/erc_ros2_simple_arm/share/erc_ros2_simple_arm/hook/cmake_prefix_path.dsv'
[1.209s] INFO:colcon.colcon_core.shell:Creating environment hook '/home/arnavb/erc_ws/src/week3/install/erc_ros2_simple_arm/share/erc_ros2_simple_arm/hook/cmake_prefix_path.sh'
[1.210s] Level 1:colcon.colcon_core.environment:checking '/home/arnavb/erc_ws/src/week3/install/erc_ros2_simple_arm/bin'
[1.210s] Level 1:colcon.colcon_core.environment:checking '/home/arnavb/erc_ws/src/week3/install/erc_ros2_simple_arm/lib/pkgconfig/erc_ros2_simple_arm.pc'
[1.210s] Level 1:colcon.colcon_core.environment:checking '/home/arnavb/erc_ws/src/week3/install/erc_ros2_simple_arm/lib/python3.12/site-packages'
[1.211s] Level 1:colcon.colcon_core.environment:checking '/home/arnavb/erc_ws/src/week3/install/erc_ros2_simple_arm/bin'
[1.211s] INFO:colcon.colcon_core.shell:Creating package script '/home/arnavb/erc_ws/src/week3/install/erc_ros2_simple_arm/share/erc_ros2_simple_arm/package.ps1'
[1.212s] INFO:colcon.colcon_core.shell:Creating package descriptor '/home/arnavb/erc_ws/src/week3/install/erc_ros2_simple_arm/share/erc_ros2_simple_arm/package.dsv'
[1.212s] INFO:colcon.colcon_core.shell:Creating package script '/home/arnavb/erc_ws/src/week3/install/erc_ros2_simple_arm/share/erc_ros2_simple_arm/package.sh'
[1.213s] INFO:colcon.colcon_core.shell:Creating package script '/home/arnavb/erc_ws/src/week3/install/erc_ros2_simple_arm/share/erc_ros2_simple_arm/package.bash'
[1.213s] INFO:colcon.colcon_core.shell:Creating package script '/home/arnavb/erc_ws/src/week3/install/erc_ros2_simple_arm/share/erc_ros2_simple_arm/package.zsh'
[1.213s] Level 1:colcon.colcon_core.environment:create_file_with_runtime_dependencies(/home/arnavb/erc_ws/src/week3/install/erc_ros2_simple_arm/share/colcon-core/packages/erc_ros2_simple_arm)
[1.214s] Level 1:colcon.colcon_core.environment:create_environment_scripts_only(erc_ros2_simple_arm)
[1.214s] Level 1:colcon.colcon_core.environment:checking '/home/arnavb/erc_ws/src/week3/install/erc_ros2_simple_arm' for CMake module files
[1.215s] Level 1:colcon.colcon_core.environment:checking '/home/arnavb/erc_ws/src/week3/install/erc_ros2_simple_arm' for CMake config files
[1.215s] Level 1:colcon.colcon_core.shell:create_environment_hook('erc_ros2_simple_arm', 'cmake_prefix_path')
[1.215s] INFO:colcon.colcon_core.shell:Creating environment hook '/home/arnavb/erc_ws/src/week3/install/erc_ros2_simple_arm/share/erc_ros2_simple_arm/hook/cmake_prefix_path.ps1'
[1.216s] INFO:colcon.colcon_core.shell:Creating environment descriptor '/home/arnavb/erc_ws/src/week3/install/erc_ros2_simple_arm/share/erc_ros2_simple_arm/hook/cmake_prefix_path.dsv'
[1.232s] INFO:colcon.colcon_core.shell:Creating environment hook '/home/arnavb/erc_ws/src/week3/install/erc_ros2_simple_arm/share/erc_ros2_simple_arm/hook/cmake_prefix_path.sh'
[1.232s] Level 1:colcon.colcon_core.environment:checking '/home/arnavb/erc_ws/src/week3/install/erc_ros2_simple_arm/bin'
[1.233s] Level 1:colcon.colcon_core.environment:checking '/home/arnavb/erc_ws/src/week3/install/erc_ros2_simple_arm/lib/pkgconfig/erc_ros2_simple_arm.pc'
[1.233s] Level 1:colcon.colcon_core.environment:checking '/home/arnavb/erc_ws/src/week3/install/erc_ros2_simple_arm/lib/python3.12/site-packages'
[1.233s] Level 1:colcon.colcon_core.environment:checking '/home/arnavb/erc_ws/src/week3/install/erc_ros2_simple_arm/bin'
[1.234s] INFO:colcon.colcon_core.shell:Creating package script '/home/arnavb/erc_ws/src/week3/install/erc_ros2_simple_arm/share/erc_ros2_simple_arm/package.ps1'
[1.234s] INFO:colcon.colcon_core.shell:Creating package descriptor '/home/arnavb/erc_ws/src/week3/install/erc_ros2_simple_arm/share/erc_ros2_simple_arm/package.dsv'
[1.235s] INFO:colcon.colcon_core.shell:Creating package script '/home/arnavb/erc_ws/src/week3/install/erc_ros2_simple_arm/share/erc_ros2_simple_arm/package.sh'
[1.235s] INFO:colcon.colcon_core.shell:Creating package script '/home/arnavb/erc_ws/src/week3/install/erc_ros2_simple_arm/share/erc_ros2_simple_arm/package.bash'
[1.236s] INFO:colcon.colcon_core.shell:Creating package script '/home/arnavb/erc_ws/src/week3/install/erc_ros2_simple_arm/share/erc_ros2_simple_arm/package.zsh'
[1.236s] Level 1:colcon.colcon_core.environment:create_file_with_runtime_dependencies(/home/arnavb/erc_ws/src/week3/install/erc_ros2_simple_arm/share/colcon-core/packages/erc_ros2_simple_arm)
[1.869s] DEBUG:colcon.colcon_core.event_handler.log_command:Invoking command in '/home/arnavb/erc_ws/src/week3/erc_ros2_navigation_py': DEBUGINFOD_URLS=https://debuginfod.ubuntu.com PYTHONPATH=/home/arnavb/erc_ws/src/week3/build/erc_ros2_navigation_py/prefix_override:/usr/lib/python3/dist-packages/colcon_core/task/python/colcon_distutils_commands:/home/arnavb/erc_ws/src/week3/install/erc_ros2_navigation_py/lib/python3.12/site-packages:${PYTHONPATH} /usr/bin/python3 -W ignore:setup.py install is deprecated -W ignore:easy_install command is deprecated setup.py egg_info --egg-base ../build/erc_ros2_navigation_py build --build-base /home/arnavb/erc_ws/src/week3/build/erc_ros2_navigation_py/build install --record /home/arnavb/erc_ws/src/week3/build/erc_ros2_navigation_py/install.log --single-version-externally-managed install_data
[1.870s] DEBUG:colcon.colcon_core.event_handler.log_command:Invoking command in '/home/arnavb/erc_ws/src/week3/erc_gazebo_sensors_py': DEBUGINFOD_URLS=https://debuginfod.ubuntu.com PYTHONPATH=/home/arnavb/erc_ws/src/week3/build/erc_gazebo_sensors_py/prefix_override:/usr/lib/python3/dist-packages/colcon_core/task/python/colcon_distutils_commands:/home/arnavb/erc_ws/src/week3/install/erc_gazebo_sensors_py/lib/python3.12/site-packages:${PYTHONPATH} /usr/bin/python3 -W ignore:setup.py install is deprecated -W ignore:easy_install command is deprecated setup.py egg_info --egg-base ../build/erc_gazebo_sensors_py build --build-base /home/arnavb/erc_ws/src/week3/build/erc_gazebo_sensors_py/build install --record /home/arnavb/erc_ws/src/week3/build/erc_gazebo_sensors_py/install.log --single-version-externally-managed install_data
[1.887s] DEBUG:colcon.colcon_core.event_handler.log_command:Invoking command in '/home/arnavb/erc_ws/src/week3/erc_ros2_simple_arm_py': DEBUGINFOD_URLS=https://debuginfod.ubuntu.com PYTHONPATH=/home/arnavb/erc_ws/src/week3/build/erc_ros2_simple_arm_py/prefix_override:/usr/lib/python3/dist-packages/colcon_core/task/python/colcon_distutils_commands:/home/arnavb/erc_ws/src/week3/install/erc_ros2_simple_arm_py/lib/python3.12/site-packages:${PYTHONPATH} /usr/bin/python3 -W ignore:setup.py install is deprecated -W ignore:easy_install command is deprecated setup.py egg_info --egg-base ../build/erc_ros2_simple_arm_py build --build-base /home/arnavb/erc_ws/src/week3/build/erc_ros2_simple_arm_py/build install --record /home/arnavb/erc_ws/src/week3/build/erc_ros2_simple_arm_py/install.log --single-version-externally-managed install_data
[2.497s] Level 1:colcon.colcon_core.environment:checking '/home/arnavb/erc_ws/src/week3/install/erc_ros2_navigation_py' for CMake module files
[2.498s] DEBUG:colcon.colcon_core.event_handler.log_command:Invoked command in '/home/arnavb/erc_ws/src/week3/erc_ros2_navigation_py' returned '0': DEBUGINFOD_URLS=https://debuginfod.ubuntu.com PYTHONPATH=/home/arnavb/erc_ws/src/week3/build/erc_ros2_navigation_py/prefix_override:/usr/lib/python3/dist-packages/colcon_core/task/python/colcon_distutils_commands:/home/arnavb/erc_ws/src/week3/install/erc_ros2_navigation_py/lib/python3.12/site-packages:${PYTHONPATH} /usr/bin/python3 -W ignore:setup.py install is deprecated -W ignore:easy_install command is deprecated setup.py egg_info --egg-base ../build/erc_ros2_navigation_py build --build-base /home/arnavb/erc_ws/src/week3/build/erc_ros2_navigation_py/build install --record /home/arnavb/erc_ws/src/week3/build/erc_ros2_navigation_py/install.log --single-version-externally-managed install_data
[2.498s] Level 1:colcon.colcon_core.environment:checking '/home/arnavb/erc_ws/src/week3/install/erc_ros2_navigation_py' for CMake config files
[2.499s] Level 1:colcon.colcon_core.environment:checking '/home/arnavb/erc_ws/src/week3/install/erc_ros2_navigation_py/lib'
[2.499s] Level 1:colcon.colcon_core.environment:checking '/home/arnavb/erc_ws/src/week3/install/erc_ros2_navigation_py/bin'
[2.499s] Level 1:colcon.colcon_core.environment:checking '/home/arnavb/erc_ws/src/week3/install/erc_ros2_navigation_py/lib/pkgconfig/erc_ros2_navigation_py.pc'
[2.500s] Level 1:colcon.colcon_core.environment:checking '/home/arnavb/erc_ws/src/week3/install/erc_ros2_navigation_py/lib/python3.12/site-packages'
[2.500s] Level 1:colcon.colcon_core.shell:create_environment_hook('erc_ros2_navigation_py', 'pythonpath')
[2.500s] INFO:colcon.colcon_core.shell:Creating environment hook '/home/arnavb/erc_ws/src/week3/install/erc_ros2_navigation_py/share/erc_ros2_navigation_py/hook/pythonpath.ps1'
[2.500s] INFO:colcon.colcon_core.shell:Creating environment descriptor '/home/arnavb/erc_ws/src/week3/install/erc_ros2_navigation_py/share/erc_ros2_navigation_py/hook/pythonpath.dsv'
[2.501s] INFO:colcon.colcon_core.shell:Creating environment hook '/home/arnavb/erc_ws/src/week3/install/erc_ros2_navigation_py/share/erc_ros2_navigation_py/hook/pythonpath.sh'
[2.502s] Level 1:colcon.colcon_core.environment:checking '/home/arnavb/erc_ws/src/week3/install/erc_ros2_navigation_py/bin'
[2.502s] Level 1:colcon.colcon_core.environment:create_environment_scripts_only(erc_ros2_navigation_py)
[2.502s] INFO:colcon.colcon_core.shell:Creating package script '/home/arnavb/erc_ws/src/week3/install/erc_ros2_navigation_py/share/erc_ros2_navigation_py/package.ps1'
[2.503s] INFO:colcon.colcon_core.shell:Creating package descriptor '/home/arnavb/erc_ws/src/week3/install/erc_ros2_navigation_py/share/erc_ros2_navigation_py/package.dsv'
[2.503s] INFO:colcon.colcon_core.shell:Creating package script '/home/arnavb/erc_ws/src/week3/install/erc_ros2_navigation_py/share/erc_ros2_navigation_py/package.sh'
[2.503s] INFO:colcon.colcon_core.shell:Creating package script '/home/arnavb/erc_ws/src/week3/install/erc_ros2_navigation_py/share/erc_ros2_navigation_py/package.bash'
[2.504s] INFO:colcon.colcon_core.shell:Creating package script '/home/arnavb/erc_ws/src/week3/install/erc_ros2_navigation_py/share/erc_ros2_navigation_py/package.zsh'
[2.504s] Level 1:colcon.colcon_core.environment:create_file_with_runtime_dependencies(/home/arnavb/erc_ws/src/week3/install/erc_ros2_navigation_py/share/colcon-core/packages/erc_ros2_navigation_py)
[2.507s] Level 1:colcon.colcon_core.environment:checking '/home/arnavb/erc_ws/src/week3/install/erc_gazebo_sensors_py' for CMake module files
[2.508s] DEBUG:colcon.colcon_core.event_handler.log_command:Invoked command in '/home/arnavb/erc_ws/src/week3/erc_gazebo_sensors_py' returned '0': DEBUGINFOD_URLS=https://debuginfod.ubuntu.com PYTHONPATH=/home/arnavb/erc_ws/src/week3/build/erc_gazebo_sensors_py/prefix_override:/usr/lib/python3/dist-packages/colcon_core/task/python/colcon_distutils_commands:/home/arnavb/erc_ws/src/week3/install/erc_gazebo_sensors_py/lib/python3.12/site-packages:${PYTHONPATH} /usr/bin/python3 -W ignore:setup.py install is deprecated -W ignore:easy_install command is deprecated setup.py egg_info --egg-base ../build/erc_gazebo_sensors_py build --build-base /home/arnavb/erc_ws/src/week3/build/erc_gazebo_sensors_py/build install --record /home/arnavb/erc_ws/src/week3/build/erc_gazebo_sensors_py/install.log --single-version-externally-managed install_data
[2.508s] Level 1:colcon.colcon_core.environment:checking '/home/arnavb/erc_ws/src/week3/install/erc_gazebo_sensors_py' for CMake config files
[2.510s] Level 1:colcon.colcon_core.environment:checking '/home/arnavb/erc_ws/src/week3/install/erc_gazebo_sensors_py/lib'
[2.510s] Level 1:colcon.colcon_core.environment:checking '/home/arnavb/erc_ws/src/week3/install/erc_gazebo_sensors_py/bin'
[2.510s] Level 1:colcon.colcon_core.environment:checking '/home/arnavb/erc_ws/src/week3/install/erc_gazebo_sensors_py/lib/pkgconfig/erc_gazebo_sensors_py.pc'
[2.510s] Level 1:colcon.colcon_core.environment:checking '/home/arnavb/erc_ws/src/week3/install/erc_gazebo_sensors_py/lib/python3.12/site-packages'
[2.511s] Level 1:colcon.colcon_core.shell:create_environment_hook('erc_gazebo_sensors_py', 'pythonpath')
[2.511s] INFO:colcon.colcon_core.shell:Creating environment hook '/home/arnavb/erc_ws/src/week3/install/erc_gazebo_sensors_py/share/erc_gazebo_sensors_py/hook/pythonpath.ps1'
[2.512s] INFO:colcon.colcon_core.shell:Creating environment descriptor '/home/arnavb/erc_ws/src/week3/install/erc_gazebo_sensors_py/share/erc_gazebo_sensors_py/hook/pythonpath.dsv'
[2.513s] INFO:colcon.colcon_core.shell:Creating environment hook '/home/arnavb/erc_ws/src/week3/install/erc_gazebo_sensors_py/share/erc_gazebo_sensors_py/hook/pythonpath.sh'
[2.514s] Level 1:colcon.colcon_core.environment:checking '/home/arnavb/erc_ws/src/week3/install/erc_gazebo_sensors_py/bin'
[2.514s] Level 1:colcon.colcon_core.environment:create_environment_scripts_only(erc_gazebo_sensors_py)
[2.514s] INFO:colcon.colcon_core.shell:Creating package script '/home/arnavb/erc_ws/src/week3/install/erc_gazebo_sensors_py/share/erc_gazebo_sensors_py/package.ps1'
[2.515s] INFO:colcon.colcon_core.shell:Creating package descriptor '/home/arnavb/erc_ws/src/week3/install/erc_gazebo_sensors_py/share/erc_gazebo_sensors_py/package.dsv'
[2.516s] INFO:colcon.colcon_core.shell:Creating package script '/home/arnavb/erc_ws/src/week3/install/erc_gazebo_sensors_py/share/erc_gazebo_sensors_py/package.sh'
[2.517s] INFO:colcon.colcon_core.shell:Creating package script '/home/arnavb/erc_ws/src/week3/install/erc_gazebo_sensors_py/share/erc_gazebo_sensors_py/package.bash'
[2.517s] INFO:colcon.colcon_core.shell:Creating package script '/home/arnavb/erc_ws/src/week3/install/erc_gazebo_sensors_py/share/erc_gazebo_sensors_py/package.zsh'
[2.518s] Level 1:colcon.colcon_core.environment:create_file_with_runtime_dependencies(/home/arnavb/erc_ws/src/week3/install/erc_gazebo_sensors_py/share/colcon-core/packages/erc_gazebo_sensors_py)
[2.519s] Level 1:colcon.colcon_core.environment:checking '/home/arnavb/erc_ws/src/week3/install/erc_ros2_simple_arm_py' for CMake module files
[2.520s] DEBUG:colcon.colcon_core.event_handler.log_command:Invoked command in '/home/arnavb/erc_ws/src/week3/erc_ros2_simple_arm_py' returned '0': DEBUGINFOD_URLS=https://debuginfod.ubuntu.com PYTHONPATH=/home/arnavb/erc_ws/src/week3/build/erc_ros2_simple_arm_py/prefix_override:/usr/lib/python3/dist-packages/colcon_core/task/python/colcon_distutils_commands:/home/arnavb/erc_ws/src/week3/install/erc_ros2_simple_arm_py/lib/python3.12/site-packages:${PYTHONPATH} /usr/bin/python3 -W ignore:setup.py install is deprecated -W ignore:easy_install command is deprecated setup.py egg_info --egg-base ../build/erc_ros2_simple_arm_py build --build-base /home/arnavb/erc_ws/src/week3/build/erc_ros2_simple_arm_py/build install --record /home/arnavb/erc_ws/src/week3/build/erc_ros2_simple_arm_py/install.log --single-version-externally-managed install_data
[2.521s] Level 1:colcon.colcon_core.environment:checking '/home/arnavb/erc_ws/src/week3/install/erc_ros2_simple_arm_py' for CMake config files
[2.521s] Level 1:colcon.colcon_core.environment:checking '/home/arnavb/erc_ws/src/week3/install/erc_ros2_simple_arm_py/lib'
[2.521s] Level 1:colcon.colcon_core.environment:checking '/home/arnavb/erc_ws/src/week3/install/erc_ros2_simple_arm_py/bin'
[2.521s] Level 1:colcon.colcon_core.environment:checking '/home/arnavb/erc_ws/src/week3/install/erc_ros2_simple_arm_py/lib/pkgconfig/erc_ros2_simple_arm_py.pc'
[2.521s] Level 1:colcon.colcon_core.environment:checking '/home/arnavb/erc_ws/src/week3/install/erc_ros2_simple_arm_py/lib/python3.12/site-packages'
[2.522s] Level 1:colcon.colcon_core.shell:create_environment_hook('erc_ros2_simple_arm_py', 'pythonpath')
[2.522s] INFO:colcon.colcon_core.shell:Creating environment hook '/home/arnavb/erc_ws/src/week3/install/erc_ros2_simple_arm_py/share/erc_ros2_simple_arm_py/hook/pythonpath.ps1'
[2.522s] INFO:colcon.colcon_core.shell:Creating environment descriptor '/home/arnavb/erc_ws/src/week3/install/erc_ros2_simple_arm_py/share/erc_ros2_simple_arm_py/hook/pythonpath.dsv'
[2.522s] INFO:colcon.colcon_core.shell:Creating environment hook '/home/arnavb/erc_ws/src/week3/install/erc_ros2_simple_arm_py/share/erc_ros2_simple_arm_py/hook/pythonpath.sh'
[2.523s] Level 1:colcon.colcon_core.environment:checking '/home/arnavb/erc_ws/src/week3/install/erc_ros2_simple_arm_py/bin'
[2.524s] Level 1:colcon.colcon_core.environment:create_environment_scripts_only(erc_ros2_simple_arm_py)
[2.524s] INFO:colcon.colcon_core.shell:Creating package script '/home/arnavb/erc_ws/src/week3/install/erc_ros2_simple_arm_py/share/erc_ros2_simple_arm_py/package.ps1'
[2.524s] INFO:colcon.colcon_core.shell:Creating package descriptor '/home/arnavb/erc_ws/src/week3/install/erc_ros2_simple_arm_py/share/erc_ros2_simple_arm_py/package.dsv'
[2.525s] INFO:colcon.colcon_core.shell:Creating package script '/home/arnavb/erc_ws/src/week3/install/erc_ros2_simple_arm_py/share/erc_ros2_simple_arm_py/package.sh'
[2.525s] INFO:colcon.colcon_core.shell:Creating package script '/home/arnavb/erc_ws/src/week3/install/erc_ros2_simple_arm_py/share/erc_ros2_simple_arm_py/package.bash'
[2.526s] INFO:colcon.colcon_core.shell:Creating package script '/home/arnavb/erc_ws/src/week3/install/erc_ros2_simple_arm_py/share/erc_ros2_simple_arm_py/package.zsh'
[2.526s] Level 1:colcon.colcon_core.environment:create_file_with_runtime_dependencies(/home/arnavb/erc_ws/src/week3/install/erc_ros2_simple_arm_py/share/colcon-core/packages/erc_ros2_simple_arm_py)
[2.526s] DEBUG:colcon.colcon_parallel_executor.executor.parallel:closing loop
[2.526s] DEBUG:colcon.colcon_parallel_executor.executor.parallel:loop closed
[2.526s] DEBUG:colcon.colcon_parallel_executor.executor.parallel:run_until_complete finished with '0'
[2.526s] DEBUG:colcon.colcon_core.event_reactor:joining thread
[2.533s] INFO:colcon.colcon_core.plugin_system:Skipping extension 'colcon_notification.desktop_notification.terminal_notifier': Not used on non-Darwin systems
[2.533s] INFO:colcon.colcon_core.plugin_system:Skipping extension 'colcon_notification.desktop_notification.win32': Not used on non-Windows systems
[2.533s] INFO:colcon.colcon_notification.desktop_notification:Sending desktop notification using 'notify2'
[2.558s] DEBUG:colcon.colcon_core.event_reactor:joined thread
[2.558s] INFO:colcon.colcon_core.shell:Creating prefix script '/home/arnavb/erc_ws/src/week3/install/local_setup.ps1'
[2.560s] INFO:colcon.colcon_core.shell:Creating prefix util module '/home/arnavb/erc_ws/src/week3/install/_local_setup_util_ps1.py'
[2.561s] INFO:colcon.colcon_core.shell:Creating prefix chain script '/home/arnavb/erc_ws/src/week3/install/setup.ps1'
[2.562s] INFO:colcon.colcon_core.shell:Creating prefix script '/home/arnavb/erc_ws/src/week3/install/local_setup.sh'
[2.563s] INFO:colcon.colcon_core.shell:Creating prefix util module '/home/arnavb/erc_ws/src/week3/install/_local_setup_util_sh.py'
[2.564s] INFO:colcon.colcon_core.shell:Creating prefix chain script '/home/arnavb/erc_ws/src/week3/install/setup.sh'
[2.566s] INFO:colcon.colcon_core.shell:Creating prefix script '/home/arnavb/erc_ws/src/week3/install/local_setup.bash'
[2.566s] INFO:colcon.colcon_core.shell:Creating prefix chain script '/home/arnavb/erc_ws/src/week3/install/setup.bash'
[2.568s] INFO:colcon.colcon_core.shell:Creating prefix script '/home/arnavb/erc_ws/src/week3/install/local_setup.zsh'
[2.568s] INFO:colcon.colcon_core.shell:Creating prefix chain script '/home/arnavb/erc_ws/src/week3/install/setup.zsh'
