-- Install configuration: ""
-- Up-to-date: /home/arnavb/erc_ws/install/erc_gazebo_basics/share/erc_gazebo_basics/launch
-- Up-to-date: /home/arnavb/erc_ws/install/erc_gazebo_basics/share/erc_gazebo_basics/launch/check_urdf.launch.py
-- Up-to-date: /home/arnavb/erc_ws/install/erc_gazebo_basics/share/erc_gazebo_basics/launch/world.launch.py
-- Up-to-date: /home/arnavb/erc_ws/install/erc_gazebo_basics/share/erc_gazebo_basics/launch/spawn_robot.launch.py
-- Up-to-date: /home/arnavb/erc_ws/install/erc_gazebo_basics/share/erc_gazebo_basics/worlds
-- Up-to-date: /home/arnavb/erc_ws/install/erc_gazebo_basics/share/erc_gazebo_basics/worlds/world.sdf
-- Up-to-date: /home/arnavb/erc_ws/install/erc_gazebo_basics/share/erc_gazebo_basics/worlds/empty.sdf
-- Up-to-date: /home/arnavb/erc_ws/install/erc_gazebo_basics/share/erc_gazebo_basics/rviz
-- Up-to-date: /home/arnavb/erc_ws/install/erc_gazebo_basics/share/erc_gazebo_basics/rviz/urdf.rviz
-- Up-to-date: /home/arnavb/erc_ws/install/erc_gazebo_basics/share/erc_gazebo_basics/rviz/rviz.rviz
-- Up-to-date: /home/arnavb/erc_ws/install/erc_gazebo_basics/share/erc_gazebo_basics/urdf
-- Up-to-date: /home/arnavb/erc_ws/install/erc_gazebo_basics/share/erc_gazebo_basics/urdf/dume_bot.gazebo
-- Up-to-date: /home/arnavb/erc_ws/install/erc_gazebo_basics/share/erc_gazebo_basics/urdf/materials.xacro
-- Up-to-date: /home/arnavb/erc_ws/install/erc_gazebo_basics/share/erc_gazebo_basics/urdf/dume_bot.urdf
-- Up-to-date: /home/arnavb/erc_ws/install/erc_gazebo_basics/share/erc_gazebo_basics/meshes
-- Up-to-date: /home/arnavb/erc_ws/install/erc_gazebo_basics/share/erc_gazebo_basics/meshes/IronManWheelLeftFront.dae
-- Up-to-date: /home/arnavb/erc_ws/install/erc_gazebo_basics/share/erc_gazebo_basics/meshes/IronManWheelRightFront.dae
-- Up-to-date: /home/arnavb/erc_ws/install/erc_gazebo_basics/share/erc_gazebo_basics/meshes/wheel.SLDPRT
-- Up-to-date: /home/arnavb/erc_ws/install/erc_gazebo_basics/share/erc_gazebo_basics/meshes/wheel.blend
-- Up-to-date: /home/arnavb/erc_ws/install/erc_gazebo_basics/share/erc_gazebo_basics/meshes/IronMan_ROS_Body.dae
-- Up-to-date: /home/arnavb/erc_ws/install/erc_gazebo_basics/share/erc_gazebo_basics/meshes/wheel.dae
-- Up-to-date: /home/arnavb/erc_ws/install/erc_gazebo_basics/share/erc_gazebo_basics/meshes/wheel.STEP
-- Up-to-date: /home/arnavb/erc_ws/install/erc_gazebo_basics/share/erc_gazebo_basics/meshes/wheel.STL
-- Up-to-date: /home/arnavb/erc_ws/install/erc_gazebo_basics/share/ament_index/resource_index/package_run_dependencies/erc_gazebo_basics
-- Up-to-date: /home/arnavb/erc_ws/install/erc_gazebo_basics/share/ament_index/resource_index/parent_prefix_path/erc_gazebo_basics
-- Up-to-date: /home/arnavb/erc_ws/install/erc_gazebo_basics/share/erc_gazebo_basics/environment/ament_prefix_path.sh
-- Up-to-date: /home/arnavb/erc_ws/install/erc_gazebo_basics/share/erc_gazebo_basics/environment/ament_prefix_path.dsv
-- Up-to-date: /home/arnavb/erc_ws/install/erc_gazebo_basics/share/erc_gazebo_basics/environment/path.sh
-- Up-to-date: /home/arnavb/erc_ws/install/erc_gazebo_basics/share/erc_gazebo_basics/environment/path.dsv
-- Up-to-date: /home/arnavb/erc_ws/install/erc_gazebo_basics/share/erc_gazebo_basics/local_setup.bash
-- Up-to-date: /home/arnavb/erc_ws/install/erc_gazebo_basics/share/erc_gazebo_basics/local_setup.sh
-- Up-to-date: /home/arnavb/erc_ws/install/erc_gazebo_basics/share/erc_gazebo_basics/local_setup.zsh
-- Up-to-date: /home/arnavb/erc_ws/install/erc_gazebo_basics/share/erc_gazebo_basics/local_setup.dsv
-- Installing: /home/arnavb/erc_ws/install/erc_gazebo_basics/share/erc_gazebo_basics/package.dsv
-- Up-to-date: /home/arnavb/erc_ws/install/erc_gazebo_basics/share/ament_index/resource_index/packages/erc_gazebo_basics
-- Up-to-date: /home/arnavb/erc_ws/install/erc_gazebo_basics/share/erc_gazebo_basics/cmake/erc_gazebo_basicsConfig.cmake
-- Up-to-date: /home/arnavb/erc_ws/install/erc_gazebo_basics/share/erc_gazebo_basics/cmake/erc_gazebo_basicsConfig-version.cmake
-- Up-to-date: /home/arnavb/erc_ws/install/erc_gazebo_basics/share/erc_gazebo_basics/package.xml
