[1.125s] Invoking command in '/home/arnavb/erc_ws/src/build/explore_lite': CMAKE_PREFIX_PATH=${CMAKE_PREFIX_PATH}:/home/arnavb/erc_ws/install/week1_tutorials:/home/arnavb/erc_ws/install/stark_os:/home/arnavb/erc_ws/install/mogi_trajectory_server:/opt/ros/jazzy DEBUGINFOD_URLS=https://debuginfod.ubuntu.com /usr/bin/cmake /home/arnavb/erc_ws/src/explore -DCMAKE_INSTALL_PREFIX=/home/arnavb/erc_ws/src/install/explore_lite
[1.246s] -- The C compiler identification is GNU 13.3.0
[1.351s] -- The CXX compiler identification is GNU 13.3.0
[1.379s] -- Detecting C compiler ABI info
[1.519s] -- Detecting C compiler ABI info - done
[1.532s] -- Check for working C compiler: /usr/bin/cc - skipped
[1.532s] -- Detecting C compile features
[1.533s] -- Detecting C compile features - done
[1.547s] -- Detecting CXX compiler ABI info
[1.691s] -- Detecting CXX compiler ABI info - done
[1.712s] -- Check for working CXX compiler: /usr/bin/c++ - skipped
[1.712s] -- Detecting CXX compile features
[1.712s] -- Detecting CXX compile features - done
[1.713s] -- BuilD for ROS2: jazzy
[1.720s] -- Found ament_cmake: 2.5.4 (/opt/ros/jazzy/share/ament_cmake/cmake)
[1.936s] -- Found Python3: /usr/bin/python3 (found version "3.12.3") found components: Interpreter 
[2.140s] -- Found rclcpp: 28.1.13 (/opt/ros/jazzy/share/rclcpp/cmake)
[2.227s] -- Found rosidl_generator_c: 4.6.6 (/opt/ros/jazzy/share/rosidl_generator_c/cmake)
[2.261s] -- Found rosidl_generator_cpp: 4.6.6 (/opt/ros/jazzy/share/rosidl_generator_cpp/cmake)
[2.292s] -- Using all available rosidl_typesupport_c: rosidl_typesupport_fastrtps_c;rosidl_typesupport_introspection_c
[2.327s] -- Using all available rosidl_typesupport_cpp: rosidl_typesupport_fastrtps_cpp;rosidl_typesupport_introspection_cpp
[2.456s] -- Found rmw_implementation_cmake: 7.3.2 (/opt/ros/jazzy/share/rmw_implementation_cmake/cmake)
[2.468s] -- Found rmw_fastrtps_cpp: 8.4.3 (/opt/ros/jazzy/share/rmw_fastrtps_cpp/cmake)
[2.637s] -- Found OpenSSL: /usr/lib/x86_64-linux-gnu/libcrypto.so (found version "3.0.13")  
[2.669s] -- Found FastRTPS: /opt/ros/jazzy/include (Required is at least version "2.13") 
[2.700s] -- Using RMW implementation 'rmw_fastrtps_cpp' as default
[2.818s] -- Found std_msgs: 5.3.6 (/opt/ros/jazzy/share/std_msgs/cmake)
[2.840s] -- Found sensor_msgs: 5.3.6 (/opt/ros/jazzy/share/sensor_msgs/cmake)
[2.903s] -- Found tf2_ros: 0.36.16 (/opt/ros/jazzy/share/tf2_ros/cmake)
[3.128s] -- Found tf2_geometry_msgs: 0.36.16 (/opt/ros/jazzy/share/tf2_geometry_msgs/cmake)
[3.158s] -- Found eigen3_cmake_module: 0.3.0 (/opt/ros/jazzy/share/eigen3_cmake_module/cmake)
[3.161s] -- Found Eigen3: TRUE (found version "3.4.0") 
[3.161s] -- Ensuring Eigen3 include directory is part of orocos-kdl CMake target
[3.167s] -- Found nav2_msgs: 1.3.10 (/opt/ros/jazzy/share/nav2_msgs/cmake)
[3.349s] -- Found map_msgs: 2.4.1 (/opt/ros/jazzy/share/map_msgs/cmake)
[3.399s] -- Found visualization_msgs: 5.3.6 (/opt/ros/jazzy/share/visualization_msgs/cmake)
[3.445s] -- Found nav2_costmap_2d: 1.3.10 (/opt/ros/jazzy/share/nav2_costmap_2d/cmake)
[3.691s] -- Found ament_lint_auto: 0.17.3 (/opt/ros/jazzy/share/ament_lint_auto/cmake)
[3.844s] -- Found ament_cmake_gtest: 2.5.4 (/opt/ros/jazzy/share/ament_cmake_gtest/cmake)
[3.850s] -- Found gtest sources under '/opt/ros/jazzy/src/gtest_vendor': C++ tests using 'Google Test' will be built
[3.856s] -- Performing Test CMAKE_HAVE_LIBC_PTHREAD
[4.000s] -- Performing Test CMAKE_HAVE_LIBC_PTHREAD - Success
[4.002s] -- Found Threads: TRUE  
[4.019s] -- Added test 'cppcheck' to perform static code analysis on C / C++ code
[4.020s] -- Configured cppcheck include dirs: /home/arnavb/erc_ws/src/explore/include;$<BUILD_INTERFACE:/home/arnavb/erc_ws/src/explore/include>
[4.020s] -- Configured cppcheck exclude dirs and/or files: 
[4.022s] -- Added test 'flake8' to check Python code syntax and style conventions
[4.022s] -- Configured 'flake8' exclude dirs and/or files: 
[4.024s] -- Added test 'lint_cmake' to check CMake code style
[4.026s] -- Added test 'pep257' to check Python code against some of the docstring style conventions in PEP 257
[4.028s] -- Added test 'uncrustify' to check C / C++ code style
[4.028s] -- Configured uncrustify additional arguments: 
[4.030s] -- Added test 'xmllint' to check XML markup files
[4.034s] -- Configuring done (2.9s)
[4.141s] -- Generating done (0.1s)
[4.154s] -- Build files have been written to: /home/arnavb/erc_ws/src/build/explore_lite
[4.169s] Invoked command in '/home/arnavb/erc_ws/src/build/explore_lite' returned '0': CMAKE_PREFIX_PATH=${CMAKE_PREFIX_PATH}:/home/arnavb/erc_ws/install/week1_tutorials:/home/arnavb/erc_ws/install/stark_os:/home/arnavb/erc_ws/install/mogi_trajectory_server:/opt/ros/jazzy DEBUGINFOD_URLS=https://debuginfod.ubuntu.com /usr/bin/cmake /home/arnavb/erc_ws/src/explore -DCMAKE_INSTALL_PREFIX=/home/arnavb/erc_ws/src/install/explore_lite
[4.170s] Invoking command in '/home/arnavb/erc_ws/src/build/explore_lite': CMAKE_PREFIX_PATH=${CMAKE_PREFIX_PATH}:/home/arnavb/erc_ws/install/week1_tutorials:/home/arnavb/erc_ws/install/stark_os:/home/arnavb/erc_ws/install/mogi_trajectory_server:/opt/ros/jazzy DEBUGINFOD_URLS=https://debuginfod.ubuntu.com /usr/bin/cmake --build /home/arnavb/erc_ws/src/build/explore_lite -- -j20 -l20
[4.253s] [ 10%] [32mBuilding CXX object gtest/CMakeFiles/gtest_main.dir/src/gtest_main.cc.o[0m
[4.253s] [ 20%] [32mBuilding CXX object gtest/CMakeFiles/gtest.dir/src/gtest-all.cc.o[0m
[4.255s] [ 30%] [32mBuilding CXX object CMakeFiles/explore.dir/src/costmap_client.cpp.o[0m
[4.255s] [ 40%] [32mBuilding CXX object CMakeFiles/explore.dir/src/frontier_search.cpp.o[0m
[4.256s] [ 50%] [32mBuilding CXX object CMakeFiles/explore.dir/src/explore.cpp.o[0m
[5.023s] [ 60%] [32m[1mLinking CXX static library libgtest_main.a[0m
[5.079s] [ 60%] Built target gtest_main
[8.258s] [ 70%] [32m[1mLinking CXX static library libgtest.a[0m
[8.346s] [ 70%] Built target gtest
[8.382s] [ 80%] [32mBuilding CXX object CMakeFiles/test_explore.dir/test/test_explore.cpp.o[0m
[9.550s] [ 90%] [32m[1mLinking CXX executable test_explore[0m
[10.840s] [ 90%] Built target test_explore
[17.850s] [100%] [32m[1mLinking CXX executable explore[0m
[19.694s] [100%] Built target explore
[19.710s] Invoked command in '/home/arnavb/erc_ws/src/build/explore_lite' returned '0': CMAKE_PREFIX_PATH=${CMAKE_PREFIX_PATH}:/home/arnavb/erc_ws/install/week1_tutorials:/home/arnavb/erc_ws/install/stark_os:/home/arnavb/erc_ws/install/mogi_trajectory_server:/opt/ros/jazzy DEBUGINFOD_URLS=https://debuginfod.ubuntu.com /usr/bin/cmake --build /home/arnavb/erc_ws/src/build/explore_lite -- -j20 -l20
[19.712s] Invoking command in '/home/arnavb/erc_ws/src/build/explore_lite': CMAKE_PREFIX_PATH=${CMAKE_PREFIX_PATH}:/home/arnavb/erc_ws/install/week1_tutorials:/home/arnavb/erc_ws/install/stark_os:/home/arnavb/erc_ws/install/mogi_trajectory_server:/opt/ros/jazzy DEBUGINFOD_URLS=https://debuginfod.ubuntu.com /usr/bin/cmake --install /home/arnavb/erc_ws/src/build/explore_lite
[19.724s] -- Install configuration: ""
[19.724s] -- Installing: /home/arnavb/erc_ws/src/install/explore_lite/include/explore/
[19.725s] -- Installing: /home/arnavb/erc_ws/src/install/explore_lite/include/explore//explore.h
[19.725s] -- Installing: /home/arnavb/erc_ws/src/install/explore_lite/include/explore//costmap_tools.h
[19.725s] -- Installing: /home/arnavb/erc_ws/src/install/explore_lite/include/explore//frontier_search.h
[19.725s] -- Installing: /home/arnavb/erc_ws/src/install/explore_lite/include/explore//costmap_client.h
[19.725s] -- Installing: /home/arnavb/erc_ws/src/install/explore_lite/share/explore_lite/config
[19.725s] -- Installing: /home/arnavb/erc_ws/src/install/explore_lite/share/explore_lite/config/params_costmap.yaml
[19.725s] -- Installing: /home/arnavb/erc_ws/src/install/explore_lite/share/explore_lite/config/params.yaml
[19.726s] -- Installing: /home/arnavb/erc_ws/src/install/explore_lite/share/explore_lite/launch
[19.726s] -- Installing: /home/arnavb/erc_ws/src/install/explore_lite/share/explore_lite/launch/explore.launch.py
[19.726s] -- Installing: /home/arnavb/erc_ws/src/install/explore_lite/lib/explore_lite/explore
[19.736s] -- Set non-toolchain portion of runtime path of "/home/arnavb/erc_ws/src/install/explore_lite/lib/explore_lite/explore" to ""
[19.736s] -- Installing: /home/arnavb/erc_ws/src/install/explore_lite/share/ament_index/resource_index/package_run_dependencies/explore_lite
[19.736s] -- Installing: /home/arnavb/erc_ws/src/install/explore_lite/share/ament_index/resource_index/parent_prefix_path/explore_lite
[19.737s] -- Installing: /home/arnavb/erc_ws/src/install/explore_lite/share/explore_lite/environment/ament_prefix_path.sh
[19.737s] -- Installing: /home/arnavb/erc_ws/src/install/explore_lite/share/explore_lite/environment/ament_prefix_path.dsv
[19.737s] -- Installing: /home/arnavb/erc_ws/src/install/explore_lite/share/explore_lite/environment/path.sh
[19.737s] -- Installing: /home/arnavb/erc_ws/src/install/explore_lite/share/explore_lite/environment/path.dsv
[19.737s] -- Installing: /home/arnavb/erc_ws/src/install/explore_lite/share/explore_lite/local_setup.bash
[19.737s] -- Installing: /home/arnavb/erc_ws/src/install/explore_lite/share/explore_lite/local_setup.sh
[19.738s] -- Installing: /home/arnavb/erc_ws/src/install/explore_lite/share/explore_lite/local_setup.zsh
[19.738s] -- Installing: /home/arnavb/erc_ws/src/install/explore_lite/share/explore_lite/local_setup.dsv
[19.738s] -- Installing: /home/arnavb/erc_ws/src/install/explore_lite/share/explore_lite/package.dsv
[19.738s] -- Installing: /home/arnavb/erc_ws/src/install/explore_lite/share/ament_index/resource_index/packages/explore_lite
[19.738s] -- Installing: /home/arnavb/erc_ws/src/install/explore_lite/share/explore_lite/cmake/ament_cmake_export_include_directories-extras.cmake
[19.738s] -- Installing: /home/arnavb/erc_ws/src/install/explore_lite/share/explore_lite/cmake/explore_liteConfig.cmake
[19.738s] -- Installing: /home/arnavb/erc_ws/src/install/explore_lite/share/explore_lite/cmake/explore_liteConfig-version.cmake
[19.739s] -- Installing: /home/arnavb/erc_ws/src/install/explore_lite/share/explore_lite/package.xml
[19.740s] Invoked command in '/home/arnavb/erc_ws/src/build/explore_lite' returned '0': CMAKE_PREFIX_PATH=${CMAKE_PREFIX_PATH}:/home/arnavb/erc_ws/install/week1_tutorials:/home/arnavb/erc_ws/install/stark_os:/home/arnavb/erc_ws/install/mogi_trajectory_server:/opt/ros/jazzy DEBUGINFOD_URLS=https://debuginfod.ubuntu.com /usr/bin/cmake --install /home/arnavb/erc_ws/src/build/explore_lite
