[2.331s] Invoking command in '/home/arnavb/erc_ws/src/erc_ros2_navigation_py': DEBUGINFOD_URLS=https://debuginfod.ubuntu.com PYTHONPATH=/home/arnavb/erc_ws/src/build/erc_ros2_navigation_py/prefix_override:/usr/lib/python3/dist-packages/colcon_core/task/python/colcon_distutils_commands:/home/arnavb/erc_ws/src/install/erc_ros2_navigation_py/lib/python3.12/site-packages:${PYTHONPATH} /usr/bin/python3 -W ignore:setup.py install is deprecated -W ignore:easy_install command is deprecated setup.py egg_info --egg-base ../build/erc_ros2_navigation_py build --build-base /home/arnavb/erc_ws/src/build/erc_ros2_navigation_py/build install --record /home/arnavb/erc_ws/src/build/erc_ros2_navigation_py/install.log --single-version-externally-managed install_data
[2.647s] running egg_info
[2.669s] writing ../build/erc_ros2_navigation_py/erc_ros2_navigation_py.egg-info/PKG-INFO
[2.670s] writing dependency_links to ../build/erc_ros2_navigation_py/erc_ros2_navigation_py.egg-info/dependency_links.txt
[2.670s] writing entry points to ../build/erc_ros2_navigation_py/erc_ros2_navigation_py.egg-info/entry_points.txt
[2.670s] writing requirements to ../build/erc_ros2_navigation_py/erc_ros2_navigation_py.egg-info/requires.txt
[2.670s] writing top-level names to ../build/erc_ros2_navigation_py/erc_ros2_navigation_py.egg-info/top_level.txt
[2.715s] reading manifest file '../build/erc_ros2_navigation_py/erc_ros2_navigation_py.egg-info/SOURCES.txt'
[2.716s] writing manifest file '../build/erc_ros2_navigation_py/erc_ros2_navigation_py.egg-info/SOURCES.txt'
[2.717s] running build
[2.717s] running build_py
[2.717s] running install
[2.724s] running install_lib
[2.747s] running install_data
[2.748s] running install_egg_info
[2.771s] removing '/home/arnavb/erc_ws/src/install/erc_ros2_navigation_py/lib/python3.12/site-packages/erc_ros2_navigation_py-1.0.0-py3.12.egg-info' (and everything under it)
[2.772s] Copying ../build/erc_ros2_navigation_py/erc_ros2_navigation_py.egg-info to /home/arnavb/erc_ws/src/install/erc_ros2_navigation_py/lib/python3.12/site-packages/erc_ros2_navigation_py-1.0.0-py3.12.egg-info
[2.773s] running install_scripts
[2.923s] Installing send_initialpose script to /home/arnavb/erc_ws/src/install/erc_ros2_navigation_py/lib/erc_ros2_navigation_py
[2.924s] Installing slam_toolbox_load_map script to /home/arnavb/erc_ws/src/install/erc_ros2_navigation_py/lib/erc_ros2_navigation_py
[2.924s] writing list of installed files to '/home/arnavb/erc_ws/src/build/erc_ros2_navigation_py/install.log'
[2.971s] Invoked command in '/home/arnavb/erc_ws/src/erc_ros2_navigation_py' returned '0': DEBUGINFOD_URLS=https://debuginfod.ubuntu.com PYTHONPATH=/home/arnavb/erc_ws/src/build/erc_ros2_navigation_py/prefix_override:/usr/lib/python3/dist-packages/colcon_core/task/python/colcon_distutils_commands:/home/arnavb/erc_ws/src/install/erc_ros2_navigation_py/lib/python3.12/site-packages:${PYTHONPATH} /usr/bin/python3 -W ignore:setup.py install is deprecated -W ignore:easy_install command is deprecated setup.py egg_info --egg-base ../build/erc_ros2_navigation_py build --build-base /home/arnavb/erc_ws/src/build/erc_ros2_navigation_py/build install --record /home/arnavb/erc_ws/src/build/erc_ros2_navigation_py/install.log --single-version-externally-managed install_data
