[0.025s] Invoking command in '/home/arnavb/erc_ws/build/erc_gazebo_basics': CMAKE_PREFIX_PATH=${CMAKE_PREFIX_PATH}:/home/arnavb/erc_ws/install/week1_tutorials:/home/arnavb/erc_ws/install/stark_os:/opt/ros/jazzy DEBUGINFOD_URLS=https://debuginfod.ubuntu.com /usr/bin/cmake /home/arnavb/erc_ws/src/erc_gazebo_basics -DCMAKE_INSTALL_PREFIX=/home/arnavb/erc_ws/install/erc_gazebo_basics
[0.303s] -- The C compiler identification is GNU 13.3.0
[0.304s] -- The CXX compiler identification is GNU 13.3.0
[0.318s] -- Detecting C compiler ABI info
[0.444s] -- Detecting C compiler ABI info - done
[0.455s] -- Check for working C compiler: /usr/bin/cc - skipped
[0.456s] -- Detecting C compile features
[0.457s] -- Detecting C compile features - done
[0.470s] -- Detecting CXX compiler ABI info
[0.617s] -- Detecting CXX compiler ABI info - done
[0.633s] -- Check for working CXX compiler: /usr/bin/c++ - skipped
[0.633s] -- Detecting CXX compile features
[0.634s] -- Detecting CXX compile features - done
[0.644s] -- Found ament_cmake: 2.5.4 (/opt/ros/jazzy/share/ament_cmake/cmake)
[0.845s] -- Found Python3: /usr/bin/python3 (found version "3.12.3") found components: Interpreter 
[1.128s] -- Configuring done (1.1s)
[1.130s] -- Generating done (0.0s)
[1.132s] -- Build files have been written to: /home/arnavb/erc_ws/build/erc_gazebo_basics
[1.140s] Invoked command in '/home/arnavb/erc_ws/build/erc_gazebo_basics' returned '0': CMAKE_PREFIX_PATH=${CMAKE_PREFIX_PATH}:/home/arnavb/erc_ws/install/week1_tutorials:/home/arnavb/erc_ws/install/stark_os:/opt/ros/jazzy DEBUGINFOD_URLS=https://debuginfod.ubuntu.com /usr/bin/cmake /home/arnavb/erc_ws/src/erc_gazebo_basics -DCMAKE_INSTALL_PREFIX=/home/arnavb/erc_ws/install/erc_gazebo_basics
[1.141s] Invoking command in '/home/arnavb/erc_ws/build/erc_gazebo_basics': CMAKE_PREFIX_PATH=${CMAKE_PREFIX_PATH}:/home/arnavb/erc_ws/install/week1_tutorials:/home/arnavb/erc_ws/install/stark_os:/opt/ros/jazzy DEBUGINFOD_URLS=https://debuginfod.ubuntu.com /usr/bin/cmake --build /home/arnavb/erc_ws/build/erc_gazebo_basics -- -j20 -l20
[1.193s] Invoked command in '/home/arnavb/erc_ws/build/erc_gazebo_basics' returned '0': CMAKE_PREFIX_PATH=${CMAKE_PREFIX_PATH}:/home/arnavb/erc_ws/install/week1_tutorials:/home/arnavb/erc_ws/install/stark_os:/opt/ros/jazzy DEBUGINFOD_URLS=https://debuginfod.ubuntu.com /usr/bin/cmake --build /home/arnavb/erc_ws/build/erc_gazebo_basics -- -j20 -l20
[1.207s] Invoking command in '/home/arnavb/erc_ws/build/erc_gazebo_basics': CMAKE_PREFIX_PATH=${CMAKE_PREFIX_PATH}:/home/arnavb/erc_ws/install/week1_tutorials:/home/arnavb/erc_ws/install/stark_os:/opt/ros/jazzy DEBUGINFOD_URLS=https://debuginfod.ubuntu.com /usr/bin/cmake --install /home/arnavb/erc_ws/build/erc_gazebo_basics
[1.219s] -- Install configuration: ""
[1.219s] -- Installing: /home/arnavb/erc_ws/install/erc_gazebo_basics/share/erc_gazebo_basics/launch
[1.220s] -- Installing: /home/arnavb/erc_ws/install/erc_gazebo_basics/share/erc_gazebo_basics/launch/check_urdf.launch.py
[1.220s] -- Installing: /home/arnavb/erc_ws/install/erc_gazebo_basics/share/erc_gazebo_basics/launch/world.launch.py
[1.220s] -- Installing: /home/arnavb/erc_ws/install/erc_gazebo_basics/share/erc_gazebo_basics/worlds
[1.220s] -- Installing: /home/arnavb/erc_ws/install/erc_gazebo_basics/share/erc_gazebo_basics/worlds/world.sdf
[1.220s] -- Installing: /home/arnavb/erc_ws/install/erc_gazebo_basics/share/erc_gazebo_basics/worlds/empty.sdf
[1.220s] -- Installing: /home/arnavb/erc_ws/install/erc_gazebo_basics/share/erc_gazebo_basics/rviz
[1.221s] -- Installing: /home/arnavb/erc_ws/install/erc_gazebo_basics/share/erc_gazebo_basics/rviz/urdf.rviz
[1.221s] -- Installing: /home/arnavb/erc_ws/install/erc_gazebo_basics/share/erc_gazebo_basics/rviz/rviz.rviz
[1.221s] -- Installing: /home/arnavb/erc_ws/install/erc_gazebo_basics/share/erc_gazebo_basics/urdf
[1.221s] -- Installing: /home/arnavb/erc_ws/install/erc_gazebo_basics/share/erc_gazebo_basics/urdf/materials.xacro
[1.221s] -- Installing: /home/arnavb/erc_ws/install/erc_gazebo_basics/share/erc_gazebo_basics/urdf/dume_bot.urdf
[1.221s] -- Installing: /home/arnavb/erc_ws/install/erc_gazebo_basics/share/erc_gazebo_basics/meshes
[1.221s] -- Installing: /home/arnavb/erc_ws/install/erc_gazebo_basics/share/erc_gazebo_basics/meshes/IronManWheelLeftFront.dae
[1.222s] -- Installing: /home/arnavb/erc_ws/install/erc_gazebo_basics/share/erc_gazebo_basics/meshes/IronManWheelRightFront.dae
[1.224s] -- Installing: /home/arnavb/erc_ws/install/erc_gazebo_basics/share/erc_gazebo_basics/meshes/wheel.SLDPRT
[1.224s] -- Installing: /home/arnavb/erc_ws/install/erc_gazebo_basics/share/erc_gazebo_basics/meshes/wheel.blend
[1.225s] -- Installing: /home/arnavb/erc_ws/install/erc_gazebo_basics/share/erc_gazebo_basics/meshes/IronMan_ROS_Body.dae
[1.225s] -- Installing: /home/arnavb/erc_ws/install/erc_gazebo_basics/share/erc_gazebo_basics/meshes/wheel.dae
[1.225s] -- Installing: /home/arnavb/erc_ws/install/erc_gazebo_basics/share/erc_gazebo_basics/meshes/wheel.STEP
[1.225s] -- Installing: /home/arnavb/erc_ws/install/erc_gazebo_basics/share/erc_gazebo_basics/meshes/wheel.STL
[1.226s] -- Installing: /home/arnavb/erc_ws/install/erc_gazebo_basics/share/ament_index/resource_index/package_run_dependencies/erc_gazebo_basics
[1.227s] -- Installing: /home/arnavb/erc_ws/install/erc_gazebo_basics/share/ament_index/resource_index/parent_prefix_path/erc_gazebo_basics
[1.227s] -- Installing: /home/arnavb/erc_ws/install/erc_gazebo_basics/share/erc_gazebo_basics/environment/ament_prefix_path.sh
[1.227s] -- Installing: /home/arnavb/erc_ws/install/erc_gazebo_basics/share/erc_gazebo_basics/environment/ament_prefix_path.dsv
[1.227s] -- Installing: /home/arnavb/erc_ws/install/erc_gazebo_basics/share/erc_gazebo_basics/environment/path.sh
[1.227s] -- Installing: /home/arnavb/erc_ws/install/erc_gazebo_basics/share/erc_gazebo_basics/environment/path.dsv
[1.228s] -- Installing: /home/arnavb/erc_ws/install/erc_gazebo_basics/share/erc_gazebo_basics/local_setup.bash
[1.228s] -- Installing: /home/arnavb/erc_ws/install/erc_gazebo_basics/share/erc_gazebo_basics/local_setup.sh
[1.228s] -- Installing: /home/arnavb/erc_ws/install/erc_gazebo_basics/share/erc_gazebo_basics/local_setup.zsh
[1.228s] -- Installing: /home/arnavb/erc_ws/install/erc_gazebo_basics/share/erc_gazebo_basics/local_setup.dsv
[1.228s] -- Installing: /home/arnavb/erc_ws/install/erc_gazebo_basics/share/erc_gazebo_basics/package.dsv
[1.228s] -- Installing: /home/arnavb/erc_ws/install/erc_gazebo_basics/share/ament_index/resource_index/packages/erc_gazebo_basics
[1.229s] -- Installing: /home/arnavb/erc_ws/install/erc_gazebo_basics/share/erc_gazebo_basics/cmake/erc_gazebo_basicsConfig.cmake
[1.229s] -- Installing: /home/arnavb/erc_ws/install/erc_gazebo_basics/share/erc_gazebo_basics/cmake/erc_gazebo_basicsConfig-version.cmake
[1.229s] -- Installing: /home/arnavb/erc_ws/install/erc_gazebo_basics/share/erc_gazebo_basics/package.xml
[1.230s] Invoked command in '/home/arnavb/erc_ws/build/erc_gazebo_basics' returned '0': CMAKE_PREFIX_PATH=${CMAKE_PREFIX_PATH}:/home/arnavb/erc_ws/install/week1_tutorials:/home/arnavb/erc_ws/install/stark_os:/opt/ros/jazzy DEBUGINFOD_URLS=https://debuginfod.ubuntu.com /usr/bin/cmake --install /home/arnavb/erc_ws/build/erc_gazebo_basics
