running egg_info
writing ../../build/stark_os/stark_os.egg-info/PKG-INFO
writing dependency_links to ../../build/stark_os/stark_os.egg-info/dependency_links.txt
writing entry points to ../../build/stark_os/stark_os.egg-info/entry_points.txt
writing requirements to ../../build/stark_os/stark_os.egg-info/requires.txt
writing top-level names to ../../build/stark_os/stark_os.egg-info/top_level.txt
reading manifest file '../../build/stark_os/stark_os.egg-info/SOURCES.txt'
writing manifest file '../../build/stark_os/stark_os.egg-info/SOURCES.txt'
running build
running build_py
running install
running install_lib
running install_data
running install_egg_info
removing '/home/arnavb/erc_ws/install/stark_os/lib/python3.12/site-packages/stark_os-0.0.0-py3.12.egg-info' (and everything under it)
Copying ../../build/stark_os/stark_os.egg-info to /home/arnavb/erc_ws/install/stark_os/lib/python3.12/site-packages/stark_os-0.0.0-py3.12.egg-info
running install_scripts
Installing publisher1 script to /home/arnavb/erc_ws/install/stark_os/lib/stark_os
Installing publisher2 script to /home/arnavb/erc_ws/install/stark_os/lib/stark_os
Installing subscriber script to /home/arnavb/erc_ws/install/stark_os/lib/stark_os
writing list of installed files to '/home/arnavb/erc_ws/build/stark_os/install.log'
