[2.300s] Invoking command in '/home/arnavb/erc_ws/build/erc_ros2_navigation': CMAKE_PREFIX_PATH=${CMAKE_PREFIX_PATH}:/home/arnavb/erc_ws/src/week3/install/erc_trajectory_server:/home/arnavb/erc_ws/src/week3/install/erc_ros2_simple_arm_py:/home/arnavb/erc_ws/src/week3/install/erc_ros2_navigation_py:/home/arnavb/erc_ws/src/week3/install/erc_gazebo_sensors_py:/home/arnavb/erc_ws/install/week1_tutorials:/home/arnavb/erc_ws/install/stark_os:/home/arnavb/erc_ws/install/mogi_trajectory_server:/opt/ros/jazzy DEBUGINFOD_URLS=https://debuginfod.ubuntu.com /usr/bin/cmake /home/arnavb/erc_ws/src/week3/erc_ros2_navigation -DCMAKE_INSTALL_PREFIX=/home/arnavb/erc_ws/install/erc_ros2_navigation
[5.982s] -- The C compiler identification is GNU 13.3.0
[5.984s] -- The CXX compiler identification is GNU 13.3.0
[5.984s] -- Detecting C compiler ABI info
[5.984s] -- Detecting C compiler ABI info - done
[5.985s] -- Check for working C compiler: /usr/bin/cc - skipped
[5.985s] -- Detecting C compile features
[5.985s] -- Detecting C compile features - done
[5.985s] -- Detecting CXX compiler ABI info
[5.986s] -- Detecting CXX compiler ABI info - done
[5.986s] -- Check for working CXX compiler: /usr/bin/c++ - skipped
[5.986s] -- Detecting CXX compile features
[5.986s] -- Detecting CXX compile features - done
[5.987s] -- Found ament_cmake: 2.5.4 (/opt/ros/jazzy/share/ament_cmake/cmake)
[5.987s] -- Found Python3: /usr/bin/python3 (found version "3.12.3") found components: Interpreter 
[5.987s] -- Found ament_lint_auto: 0.17.3 (/opt/ros/jazzy/share/ament_lint_auto/cmake)
[5.987s] -- Added test 'flake8' to check Python code syntax and style conventions
[5.988s] -- Configured 'flake8' exclude dirs and/or files: 
[5.988s] -- Added test 'lint_cmake' to check CMake code style
[5.988s] -- Added test 'pep257' to check Python code against some of the docstring style conventions in PEP 257
[5.988s] -- Added test 'xmllint' to check XML markup files
[5.989s] -- Configuring done (2.8s)
[5.989s] -- Generating done (0.0s)
[5.990s] -- Build files have been written to: /home/arnavb/erc_ws/build/erc_ros2_navigation
[6.044s] Invoked command in '/home/arnavb/erc_ws/build/erc_ros2_navigation' returned '0': CMAKE_PREFIX_PATH=${CMAKE_PREFIX_PATH}:/home/arnavb/erc_ws/src/week3/install/erc_trajectory_server:/home/arnavb/erc_ws/src/week3/install/erc_ros2_simple_arm_py:/home/arnavb/erc_ws/src/week3/install/erc_ros2_navigation_py:/home/arnavb/erc_ws/src/week3/install/erc_gazebo_sensors_py:/home/arnavb/erc_ws/install/week1_tutorials:/home/arnavb/erc_ws/install/stark_os:/home/arnavb/erc_ws/install/mogi_trajectory_server:/opt/ros/jazzy DEBUGINFOD_URLS=https://debuginfod.ubuntu.com /usr/bin/cmake /home/arnavb/erc_ws/src/week3/erc_ros2_navigation -DCMAKE_INSTALL_PREFIX=/home/arnavb/erc_ws/install/erc_ros2_navigation
[6.049s] Invoking command in '/home/arnavb/erc_ws/build/erc_ros2_navigation': CMAKE_PREFIX_PATH=${CMAKE_PREFIX_PATH}:/home/arnavb/erc_ws/src/week3/install/erc_trajectory_server:/home/arnavb/erc_ws/src/week3/install/erc_ros2_simple_arm_py:/home/arnavb/erc_ws/src/week3/install/erc_ros2_navigation_py:/home/arnavb/erc_ws/src/week3/install/erc_gazebo_sensors_py:/home/arnavb/erc_ws/install/week1_tutorials:/home/arnavb/erc_ws/install/stark_os:/home/arnavb/erc_ws/install/mogi_trajectory_server:/opt/ros/jazzy DEBUGINFOD_URLS=https://debuginfod.ubuntu.com /usr/bin/cmake --build /home/arnavb/erc_ws/build/erc_ros2_navigation -- -j20 -l20
[6.181s] Invoked command in '/home/arnavb/erc_ws/build/erc_ros2_navigation' returned '0': CMAKE_PREFIX_PATH=${CMAKE_PREFIX_PATH}:/home/arnavb/erc_ws/src/week3/install/erc_trajectory_server:/home/arnavb/erc_ws/src/week3/install/erc_ros2_simple_arm_py:/home/arnavb/erc_ws/src/week3/install/erc_ros2_navigation_py:/home/arnavb/erc_ws/src/week3/install/erc_gazebo_sensors_py:/home/arnavb/erc_ws/install/week1_tutorials:/home/arnavb/erc_ws/install/stark_os:/home/arnavb/erc_ws/install/mogi_trajectory_server:/opt/ros/jazzy DEBUGINFOD_URLS=https://debuginfod.ubuntu.com /usr/bin/cmake --build /home/arnavb/erc_ws/build/erc_ros2_navigation -- -j20 -l20
[6.185s] Invoking command in '/home/arnavb/erc_ws/build/erc_ros2_navigation': CMAKE_PREFIX_PATH=${CMAKE_PREFIX_PATH}:/home/arnavb/erc_ws/src/week3/install/erc_trajectory_server:/home/arnavb/erc_ws/src/week3/install/erc_ros2_simple_arm_py:/home/arnavb/erc_ws/src/week3/install/erc_ros2_navigation_py:/home/arnavb/erc_ws/src/week3/install/erc_gazebo_sensors_py:/home/arnavb/erc_ws/install/week1_tutorials:/home/arnavb/erc_ws/install/stark_os:/home/arnavb/erc_ws/install/mogi_trajectory_server:/opt/ros/jazzy DEBUGINFOD_URLS=https://debuginfod.ubuntu.com /usr/bin/cmake --install /home/arnavb/erc_ws/build/erc_ros2_navigation
[6.206s] -- Install configuration: ""
[6.206s] -- Installing: /home/arnavb/erc_ws/install/erc_ros2_navigation/share/erc_ros2_navigation/launch
[6.207s] -- Installing: /home/arnavb/erc_ws/install/erc_ros2_navigation/share/erc_ros2_navigation/launch/check_urdf.launch.py
[6.207s] -- Installing: /home/arnavb/erc_ws/install/erc_ros2_navigation/share/erc_ros2_navigation/launch/world.launch.py
[6.208s] -- Installing: /home/arnavb/erc_ws/install/erc_ros2_navigation/share/erc_ros2_navigation/launch/spawn_robot.launch.py
[6.209s] -- Installing: /home/arnavb/erc_ws/install/erc_ros2_navigation/share/erc_ros2_navigation/launch/.vscode
[6.209s] -- Installing: /home/arnavb/erc_ws/install/erc_ros2_navigation/share/erc_ros2_navigation/launch/.vscode/settings.json
[6.209s] -- Installing: /home/arnavb/erc_ws/install/erc_ros2_navigation/share/erc_ros2_navigation/launch/navigation.launch.py
[6.210s] -- Installing: /home/arnavb/erc_ws/install/erc_ros2_navigation/share/erc_ros2_navigation/launch/localization.launch.py
[6.211s] -- Installing: /home/arnavb/erc_ws/install/erc_ros2_navigation/share/erc_ros2_navigation/launch/mapping.launch.py
[6.211s] -- Installing: /home/arnavb/erc_ws/install/erc_ros2_navigation/share/erc_ros2_navigation/launch/localization_slam_toolbox.launch.py
[6.211s] -- Installing: /home/arnavb/erc_ws/install/erc_ros2_navigation/share/erc_ros2_navigation/launch/navigation_with_slam.launch.py
[6.212s] -- Installing: /home/arnavb/erc_ws/install/erc_ros2_navigation/share/erc_ros2_navigation/worlds
[6.212s] -- Installing: /home/arnavb/erc_ws/install/erc_ros2_navigation/share/erc_ros2_navigation/worlds/empty.sdf
[6.212s] -- Installing: /home/arnavb/erc_ws/install/erc_ros2_navigation/share/erc_ros2_navigation/worlds/home.sdf
[6.213s] -- Installing: /home/arnavb/erc_ws/install/erc_ros2_navigation/share/erc_ros2_navigation/rviz
[6.213s] -- Installing: /home/arnavb/erc_ws/install/erc_ros2_navigation/share/erc_ros2_navigation/rviz/navigation.rviz
[6.214s] -- Installing: /home/arnavb/erc_ws/install/erc_ros2_navigation/share/erc_ros2_navigation/rviz/urdf.rviz
[6.214s] -- Installing: /home/arnavb/erc_ws/install/erc_ros2_navigation/share/erc_ros2_navigation/rviz/localization.rviz
[6.215s] -- Installing: /home/arnavb/erc_ws/install/erc_ros2_navigation/share/erc_ros2_navigation/rviz/rviz.rviz
[6.216s] -- Installing: /home/arnavb/erc_ws/install/erc_ros2_navigation/share/erc_ros2_navigation/rviz/mapping.rviz
[6.216s] -- Installing: /home/arnavb/erc_ws/install/erc_ros2_navigation/share/erc_ros2_navigation/urdf
[6.217s] -- Installing: /home/arnavb/erc_ws/install/erc_ros2_navigation/share/erc_ros2_navigation/urdf/mogi_arm.gazebo
[6.220s] -- Installing: /home/arnavb/erc_ws/install/erc_ros2_navigation/share/erc_ros2_navigation/urdf/erc_bot.gazebo
[6.220s] -- Installing: /home/arnavb/erc_ws/install/erc_ros2_navigation/share/erc_ros2_navigation/urdf/materials.xacro
[6.222s] -- Installing: /home/arnavb/erc_ws/install/erc_ros2_navigation/share/erc_ros2_navigation/urdf/erc_bot.urdf
[6.222s] -- Installing: /home/arnavb/erc_ws/install/erc_ros2_navigation/share/erc_ros2_navigation/meshes
[6.222s] -- Installing: /home/arnavb/erc_ws/install/erc_ros2_navigation/share/erc_ros2_navigation/meshes/upper_arm.STEP
[6.224s] -- Installing: /home/arnavb/erc_ws/install/erc_ros2_navigation/share/erc_ros2_navigation/meshes/forearm.SLDPRT
[6.226s] -- Installing: /home/arnavb/erc_ws/install/erc_ros2_navigation/share/erc_ros2_navigation/meshes/IronManWheelLeftFront.dae
[6.235s] -- Installing: /home/arnavb/erc_ws/install/erc_ros2_navigation/share/erc_ros2_navigation/meshes/shoulder.STEP
[6.235s] -- Installing: /home/arnavb/erc_ws/install/erc_ros2_navigation/share/erc_ros2_navigation/meshes/lidar.dae
[6.236s] -- Installing: /home/arnavb/erc_ws/install/erc_ros2_navigation/share/erc_ros2_navigation/meshes/upper_arm.dae
[6.236s] -- Installing: /home/arnavb/erc_ws/install/erc_ros2_navigation/share/erc_ros2_navigation/meshes/forearm.STEP
[6.236s] -- Installing: /home/arnavb/erc_ws/install/erc_ros2_navigation/share/erc_ros2_navigation/meshes/shoulder.dae
[6.236s] -- Installing: /home/arnavb/erc_ws/install/erc_ros2_navigation/share/erc_ros2_navigation/meshes/shoulder.SLDPRT
[6.236s] -- Installing: /home/arnavb/erc_ws/install/erc_ros2_navigation/share/erc_ros2_navigation/meshes/forearm.blend
[6.239s] -- Installing: /home/arnavb/erc_ws/install/erc_ros2_navigation/share/erc_ros2_navigation/meshes/IronManWheelRightFront.dae
[6.245s] -- Installing: /home/arnavb/erc_ws/install/erc_ros2_navigation/share/erc_ros2_navigation/meshes/upper_arm.STL
[6.246s] -- Installing: /home/arnavb/erc_ws/install/erc_ros2_navigation/share/erc_ros2_navigation/meshes/forearm.dae
[6.247s] -- Installing: /home/arnavb/erc_ws/install/erc_ros2_navigation/share/erc_ros2_navigation/meshes/shoulder.blend
[6.250s] -- Installing: /home/arnavb/erc_ws/install/erc_ros2_navigation/share/erc_ros2_navigation/meshes/wrist.dae
[6.257s] -- Installing: /home/arnavb/erc_ws/install/erc_ros2_navigation/share/erc_ros2_navigation/meshes/shoulder.STL
[6.262s] -- Installing: /home/arnavb/erc_ws/install/erc_ros2_navigation/share/erc_ros2_navigation/meshes/wrist.STL
[6.262s] -- Installing: /home/arnavb/erc_ws/install/erc_ros2_navigation/share/erc_ros2_navigation/meshes/upper_arm.SLDPRT
[6.263s] -- Installing: /home/arnavb/erc_ws/install/erc_ros2_navigation/share/erc_ros2_navigation/meshes/upper_arm.blend
[6.265s] -- Installing: /home/arnavb/erc_ws/install/erc_ros2_navigation/share/erc_ros2_navigation/meshes/IronMan_ROS_Body.dae
[6.268s] -- Installing: /home/arnavb/erc_ws/install/erc_ros2_navigation/share/erc_ros2_navigation/meshes/wrist.STEP
[6.268s] -- Installing: /home/arnavb/erc_ws/install/erc_ros2_navigation/share/erc_ros2_navigation/meshes/wrist.blend
[6.268s] -- Installing: /home/arnavb/erc_ws/install/erc_ros2_navigation/share/erc_ros2_navigation/meshes/forearm.STL
[6.269s] -- Installing: /home/arnavb/erc_ws/install/erc_ros2_navigation/share/erc_ros2_navigation/meshes/wrist.SLDPRT
[6.269s] -- Installing: /home/arnavb/erc_ws/install/erc_ros2_navigation/share/erc_ros2_navigation/config
[6.269s] -- Installing: /home/arnavb/erc_ws/install/erc_ros2_navigation/share/erc_ros2_navigation/config/waypoints.yaml
[6.269s] -- Installing: /home/arnavb/erc_ws/install/erc_ros2_navigation/share/erc_ros2_navigation/config/ekf.yaml
[6.270s] -- Installing: /home/arnavb/erc_ws/install/erc_ros2_navigation/share/erc_ros2_navigation/config/slam_toolbox_mapping.yaml
[6.271s] -- Installing: /home/arnavb/erc_ws/install/erc_ros2_navigation/share/erc_ros2_navigation/config/navigation.yaml
[6.271s] -- Installing: /home/arnavb/erc_ws/install/erc_ros2_navigation/share/erc_ros2_navigation/config/slam_toolbox_localization.yaml
[6.271s] -- Installing: /home/arnavb/erc_ws/install/erc_ros2_navigation/share/erc_ros2_navigation/config/amcl_localization.yaml
[6.271s] -- Installing: /home/arnavb/erc_ws/install/erc_ros2_navigation/share/erc_ros2_navigation/config/gz_bridge.yaml
[6.271s] -- Installing: /home/arnavb/erc_ws/install/erc_ros2_navigation/share/erc_ros2_navigation/maps
[6.271s] -- Installing: /home/arnavb/erc_ws/install/erc_ros2_navigation/share/erc_ros2_navigation/maps/serialized.posegraph
[6.287s] -- Installing: /home/arnavb/erc_ws/install/erc_ros2_navigation/share/erc_ros2_navigation/maps/my_map.pgm
[6.287s] -- Installing: /home/arnavb/erc_ws/install/erc_ros2_navigation/share/erc_ros2_navigation/maps/serialized.data
[6.288s] -- Installing: /home/arnavb/erc_ws/install/erc_ros2_navigation/share/erc_ros2_navigation/maps/my_map.yaml
[6.292s] -- Installing: /home/arnavb/erc_ws/install/erc_ros2_navigation/share/ament_index/resource_index/package_run_dependencies/erc_ros2_navigation
[6.292s] -- Installing: /home/arnavb/erc_ws/install/erc_ros2_navigation/share/ament_index/resource_index/parent_prefix_path/erc_ros2_navigation
[6.293s] -- Installing: /home/arnavb/erc_ws/install/erc_ros2_navigation/share/erc_ros2_navigation/environment/ament_prefix_path.sh
[6.293s] -- Installing: /home/arnavb/erc_ws/install/erc_ros2_navigation/share/erc_ros2_navigation/environment/ament_prefix_path.dsv
[6.293s] -- Installing: /home/arnavb/erc_ws/install/erc_ros2_navigation/share/erc_ros2_navigation/environment/path.sh
[6.293s] -- Installing: /home/arnavb/erc_ws/install/erc_ros2_navigation/share/erc_ros2_navigation/environment/path.dsv
[6.293s] -- Installing: /home/arnavb/erc_ws/install/erc_ros2_navigation/share/erc_ros2_navigation/local_setup.bash
[6.293s] -- Installing: /home/arnavb/erc_ws/install/erc_ros2_navigation/share/erc_ros2_navigation/local_setup.sh
[6.293s] -- Installing: /home/arnavb/erc_ws/install/erc_ros2_navigation/share/erc_ros2_navigation/local_setup.zsh
[6.293s] -- Installing: /home/arnavb/erc_ws/install/erc_ros2_navigation/share/erc_ros2_navigation/local_setup.dsv
[6.294s] -- Installing: /home/arnavb/erc_ws/install/erc_ros2_navigation/share/erc_ros2_navigation/package.dsv
[6.294s] -- Installing: /home/arnavb/erc_ws/install/erc_ros2_navigation/share/ament_index/resource_index/packages/erc_ros2_navigation
[6.294s] -- Installing: /home/arnavb/erc_ws/install/erc_ros2_navigation/share/erc_ros2_navigation/cmake/erc_ros2_navigationConfig.cmake
[6.294s] -- Installing: /home/arnavb/erc_ws/install/erc_ros2_navigation/share/erc_ros2_navigation/cmake/erc_ros2_navigationConfig-version.cmake
[6.294s] -- Installing: /home/arnavb/erc_ws/install/erc_ros2_navigation/share/erc_ros2_navigation/package.xml
[6.307s] Invoked command in '/home/arnavb/erc_ws/build/erc_ros2_navigation' returned '0': CMAKE_PREFIX_PATH=${CMAKE_PREFIX_PATH}:/home/arnavb/erc_ws/src/week3/install/erc_trajectory_server:/home/arnavb/erc_ws/src/week3/install/erc_ros2_simple_arm_py:/home/arnavb/erc_ws/src/week3/install/erc_ros2_navigation_py:/home/arnavb/erc_ws/src/week3/install/erc_gazebo_sensors_py:/home/arnavb/erc_ws/install/week1_tutorials:/home/arnavb/erc_ws/install/stark_os:/home/arnavb/erc_ws/install/mogi_trajectory_server:/opt/ros/jazzy DEBUGINFOD_URLS=https://debuginfod.ubuntu.com /usr/bin/cmake --install /home/arnavb/erc_ws/build/erc_ros2_navigation
