[1.078s] Invoking command in '/home/arnavb/erc_ws/src/week3/erc_ros2_simple_arm_py': DEBUGINFOD_URLS=https://debuginfod.ubuntu.com PYTHONPATH=/home/arnavb/erc_ws/src/week3/build/erc_ros2_simple_arm_py/prefix_override:/usr/lib/python3/dist-packages/colcon_core/task/python/colcon_distutils_commands:/home/arnavb/erc_ws/src/week3/install/erc_ros2_simple_arm_py/lib/python3.12/site-packages:${PYTHONPATH} /usr/bin/python3 -W ignore:setup.py install is deprecated -W ignore:easy_install command is deprecated setup.py egg_info --egg-base ../build/erc_ros2_simple_arm_py build --build-base /home/arnavb/erc_ws/src/week3/build/erc_ros2_simple_arm_py/build install --record /home/arnavb/erc_ws/src/week3/build/erc_ros2_simple_arm_py/install.log --single-version-externally-managed install_data
[1.269s] running egg_info
[1.283s] writing ../build/erc_ros2_simple_arm_py/erc_ros2_simple_arm_py.egg-info/PKG-INFO
[1.283s] writing dependency_links to ../build/erc_ros2_simple_arm_py/erc_ros2_simple_arm_py.egg-info/dependency_links.txt
[1.283s] writing entry points to ../build/erc_ros2_simple_arm_py/erc_ros2_simple_arm_py.egg-info/entry_points.txt
[1.283s] writing requirements to ../build/erc_ros2_simple_arm_py/erc_ros2_simple_arm_py.egg-info/requires.txt
[1.283s] writing top-level names to ../build/erc_ros2_simple_arm_py/erc_ros2_simple_arm_py.egg-info/top_level.txt
[1.310s] reading manifest file '../build/erc_ros2_simple_arm_py/erc_ros2_simple_arm_py.egg-info/SOURCES.txt'
[1.311s] writing manifest file '../build/erc_ros2_simple_arm_py/erc_ros2_simple_arm_py.egg-info/SOURCES.txt'
[1.311s] running build
[1.311s] running build_py
[1.311s] copying erc_ros2_simple_arm_py/integrated_pickup.py -> /home/arnavb/erc_ws/src/week3/build/erc_ros2_simple_arm_py/build/lib/erc_ros2_simple_arm_py
[1.311s] running install
[1.316s] running install_lib
[1.329s] copying /home/arnavb/erc_ws/src/week3/build/erc_ros2_simple_arm_py/build/lib/erc_ros2_simple_arm_py/integrated_pickup.py -> /home/arnavb/erc_ws/src/week3/install/erc_ros2_simple_arm_py/lib/python3.12/site-packages/erc_ros2_simple_arm_py
[1.329s] byte-compiling /home/arnavb/erc_ws/src/week3/install/erc_ros2_simple_arm_py/lib/python3.12/site-packages/erc_ros2_simple_arm_py/integrated_pickup.py to integrated_pickup.cpython-312.pyc
[1.331s] running install_data
[1.332s] running install_egg_info
[1.346s] removing '/home/arnavb/erc_ws/src/week3/install/erc_ros2_simple_arm_py/lib/python3.12/site-packages/erc_ros2_simple_arm_py-0.0.0-py3.12.egg-info' (and everything under it)
[1.346s] Copying ../build/erc_ros2_simple_arm_py/erc_ros2_simple_arm_py.egg-info to /home/arnavb/erc_ws/src/week3/install/erc_ros2_simple_arm_py/lib/python3.12/site-packages/erc_ros2_simple_arm_py-0.0.0-py3.12.egg-info
[1.346s] running install_scripts
[1.438s] Installing integrated_pickup script to /home/arnavb/erc_ws/src/week3/install/erc_ros2_simple_arm_py/lib/erc_ros2_simple_arm_py
[1.438s] Installing inverse_kinematics script to /home/arnavb/erc_ws/src/week3/install/erc_ros2_simple_arm_py/lib/erc_ros2_simple_arm_py
[1.438s] Installing send_joint_angles script to /home/arnavb/erc_ws/src/week3/install/erc_ros2_simple_arm_py/lib/erc_ros2_simple_arm_py
[1.438s] writing list of installed files to '/home/arnavb/erc_ws/src/week3/build/erc_ros2_simple_arm_py/install.log'
[1.461s] Invoked command in '/home/arnavb/erc_ws/src/week3/erc_ros2_simple_arm_py' returned '0': DEBUGINFOD_URLS=https://debuginfod.ubuntu.com PYTHONPATH=/home/arnavb/erc_ws/src/week3/build/erc_ros2_simple_arm_py/prefix_override:/usr/lib/python3/dist-packages/colcon_core/task/python/colcon_distutils_commands:/home/arnavb/erc_ws/src/week3/install/erc_ros2_simple_arm_py/lib/python3.12/site-packages:${PYTHONPATH} /usr/bin/python3 -W ignore:setup.py install is deprecated -W ignore:easy_install command is deprecated setup.py egg_info --egg-base ../build/erc_ros2_simple_arm_py build --build-base /home/arnavb/erc_ws/src/week3/build/erc_ros2_simple_arm_py/build install --record /home/arnavb/erc_ws/src/week3/build/erc_ros2_simple_arm_py/install.log --single-version-externally-managed install_data
