[5.036s] Invoking command in '/home/arnavb/erc_ws/src/assgn': DEBUGINFOD_URLS=https://debuginfod.ubuntu.com PYTHONPATH=/home/arnavb/erc_ws/src/build/assgn/prefix_override:/usr/lib/python3/dist-packages/colcon_core/task/python/colcon_distutils_commands:/home/arnavb/erc_ws/src/install/assgn/lib/python3.12/site-packages:${PYTHONPATH} /usr/bin/python3 -W ignore:setup.py install is deprecated -W ignore:easy_install command is deprecated setup.py egg_info --egg-base ../build/assgn build --build-base /home/arnavb/erc_ws/src/build/assgn/build install --record /home/arnavb/erc_ws/src/build/assgn/install.log --single-version-externally-managed install_data
[5.665s] running egg_info
[5.690s] writing ../build/assgn/assgn.egg-info/PKG-INFO
[5.690s] writing dependency_links to ../build/assgn/assgn.egg-info/dependency_links.txt
[5.691s] writing entry points to ../build/assgn/assgn.egg-info/entry_points.txt
[5.691s] writing requirements to ../build/assgn/assgn.egg-info/requires.txt
[5.691s] writing top-level names to ../build/assgn/assgn.egg-info/top_level.txt
[5.743s] reading manifest file '../build/assgn/assgn.egg-info/SOURCES.txt'
[5.744s] writing manifest file '../build/assgn/assgn.egg-info/SOURCES.txt'
[5.744s] running build
[5.744s] running build_py
[5.744s] running install
[5.753s] running install_lib
[5.780s] running install_data
[5.780s] running install_egg_info
[5.809s] removing '/home/arnavb/erc_ws/src/install/assgn/lib/python3.12/site-packages/assgn-0.0.0-py3.12.egg-info' (and everything under it)
[5.809s] Copying ../build/assgn/assgn.egg-info to /home/arnavb/erc_ws/src/install/assgn/lib/python3.12/site-packages/assgn-0.0.0-py3.12.egg-info
[5.810s] running install_scripts
[6.014s] Installing node script to /home/arnavb/erc_ws/src/install/assgn/lib/assgn
[6.015s] writing list of installed files to '/home/arnavb/erc_ws/src/build/assgn/install.log'
[6.132s] Invoked command in '/home/arnavb/erc_ws/src/assgn' returned '0': DEBUGINFOD_URLS=https://debuginfod.ubuntu.com PYTHONPATH=/home/arnavb/erc_ws/src/build/assgn/prefix_override:/usr/lib/python3/dist-packages/colcon_core/task/python/colcon_distutils_commands:/home/arnavb/erc_ws/src/install/assgn/lib/python3.12/site-packages:${PYTHONPATH} /usr/bin/python3 -W ignore:setup.py install is deprecated -W ignore:easy_install command is deprecated setup.py egg_info --egg-base ../build/assgn build --build-base /home/arnavb/erc_ws/src/build/assgn/build install --record /home/arnavb/erc_ws/src/build/assgn/install.log --single-version-externally-managed install_data
