[0.030s] Invoking command in '/home/arnavb/erc_ws/src/week3/build/erc_ros2_navigation': CMAKE_PREFIX_PATH=${CMAKE_PREFIX_PATH}:/home/arnavb/erc_ws/install/week1_tutorials:/home/arnavb/erc_ws/install/stark_os:/home/arnavb/erc_ws/install/mogi_trajectory_server:/opt/ros/jazzy DEBUGINFOD_URLS=https://debuginfod.ubuntu.com /usr/bin/cmake /home/arnavb/erc_ws/src/week3/erc_ros2_navigation -DCMAKE_INSTALL_PREFIX=/home/arnavb/erc_ws/src/week3/install/erc_ros2_navigation
[0.319s] -- The C compiler identification is GNU 13.3.0
[0.319s] -- The CXX compiler identification is GNU 13.3.0
[0.328s] -- Detecting C compiler ABI info
[0.471s] -- Detecting C compiler ABI info - done
[0.482s] -- Check for working C compiler: /usr/bin/cc - skipped
[0.482s] -- Detecting C compile features
[0.483s] -- Detecting C compile features - done
[0.497s] -- Detecting CXX compiler ABI info
[0.633s] -- Detecting CXX compiler ABI info - done
[0.651s] -- Check for working CXX compiler: /usr/bin/c++ - skipped
[0.652s] -- Detecting CXX compile features
[0.652s] -- Detecting CXX compile features - done
[0.663s] -- Found ament_cmake: 2.5.4 (/opt/ros/jazzy/share/ament_cmake/cmake)
[0.885s] -- Found Python3: /usr/bin/python3 (found version "3.12.3") found components: Interpreter 
[1.063s] -- Found ament_lint_auto: 0.17.3 (/opt/ros/jazzy/share/ament_lint_auto/cmake)
[1.219s] -- Added test 'flake8' to check Python code syntax and style conventions
[1.219s] -- Configured 'flake8' exclude dirs and/or files: 
[1.220s] -- Added test 'lint_cmake' to check CMake code style
[1.221s] -- Added test 'pep257' to check Python code against some of the docstring style conventions in PEP 257
[1.224s] -- Added test 'xmllint' to check XML markup files
[1.227s] -- Configuring done (1.2s)
[1.230s] -- Generating done (0.0s)
[1.231s] -- Build files have been written to: /home/arnavb/erc_ws/src/week3/build/erc_ros2_navigation
[1.238s] Invoked command in '/home/arnavb/erc_ws/src/week3/build/erc_ros2_navigation' returned '0': CMAKE_PREFIX_PATH=${CMAKE_PREFIX_PATH}:/home/arnavb/erc_ws/install/week1_tutorials:/home/arnavb/erc_ws/install/stark_os:/home/arnavb/erc_ws/install/mogi_trajectory_server:/opt/ros/jazzy DEBUGINFOD_URLS=https://debuginfod.ubuntu.com /usr/bin/cmake /home/arnavb/erc_ws/src/week3/erc_ros2_navigation -DCMAKE_INSTALL_PREFIX=/home/arnavb/erc_ws/src/week3/install/erc_ros2_navigation
[1.241s] Invoking command in '/home/arnavb/erc_ws/src/week3/build/erc_ros2_navigation': CMAKE_PREFIX_PATH=${CMAKE_PREFIX_PATH}:/home/arnavb/erc_ws/install/week1_tutorials:/home/arnavb/erc_ws/install/stark_os:/home/arnavb/erc_ws/install/mogi_trajectory_server:/opt/ros/jazzy DEBUGINFOD_URLS=https://debuginfod.ubuntu.com /usr/bin/cmake --build /home/arnavb/erc_ws/src/week3/build/erc_ros2_navigation -- -j20 -l20
[1.301s] Invoked command in '/home/arnavb/erc_ws/src/week3/build/erc_ros2_navigation' returned '0': CMAKE_PREFIX_PATH=${CMAKE_PREFIX_PATH}:/home/arnavb/erc_ws/install/week1_tutorials:/home/arnavb/erc_ws/install/stark_os:/home/arnavb/erc_ws/install/mogi_trajectory_server:/opt/ros/jazzy DEBUGINFOD_URLS=https://debuginfod.ubuntu.com /usr/bin/cmake --build /home/arnavb/erc_ws/src/week3/build/erc_ros2_navigation -- -j20 -l20
[1.317s] Invoking command in '/home/arnavb/erc_ws/src/week3/build/erc_ros2_navigation': CMAKE_PREFIX_PATH=${CMAKE_PREFIX_PATH}:/home/arnavb/erc_ws/install/week1_tutorials:/home/arnavb/erc_ws/install/stark_os:/home/arnavb/erc_ws/install/mogi_trajectory_server:/opt/ros/jazzy DEBUGINFOD_URLS=https://debuginfod.ubuntu.com /usr/bin/cmake --install /home/arnavb/erc_ws/src/week3/build/erc_ros2_navigation
[1.327s] -- Install configuration: ""
[1.327s] -- Installing: /home/arnavb/erc_ws/src/week3/install/erc_ros2_navigation/share/erc_ros2_navigation/launch
[1.327s] -- Installing: /home/arnavb/erc_ws/src/week3/install/erc_ros2_navigation/share/erc_ros2_navigation/launch/check_urdf.launch.py
[1.328s] -- Installing: /home/arnavb/erc_ws/src/week3/install/erc_ros2_navigation/share/erc_ros2_navigation/launch/world.launch.py
[1.328s] -- Installing: /home/arnavb/erc_ws/src/week3/install/erc_ros2_navigation/share/erc_ros2_navigation/launch/spawn_robot.launch.py
[1.328s] -- Installing: /home/arnavb/erc_ws/src/week3/install/erc_ros2_navigation/share/erc_ros2_navigation/launch/.vscode
[1.328s] -- Installing: /home/arnavb/erc_ws/src/week3/install/erc_ros2_navigation/share/erc_ros2_navigation/launch/.vscode/settings.json
[1.328s] -- Installing: /home/arnavb/erc_ws/src/week3/install/erc_ros2_navigation/share/erc_ros2_navigation/launch/navigation.launch.py
[1.328s] -- Installing: /home/arnavb/erc_ws/src/week3/install/erc_ros2_navigation/share/erc_ros2_navigation/launch/localization.launch.py
[1.329s] -- Installing: /home/arnavb/erc_ws/src/week3/install/erc_ros2_navigation/share/erc_ros2_navigation/launch/mapping.launch.py
[1.329s] -- Installing: /home/arnavb/erc_ws/src/week3/install/erc_ros2_navigation/share/erc_ros2_navigation/launch/localization_slam_toolbox.launch.py
[1.329s] -- Installing: /home/arnavb/erc_ws/src/week3/install/erc_ros2_navigation/share/erc_ros2_navigation/launch/navigation_with_slam.launch.py
[1.329s] -- Installing: /home/arnavb/erc_ws/src/week3/install/erc_ros2_navigation/share/erc_ros2_navigation/worlds
[1.329s] -- Installing: /home/arnavb/erc_ws/src/week3/install/erc_ros2_navigation/share/erc_ros2_navigation/worlds/empty.sdf
[1.329s] -- Installing: /home/arnavb/erc_ws/src/week3/install/erc_ros2_navigation/share/erc_ros2_navigation/worlds/home.sdf
[1.330s] -- Installing: /home/arnavb/erc_ws/src/week3/install/erc_ros2_navigation/share/erc_ros2_navigation/rviz
[1.330s] -- Installing: /home/arnavb/erc_ws/src/week3/install/erc_ros2_navigation/share/erc_ros2_navigation/rviz/navigation.rviz
[1.330s] -- Installing: /home/arnavb/erc_ws/src/week3/install/erc_ros2_navigation/share/erc_ros2_navigation/rviz/urdf.rviz
[1.330s] -- Installing: /home/arnavb/erc_ws/src/week3/install/erc_ros2_navigation/share/erc_ros2_navigation/rviz/localization.rviz
[1.331s] -- Installing: /home/arnavb/erc_ws/src/week3/install/erc_ros2_navigation/share/erc_ros2_navigation/rviz/rviz.rviz
[1.331s] -- Installing: /home/arnavb/erc_ws/src/week3/install/erc_ros2_navigation/share/erc_ros2_navigation/rviz/mapping.rviz
[1.331s] -- Installing: /home/arnavb/erc_ws/src/week3/install/erc_ros2_navigation/share/erc_ros2_navigation/urdf
[1.331s] -- Installing: /home/arnavb/erc_ws/src/week3/install/erc_ros2_navigation/share/erc_ros2_navigation/urdf/erc_bot.gazebo
[1.331s] -- Installing: /home/arnavb/erc_ws/src/week3/install/erc_ros2_navigation/share/erc_ros2_navigation/urdf/materials.xacro
[1.331s] -- Installing: /home/arnavb/erc_ws/src/week3/install/erc_ros2_navigation/share/erc_ros2_navigation/urdf/erc_bot.urdf
[1.331s] -- Installing: /home/arnavb/erc_ws/src/week3/install/erc_ros2_navigation/share/erc_ros2_navigation/meshes
[1.331s] -- Installing: /home/arnavb/erc_ws/src/week3/install/erc_ros2_navigation/share/erc_ros2_navigation/meshes/IronManWheelLeftFront.dae
[1.335s] -- Installing: /home/arnavb/erc_ws/src/week3/install/erc_ros2_navigation/share/erc_ros2_navigation/meshes/lidar.dae
[1.335s] -- Installing: /home/arnavb/erc_ws/src/week3/install/erc_ros2_navigation/share/erc_ros2_navigation/meshes/IronManWheelRightFront.dae
[1.339s] -- Installing: /home/arnavb/erc_ws/src/week3/install/erc_ros2_navigation/share/erc_ros2_navigation/meshes/IronMan_ROS_Body.dae
[1.340s] -- Installing: /home/arnavb/erc_ws/src/week3/install/erc_ros2_navigation/share/erc_ros2_navigation/config
[1.340s] -- Installing: /home/arnavb/erc_ws/src/week3/install/erc_ros2_navigation/share/erc_ros2_navigation/config/waypoints.yaml
[1.340s] -- Installing: /home/arnavb/erc_ws/src/week3/install/erc_ros2_navigation/share/erc_ros2_navigation/config/ekf.yaml
[1.340s] -- Installing: /home/arnavb/erc_ws/src/week3/install/erc_ros2_navigation/share/erc_ros2_navigation/config/slam_toolbox_mapping.yaml
[1.340s] -- Installing: /home/arnavb/erc_ws/src/week3/install/erc_ros2_navigation/share/erc_ros2_navigation/config/navigation.yaml
[1.340s] -- Installing: /home/arnavb/erc_ws/src/week3/install/erc_ros2_navigation/share/erc_ros2_navigation/config/slam_toolbox_localization.yaml
[1.341s] -- Installing: /home/arnavb/erc_ws/src/week3/install/erc_ros2_navigation/share/erc_ros2_navigation/config/amcl_localization.yaml
[1.341s] -- Installing: /home/arnavb/erc_ws/src/week3/install/erc_ros2_navigation/share/erc_ros2_navigation/config/gz_bridge.yaml
[1.341s] -- Installing: /home/arnavb/erc_ws/src/week3/install/erc_ros2_navigation/share/erc_ros2_navigation/maps
[1.341s] -- Installing: /home/arnavb/erc_ws/src/week3/install/erc_ros2_navigation/share/erc_ros2_navigation/maps/serialized.posegraph
[1.351s] -- Installing: /home/arnavb/erc_ws/src/week3/install/erc_ros2_navigation/share/erc_ros2_navigation/maps/my_map.pgm
[1.351s] -- Installing: /home/arnavb/erc_ws/src/week3/install/erc_ros2_navigation/share/erc_ros2_navigation/maps/serialized.data
[1.354s] -- Installing: /home/arnavb/erc_ws/src/week3/install/erc_ros2_navigation/share/erc_ros2_navigation/maps/my_map.yaml
[1.354s] -- Installing: /home/arnavb/erc_ws/src/week3/install/erc_ros2_navigation/share/ament_index/resource_index/package_run_dependencies/erc_ros2_navigation
[1.354s] -- Installing: /home/arnavb/erc_ws/src/week3/install/erc_ros2_navigation/share/ament_index/resource_index/parent_prefix_path/erc_ros2_navigation
[1.355s] -- Installing: /home/arnavb/erc_ws/src/week3/install/erc_ros2_navigation/share/erc_ros2_navigation/environment/ament_prefix_path.sh
[1.355s] -- Installing: /home/arnavb/erc_ws/src/week3/install/erc_ros2_navigation/share/erc_ros2_navigation/environment/ament_prefix_path.dsv
[1.355s] -- Installing: /home/arnavb/erc_ws/src/week3/install/erc_ros2_navigation/share/erc_ros2_navigation/environment/path.sh
[1.355s] -- Installing: /home/arnavb/erc_ws/src/week3/install/erc_ros2_navigation/share/erc_ros2_navigation/environment/path.dsv
[1.356s] -- Installing: /home/arnavb/erc_ws/src/week3/install/erc_ros2_navigation/share/erc_ros2_navigation/local_setup.bash
[1.356s] -- Installing: /home/arnavb/erc_ws/src/week3/install/erc_ros2_navigation/share/erc_ros2_navigation/local_setup.sh
[1.356s] -- Installing: /home/arnavb/erc_ws/src/week3/install/erc_ros2_navigation/share/erc_ros2_navigation/local_setup.zsh
[1.357s] -- Installing: /home/arnavb/erc_ws/src/week3/install/erc_ros2_navigation/share/erc_ros2_navigation/local_setup.dsv
[1.357s] -- Installing: /home/arnavb/erc_ws/src/week3/install/erc_ros2_navigation/share/erc_ros2_navigation/package.dsv
[1.357s] -- Installing: /home/arnavb/erc_ws/src/week3/install/erc_ros2_navigation/share/ament_index/resource_index/packages/erc_ros2_navigation
[1.357s] -- Installing: /home/arnavb/erc_ws/src/week3/install/erc_ros2_navigation/share/erc_ros2_navigation/cmake/erc_ros2_navigationConfig.cmake
[1.357s] -- Installing: /home/arnavb/erc_ws/src/week3/install/erc_ros2_navigation/share/erc_ros2_navigation/cmake/erc_ros2_navigationConfig-version.cmake
[1.357s] -- Installing: /home/arnavb/erc_ws/src/week3/install/erc_ros2_navigation/share/erc_ros2_navigation/package.xml
[1.359s] Invoked command in '/home/arnavb/erc_ws/src/week3/build/erc_ros2_navigation' returned '0': CMAKE_PREFIX_PATH=${CMAKE_PREFIX_PATH}:/home/arnavb/erc_ws/install/week1_tutorials:/home/arnavb/erc_ws/install/stark_os:/home/arnavb/erc_ws/install/mogi_trajectory_server:/opt/ros/jazzy DEBUGINFOD_URLS=https://debuginfod.ubuntu.com /usr/bin/cmake --install /home/arnavb/erc_ws/src/week3/build/erc_ros2_navigation
