[0.126s] DEBUG:colcon:Command line arguments: ['/usr/bin/colcon', 'build']
[0.126s] DEBUG:colcon:Parsed command line arguments: Namespace(log_base=None, log_level=None, verb_name='build', build_base='build', install_base='install', merge_install=False, symlink_install=False, test_result_base=None, continue_on_error=False, executor='parallel', parallel_workers=20, event_handlers=None, ignore_user_meta=False, metas=['./colcon.meta'], base_paths=['.'], packages_ignore=None, packages_ignore_regex=None, paths=None, packages_up_to=None, packages_up_to_regex=None, packages_above=None, packages_above_and_dependencies=None, packages_above_depth=None, packages_select_by_dep=None, packages_skip_by_dep=None, packages_skip_up_to=None, packages_select_build_failed=False, packages_skip_build_finished=False, packages_select_test_failures=False, packages_skip_test_passed=False, packages_select=None, packages_skip=None, packages_select_regex=None, packages_skip_regex=None, packages_start=None, packages_end=None, allow_overriding=[], cmake_args=None, cmake_target=None, cmake_target_skip_unavailable=False, cmake_clean_cache=False, cmake_clean_first=False, cmake_force_configure=False, ament_cmake_args=None, catkin_cmake_args=None, catkin_skip_building_tests=False, mixin_files=None, mixin=None, verb_parser=<colcon_mixin.mixin.mixin_argument.MixinArgumentDecorator object at 0x7c47f6253350>, verb_extension=<colcon_core.verb.build.BuildVerb object at 0x7c47f62530b0>, main=<bound method BuildVerb.main of <colcon_core.verb.build.BuildVerb object at 0x7c47f62530b0>>, mixin_verb=('build',))
[0.174s] Level 1:colcon.colcon_core.package_discovery:discover_packages(colcon_meta) check parameters
[0.174s] Level 1:colcon.colcon_core.package_discovery:discover_packages(recursive) check parameters
[0.174s] Level 1:colcon.colcon_core.package_discovery:discover_packages(ignore) check parameters
[0.174s] Level 1:colcon.colcon_core.package_discovery:discover_packages(path) check parameters
[0.174s] Level 1:colcon.colcon_core.package_discovery:discover_packages(colcon_meta) discover
[0.174s] Level 1:colcon.colcon_core.package_discovery:discover_packages(recursive) discover
[0.174s] INFO:colcon.colcon_core.package_discovery:Crawling recursively for packages in '/home/arnavb/erc_ws/src'
[0.174s] Level 1:colcon.colcon_core.package_identification:_identify(.) by extensions ['ignore', 'ignore_ament_install']
[0.174s] Level 1:colcon.colcon_core.package_identification:_identify(.) by extension 'ignore'
[0.174s] Level 1:colcon.colcon_core.package_identification:_identify(.) by extension 'ignore_ament_install'
[0.174s] Level 1:colcon.colcon_core.package_identification:_identify(.) by extensions ['colcon_pkg']
[0.174s] Level 1:colcon.colcon_core.package_identification:_identify(.) by extension 'colcon_pkg'
[0.174s] Level 1:colcon.colcon_core.package_identification:_identify(.) by extensions ['colcon_meta']
[0.174s] Level 1:colcon.colcon_core.package_identification:_identify(.) by extension 'colcon_meta'
[0.175s] Level 1:colcon.colcon_core.package_identification:_identify(.) by extensions ['ros']
[0.175s] Level 1:colcon.colcon_core.package_identification:_identify(.) by extension 'ros'
[0.206s] Level 1:colcon.colcon_core.package_identification:_identify(.) by extensions ['cmake', 'python']
[0.206s] Level 1:colcon.colcon_core.package_identification:_identify(.) by extension 'cmake'
[0.207s] Level 1:colcon.colcon_core.package_identification:_identify(.) by extension 'python'
[0.207s] Level 1:colcon.colcon_core.package_identification:_identify(.) by extensions ['python_setup_py']
[0.207s] Level 1:colcon.colcon_core.package_identification:_identify(.) by extension 'python_setup_py'
[0.207s] Level 1:colcon.colcon_core.package_identification:_identify(assgn) by extensions ['ignore', 'ignore_ament_install']
[0.207s] Level 1:colcon.colcon_core.package_identification:_identify(assgn) by extension 'ignore'
[0.207s] Level 1:colcon.colcon_core.package_identification:_identify(assgn) by extension 'ignore_ament_install'
[0.207s] Level 1:colcon.colcon_core.package_identification:_identify(assgn) by extensions ['colcon_pkg']
[0.207s] Level 1:colcon.colcon_core.package_identification:_identify(assgn) by extension 'colcon_pkg'
[0.207s] Level 1:colcon.colcon_core.package_identification:_identify(assgn) by extensions ['colcon_meta']
[0.207s] Level 1:colcon.colcon_core.package_identification:_identify(assgn) by extension 'colcon_meta'
[0.207s] Level 1:colcon.colcon_core.package_identification:_identify(assgn) by extensions ['ros']
[0.207s] Level 1:colcon.colcon_core.package_identification:_identify(assgn) by extension 'ros'
[0.207s] Level 1:colcon.colcon_core.package_identification:_identify(assgn) by extensions ['cmake', 'python']
[0.207s] Level 1:colcon.colcon_core.package_identification:_identify(assgn) by extension 'cmake'
[0.207s] Level 1:colcon.colcon_core.package_identification:_identify(assgn) by extension 'python'
[0.207s] Level 1:colcon.colcon_core.package_identification:_identify(assgn) by extensions ['python_setup_py']
[0.207s] Level 1:colcon.colcon_core.package_identification:_identify(assgn) by extension 'python_setup_py'
[0.208s] Level 1:colcon.colcon_core.package_identification:_identify(assgn/assgn) by extensions ['ignore', 'ignore_ament_install']
[0.208s] Level 1:colcon.colcon_core.package_identification:_identify(assgn/assgn) by extension 'ignore'
[0.208s] Level 1:colcon.colcon_core.package_identification:_identify(assgn/assgn) by extension 'ignore_ament_install'
[0.208s] Level 1:colcon.colcon_core.package_identification:_identify(assgn/assgn) by extensions ['colcon_pkg']
[0.208s] Level 1:colcon.colcon_core.package_identification:_identify(assgn/assgn) by extension 'colcon_pkg'
[0.208s] Level 1:colcon.colcon_core.package_identification:_identify(assgn/assgn) by extensions ['colcon_meta']
[0.208s] Level 1:colcon.colcon_core.package_identification:_identify(assgn/assgn) by extension 'colcon_meta'
[0.208s] Level 1:colcon.colcon_core.package_identification:_identify(assgn/assgn) by extensions ['ros']
[0.208s] Level 1:colcon.colcon_core.package_identification:_identify(assgn/assgn) by extension 'ros'
[0.208s] Level 1:colcon.colcon_core.package_identification:_identify(assgn/assgn) by extensions ['cmake', 'python']
[0.208s] Level 1:colcon.colcon_core.package_identification:_identify(assgn/assgn) by extension 'cmake'
[0.208s] Level 1:colcon.colcon_core.package_identification:_identify(assgn/assgn) by extension 'python'
[0.208s] Level 1:colcon.colcon_core.package_identification:_identify(assgn/assgn) by extensions ['python_setup_py']
[0.208s] Level 1:colcon.colcon_core.package_identification:_identify(assgn/assgn) by extension 'python_setup_py'
[0.208s] Level 1:colcon.colcon_core.package_identification:_identify(assgn/build) by extensions ['ignore', 'ignore_ament_install']
[0.208s] Level 1:colcon.colcon_core.package_identification:_identify(assgn/build) by extension 'ignore'
[0.208s] Level 1:colcon.colcon_core.package_identification:_identify(assgn/build) ignored
[0.208s] Level 1:colcon.colcon_core.package_identification:_identify(assgn/install) by extensions ['ignore', 'ignore_ament_install']
[0.209s] Level 1:colcon.colcon_core.package_identification:_identify(assgn/install) by extension 'ignore'
[0.209s] Level 1:colcon.colcon_core.package_identification:_identify(assgn/install) ignored
[0.209s] Level 1:colcon.colcon_core.package_identification:_identify(assgn/launch) by extensions ['ignore', 'ignore_ament_install']
[0.209s] Level 1:colcon.colcon_core.package_identification:_identify(assgn/launch) by extension 'ignore'
[0.209s] Level 1:colcon.colcon_core.package_identification:_identify(assgn/launch) by extension 'ignore_ament_install'
[0.209s] Level 1:colcon.colcon_core.package_identification:_identify(assgn/launch) by extensions ['colcon_pkg']
[0.209s] Level 1:colcon.colcon_core.package_identification:_identify(assgn/launch) by extension 'colcon_pkg'
[0.209s] Level 1:colcon.colcon_core.package_identification:_identify(assgn/launch) by extensions ['colcon_meta']
[0.209s] Level 1:colcon.colcon_core.package_identification:_identify(assgn/launch) by extension 'colcon_meta'
[0.209s] Level 1:colcon.colcon_core.package_identification:_identify(assgn/launch) by extensions ['ros']
[0.209s] Level 1:colcon.colcon_core.package_identification:_identify(assgn/launch) by extension 'ros'
[0.209s] Level 1:colcon.colcon_core.package_identification:_identify(assgn/launch) by extensions ['cmake', 'python']
[0.209s] Level 1:colcon.colcon_core.package_identification:_identify(assgn/launch) by extension 'cmake'
[0.209s] Level 1:colcon.colcon_core.package_identification:_identify(assgn/launch) by extension 'python'
[0.209s] Level 1:colcon.colcon_core.package_identification:_identify(assgn/launch) by extensions ['python_setup_py']
[0.209s] Level 1:colcon.colcon_core.package_identification:_identify(assgn/launch) by extension 'python_setup_py'
[0.209s] Level 1:colcon.colcon_core.package_identification:_identify(assgn/log) by extensions ['ignore', 'ignore_ament_install']
[0.209s] Level 1:colcon.colcon_core.package_identification:_identify(assgn/log) by extension 'ignore'
[0.209s] Level 1:colcon.colcon_core.package_identification:_identify(assgn/log) ignored
[0.209s] Level 1:colcon.colcon_core.package_identification:_identify(assgn/meshes) by extensions ['ignore', 'ignore_ament_install']
[0.210s] Level 1:colcon.colcon_core.package_identification:_identify(assgn/meshes) by extension 'ignore'
[0.210s] Level 1:colcon.colcon_core.package_identification:_identify(assgn/meshes) by extension 'ignore_ament_install'
[0.210s] Level 1:colcon.colcon_core.package_identification:_identify(assgn/meshes) by extensions ['colcon_pkg']
[0.210s] Level 1:colcon.colcon_core.package_identification:_identify(assgn/meshes) by extension 'colcon_pkg'
[0.210s] Level 1:colcon.colcon_core.package_identification:_identify(assgn/meshes) by extensions ['colcon_meta']
[0.210s] Level 1:colcon.colcon_core.package_identification:_identify(assgn/meshes) by extension 'colcon_meta'
[0.210s] Level 1:colcon.colcon_core.package_identification:_identify(assgn/meshes) by extensions ['ros']
[0.210s] Level 1:colcon.colcon_core.package_identification:_identify(assgn/meshes) by extension 'ros'
[0.210s] Level 1:colcon.colcon_core.package_identification:_identify(assgn/meshes) by extensions ['cmake', 'python']
[0.210s] Level 1:colcon.colcon_core.package_identification:_identify(assgn/meshes) by extension 'cmake'
[0.210s] Level 1:colcon.colcon_core.package_identification:_identify(assgn/meshes) by extension 'python'
[0.210s] Level 1:colcon.colcon_core.package_identification:_identify(assgn/meshes) by extensions ['python_setup_py']
[0.210s] Level 1:colcon.colcon_core.package_identification:_identify(assgn/meshes) by extension 'python_setup_py'
[0.210s] Level 1:colcon.colcon_core.package_identification:_identify(assgn/models) by extensions ['ignore', 'ignore_ament_install']
[0.210s] Level 1:colcon.colcon_core.package_identification:_identify(assgn/models) by extension 'ignore'
[0.210s] Level 1:colcon.colcon_core.package_identification:_identify(assgn/models) by extension 'ignore_ament_install'
[0.210s] Level 1:colcon.colcon_core.package_identification:_identify(assgn/models) by extensions ['colcon_pkg']
[0.210s] Level 1:colcon.colcon_core.package_identification:_identify(assgn/models) by extension 'colcon_pkg'
[0.210s] Level 1:colcon.colcon_core.package_identification:_identify(assgn/models) by extensions ['colcon_meta']
[0.210s] Level 1:colcon.colcon_core.package_identification:_identify(assgn/models) by extension 'colcon_meta'
[0.210s] Level 1:colcon.colcon_core.package_identification:_identify(assgn/models) by extensions ['ros']
[0.210s] Level 1:colcon.colcon_core.package_identification:_identify(assgn/models) by extension 'ros'
[0.210s] Level 1:colcon.colcon_core.package_identification:_identify(assgn/models) by extensions ['cmake', 'python']
[0.210s] Level 1:colcon.colcon_core.package_identification:_identify(assgn/models) by extension 'cmake'
[0.211s] Level 1:colcon.colcon_core.package_identification:_identify(assgn/models) by extension 'python'
[0.211s] Level 1:colcon.colcon_core.package_identification:_identify(assgn/models) by extensions ['python_setup_py']
[0.211s] Level 1:colcon.colcon_core.package_identification:_identify(assgn/models) by extension 'python_setup_py'
[0.211s] Level 1:colcon.colcon_core.package_identification:_identify(assgn/rviz) by extensions ['ignore', 'ignore_ament_install']
[0.211s] Level 1:colcon.colcon_core.package_identification:_identify(assgn/rviz) by extension 'ignore'
[0.211s] Level 1:colcon.colcon_core.package_identification:_identify(assgn/rviz) by extension 'ignore_ament_install'
[0.211s] Level 1:colcon.colcon_core.package_identification:_identify(assgn/rviz) by extensions ['colcon_pkg']
[0.211s] Level 1:colcon.colcon_core.package_identification:_identify(assgn/rviz) by extension 'colcon_pkg'
[0.211s] Level 1:colcon.colcon_core.package_identification:_identify(assgn/rviz) by extensions ['colcon_meta']
[0.211s] Level 1:colcon.colcon_core.package_identification:_identify(assgn/rviz) by extension 'colcon_meta'
[0.211s] Level 1:colcon.colcon_core.package_identification:_identify(assgn/rviz) by extensions ['ros']
[0.211s] Level 1:colcon.colcon_core.package_identification:_identify(assgn/rviz) by extension 'ros'
[0.211s] Level 1:colcon.colcon_core.package_identification:_identify(assgn/rviz) by extensions ['cmake', 'python']
[0.211s] Level 1:colcon.colcon_core.package_identification:_identify(assgn/rviz) by extension 'cmake'
[0.211s] Level 1:colcon.colcon_core.package_identification:_identify(assgn/rviz) by extension 'python'
[0.211s] Level 1:colcon.colcon_core.package_identification:_identify(assgn/rviz) by extensions ['python_setup_py']
[0.211s] Level 1:colcon.colcon_core.package_identification:_identify(assgn/rviz) by extension 'python_setup_py'
[0.211s] Level 1:colcon.colcon_core.package_identification:_identify(assgn/worlds) by extensions ['ignore', 'ignore_ament_install']
[0.211s] Level 1:colcon.colcon_core.package_identification:_identify(assgn/worlds) by extension 'ignore'
[0.211s] Level 1:colcon.colcon_core.package_identification:_identify(assgn/worlds) by extension 'ignore_ament_install'
[0.211s] Level 1:colcon.colcon_core.package_identification:_identify(assgn/worlds) by extensions ['colcon_pkg']
[0.211s] Level 1:colcon.colcon_core.package_identification:_identify(assgn/worlds) by extension 'colcon_pkg'
[0.211s] Level 1:colcon.colcon_core.package_identification:_identify(assgn/worlds) by extensions ['colcon_meta']
[0.211s] Level 1:colcon.colcon_core.package_identification:_identify(assgn/worlds) by extension 'colcon_meta'
[0.212s] Level 1:colcon.colcon_core.package_identification:_identify(assgn/worlds) by extensions ['ros']
[0.212s] Level 1:colcon.colcon_core.package_identification:_identify(assgn/worlds) by extension 'ros'
[0.212s] Level 1:colcon.colcon_core.package_identification:_identify(assgn/worlds) by extensions ['cmake', 'python']
[0.212s] Level 1:colcon.colcon_core.package_identification:_identify(assgn/worlds) by extension 'cmake'
[0.212s] Level 1:colcon.colcon_core.package_identification:_identify(assgn/worlds) by extension 'python'
[0.212s] Level 1:colcon.colcon_core.package_identification:_identify(assgn/worlds) by extensions ['python_setup_py']
[0.212s] Level 1:colcon.colcon_core.package_identification:_identify(assgn/worlds) by extension 'python_setup_py'
[0.212s] Level 1:colcon.colcon_core.package_identification:_identify(build) by extensions ['ignore', 'ignore_ament_install']
[0.212s] Level 1:colcon.colcon_core.package_identification:_identify(build) by extension 'ignore'
[0.212s] Level 1:colcon.colcon_core.package_identification:_identify(build) ignored
[0.212s] Level 1:colcon.colcon_core.package_identification:_identify(erc_gazebo_basics) by extensions ['ignore', 'ignore_ament_install']
[0.212s] Level 1:colcon.colcon_core.package_identification:_identify(erc_gazebo_basics) by extension 'ignore'
[0.212s] Level 1:colcon.colcon_core.package_identification:_identify(erc_gazebo_basics) by extension 'ignore_ament_install'
[0.212s] Level 1:colcon.colcon_core.package_identification:_identify(erc_gazebo_basics) by extensions ['colcon_pkg']
[0.212s] Level 1:colcon.colcon_core.package_identification:_identify(erc_gazebo_basics) by extension 'colcon_pkg'
[0.212s] Level 1:colcon.colcon_core.package_identification:_identify(erc_gazebo_basics) by extensions ['colcon_meta']
[0.212s] Level 1:colcon.colcon_core.package_identification:_identify(erc_gazebo_basics) by extension 'colcon_meta'
[0.212s] Level 1:colcon.colcon_core.package_identification:_identify(erc_gazebo_basics) by extensions ['ros']
[0.212s] Level 1:colcon.colcon_core.package_identification:_identify(erc_gazebo_basics) by extension 'ros'
[0.217s] DEBUG:colcon.colcon_core.package_identification:Package 'erc_gazebo_basics' with type 'ros.ament_cmake' and name 'erc_gazebo_basics'
[0.217s] Level 1:colcon.colcon_core.package_identification:_identify(install) by extensions ['ignore', 'ignore_ament_install']
[0.217s] Level 1:colcon.colcon_core.package_identification:_identify(install) by extension 'ignore'
[0.217s] Level 1:colcon.colcon_core.package_identification:_identify(install) ignored
[0.217s] Level 1:colcon.colcon_core.package_identification:_identify(log) by extensions ['ignore', 'ignore_ament_install']
[0.217s] Level 1:colcon.colcon_core.package_identification:_identify(log) by extension 'ignore'
[0.217s] Level 1:colcon.colcon_core.package_identification:_identify(log) ignored
[0.217s] Level 1:colcon.colcon_core.package_identification:_identify(mogi_trajectory_server) by extensions ['ignore', 'ignore_ament_install']
[0.217s] Level 1:colcon.colcon_core.package_identification:_identify(mogi_trajectory_server) by extension 'ignore'
[0.217s] Level 1:colcon.colcon_core.package_identification:_identify(mogi_trajectory_server) by extension 'ignore_ament_install'
[0.218s] Level 1:colcon.colcon_core.package_identification:_identify(mogi_trajectory_server) by extensions ['colcon_pkg']
[0.218s] Level 1:colcon.colcon_core.package_identification:_identify(mogi_trajectory_server) by extension 'colcon_pkg'
[0.218s] Level 1:colcon.colcon_core.package_identification:_identify(mogi_trajectory_server) by extensions ['colcon_meta']
[0.218s] Level 1:colcon.colcon_core.package_identification:_identify(mogi_trajectory_server) by extension 'colcon_meta'
[0.218s] Level 1:colcon.colcon_core.package_identification:_identify(mogi_trajectory_server) by extensions ['ros']
[0.218s] Level 1:colcon.colcon_core.package_identification:_identify(mogi_trajectory_server) by extension 'ros'
[0.218s] DEBUG:colcon.colcon_core.package_identification:Package 'mogi_trajectory_server' with type 'ros.ament_python' and name 'mogi_trajectory_server'
[0.218s] Level 1:colcon.colcon_core.package_identification:_identify(stark_os) by extensions ['ignore', 'ignore_ament_install']
[0.218s] Level 1:colcon.colcon_core.package_identification:_identify(stark_os) by extension 'ignore'
[0.218s] Level 1:colcon.colcon_core.package_identification:_identify(stark_os) by extension 'ignore_ament_install'
[0.219s] Level 1:colcon.colcon_core.package_identification:_identify(stark_os) by extensions ['colcon_pkg']
[0.219s] Level 1:colcon.colcon_core.package_identification:_identify(stark_os) by extension 'colcon_pkg'
[0.219s] Level 1:colcon.colcon_core.package_identification:_identify(stark_os) by extensions ['colcon_meta']
[0.219s] Level 1:colcon.colcon_core.package_identification:_identify(stark_os) by extension 'colcon_meta'
[0.219s] Level 1:colcon.colcon_core.package_identification:_identify(stark_os) by extensions ['ros']
[0.219s] Level 1:colcon.colcon_core.package_identification:_identify(stark_os) by extension 'ros'
[0.220s] DEBUG:colcon.colcon_core.package_identification:Package 'stark_os' with type 'ros.ament_python' and name 'stark_os'
[0.220s] Level 1:colcon.colcon_core.package_identification:_identify(week1_tutorials) by extensions ['ignore', 'ignore_ament_install']
[0.220s] Level 1:colcon.colcon_core.package_identification:_identify(week1_tutorials) by extension 'ignore'
[0.220s] Level 1:colcon.colcon_core.package_identification:_identify(week1_tutorials) by extension 'ignore_ament_install'
[0.220s] Level 1:colcon.colcon_core.package_identification:_identify(week1_tutorials) by extensions ['colcon_pkg']
[0.220s] Level 1:colcon.colcon_core.package_identification:_identify(week1_tutorials) by extension 'colcon_pkg'
[0.220s] Level 1:colcon.colcon_core.package_identification:_identify(week1_tutorials) by extensions ['colcon_meta']
[0.220s] Level 1:colcon.colcon_core.package_identification:_identify(week1_tutorials) by extension 'colcon_meta'
[0.220s] Level 1:colcon.colcon_core.package_identification:_identify(week1_tutorials) by extensions ['ros']
[0.220s] Level 1:colcon.colcon_core.package_identification:_identify(week1_tutorials) by extension 'ros'
[0.221s] DEBUG:colcon.colcon_core.package_identification:Package 'week1_tutorials' with type 'ros.ament_python' and name 'week1_tutorials'
[0.221s] Level 1:colcon.colcon_core.package_identification:_identify(winteros_week2) by extensions ['ignore', 'ignore_ament_install']
[0.222s] Level 1:colcon.colcon_core.package_identification:_identify(winteros_week2) by extension 'ignore'
[0.222s] Level 1:colcon.colcon_core.package_identification:_identify(winteros_week2) by extension 'ignore_ament_install'
[0.222s] Level 1:colcon.colcon_core.package_identification:_identify(winteros_week2) by extensions ['colcon_pkg']
[0.222s] Level 1:colcon.colcon_core.package_identification:_identify(winteros_week2) by extension 'colcon_pkg'
[0.222s] Level 1:colcon.colcon_core.package_identification:_identify(winteros_week2) by extensions ['colcon_meta']
[0.222s] Level 1:colcon.colcon_core.package_identification:_identify(winteros_week2) by extension 'colcon_meta'
[0.222s] Level 1:colcon.colcon_core.package_identification:_identify(winteros_week2) by extensions ['ros']
[0.222s] Level 1:colcon.colcon_core.package_identification:_identify(winteros_week2) by extension 'ros'
[0.222s] Level 1:colcon.colcon_core.package_identification:_identify(winteros_week2) by extensions ['cmake', 'python']
[0.222s] Level 1:colcon.colcon_core.package_identification:_identify(winteros_week2) by extension 'cmake'
[0.222s] Level 1:colcon.colcon_core.package_identification:_identify(winteros_week2) by extension 'python'
[0.222s] Level 1:colcon.colcon_core.package_identification:_identify(winteros_week2) by extensions ['python_setup_py']
[0.222s] Level 1:colcon.colcon_core.package_identification:_identify(winteros_week2) by extension 'python_setup_py'
[0.222s] Level 1:colcon.colcon_core.package_identification:_identify(winteros_week2/build) by extensions ['ignore', 'ignore_ament_install']
[0.222s] Level 1:colcon.colcon_core.package_identification:_identify(winteros_week2/build) by extension 'ignore'
[0.222s] Level 1:colcon.colcon_core.package_identification:_identify(winteros_week2/build) ignored
[0.222s] Level 1:colcon.colcon_core.package_identification:_identify(winteros_week2/erc_gazebo_basics) by extensions ['ignore', 'ignore_ament_install']
[0.223s] Level 1:colcon.colcon_core.package_identification:_identify(winteros_week2/erc_gazebo_basics) by extension 'ignore'
[0.223s] Level 1:colcon.colcon_core.package_identification:_identify(winteros_week2/erc_gazebo_basics) by extension 'ignore_ament_install'
[0.223s] Level 1:colcon.colcon_core.package_identification:_identify(winteros_week2/erc_gazebo_basics) by extensions ['colcon_pkg']
[0.223s] Level 1:colcon.colcon_core.package_identification:_identify(winteros_week2/erc_gazebo_basics) by extension 'colcon_pkg'
[0.223s] Level 1:colcon.colcon_core.package_identification:_identify(winteros_week2/erc_gazebo_basics) by extensions ['colcon_meta']
[0.223s] Level 1:colcon.colcon_core.package_identification:_identify(winteros_week2/erc_gazebo_basics) by extension 'colcon_meta'
[0.223s] Level 1:colcon.colcon_core.package_identification:_identify(winteros_week2/erc_gazebo_basics) by extensions ['ros']
[0.223s] Level 1:colcon.colcon_core.package_identification:_identify(winteros_week2/erc_gazebo_basics) by extension 'ros'
[0.224s] DEBUG:colcon.colcon_core.package_identification:Package 'winteros_week2/erc_gazebo_basics' with type 'ros.ament_cmake' and name 'erc_gazebo_basics'
[0.224s] Level 1:colcon.colcon_core.package_identification:_identify(winteros_week2/install) by extensions ['ignore', 'ignore_ament_install']
[0.224s] Level 1:colcon.colcon_core.package_identification:_identify(winteros_week2/install) by extension 'ignore'
[0.225s] Level 1:colcon.colcon_core.package_identification:_identify(winteros_week2/install) ignored
[0.225s] Level 1:colcon.colcon_core.package_identification:_identify(winteros_week2/log) by extensions ['ignore', 'ignore_ament_install']
[0.225s] Level 1:colcon.colcon_core.package_identification:_identify(winteros_week2/log) by extension 'ignore'
[0.225s] Level 1:colcon.colcon_core.package_identification:_identify(winteros_week2/log) ignored
[0.225s] Level 1:colcon.colcon_core.package_identification:_identify(winteros_week2_sensors) by extensions ['ignore', 'ignore_ament_install']
[0.225s] Level 1:colcon.colcon_core.package_identification:_identify(winteros_week2_sensors) by extension 'ignore'
[0.225s] Level 1:colcon.colcon_core.package_identification:_identify(winteros_week2_sensors) by extension 'ignore_ament_install'
[0.225s] Level 1:colcon.colcon_core.package_identification:_identify(winteros_week2_sensors) by extensions ['colcon_pkg']
[0.225s] Level 1:colcon.colcon_core.package_identification:_identify(winteros_week2_sensors) by extension 'colcon_pkg'
[0.225s] Level 1:colcon.colcon_core.package_identification:_identify(winteros_week2_sensors) by extensions ['colcon_meta']
[0.225s] Level 1:colcon.colcon_core.package_identification:_identify(winteros_week2_sensors) by extension 'colcon_meta'
[0.225s] Level 1:colcon.colcon_core.package_identification:_identify(winteros_week2_sensors) by extensions ['ros']
[0.225s] Level 1:colcon.colcon_core.package_identification:_identify(winteros_week2_sensors) by extension 'ros'
[0.225s] Level 1:colcon.colcon_core.package_identification:_identify(winteros_week2_sensors) by extensions ['cmake', 'python']
[0.225s] Level 1:colcon.colcon_core.package_identification:_identify(winteros_week2_sensors) by extension 'cmake'
[0.225s] Level 1:colcon.colcon_core.package_identification:_identify(winteros_week2_sensors) by extension 'python'
[0.226s] Level 1:colcon.colcon_core.package_identification:_identify(winteros_week2_sensors) by extensions ['python_setup_py']
[0.226s] Level 1:colcon.colcon_core.package_identification:_identify(winteros_week2_sensors) by extension 'python_setup_py'
[0.226s] Level 1:colcon.colcon_core.package_identification:_identify(winteros_week2_sensors/assets) by extensions ['ignore', 'ignore_ament_install']
[0.226s] Level 1:colcon.colcon_core.package_identification:_identify(winteros_week2_sensors/assets) by extension 'ignore'
[0.226s] Level 1:colcon.colcon_core.package_identification:_identify(winteros_week2_sensors/assets) by extension 'ignore_ament_install'
[0.226s] Level 1:colcon.colcon_core.package_identification:_identify(winteros_week2_sensors/assets) by extensions ['colcon_pkg']
[0.226s] Level 1:colcon.colcon_core.package_identification:_identify(winteros_week2_sensors/assets) by extension 'colcon_pkg'
[0.226s] Level 1:colcon.colcon_core.package_identification:_identify(winteros_week2_sensors/assets) by extensions ['colcon_meta']
[0.226s] Level 1:colcon.colcon_core.package_identification:_identify(winteros_week2_sensors/assets) by extension 'colcon_meta'
[0.226s] Level 1:colcon.colcon_core.package_identification:_identify(winteros_week2_sensors/assets) by extensions ['ros']
[0.226s] Level 1:colcon.colcon_core.package_identification:_identify(winteros_week2_sensors/assets) by extension 'ros'
[0.226s] Level 1:colcon.colcon_core.package_identification:_identify(winteros_week2_sensors/assets) by extensions ['cmake', 'python']
[0.226s] Level 1:colcon.colcon_core.package_identification:_identify(winteros_week2_sensors/assets) by extension 'cmake'
[0.226s] Level 1:colcon.colcon_core.package_identification:_identify(winteros_week2_sensors/assets) by extension 'python'
[0.226s] Level 1:colcon.colcon_core.package_identification:_identify(winteros_week2_sensors/assets) by extensions ['python_setup_py']
[0.226s] Level 1:colcon.colcon_core.package_identification:_identify(winteros_week2_sensors/assets) by extension 'python_setup_py'
[0.226s] Level 1:colcon.colcon_core.package_identification:_identify(winteros_week2_sensors/build) by extensions ['ignore', 'ignore_ament_install']
[0.227s] Level 1:colcon.colcon_core.package_identification:_identify(winteros_week2_sensors/build) by extension 'ignore'
[0.227s] Level 1:colcon.colcon_core.package_identification:_identify(winteros_week2_sensors/build) ignored
[0.227s] Level 1:colcon.colcon_core.package_identification:_identify(winteros_week2_sensors/erc_gazebo_sensors) by extensions ['ignore', 'ignore_ament_install']
[0.227s] Level 1:colcon.colcon_core.package_identification:_identify(winteros_week2_sensors/erc_gazebo_sensors) by extension 'ignore'
[0.227s] Level 1:colcon.colcon_core.package_identification:_identify(winteros_week2_sensors/erc_gazebo_sensors) by extension 'ignore_ament_install'
[0.227s] Level 1:colcon.colcon_core.package_identification:_identify(winteros_week2_sensors/erc_gazebo_sensors) by extensions ['colcon_pkg']
[0.227s] Level 1:colcon.colcon_core.package_identification:_identify(winteros_week2_sensors/erc_gazebo_sensors) by extension 'colcon_pkg'
[0.227s] Level 1:colcon.colcon_core.package_identification:_identify(winteros_week2_sensors/erc_gazebo_sensors) by extensions ['colcon_meta']
[0.227s] Level 1:colcon.colcon_core.package_identification:_identify(winteros_week2_sensors/erc_gazebo_sensors) by extension 'colcon_meta'
[0.227s] Level 1:colcon.colcon_core.package_identification:_identify(winteros_week2_sensors/erc_gazebo_sensors) by extensions ['ros']
[0.227s] Level 1:colcon.colcon_core.package_identification:_identify(winteros_week2_sensors/erc_gazebo_sensors) by extension 'ros'
[0.228s] DEBUG:colcon.colcon_core.package_identification:Package 'winteros_week2_sensors/erc_gazebo_sensors' with type 'ros.ament_cmake' and name 'erc_gazebo_sensors'
[0.228s] Level 1:colcon.colcon_core.package_identification:_identify(winteros_week2_sensors/install) by extensions ['ignore', 'ignore_ament_install']
[0.228s] Level 1:colcon.colcon_core.package_identification:_identify(winteros_week2_sensors/install) by extension 'ignore'
[0.228s] Level 1:colcon.colcon_core.package_identification:_identify(winteros_week2_sensors/install) ignored
[0.228s] Level 1:colcon.colcon_core.package_identification:_identify(winteros_week2_sensors/log) by extensions ['ignore', 'ignore_ament_install']
[0.228s] Level 1:colcon.colcon_core.package_identification:_identify(winteros_week2_sensors/log) by extension 'ignore'
[0.228s] Level 1:colcon.colcon_core.package_identification:_identify(winteros_week2_sensors/log) ignored
[0.228s] Level 1:colcon.colcon_core.package_identification:_identify(winteros_week2_sensors/mogi_trajectory_server) by extensions ['ignore', 'ignore_ament_install']
[0.228s] Level 1:colcon.colcon_core.package_identification:_identify(winteros_week2_sensors/mogi_trajectory_server) by extension 'ignore'
[0.228s] Level 1:colcon.colcon_core.package_identification:_identify(winteros_week2_sensors/mogi_trajectory_server) by extension 'ignore_ament_install'
[0.228s] Level 1:colcon.colcon_core.package_identification:_identify(winteros_week2_sensors/mogi_trajectory_server) by extensions ['colcon_pkg']
[0.228s] Level 1:colcon.colcon_core.package_identification:_identify(winteros_week2_sensors/mogi_trajectory_server) by extension 'colcon_pkg'
[0.228s] Level 1:colcon.colcon_core.package_identification:_identify(winteros_week2_sensors/mogi_trajectory_server) by extensions ['colcon_meta']
[0.228s] Level 1:colcon.colcon_core.package_identification:_identify(winteros_week2_sensors/mogi_trajectory_server) by extension 'colcon_meta'
[0.228s] Level 1:colcon.colcon_core.package_identification:_identify(winteros_week2_sensors/mogi_trajectory_server) by extensions ['ros']
[0.228s] Level 1:colcon.colcon_core.package_identification:_identify(winteros_week2_sensors/mogi_trajectory_server) by extension 'ros'
[0.229s] DEBUG:colcon.colcon_core.package_identification:Package 'winteros_week2_sensors/mogi_trajectory_server' with type 'ros.ament_python' and name 'mogi_trajectory_server'
[0.229s] Level 1:colcon.colcon_core.package_discovery:discover_packages(recursive) using defaults
[0.229s] Level 1:colcon.colcon_core.package_discovery:discover_packages(ignore) discover
[0.229s] Level 1:colcon.colcon_core.package_discovery:discover_packages(ignore) using defaults
[0.229s] Level 1:colcon.colcon_core.package_discovery:discover_packages(path) discover
[0.229s] Level 1:colcon.colcon_core.package_discovery:discover_packages(path) using defaults
[0.252s] Level 1:colcon.colcon_core.package_discovery:discover_packages(prefix_path) check parameters
[0.252s] Level 1:colcon.colcon_core.package_discovery:discover_packages(prefix_path) discover
[0.254s] DEBUG:colcon.colcon_installed_package_information.package_discovery:Found 2 installed packages in /home/arnavb/erc_ws/src/winteros_week2_sensors/install
[0.255s] DEBUG:colcon.colcon_installed_package_information.package_discovery:Found 4 installed packages in /home/arnavb/erc_ws/install
[0.256s] DEBUG:colcon.colcon_installed_package_information.package_discovery:Found 1 installed packages in /home/arnavb/erc_ws/src/erc_gazebo_basics/install
[0.258s] DEBUG:colcon.colcon_installed_package_information.package_discovery:Found 374 installed packages in /opt/ros/jazzy
[0.259s] Level 1:colcon.colcon_core.package_discovery:discover_packages(prefix_path) using defaults
[0.319s] ERROR:colcon:colcon build: Duplicate package names not supported:
- erc_gazebo_basics:
  - erc_gazebo_basics
  - winteros_week2/erc_gazebo_basics
- mogi_trajectory_server:
  - mogi_trajectory_server
  - winteros_week2_sensors/mogi_trajectory_server
