[0.964s] Invoking command in '/home/arnavb/erc_ws/src/week3/build/explore_lite': CMAKE_PREFIX_PATH=${CMAKE_PREFIX_PATH}:/home/arnavb/erc_ws/install/week1_tutorials:/home/arnavb/erc_ws/install/stark_os:/home/arnavb/erc_ws/install/mogi_trajectory_server:/opt/ros/jazzy DEBUGINFOD_URLS=https://debuginfod.ubuntu.com /usr/bin/cmake /home/arnavb/erc_ws/src/week3/explore -DCMAKE_INSTALL_PREFIX=/home/arnavb/erc_ws/src/week3/install/explore_lite
[1.109s] -- The C compiler identification is GNU 13.3.0
[1.229s] -- The CXX compiler identification is GNU 13.3.0
[1.262s] -- Detecting C compiler ABI info
[1.412s] -- Detecting C compiler ABI info - done
[1.428s] -- Check for working C compiler: /usr/bin/cc - skipped
[1.429s] -- Detecting C compile features
[1.430s] -- Detecting C compile features - done
[1.446s] -- Detecting CXX compiler ABI info
[1.608s] -- Detecting CXX compiler ABI info - done
[1.624s] -- Check for working CXX compiler: /usr/bin/c++ - skipped
[1.624s] -- Detecting CXX compile features
[1.624s] -- Detecting CXX compile features - done
[1.625s] -- BuilD for ROS2: jazzy
[1.630s] -- Found ament_cmake: 2.5.4 (/opt/ros/jazzy/share/ament_cmake/cmake)
[1.867s] -- Found Python3: /usr/bin/python3 (found version "3.12.3") found components: Interpreter 
[2.044s] -- Found rclcpp: 28.1.13 (/opt/ros/jazzy/share/rclcpp/cmake)
[2.119s] -- Found rosidl_generator_c: 4.6.6 (/opt/ros/jazzy/share/rosidl_generator_c/cmake)
[2.143s] -- Found rosidl_generator_cpp: 4.6.6 (/opt/ros/jazzy/share/rosidl_generator_cpp/cmake)
[2.172s] -- Using all available rosidl_typesupport_c: rosidl_typesupport_fastrtps_c;rosidl_typesupport_introspection_c
[2.203s] -- Using all available rosidl_typesupport_cpp: rosidl_typesupport_fastrtps_cpp;rosidl_typesupport_introspection_cpp
[2.331s] -- Found rmw_implementation_cmake: 7.3.2 (/opt/ros/jazzy/share/rmw_implementation_cmake/cmake)
[2.337s] -- Found rmw_fastrtps_cpp: 8.4.3 (/opt/ros/jazzy/share/rmw_fastrtps_cpp/cmake)
[2.486s] -- Found OpenSSL: /usr/lib/x86_64-linux-gnu/libcrypto.so (found version "3.0.13")  
[2.531s] -- Found FastRTPS: /opt/ros/jazzy/include (Required is at least version "2.13") 
[2.584s] -- Using RMW implementation 'rmw_fastrtps_cpp' as default
[2.752s] -- Found std_msgs: 5.3.6 (/opt/ros/jazzy/share/std_msgs/cmake)
[2.787s] -- Found sensor_msgs: 5.3.6 (/opt/ros/jazzy/share/sensor_msgs/cmake)
[2.858s] -- Found tf2_ros: 0.36.16 (/opt/ros/jazzy/share/tf2_ros/cmake)
[3.107s] -- Found tf2_geometry_msgs: 0.36.16 (/opt/ros/jazzy/share/tf2_geometry_msgs/cmake)
[3.137s] -- Found eigen3_cmake_module: 0.3.0 (/opt/ros/jazzy/share/eigen3_cmake_module/cmake)
[3.139s] -- Found Eigen3: TRUE (found version "3.4.0") 
[3.139s] -- Ensuring Eigen3 include directory is part of orocos-kdl CMake target
[3.146s] -- Found nav2_msgs: 1.3.10 (/opt/ros/jazzy/share/nav2_msgs/cmake)
[3.344s] -- Found map_msgs: 2.4.1 (/opt/ros/jazzy/share/map_msgs/cmake)
[3.394s] -- Found visualization_msgs: 5.3.6 (/opt/ros/jazzy/share/visualization_msgs/cmake)
[3.439s] -- Found nav2_costmap_2d: 1.3.10 (/opt/ros/jazzy/share/nav2_costmap_2d/cmake)
[3.707s] -- Found slam_toolbox: 2.8.3 (/opt/ros/jazzy/share/slam_toolbox/cmake)
[3.840s] -- Setting OGRE_DIR to: '/opt/ros/jazzy/share/rviz_ogre_vendor/cmake/../../../opt/rviz_ogre_vendor/lib/OGRE/cmake'
[3.842s] -- Found OGRE
[3.842s] --   static     : OFF
[3.842s] --   components : MeshLodGenerator;Overlay;Paging;Property;RTShaderSystem;Terrain;Volume
[3.842s] --   plugins    : Plugin_BSPSceneManager;Plugin_OctreeSceneManager;Plugin_PCZSceneManager;Plugin_ParticleFX;RenderSystem_GL;RenderSystem_GL3Plus;Codec_STBI
[3.842s] --   media      : /opt/ros/jazzy/opt/rviz_ogre_vendor/share/OGRE/Media
[3.843s] -- OGRE_LIBRARIES: OgreMeshLodGenerator;OgreOverlay;OgrePaging;OgreProperty;OgreRTShaderSystem;OgreTerrain;OgreVolume;OgreMain
[3.843s] -- OGRE_LIBRARY_DIRS: /opt/ros/jazzy/opt/rviz_ogre_vendor/lib
[3.843s] -- OGRE_PLUGINS: Plugin_BSPSceneManager;Plugin_OctreeSceneManager;Plugin_PCZSceneManager;Plugin_ParticleFX;RenderSystem_GL;RenderSystem_GL3Plus;Codec_STBI
[3.843s] -- OGRE_PLUGIN_DIR: /opt/ros/jazzy/opt/rviz_ogre_vendor/lib/OGRE
[3.843s] -- rviz_ogre_vendor::OgreOverlay for IMPORTED_LOCATION_RELEASE: /opt/ros/jazzy/opt/rviz_ogre_vendor/lib/libOgreOverlay.so
[3.843s] -- rviz_ogre_vendor::OgreOverlay for IMPORTED_LOCATION_DEBUG: /opt/ros/jazzy/opt/rviz_ogre_vendor/lib/libOgreOverlay.so
[3.843s] -- rviz_ogre_vendor::OgreMain for IMPORTED_LOCATION_RELEASE: /opt/ros/jazzy/opt/rviz_ogre_vendor/lib/libOgreMain.so
[3.843s] -- rviz_ogre_vendor::OgreMain for IMPORTED_LOCATION_DEBUG: /opt/ros/jazzy/opt/rviz_ogre_vendor/lib/libOgreMain.so
[3.890s] -- Found ZLIB: /usr/lib/x86_64-linux-gnu/libz.so (found version "1.3")  
[3.906s] -- Found OpenGL: /usr/lib/x86_64-linux-gnu/libOpenGL.so   
[4.165s] -- Found X11: /usr/include   
[4.167s] -- Looking for XOpenDisplay in /usr/lib/x86_64-linux-gnu/libX11.so;/usr/lib/x86_64-linux-gnu/libXext.so
[4.314s] -- Looking for XOpenDisplay in /usr/lib/x86_64-linux-gnu/libX11.so;/usr/lib/x86_64-linux-gnu/libXext.so - found
[4.314s] -- Looking for gethostbyname
[4.454s] -- Looking for gethostbyname - found
[4.454s] -- Looking for connect
[4.597s] -- Looking for connect - found
[4.597s] -- Looking for remove
[4.734s] -- Looking for remove - found
[4.734s] -- Looking for shmat
[4.875s] -- Looking for shmat - found
[4.875s] -- Looking for IceConnectionNumber in ICE
[5.012s] -- Looking for IceConnectionNumber in ICE - found
[5.045s] -- Setting yaml-cpp_DIR to: '/opt/ros/jazzy/share/yaml_cpp_vendor/cmake/../../../opt/yaml_cpp_vendor/share/cmake/yaml-cpp'
[5.229s] -- Found ament_lint_auto: 0.17.3 (/opt/ros/jazzy/share/ament_lint_auto/cmake)
[5.398s] -- Found ament_cmake_gtest: 2.5.4 (/opt/ros/jazzy/share/ament_cmake_gtest/cmake)
[5.407s] -- Found gtest sources under '/opt/ros/jazzy/src/gtest_vendor': C++ tests using 'Google Test' will be built
[5.414s] -- Performing Test CMAKE_HAVE_LIBC_PTHREAD
[5.576s] -- Performing Test CMAKE_HAVE_LIBC_PTHREAD - Success
[5.579s] -- Found Threads: TRUE  
[5.602s] -- Added test 'cppcheck' to perform static code analysis on C / C++ code
[5.603s] -- Configured cppcheck include dirs: /home/arnavb/erc_ws/src/week3/explore/include;$<BUILD_INTERFACE:/home/arnavb/erc_ws/src/week3/explore/include>
[5.603s] -- Configured cppcheck exclude dirs and/or files: 
[5.605s] -- Added test 'flake8' to check Python code syntax and style conventions
[5.605s] -- Configured 'flake8' exclude dirs and/or files: 
[5.607s] -- Added test 'lint_cmake' to check CMake code style
[5.608s] -- Added test 'pep257' to check Python code against some of the docstring style conventions in PEP 257
[5.611s] -- Added test 'uncrustify' to check C / C++ code style
[5.611s] -- Configured uncrustify additional arguments: 
[5.613s] -- Added test 'xmllint' to check XML markup files
[5.617s] -- Configuring done (4.6s)
[5.755s] -- Generating done (0.1s)
[5.769s] -- Build files have been written to: /home/arnavb/erc_ws/src/week3/build/explore_lite
[5.787s] Invoked command in '/home/arnavb/erc_ws/src/week3/build/explore_lite' returned '0': CMAKE_PREFIX_PATH=${CMAKE_PREFIX_PATH}:/home/arnavb/erc_ws/install/week1_tutorials:/home/arnavb/erc_ws/install/stark_os:/home/arnavb/erc_ws/install/mogi_trajectory_server:/opt/ros/jazzy DEBUGINFOD_URLS=https://debuginfod.ubuntu.com /usr/bin/cmake /home/arnavb/erc_ws/src/week3/explore -DCMAKE_INSTALL_PREFIX=/home/arnavb/erc_ws/src/week3/install/explore_lite
[5.789s] Invoking command in '/home/arnavb/erc_ws/src/week3/build/explore_lite': CMAKE_PREFIX_PATH=${CMAKE_PREFIX_PATH}:/home/arnavb/erc_ws/install/week1_tutorials:/home/arnavb/erc_ws/install/stark_os:/home/arnavb/erc_ws/install/mogi_trajectory_server:/opt/ros/jazzy DEBUGINFOD_URLS=https://debuginfod.ubuntu.com /usr/bin/cmake --build /home/arnavb/erc_ws/src/week3/build/explore_lite -- -j20 -l20
[5.882s] [ 20%] [32mBuilding CXX object gtest/CMakeFiles/gtest.dir/src/gtest-all.cc.o[0m
[5.882s] [ 20%] [32mBuilding CXX object gtest/CMakeFiles/gtest_main.dir/src/gtest_main.cc.o[0m
[5.883s] [ 30%] [32mBuilding CXX object CMakeFiles/explore.dir/src/explore.cpp.o[0m
[5.883s] [ 40%] [32mBuilding CXX object CMakeFiles/explore.dir/src/costmap_client.cpp.o[0m
[5.883s] [ 50%] [32mBuilding CXX object CMakeFiles/explore.dir/src/frontier_search.cpp.o[0m
[6.653s] [ 60%] [32m[1mLinking CXX static library libgtest_main.a[0m
[6.708s] [ 60%] Built target gtest_main
[10.035s] [ 70%] [32m[1mLinking CXX static library libgtest.a[0m
[10.125s] [ 70%] Built target gtest
[10.160s] [ 80%] [32mBuilding CXX object CMakeFiles/test_explore.dir/test/test_explore.cpp.o[0m
[11.438s] [ 90%] [32m[1mLinking CXX executable test_explore[0m
[13.859s] [ 90%] Built target test_explore
[21.321s] [100%] [32m[1mLinking CXX executable explore[0m
[23.640s] [100%] Built target explore
[23.657s] Invoked command in '/home/arnavb/erc_ws/src/week3/build/explore_lite' returned '0': CMAKE_PREFIX_PATH=${CMAKE_PREFIX_PATH}:/home/arnavb/erc_ws/install/week1_tutorials:/home/arnavb/erc_ws/install/stark_os:/home/arnavb/erc_ws/install/mogi_trajectory_server:/opt/ros/jazzy DEBUGINFOD_URLS=https://debuginfod.ubuntu.com /usr/bin/cmake --build /home/arnavb/erc_ws/src/week3/build/explore_lite -- -j20 -l20
[23.659s] Invoking command in '/home/arnavb/erc_ws/src/week3/build/explore_lite': CMAKE_PREFIX_PATH=${CMAKE_PREFIX_PATH}:/home/arnavb/erc_ws/install/week1_tutorials:/home/arnavb/erc_ws/install/stark_os:/home/arnavb/erc_ws/install/mogi_trajectory_server:/opt/ros/jazzy DEBUGINFOD_URLS=https://debuginfod.ubuntu.com /usr/bin/cmake --install /home/arnavb/erc_ws/src/week3/build/explore_lite
[23.674s] -- Install configuration: ""
[23.674s] -- Installing: /home/arnavb/erc_ws/src/week3/install/explore_lite/include/explore/
[23.674s] -- Installing: /home/arnavb/erc_ws/src/week3/install/explore_lite/include/explore//explore.h
[23.674s] -- Installing: /home/arnavb/erc_ws/src/week3/install/explore_lite/include/explore//costmap_tools.h
[23.674s] -- Installing: /home/arnavb/erc_ws/src/week3/install/explore_lite/include/explore//frontier_search.h
[23.675s] -- Installing: /home/arnavb/erc_ws/src/week3/install/explore_lite/include/explore//costmap_client.h
[23.675s] -- Installing: /home/arnavb/erc_ws/src/week3/install/explore_lite/share/explore_lite/config
[23.675s] -- Installing: /home/arnavb/erc_ws/src/week3/install/explore_lite/share/explore_lite/config/params_costmap.yaml
[23.675s] -- Installing: /home/arnavb/erc_ws/src/week3/install/explore_lite/share/explore_lite/config/params.yaml
[23.676s] -- Installing: /home/arnavb/erc_ws/src/week3/install/explore_lite/share/explore_lite/launch
[23.676s] -- Installing: /home/arnavb/erc_ws/src/week3/install/explore_lite/share/explore_lite/launch/explore.launch.py
[23.676s] -- Installing: /home/arnavb/erc_ws/src/week3/install/explore_lite/lib/explore_lite/explore
[23.688s] -- Set non-toolchain portion of runtime path of "/home/arnavb/erc_ws/src/week3/install/explore_lite/lib/explore_lite/explore" to ""
[23.688s] -- Installing: /home/arnavb/erc_ws/src/week3/install/explore_lite/share/ament_index/resource_index/package_run_dependencies/explore_lite
[23.688s] -- Installing: /home/arnavb/erc_ws/src/week3/install/explore_lite/share/ament_index/resource_index/parent_prefix_path/explore_lite
[23.689s] -- Installing: /home/arnavb/erc_ws/src/week3/install/explore_lite/share/explore_lite/environment/ament_prefix_path.sh
[23.689s] -- Installing: /home/arnavb/erc_ws/src/week3/install/explore_lite/share/explore_lite/environment/ament_prefix_path.dsv
[23.689s] -- Installing: /home/arnavb/erc_ws/src/week3/install/explore_lite/share/explore_lite/environment/path.sh
[23.689s] -- Installing: /home/arnavb/erc_ws/src/week3/install/explore_lite/share/explore_lite/environment/path.dsv
[23.689s] -- Installing: /home/arnavb/erc_ws/src/week3/install/explore_lite/share/explore_lite/local_setup.bash
[23.689s] -- Installing: /home/arnavb/erc_ws/src/week3/install/explore_lite/share/explore_lite/local_setup.sh
[23.689s] -- Installing: /home/arnavb/erc_ws/src/week3/install/explore_lite/share/explore_lite/local_setup.zsh
[23.690s] -- Installing: /home/arnavb/erc_ws/src/week3/install/explore_lite/share/explore_lite/local_setup.dsv
[23.690s] -- Installing: /home/arnavb/erc_ws/src/week3/install/explore_lite/share/explore_lite/package.dsv
[23.690s] -- Installing: /home/arnavb/erc_ws/src/week3/install/explore_lite/share/ament_index/resource_index/packages/explore_lite
[23.690s] -- Installing: /home/arnavb/erc_ws/src/week3/install/explore_lite/share/explore_lite/cmake/ament_cmake_export_include_directories-extras.cmake
[23.690s] -- Installing: /home/arnavb/erc_ws/src/week3/install/explore_lite/share/explore_lite/cmake/explore_liteConfig.cmake
[23.690s] -- Installing: /home/arnavb/erc_ws/src/week3/install/explore_lite/share/explore_lite/cmake/explore_liteConfig-version.cmake
[23.690s] -- Installing: /home/arnavb/erc_ws/src/week3/install/explore_lite/share/explore_lite/package.xml
[23.693s] Invoked command in '/home/arnavb/erc_ws/src/week3/build/explore_lite' returned '0': CMAKE_PREFIX_PATH=${CMAKE_PREFIX_PATH}:/home/arnavb/erc_ws/install/week1_tutorials:/home/arnavb/erc_ws/install/stark_os:/home/arnavb/erc_ws/install/mogi_trajectory_server:/opt/ros/jazzy DEBUGINFOD_URLS=https://debuginfod.ubuntu.com /usr/bin/cmake --install /home/arnavb/erc_ws/src/week3/build/explore_lite
