[0.840s] Invoking command in '/home/arnavb/erc_ws/src/build/erc_gazebo_sensors': CMAKE_PREFIX_PATH=${CMAKE_PREFIX_PATH}:/home/arnavb/erc_ws/src/install/week1_tutorials:/home/arnavb/erc_ws/src/install/stark_os:/home/arnavb/erc_ws/src/install/mogi_trajectory_server:/home/arnavb/erc_ws/src/install/erc_trajectory_server:/home/arnavb/erc_ws/src/install/erc_ros2_navigation_py:/home/arnavb/erc_ws/src/install/erc_gazebo_sensors_py:/home/arnavb/erc_ws/src/install/assgn:/home/arnavb/erc_ws/install/week1_tutorials:/home/arnavb/erc_ws/install/stark_os:/home/arnavb/erc_ws/install/mogi_trajectory_server:/opt/ros/jazzy DEBUGINFOD_URLS=https://debuginfod.ubuntu.com /usr/bin/cmake --build /home/arnavb/erc_ws/src/build/erc_gazebo_sensors -- -j20 -l20
[3.715s] Invoked command in '/home/arnavb/erc_ws/src/build/erc_gazebo_sensors' returned '0': CMAKE_PREFIX_PATH=${CMAKE_PREFIX_PATH}:/home/arnavb/erc_ws/src/install/week1_tutorials:/home/arnavb/erc_ws/src/install/stark_os:/home/arnavb/erc_ws/src/install/mogi_trajectory_server:/home/arnavb/erc_ws/src/install/erc_trajectory_server:/home/arnavb/erc_ws/src/install/erc_ros2_navigation_py:/home/arnavb/erc_ws/src/install/erc_gazebo_sensors_py:/home/arnavb/erc_ws/src/install/assgn:/home/arnavb/erc_ws/install/week1_tutorials:/home/arnavb/erc_ws/install/stark_os:/home/arnavb/erc_ws/install/mogi_trajectory_server:/opt/ros/jazzy DEBUGINFOD_URLS=https://debuginfod.ubuntu.com /usr/bin/cmake --build /home/arnavb/erc_ws/src/build/erc_gazebo_sensors -- -j20 -l20
[3.720s] Invoking command in '/home/arnavb/erc_ws/src/build/erc_gazebo_sensors': CMAKE_PREFIX_PATH=${CMAKE_PREFIX_PATH}:/home/arnavb/erc_ws/src/install/week1_tutorials:/home/arnavb/erc_ws/src/install/stark_os:/home/arnavb/erc_ws/src/install/mogi_trajectory_server:/home/arnavb/erc_ws/src/install/erc_trajectory_server:/home/arnavb/erc_ws/src/install/erc_ros2_navigation_py:/home/arnavb/erc_ws/src/install/erc_gazebo_sensors_py:/home/arnavb/erc_ws/src/install/assgn:/home/arnavb/erc_ws/install/week1_tutorials:/home/arnavb/erc_ws/install/stark_os:/home/arnavb/erc_ws/install/mogi_trajectory_server:/opt/ros/jazzy DEBUGINFOD_URLS=https://debuginfod.ubuntu.com /usr/bin/cmake --install /home/arnavb/erc_ws/src/build/erc_gazebo_sensors
[3.755s] -- Install configuration: ""
[3.756s] -- Up-to-date: /home/arnavb/erc_ws/src/install/erc_gazebo_sensors/share/erc_gazebo_sensors/launch
[3.756s] -- Up-to-date: /home/arnavb/erc_ws/src/install/erc_gazebo_sensors/share/erc_gazebo_sensors/launch/check_urdf.launch.py
[3.757s] -- Up-to-date: /home/arnavb/erc_ws/src/install/erc_gazebo_sensors/share/erc_gazebo_sensors/launch/world.launch.py
[3.758s] -- Up-to-date: /home/arnavb/erc_ws/src/install/erc_gazebo_sensors/share/erc_gazebo_sensors/launch/spawn_robot.launch.py
[3.758s] -- Up-to-date: /home/arnavb/erc_ws/src/install/erc_gazebo_sensors/share/erc_gazebo_sensors/worlds
[3.758s] -- Up-to-date: /home/arnavb/erc_ws/src/install/erc_gazebo_sensors/share/erc_gazebo_sensors/worlds/world.sdf
[3.758s] -- Up-to-date: /home/arnavb/erc_ws/src/install/erc_gazebo_sensors/share/erc_gazebo_sensors/worlds/empty.sdf
[3.758s] -- Up-to-date: /home/arnavb/erc_ws/src/install/erc_gazebo_sensors/share/erc_gazebo_sensors/worlds/home.sdf
[3.759s] -- Up-to-date: /home/arnavb/erc_ws/src/install/erc_gazebo_sensors/share/erc_gazebo_sensors/rviz
[3.759s] -- Up-to-date: /home/arnavb/erc_ws/src/install/erc_gazebo_sensors/share/erc_gazebo_sensors/rviz/gps.rviz
[3.759s] -- Up-to-date: /home/arnavb/erc_ws/src/install/erc_gazebo_sensors/share/erc_gazebo_sensors/rviz/urdf.rviz
[3.759s] -- Up-to-date: /home/arnavb/erc_ws/src/install/erc_gazebo_sensors/share/erc_gazebo_sensors/rviz/rviz.rviz
[3.760s] -- Up-to-date: /home/arnavb/erc_ws/src/install/erc_gazebo_sensors/share/erc_gazebo_sensors/urdf
[3.760s] -- Up-to-date: /home/arnavb/erc_ws/src/install/erc_gazebo_sensors/share/erc_gazebo_sensors/urdf/erc_bot.gazebo
[3.760s] -- Up-to-date: /home/arnavb/erc_ws/src/install/erc_gazebo_sensors/share/erc_gazebo_sensors/urdf/materials.xacro
[3.760s] -- Up-to-date: /home/arnavb/erc_ws/src/install/erc_gazebo_sensors/share/erc_gazebo_sensors/urdf/erc_bot.urdf
[3.761s] -- Up-to-date: /home/arnavb/erc_ws/src/install/erc_gazebo_sensors/share/erc_gazebo_sensors/meshes
[3.761s] -- Up-to-date: /home/arnavb/erc_ws/src/install/erc_gazebo_sensors/share/erc_gazebo_sensors/meshes/IronManWheelLeftFront.dae
[3.761s] -- Up-to-date: /home/arnavb/erc_ws/src/install/erc_gazebo_sensors/share/erc_gazebo_sensors/meshes/lidar.dae
[3.762s] -- Up-to-date: /home/arnavb/erc_ws/src/install/erc_gazebo_sensors/share/erc_gazebo_sensors/meshes/IronManWheelRightFront.dae
[3.762s] -- Up-to-date: /home/arnavb/erc_ws/src/install/erc_gazebo_sensors/share/erc_gazebo_sensors/meshes/IronMan_ROS_Body.dae
[3.763s] -- Up-to-date: /home/arnavb/erc_ws/src/install/erc_gazebo_sensors/share/ament_index/resource_index/package_run_dependencies/erc_gazebo_sensors
[3.763s] -- Up-to-date: /home/arnavb/erc_ws/src/install/erc_gazebo_sensors/share/ament_index/resource_index/parent_prefix_path/erc_gazebo_sensors
[3.764s] -- Up-to-date: /home/arnavb/erc_ws/src/install/erc_gazebo_sensors/share/erc_gazebo_sensors/environment/ament_prefix_path.sh
[3.764s] -- Up-to-date: /home/arnavb/erc_ws/src/install/erc_gazebo_sensors/share/erc_gazebo_sensors/environment/ament_prefix_path.dsv
[3.764s] -- Up-to-date: /home/arnavb/erc_ws/src/install/erc_gazebo_sensors/share/erc_gazebo_sensors/environment/path.sh
[3.765s] -- Up-to-date: /home/arnavb/erc_ws/src/install/erc_gazebo_sensors/share/erc_gazebo_sensors/environment/path.dsv
[3.766s] -- Up-to-date: /home/arnavb/erc_ws/src/install/erc_gazebo_sensors/share/erc_gazebo_sensors/local_setup.bash
[3.766s] -- Up-to-date: /home/arnavb/erc_ws/src/install/erc_gazebo_sensors/share/erc_gazebo_sensors/local_setup.sh
[3.767s] -- Up-to-date: /home/arnavb/erc_ws/src/install/erc_gazebo_sensors/share/erc_gazebo_sensors/local_setup.zsh
[3.767s] -- Up-to-date: /home/arnavb/erc_ws/src/install/erc_gazebo_sensors/share/erc_gazebo_sensors/local_setup.dsv
[3.767s] -- Installing: /home/arnavb/erc_ws/src/install/erc_gazebo_sensors/share/erc_gazebo_sensors/package.dsv
[3.768s] -- Up-to-date: /home/arnavb/erc_ws/src/install/erc_gazebo_sensors/share/ament_index/resource_index/packages/erc_gazebo_sensors
[3.769s] -- Up-to-date: /home/arnavb/erc_ws/src/install/erc_gazebo_sensors/share/erc_gazebo_sensors/cmake/erc_gazebo_sensorsConfig.cmake
[3.769s] -- Up-to-date: /home/arnavb/erc_ws/src/install/erc_gazebo_sensors/share/erc_gazebo_sensors/cmake/erc_gazebo_sensorsConfig-version.cmake
[3.770s] -- Up-to-date: /home/arnavb/erc_ws/src/install/erc_gazebo_sensors/share/erc_gazebo_sensors/package.xml
[3.920s] Invoked command in '/home/arnavb/erc_ws/src/build/erc_gazebo_sensors' returned '0': CMAKE_PREFIX_PATH=${CMAKE_PREFIX_PATH}:/home/arnavb/erc_ws/src/install/week1_tutorials:/home/arnavb/erc_ws/src/install/stark_os:/home/arnavb/erc_ws/src/install/mogi_trajectory_server:/home/arnavb/erc_ws/src/install/erc_trajectory_server:/home/arnavb/erc_ws/src/install/erc_ros2_navigation_py:/home/arnavb/erc_ws/src/install/erc_gazebo_sensors_py:/home/arnavb/erc_ws/src/install/assgn:/home/arnavb/erc_ws/install/week1_tutorials:/home/arnavb/erc_ws/install/stark_os:/home/arnavb/erc_ws/install/mogi_trajectory_server:/opt/ros/jazzy DEBUGINFOD_URLS=https://debuginfod.ubuntu.com /usr/bin/cmake --install /home/arnavb/erc_ws/src/build/erc_gazebo_sensors
