[0.735s] Invoking command in '/home/arnavb/erc_ws/src/assgn': DEBUGINFOD_URLS=https://debuginfod.ubuntu.com PYTHONPATH=/home/arnavb/erc_ws/src/build/assgn/prefix_override:/usr/lib/python3/dist-packages/colcon_core/task/python/colcon_distutils_commands:/home/arnavb/erc_ws/src/install/assgn/lib/python3.12/site-packages:${PYTHONPATH} /usr/bin/python3 -W ignore:setup.py install is deprecated -W ignore:easy_install command is deprecated setup.py egg_info --egg-base ../build/assgn build --build-base /home/arnavb/erc_ws/src/build/assgn/build install --record /home/arnavb/erc_ws/src/build/assgn/install.log --single-version-externally-managed install_data
[0.919s] running egg_info
[0.932s] writing ../build/assgn/assgn.egg-info/PKG-INFO
[0.933s] writing dependency_links to ../build/assgn/assgn.egg-info/dependency_links.txt
[0.933s] writing entry points to ../build/assgn/assgn.egg-info/entry_points.txt
[0.933s] writing requirements to ../build/assgn/assgn.egg-info/requires.txt
[0.933s] writing top-level names to ../build/assgn/assgn.egg-info/top_level.txt
[0.959s] reading manifest file '../build/assgn/assgn.egg-info/SOURCES.txt'
[0.959s] writing manifest file '../build/assgn/assgn.egg-info/SOURCES.txt'
[0.959s] running build
[0.959s] running build_py
[0.959s] running install
[0.964s] running install_lib
[0.977s] running install_data
[0.977s] running install_egg_info
[0.990s] removing '/home/arnavb/erc_ws/src/install/assgn/lib/python3.12/site-packages/assgn-0.0.0-py3.12.egg-info' (and everything under it)
[0.990s] Copying ../build/assgn/assgn.egg-info to /home/arnavb/erc_ws/src/install/assgn/lib/python3.12/site-packages/assgn-0.0.0-py3.12.egg-info
[0.990s] running install_scripts
[1.080s] Installing node script to /home/arnavb/erc_ws/src/install/assgn/lib/assgn
[1.080s] writing list of installed files to '/home/arnavb/erc_ws/src/build/assgn/install.log'
[1.097s] Invoked command in '/home/arnavb/erc_ws/src/assgn' returned '0': DEBUGINFOD_URLS=https://debuginfod.ubuntu.com PYTHONPATH=/home/arnavb/erc_ws/src/build/assgn/prefix_override:/usr/lib/python3/dist-packages/colcon_core/task/python/colcon_distutils_commands:/home/arnavb/erc_ws/src/install/assgn/lib/python3.12/site-packages:${PYTHONPATH} /usr/bin/python3 -W ignore:setup.py install is deprecated -W ignore:easy_install command is deprecated setup.py egg_info --egg-base ../build/assgn build --build-base /home/arnavb/erc_ws/src/build/assgn/build install --record /home/arnavb/erc_ws/src/build/assgn/install.log --single-version-externally-managed install_data
