/home/arnavb/erc_ws/install/assgn/lib/python3.12/site-packages/assgn/__init__.py
/home/arnavb/erc_ws/install/assgn/lib/python3.12/site-packages/assgn/tonystarklogic.py
/home/arnavb/erc_ws/install/assgn/lib/python3.12/site-packages/assgn/__pycache__/__init__.cpython-312.pyc
/home/arnavb/erc_ws/install/assgn/lib/python3.12/site-packages/assgn/__pycache__/tonystarklogic.cpython-312.pyc
/home/arnavb/erc_ws/install/assgn/share/ament_index/resource_index/packages/assgn
/home/arnavb/erc_ws/install/assgn/share/assgn/package.xml
/home/arnavb/erc_ws/install/assgn/share/assgn/launch/Assgn.launch.py
/home/arnavb/erc_ws/install/assgn/share/assgn/launch/world.launch.py
/home/arnavb/erc_ws/install/assgn/share/assgn/assgn/tonystarklogic.py
/home/arnavb/erc_ws/install/assgn/share/assgn/rviz/rviz.rviz
/home/arnavb/erc_ws/install/assgn/share/assgn/worlds/IronManCave.sdf
/home/arnavb/erc_ws/install/assgn/share/assgn/models/erc_bot.gazebo
/home/arnavb/erc_ws/install/assgn/share/assgn/models/IronRover.urdf
/home/arnavb/erc_ws/install/assgn/share/assgn/models/materials.xacro
/home/arnavb/erc_ws/install/assgn/share/assgn/meshes/IronMan_ROS_Body.dae
/home/arnavb/erc_ws/install/assgn/share/assgn/meshes/IronManWheelLeftFront.dae
/home/arnavb/erc_ws/install/assgn/share/assgn/meshes/IronManWheelRightFront.dae
/home/arnavb/erc_ws/install/assgn/share/assgn/meshes/lidar.dae
/home/arnavb/erc_ws/install/assgn/lib/python3.12/site-packages/assgn-0.0.0-py3.12.egg-info/entry_points.txt
/home/arnavb/erc_ws/install/assgn/lib/python3.12/site-packages/assgn-0.0.0-py3.12.egg-info/dependency_links.txt
/home/arnavb/erc_ws/install/assgn/lib/python3.12/site-packages/assgn-0.0.0-py3.12.egg-info/zip-safe
/home/arnavb/erc_ws/install/assgn/lib/python3.12/site-packages/assgn-0.0.0-py3.12.egg-info/top_level.txt
/home/arnavb/erc_ws/install/assgn/lib/python3.12/site-packages/assgn-0.0.0-py3.12.egg-info/requires.txt
/home/arnavb/erc_ws/install/assgn/lib/python3.12/site-packages/assgn-0.0.0-py3.12.egg-info/SOURCES.txt
/home/arnavb/erc_ws/install/assgn/lib/python3.12/site-packages/assgn-0.0.0-py3.12.egg-info/PKG-INFO
/home/arnavb/erc_ws/install/assgn/lib/assgn/node
