[0.350s] Invoking command in '/home/arnavb/erc_ws/src/build/erc_ros2_navigation': CMAKE_PREFIX_PATH=${CMAKE_PREFIX_PATH}:/home/arnavb/erc_ws/src/install/week1_tutorials:/home/arnavb/erc_ws/src/install/stark_os:/home/arnavb/erc_ws/src/install/mogi_trajectory_server:/home/arnavb/erc_ws/src/install/erc_trajectory_server:/home/arnavb/erc_ws/src/install/erc_ros2_simple_arm_py:/home/arnavb/erc_ws/src/install/erc_ros2_navigation_py:/home/arnavb/erc_ws/src/install/erc_gazebo_sensors_py:/home/arnavb/erc_ws/src/install/assgn:/home/arnavb/erc_ws/install/week1_tutorials:/home/arnavb/erc_ws/install/stark_os:/home/arnavb/erc_ws/install/mogi_trajectory_server:/opt/ros/jazzy DEBUGINFOD_URLS=https://debuginfod.ubuntu.com /usr/bin/cmake --build /home/arnavb/erc_ws/src/build/erc_ros2_navigation -- -j20 -l20
[0.820s] Invoked command in '/home/arnavb/erc_ws/src/build/erc_ros2_navigation' returned '0': CMAKE_PREFIX_PATH=${CMAKE_PREFIX_PATH}:/home/arnavb/erc_ws/src/install/week1_tutorials:/home/arnavb/erc_ws/src/install/stark_os:/home/arnavb/erc_ws/src/install/mogi_trajectory_server:/home/arnavb/erc_ws/src/install/erc_trajectory_server:/home/arnavb/erc_ws/src/install/erc_ros2_simple_arm_py:/home/arnavb/erc_ws/src/install/erc_ros2_navigation_py:/home/arnavb/erc_ws/src/install/erc_gazebo_sensors_py:/home/arnavb/erc_ws/src/install/assgn:/home/arnavb/erc_ws/install/week1_tutorials:/home/arnavb/erc_ws/install/stark_os:/home/arnavb/erc_ws/install/mogi_trajectory_server:/opt/ros/jazzy DEBUGINFOD_URLS=https://debuginfod.ubuntu.com /usr/bin/cmake --build /home/arnavb/erc_ws/src/build/erc_ros2_navigation -- -j20 -l20
[0.821s] Invoking command in '/home/arnavb/erc_ws/src/build/erc_ros2_navigation': CMAKE_PREFIX_PATH=${CMAKE_PREFIX_PATH}:/home/arnavb/erc_ws/src/install/week1_tutorials:/home/arnavb/erc_ws/src/install/stark_os:/home/arnavb/erc_ws/src/install/mogi_trajectory_server:/home/arnavb/erc_ws/src/install/erc_trajectory_server:/home/arnavb/erc_ws/src/install/erc_ros2_simple_arm_py:/home/arnavb/erc_ws/src/install/erc_ros2_navigation_py:/home/arnavb/erc_ws/src/install/erc_gazebo_sensors_py:/home/arnavb/erc_ws/src/install/assgn:/home/arnavb/erc_ws/install/week1_tutorials:/home/arnavb/erc_ws/install/stark_os:/home/arnavb/erc_ws/install/mogi_trajectory_server:/opt/ros/jazzy DEBUGINFOD_URLS=https://debuginfod.ubuntu.com /usr/bin/cmake --install /home/arnavb/erc_ws/src/build/erc_ros2_navigation
[0.987s] -- Install configuration: ""
[0.987s] -- Up-to-date: /home/arnavb/erc_ws/src/install/erc_ros2_navigation/share/erc_ros2_navigation/launch
[0.987s] -- Up-to-date: /home/arnavb/erc_ws/src/install/erc_ros2_navigation/share/erc_ros2_navigation/launch/check_urdf.launch.py
[0.987s] -- Up-to-date: /home/arnavb/erc_ws/src/install/erc_ros2_navigation/share/erc_ros2_navigation/launch/world.launch.py
[0.987s] -- Up-to-date: /home/arnavb/erc_ws/src/install/erc_ros2_navigation/share/erc_ros2_navigation/launch/spawn_robot.launch.py
[0.987s] -- Up-to-date: /home/arnavb/erc_ws/src/install/erc_ros2_navigation/share/erc_ros2_navigation/launch/.vscode
[0.987s] -- Up-to-date: /home/arnavb/erc_ws/src/install/erc_ros2_navigation/share/erc_ros2_navigation/launch/.vscode/settings.json
[0.987s] -- Up-to-date: /home/arnavb/erc_ws/src/install/erc_ros2_navigation/share/erc_ros2_navigation/launch/navigation.launch.py
[0.987s] -- Up-to-date: /home/arnavb/erc_ws/src/install/erc_ros2_navigation/share/erc_ros2_navigation/launch/localization.launch.py
[0.988s] -- Up-to-date: /home/arnavb/erc_ws/src/install/erc_ros2_navigation/share/erc_ros2_navigation/launch/mapping.launch.py
[0.988s] -- Up-to-date: /home/arnavb/erc_ws/src/install/erc_ros2_navigation/share/erc_ros2_navigation/launch/localization_slam_toolbox.launch.py
[0.988s] -- Up-to-date: /home/arnavb/erc_ws/src/install/erc_ros2_navigation/share/erc_ros2_navigation/launch/navigation_with_slam.launch.py
[0.988s] -- Up-to-date: /home/arnavb/erc_ws/src/install/erc_ros2_navigation/share/erc_ros2_navigation/worlds
[0.988s] -- Up-to-date: /home/arnavb/erc_ws/src/install/erc_ros2_navigation/share/erc_ros2_navigation/worlds/empty.sdf
[0.988s] -- Up-to-date: /home/arnavb/erc_ws/src/install/erc_ros2_navigation/share/erc_ros2_navigation/worlds/home.sdf
[0.988s] -- Up-to-date: /home/arnavb/erc_ws/src/install/erc_ros2_navigation/share/erc_ros2_navigation/rviz
[0.988s] -- Up-to-date: /home/arnavb/erc_ws/src/install/erc_ros2_navigation/share/erc_ros2_navigation/rviz/navigation.rviz
[0.988s] -- Up-to-date: /home/arnavb/erc_ws/src/install/erc_ros2_navigation/share/erc_ros2_navigation/rviz/urdf.rviz
[0.988s] -- Up-to-date: /home/arnavb/erc_ws/src/install/erc_ros2_navigation/share/erc_ros2_navigation/rviz/localization.rviz
[0.988s] -- Up-to-date: /home/arnavb/erc_ws/src/install/erc_ros2_navigation/share/erc_ros2_navigation/rviz/rviz.rviz
[0.988s] -- Up-to-date: /home/arnavb/erc_ws/src/install/erc_ros2_navigation/share/erc_ros2_navigation/rviz/mapping.rviz
[0.988s] -- Up-to-date: /home/arnavb/erc_ws/src/install/erc_ros2_navigation/share/erc_ros2_navigation/urdf
[0.988s] -- Up-to-date: /home/arnavb/erc_ws/src/install/erc_ros2_navigation/share/erc_ros2_navigation/urdf/erc_bot.gazebo
[0.988s] -- Up-to-date: /home/arnavb/erc_ws/src/install/erc_ros2_navigation/share/erc_ros2_navigation/urdf/materials.xacro
[0.988s] -- Up-to-date: /home/arnavb/erc_ws/src/install/erc_ros2_navigation/share/erc_ros2_navigation/urdf/erc_bot.urdf
[0.988s] -- Up-to-date: /home/arnavb/erc_ws/src/install/erc_ros2_navigation/share/erc_ros2_navigation/meshes
[0.988s] -- Up-to-date: /home/arnavb/erc_ws/src/install/erc_ros2_navigation/share/erc_ros2_navigation/meshes/IronManWheelLeftFront.dae
[0.988s] -- Up-to-date: /home/arnavb/erc_ws/src/install/erc_ros2_navigation/share/erc_ros2_navigation/meshes/lidar.dae
[0.988s] -- Up-to-date: /home/arnavb/erc_ws/src/install/erc_ros2_navigation/share/erc_ros2_navigation/meshes/IronManWheelRightFront.dae
[0.988s] -- Up-to-date: /home/arnavb/erc_ws/src/install/erc_ros2_navigation/share/erc_ros2_navigation/meshes/IronMan_ROS_Body.dae
[0.988s] -- Up-to-date: /home/arnavb/erc_ws/src/install/erc_ros2_navigation/share/erc_ros2_navigation/config
[0.989s] -- Up-to-date: /home/arnavb/erc_ws/src/install/erc_ros2_navigation/share/erc_ros2_navigation/config/waypoints.yaml
[0.989s] -- Up-to-date: /home/arnavb/erc_ws/src/install/erc_ros2_navigation/share/erc_ros2_navigation/config/ekf.yaml
[0.989s] -- Up-to-date: /home/arnavb/erc_ws/src/install/erc_ros2_navigation/share/erc_ros2_navigation/config/slam_toolbox_mapping.yaml
[0.989s] -- Up-to-date: /home/arnavb/erc_ws/src/install/erc_ros2_navigation/share/erc_ros2_navigation/config/navigation.yaml
[0.989s] -- Up-to-date: /home/arnavb/erc_ws/src/install/erc_ros2_navigation/share/erc_ros2_navigation/config/slam_toolbox_localization.yaml
[0.989s] -- Up-to-date: /home/arnavb/erc_ws/src/install/erc_ros2_navigation/share/erc_ros2_navigation/config/amcl_localization.yaml
[0.989s] -- Up-to-date: /home/arnavb/erc_ws/src/install/erc_ros2_navigation/share/erc_ros2_navigation/config/gz_bridge.yaml
[0.989s] -- Up-to-date: /home/arnavb/erc_ws/src/install/erc_ros2_navigation/share/erc_ros2_navigation/maps
[0.989s] -- Up-to-date: /home/arnavb/erc_ws/src/install/erc_ros2_navigation/share/erc_ros2_navigation/maps/serialized.posegraph
[0.989s] -- Up-to-date: /home/arnavb/erc_ws/src/install/erc_ros2_navigation/share/erc_ros2_navigation/maps/my_map.pgm
[0.989s] -- Up-to-date: /home/arnavb/erc_ws/src/install/erc_ros2_navigation/share/erc_ros2_navigation/maps/serialized.data
[0.989s] -- Up-to-date: /home/arnavb/erc_ws/src/install/erc_ros2_navigation/share/erc_ros2_navigation/maps/my_map.yaml
[0.989s] -- Up-to-date: /home/arnavb/erc_ws/src/install/erc_ros2_navigation/share/ament_index/resource_index/package_run_dependencies/erc_ros2_navigation
[0.989s] -- Up-to-date: /home/arnavb/erc_ws/src/install/erc_ros2_navigation/share/ament_index/resource_index/parent_prefix_path/erc_ros2_navigation
[0.989s] -- Up-to-date: /home/arnavb/erc_ws/src/install/erc_ros2_navigation/share/erc_ros2_navigation/environment/ament_prefix_path.sh
[0.989s] -- Up-to-date: /home/arnavb/erc_ws/src/install/erc_ros2_navigation/share/erc_ros2_navigation/environment/ament_prefix_path.dsv
[0.989s] -- Up-to-date: /home/arnavb/erc_ws/src/install/erc_ros2_navigation/share/erc_ros2_navigation/environment/path.sh
[0.989s] -- Up-to-date: /home/arnavb/erc_ws/src/install/erc_ros2_navigation/share/erc_ros2_navigation/environment/path.dsv
[0.989s] -- Up-to-date: /home/arnavb/erc_ws/src/install/erc_ros2_navigation/share/erc_ros2_navigation/local_setup.bash
[0.989s] -- Up-to-date: /home/arnavb/erc_ws/src/install/erc_ros2_navigation/share/erc_ros2_navigation/local_setup.sh
[0.989s] -- Up-to-date: /home/arnavb/erc_ws/src/install/erc_ros2_navigation/share/erc_ros2_navigation/local_setup.zsh
[0.989s] -- Up-to-date: /home/arnavb/erc_ws/src/install/erc_ros2_navigation/share/erc_ros2_navigation/local_setup.dsv
[0.989s] -- Installing: /home/arnavb/erc_ws/src/install/erc_ros2_navigation/share/erc_ros2_navigation/package.dsv
[0.989s] -- Up-to-date: /home/arnavb/erc_ws/src/install/erc_ros2_navigation/share/ament_index/resource_index/packages/erc_ros2_navigation
[0.990s] -- Up-to-date: /home/arnavb/erc_ws/src/install/erc_ros2_navigation/share/erc_ros2_navigation/cmake/erc_ros2_navigationConfig.cmake
[0.990s] -- Up-to-date: /home/arnavb/erc_ws/src/install/erc_ros2_navigation/share/erc_ros2_navigation/cmake/erc_ros2_navigationConfig-version.cmake
[0.990s] -- Up-to-date: /home/arnavb/erc_ws/src/install/erc_ros2_navigation/share/erc_ros2_navigation/package.xml
[1.004s] Invoked command in '/home/arnavb/erc_ws/src/build/erc_ros2_navigation' returned '0': CMAKE_PREFIX_PATH=${CMAKE_PREFIX_PATH}:/home/arnavb/erc_ws/src/install/week1_tutorials:/home/arnavb/erc_ws/src/install/stark_os:/home/arnavb/erc_ws/src/install/mogi_trajectory_server:/home/arnavb/erc_ws/src/install/erc_trajectory_server:/home/arnavb/erc_ws/src/install/erc_ros2_simple_arm_py:/home/arnavb/erc_ws/src/install/erc_ros2_navigation_py:/home/arnavb/erc_ws/src/install/erc_gazebo_sensors_py:/home/arnavb/erc_ws/src/install/assgn:/home/arnavb/erc_ws/install/week1_tutorials:/home/arnavb/erc_ws/install/stark_os:/home/arnavb/erc_ws/install/mogi_trajectory_server:/opt/ros/jazzy DEBUGINFOD_URLS=https://debuginfod.ubuntu.com /usr/bin/cmake --install /home/arnavb/erc_ws/src/build/erc_ros2_navigation
