[1.187s] Invoking command in '/home/arnavb/erc_ws/src/stark_os': DEBUGINFOD_URLS=https://debuginfod.ubuntu.com PYTHONPATH=/home/arnavb/erc_ws/src/build/stark_os/prefix_override:/usr/lib/python3/dist-packages/colcon_core/task/python/colcon_distutils_commands:/home/arnavb/erc_ws/src/install/stark_os/lib/python3.12/site-packages:${PYTHONPATH} /usr/bin/python3 -W ignore:setup.py install is deprecated -W ignore:easy_install command is deprecated setup.py egg_info --egg-base ../build/stark_os build --build-base /home/arnavb/erc_ws/src/build/stark_os/build install --record /home/arnavb/erc_ws/src/build/stark_os/install.log --single-version-externally-managed install_data
[1.497s] running egg_info
[1.497s] creating ../build/stark_os/stark_os.egg-info
[1.518s] writing ../build/stark_os/stark_os.egg-info/PKG-INFO
[1.519s] writing dependency_links to ../build/stark_os/stark_os.egg-info/dependency_links.txt
[1.519s] writing entry points to ../build/stark_os/stark_os.egg-info/entry_points.txt
[1.519s] writing requirements to ../build/stark_os/stark_os.egg-info/requires.txt
[1.519s] writing top-level names to ../build/stark_os/stark_os.egg-info/top_level.txt
[1.519s] writing manifest file '../build/stark_os/stark_os.egg-info/SOURCES.txt'
[1.562s] reading manifest file '../build/stark_os/stark_os.egg-info/SOURCES.txt'
[1.563s] writing manifest file '../build/stark_os/stark_os.egg-info/SOURCES.txt'
[1.563s] running build
[1.563s] running build_py
[1.563s] creating /home/arnavb/erc_ws/src/build/stark_os/build
[1.563s] creating /home/arnavb/erc_ws/src/build/stark_os/build/lib
[1.563s] creating /home/arnavb/erc_ws/src/build/stark_os/build/lib/stark_os
[1.563s] copying stark_os/__init__.py -> /home/arnavb/erc_ws/src/build/stark_os/build/lib/stark_os
[1.563s] copying stark_os/talker2.py -> /home/arnavb/erc_ws/src/build/stark_os/build/lib/stark_os
[1.564s] copying stark_os/talker1.py -> /home/arnavb/erc_ws/src/build/stark_os/build/lib/stark_os
[1.565s] copying stark_os/listener.py -> /home/arnavb/erc_ws/src/build/stark_os/build/lib/stark_os
[1.565s] running install
[1.573s] running install_lib
[1.594s] creating /home/arnavb/erc_ws/src/install/stark_os/lib/python3.12/site-packages/stark_os
[1.594s] copying /home/arnavb/erc_ws/src/build/stark_os/build/lib/stark_os/__init__.py -> /home/arnavb/erc_ws/src/install/stark_os/lib/python3.12/site-packages/stark_os
[1.594s] copying /home/arnavb/erc_ws/src/build/stark_os/build/lib/stark_os/talker2.py -> /home/arnavb/erc_ws/src/install/stark_os/lib/python3.12/site-packages/stark_os
[1.594s] copying /home/arnavb/erc_ws/src/build/stark_os/build/lib/stark_os/talker1.py -> /home/arnavb/erc_ws/src/install/stark_os/lib/python3.12/site-packages/stark_os
[1.594s] copying /home/arnavb/erc_ws/src/build/stark_os/build/lib/stark_os/listener.py -> /home/arnavb/erc_ws/src/install/stark_os/lib/python3.12/site-packages/stark_os
[1.595s] byte-compiling /home/arnavb/erc_ws/src/install/stark_os/lib/python3.12/site-packages/stark_os/__init__.py to __init__.cpython-312.pyc
[1.595s] byte-compiling /home/arnavb/erc_ws/src/install/stark_os/lib/python3.12/site-packages/stark_os/talker2.py to talker2.cpython-312.pyc
[1.596s] byte-compiling /home/arnavb/erc_ws/src/install/stark_os/lib/python3.12/site-packages/stark_os/talker1.py to talker1.cpython-312.pyc
[1.596s] byte-compiling /home/arnavb/erc_ws/src/install/stark_os/lib/python3.12/site-packages/stark_os/listener.py to listener.cpython-312.pyc
[1.596s] running install_data
[1.597s] creating /home/arnavb/erc_ws/src/install/stark_os/share/ament_index
[1.597s] creating /home/arnavb/erc_ws/src/install/stark_os/share/ament_index/resource_index
[1.597s] creating /home/arnavb/erc_ws/src/install/stark_os/share/ament_index/resource_index/packages
[1.597s] copying resource/stark_os -> /home/arnavb/erc_ws/src/install/stark_os/share/ament_index/resource_index/packages
[1.597s] copying package.xml -> /home/arnavb/erc_ws/src/install/stark_os/share/stark_os
[1.597s] creating /home/arnavb/erc_ws/src/install/stark_os/share/stark_os/launch
[1.597s] copying launch/pubsub.launch.py -> /home/arnavb/erc_ws/src/install/stark_os/share/stark_os/launch
[1.597s] running install_egg_info
[1.620s] Copying ../build/stark_os/stark_os.egg-info to /home/arnavb/erc_ws/src/install/stark_os/lib/python3.12/site-packages/stark_os-0.0.0-py3.12.egg-info
[1.621s] running install_scripts
[1.768s] Installing publisher1 script to /home/arnavb/erc_ws/src/install/stark_os/lib/stark_os
[1.768s] Installing publisher2 script to /home/arnavb/erc_ws/src/install/stark_os/lib/stark_os
[1.768s] Installing subscriber script to /home/arnavb/erc_ws/src/install/stark_os/lib/stark_os
[1.768s] writing list of installed files to '/home/arnavb/erc_ws/src/build/stark_os/install.log'
[1.800s] Invoked command in '/home/arnavb/erc_ws/src/stark_os' returned '0': DEBUGINFOD_URLS=https://debuginfod.ubuntu.com PYTHONPATH=/home/arnavb/erc_ws/src/build/stark_os/prefix_override:/usr/lib/python3/dist-packages/colcon_core/task/python/colcon_distutils_commands:/home/arnavb/erc_ws/src/install/stark_os/lib/python3.12/site-packages:${PYTHONPATH} /usr/bin/python3 -W ignore:setup.py install is deprecated -W ignore:easy_install command is deprecated setup.py egg_info --egg-base ../build/stark_os build --build-base /home/arnavb/erc_ws/src/build/stark_os/build install --record /home/arnavb/erc_ws/src/build/stark_os/install.log --single-version-externally-managed install_data
