[8.041s] Invoking command in '/home/arnavb/erc_ws/src/erc_ros2_navigation_py': DEBUGINFOD_URLS=https://debuginfod.ubuntu.com PYTHONPATH=/home/arnavb/erc_ws/src/build/erc_ros2_navigation_py/prefix_override:/usr/lib/python3/dist-packages/colcon_core/task/python/colcon_distutils_commands:/home/arnavb/erc_ws/src/install/erc_ros2_navigation_py/lib/python3.12/site-packages:${PYTHONPATH} /usr/bin/python3 -W ignore:setup.py install is deprecated -W ignore:easy_install command is deprecated setup.py egg_info --egg-base ../build/erc_ros2_navigation_py build --build-base /home/arnavb/erc_ws/src/build/erc_ros2_navigation_py/build install --record /home/arnavb/erc_ws/src/build/erc_ros2_navigation_py/install.log --single-version-externally-managed install_data
[8.766s] running egg_info
[8.807s] writing ../build/erc_ros2_navigation_py/erc_ros2_navigation_py.egg-info/PKG-INFO
[8.807s] writing dependency_links to ../build/erc_ros2_navigation_py/erc_ros2_navigation_py.egg-info/dependency_links.txt
[8.808s] writing entry points to ../build/erc_ros2_navigation_py/erc_ros2_navigation_py.egg-info/entry_points.txt
[8.808s] writing requirements to ../build/erc_ros2_navigation_py/erc_ros2_navigation_py.egg-info/requires.txt
[8.808s] writing top-level names to ../build/erc_ros2_navigation_py/erc_ros2_navigation_py.egg-info/top_level.txt
[8.918s] reading manifest file '../build/erc_ros2_navigation_py/erc_ros2_navigation_py.egg-info/SOURCES.txt'
[8.919s] writing manifest file '../build/erc_ros2_navigation_py/erc_ros2_navigation_py.egg-info/SOURCES.txt'
[8.920s] running build
[8.920s] running build_py
[8.920s] running install
[8.936s] running install_lib
[8.983s] running install_data
[8.983s] running install_egg_info
[9.028s] removing '/home/arnavb/erc_ws/src/install/erc_ros2_navigation_py/lib/python3.12/site-packages/erc_ros2_navigation_py-1.0.0-py3.12.egg-info' (and everything under it)
[9.029s] Copying ../build/erc_ros2_navigation_py/erc_ros2_navigation_py.egg-info to /home/arnavb/erc_ws/src/install/erc_ros2_navigation_py/lib/python3.12/site-packages/erc_ros2_navigation_py-1.0.0-py3.12.egg-info
[9.030s] running install_scripts
[9.327s] Installing send_initialpose script to /home/arnavb/erc_ws/src/install/erc_ros2_navigation_py/lib/erc_ros2_navigation_py
[9.327s] Installing slam_toolbox_load_map script to /home/arnavb/erc_ws/src/install/erc_ros2_navigation_py/lib/erc_ros2_navigation_py
[9.330s] writing list of installed files to '/home/arnavb/erc_ws/src/build/erc_ros2_navigation_py/install.log'
[9.512s] Invoked command in '/home/arnavb/erc_ws/src/erc_ros2_navigation_py' returned '0': DEBUGINFOD_URLS=https://debuginfod.ubuntu.com PYTHONPATH=/home/arnavb/erc_ws/src/build/erc_ros2_navigation_py/prefix_override:/usr/lib/python3/dist-packages/colcon_core/task/python/colcon_distutils_commands:/home/arnavb/erc_ws/src/install/erc_ros2_navigation_py/lib/python3.12/site-packages:${PYTHONPATH} /usr/bin/python3 -W ignore:setup.py install is deprecated -W ignore:easy_install command is deprecated setup.py egg_info --egg-base ../build/erc_ros2_navigation_py build --build-base /home/arnavb/erc_ws/src/build/erc_ros2_navigation_py/build install --record /home/arnavb/erc_ws/src/build/erc_ros2_navigation_py/install.log --single-version-externally-managed install_data
