[7.884s] Invoking command in '/home/arnavb/erc_ws/src/assgn': DEBUGINFOD_URLS=https://debuginfod.ubuntu.com PYTHONPATH=/home/arnavb/erc_ws/build/assgn/prefix_override:/usr/lib/python3/dist-packages/colcon_core/task/python/colcon_distutils_commands:/home/arnavb/erc_ws/install/assgn/lib/python3.12/site-packages:${PYTHONPATH} /usr/bin/python3 -W ignore:setup.py install is deprecated -W ignore:easy_install command is deprecated setup.py egg_info --egg-base ../../build/assgn build --build-base /home/arnavb/erc_ws/build/assgn/build install --record /home/arnavb/erc_ws/build/assgn/install.log --single-version-externally-managed install_data
[8.533s] running egg_info
[8.534s] creating ../../build/assgn/assgn.egg-info
[8.572s] writing ../../build/assgn/assgn.egg-info/PKG-INFO
[8.572s] writing dependency_links to ../../build/assgn/assgn.egg-info/dependency_links.txt
[8.574s] writing entry points to ../../build/assgn/assgn.egg-info/entry_points.txt
[8.574s] writing requirements to ../../build/assgn/assgn.egg-info/requires.txt
[8.575s] writing top-level names to ../../build/assgn/assgn.egg-info/top_level.txt
[8.575s] writing manifest file '../../build/assgn/assgn.egg-info/SOURCES.txt'
[8.682s] reading manifest file '../../build/assgn/assgn.egg-info/SOURCES.txt'
[8.683s] writing manifest file '../../build/assgn/assgn.egg-info/SOURCES.txt'
[8.684s] running build
[8.684s] running build_py
[8.684s] creating /home/arnavb/erc_ws/build/assgn/build
[8.684s] creating /home/arnavb/erc_ws/build/assgn/build/lib
[8.684s] creating /home/arnavb/erc_ws/build/assgn/build/lib/assgn
[8.684s] copying assgn/__init__.py -> /home/arnavb/erc_ws/build/assgn/build/lib/assgn
[8.685s] copying assgn/tonystarklogic.py -> /home/arnavb/erc_ws/build/assgn/build/lib/assgn
[8.685s] running install
[8.699s] running install_lib
[8.761s] creating /home/arnavb/erc_ws/install/assgn/lib/python3.12/site-packages/assgn
[8.761s] copying /home/arnavb/erc_ws/build/assgn/build/lib/assgn/__init__.py -> /home/arnavb/erc_ws/install/assgn/lib/python3.12/site-packages/assgn
[8.761s] copying /home/arnavb/erc_ws/build/assgn/build/lib/assgn/tonystarklogic.py -> /home/arnavb/erc_ws/install/assgn/lib/python3.12/site-packages/assgn
[8.763s] byte-compiling /home/arnavb/erc_ws/install/assgn/lib/python3.12/site-packages/assgn/__init__.py to __init__.cpython-312.pyc
[8.763s] byte-compiling /home/arnavb/erc_ws/install/assgn/lib/python3.12/site-packages/assgn/tonystarklogic.py to tonystarklogic.cpython-312.pyc
[8.765s] running install_data
[8.765s] creating /home/arnavb/erc_ws/install/assgn/share/ament_index
[8.766s] creating /home/arnavb/erc_ws/install/assgn/share/ament_index/resource_index
[8.766s] creating /home/arnavb/erc_ws/install/assgn/share/ament_index/resource_index/packages
[8.766s] copying resource/assgn -> /home/arnavb/erc_ws/install/assgn/share/ament_index/resource_index/packages
[8.766s] copying package.xml -> /home/arnavb/erc_ws/install/assgn/share/assgn
[8.766s] creating /home/arnavb/erc_ws/install/assgn/share/assgn/launch
[8.766s] copying launch/Assgn.launch.py -> /home/arnavb/erc_ws/install/assgn/share/assgn/launch
[8.767s] copying launch/world.launch.py -> /home/arnavb/erc_ws/install/assgn/share/assgn/launch
[8.767s] creating /home/arnavb/erc_ws/install/assgn/share/assgn/assgn
[8.767s] copying assgn/tonystarklogic.py -> /home/arnavb/erc_ws/install/assgn/share/assgn/assgn
[8.768s] creating /home/arnavb/erc_ws/install/assgn/share/assgn/rviz
[8.769s] copying rviz/rviz.rviz -> /home/arnavb/erc_ws/install/assgn/share/assgn/rviz
[8.769s] creating /home/arnavb/erc_ws/install/assgn/share/assgn/worlds
[8.769s] copying worlds/IronManCave.sdf -> /home/arnavb/erc_ws/install/assgn/share/assgn/worlds
[8.770s] creating /home/arnavb/erc_ws/install/assgn/share/assgn/models
[8.770s] copying models/erc_bot.gazebo -> /home/arnavb/erc_ws/install/assgn/share/assgn/models
[8.771s] copying models/IronRover.urdf -> /home/arnavb/erc_ws/install/assgn/share/assgn/models
[8.771s] copying models/materials.xacro -> /home/arnavb/erc_ws/install/assgn/share/assgn/models
[8.771s] creating /home/arnavb/erc_ws/install/assgn/share/assgn/meshes
[8.772s] copying meshes/IronMan_ROS_Body.dae -> /home/arnavb/erc_ws/install/assgn/share/assgn/meshes
[8.774s] copying meshes/IronManWheelLeftFront.dae -> /home/arnavb/erc_ws/install/assgn/share/assgn/meshes
[8.781s] copying meshes/IronManWheelRightFront.dae -> /home/arnavb/erc_ws/install/assgn/share/assgn/meshes
[8.785s] copying meshes/lidar.dae -> /home/arnavb/erc_ws/install/assgn/share/assgn/meshes
[8.787s] running install_egg_info
[8.852s] Copying ../../build/assgn/assgn.egg-info to /home/arnavb/erc_ws/install/assgn/lib/python3.12/site-packages/assgn-0.0.0-py3.12.egg-info
[8.854s] running install_scripts
[9.273s] Installing node script to /home/arnavb/erc_ws/install/assgn/lib/assgn
[9.273s] writing list of installed files to '/home/arnavb/erc_ws/build/assgn/install.log'
[9.436s] Invoked command in '/home/arnavb/erc_ws/src/assgn' returned '0': DEBUGINFOD_URLS=https://debuginfod.ubuntu.com PYTHONPATH=/home/arnavb/erc_ws/build/assgn/prefix_override:/usr/lib/python3/dist-packages/colcon_core/task/python/colcon_distutils_commands:/home/arnavb/erc_ws/install/assgn/lib/python3.12/site-packages:${PYTHONPATH} /usr/bin/python3 -W ignore:setup.py install is deprecated -W ignore:easy_install command is deprecated setup.py egg_info --egg-base ../../build/assgn build --build-base /home/arnavb/erc_ws/build/assgn/build install --record /home/arnavb/erc_ws/build/assgn/install.log --single-version-externally-managed install_data
