[1.547s] Invoking command in '/home/arnavb/erc_ws/src/stark_os': DEBUGINFOD_URLS=https://debuginfod.ubuntu.com PYTHONPATH=/home/arnavb/erc_ws/build/stark_os/prefix_override:/usr/lib/python3/dist-packages/colcon_core/task/python/colcon_distutils_commands:/home/arnavb/erc_ws/install/stark_os/lib/python3.12/site-packages:${PYTHONPATH} /usr/bin/python3 -W ignore:setup.py install is deprecated -W ignore:easy_install command is deprecated setup.py egg_info --egg-base ../../build/stark_os build --build-base /home/arnavb/erc_ws/build/stark_os/build install --record /home/arnavb/erc_ws/build/stark_os/install.log --single-version-externally-managed install_data
[1.852s] running egg_info
[1.874s] writing ../../build/stark_os/stark_os.egg-info/PKG-INFO
[1.874s] writing dependency_links to ../../build/stark_os/stark_os.egg-info/dependency_links.txt
[1.875s] writing entry points to ../../build/stark_os/stark_os.egg-info/entry_points.txt
[1.875s] writing requirements to ../../build/stark_os/stark_os.egg-info/requires.txt
[1.875s] writing top-level names to ../../build/stark_os/stark_os.egg-info/top_level.txt
[1.919s] reading manifest file '../../build/stark_os/stark_os.egg-info/SOURCES.txt'
[1.920s] writing manifest file '../../build/stark_os/stark_os.egg-info/SOURCES.txt'
[1.921s] running build
[1.921s] running build_py
[1.921s] running install
[1.928s] running install_lib
[1.951s] running install_data
[1.951s] running install_egg_info
[1.975s] removing '/home/arnavb/erc_ws/install/stark_os/lib/python3.12/site-packages/stark_os-0.0.0-py3.12.egg-info' (and everything under it)
[1.975s] Copying ../../build/stark_os/stark_os.egg-info to /home/arnavb/erc_ws/install/stark_os/lib/python3.12/site-packages/stark_os-0.0.0-py3.12.egg-info
[1.976s] running install_scripts
[2.126s] Installing publisher1 script to /home/arnavb/erc_ws/install/stark_os/lib/stark_os
[2.127s] Installing publisher2 script to /home/arnavb/erc_ws/install/stark_os/lib/stark_os
[2.127s] Installing subscriber script to /home/arnavb/erc_ws/install/stark_os/lib/stark_os
[2.127s] writing list of installed files to '/home/arnavb/erc_ws/build/stark_os/install.log'
[2.164s] Invoked command in '/home/arnavb/erc_ws/src/stark_os' returned '0': DEBUGINFOD_URLS=https://debuginfod.ubuntu.com PYTHONPATH=/home/arnavb/erc_ws/build/stark_os/prefix_override:/usr/lib/python3/dist-packages/colcon_core/task/python/colcon_distutils_commands:/home/arnavb/erc_ws/install/stark_os/lib/python3.12/site-packages:${PYTHONPATH} /usr/bin/python3 -W ignore:setup.py install is deprecated -W ignore:easy_install command is deprecated setup.py egg_info --egg-base ../../build/stark_os build --build-base /home/arnavb/erc_ws/build/stark_os/build install --record /home/arnavb/erc_ws/build/stark_os/install.log --single-version-externally-managed install_data
