[1.116s] Invoking command in '/home/arnavb/erc_ws/src/week3/erc_trajectory_server': DEBUGINFOD_URLS=https://debuginfod.ubuntu.com PYTHONPATH=/home/arnavb/erc_ws/src/week3/build/erc_trajectory_server/prefix_override:/usr/lib/python3/dist-packages/colcon_core/task/python/colcon_distutils_commands:/home/arnavb/erc_ws/src/week3/install/erc_trajectory_server/lib/python3.12/site-packages:${PYTHONPATH} /usr/bin/python3 -W ignore:setup.py install is deprecated -W ignore:easy_install command is deprecated setup.py egg_info --egg-base ../build/erc_trajectory_server build --build-base /home/arnavb/erc_ws/src/week3/build/erc_trajectory_server/build install --record /home/arnavb/erc_ws/src/week3/build/erc_trajectory_server/install.log --single-version-externally-managed install_data
[1.307s] running egg_info
[1.320s] writing ../build/erc_trajectory_server/erc_trajectory_server.egg-info/PKG-INFO
[1.320s] writing dependency_links to ../build/erc_trajectory_server/erc_trajectory_server.egg-info/dependency_links.txt
[1.320s] writing entry points to ../build/erc_trajectory_server/erc_trajectory_server.egg-info/entry_points.txt
[1.320s] writing requirements to ../build/erc_trajectory_server/erc_trajectory_server.egg-info/requires.txt
[1.320s] writing top-level names to ../build/erc_trajectory_server/erc_trajectory_server.egg-info/top_level.txt
[1.347s] reading manifest file '../build/erc_trajectory_server/erc_trajectory_server.egg-info/SOURCES.txt'
[1.347s] adding license file 'LICENSE'
[1.348s] writing manifest file '../build/erc_trajectory_server/erc_trajectory_server.egg-info/SOURCES.txt'
[1.348s] running build
[1.348s] running build_py
[1.348s] running install
[1.352s] running install_lib
[1.366s] running install_data
[1.366s] running install_egg_info
[1.380s] removing '/home/arnavb/erc_ws/src/week3/install/erc_trajectory_server/lib/python3.12/site-packages/erc_trajectory_server-1.0.0-py3.12.egg-info' (and everything under it)
[1.381s] Copying ../build/erc_trajectory_server/erc_trajectory_server.egg-info to /home/arnavb/erc_ws/src/week3/install/erc_trajectory_server/lib/python3.12/site-packages/erc_trajectory_server-1.0.0-py3.12.egg-info
[1.381s] running install_scripts
[1.474s] Installing erc_trajectory_server script to /home/arnavb/erc_ws/src/week3/install/erc_trajectory_server/lib/erc_trajectory_server
[1.474s] Installing erc_trajectory_server_topic_based script to /home/arnavb/erc_ws/src/week3/install/erc_trajectory_server/lib/erc_trajectory_server
[1.474s] writing list of installed files to '/home/arnavb/erc_ws/src/week3/build/erc_trajectory_server/install.log'
[1.499s] Invoked command in '/home/arnavb/erc_ws/src/week3/erc_trajectory_server' returned '0': DEBUGINFOD_URLS=https://debuginfod.ubuntu.com PYTHONPATH=/home/arnavb/erc_ws/src/week3/build/erc_trajectory_server/prefix_override:/usr/lib/python3/dist-packages/colcon_core/task/python/colcon_distutils_commands:/home/arnavb/erc_ws/src/week3/install/erc_trajectory_server/lib/python3.12/site-packages:${PYTHONPATH} /usr/bin/python3 -W ignore:setup.py install is deprecated -W ignore:easy_install command is deprecated setup.py egg_info --egg-base ../build/erc_trajectory_server build --build-base /home/arnavb/erc_ws/src/week3/build/erc_trajectory_server/build install --record /home/arnavb/erc_ws/src/week3/build/erc_trajectory_server/install.log --single-version-externally-managed install_data
