[3.380s] Invoking command in '/home/arnavb/erc_ws/src/erc_gazebo_sensors_py': DEBUGINFOD_URLS=https://debuginfod.ubuntu.com PYTHONPATH=/home/arnavb/erc_ws/src/build/erc_gazebo_sensors_py/prefix_override:/usr/lib/python3/dist-packages/colcon_core/task/python/colcon_distutils_commands:/home/arnavb/erc_ws/src/install/erc_gazebo_sensors_py/lib/python3.12/site-packages:${PYTHONPATH} /usr/bin/python3 -W ignore:setup.py install is deprecated -W ignore:easy_install command is deprecated setup.py egg_info --egg-base ../build/erc_gazebo_sensors_py build --build-base /home/arnavb/erc_ws/src/build/erc_gazebo_sensors_py/build install --record /home/arnavb/erc_ws/src/build/erc_gazebo_sensors_py/install.log --single-version-externally-managed install_data
[4.015s] running egg_info
[4.045s] writing ../build/erc_gazebo_sensors_py/erc_gazebo_sensors_py.egg-info/PKG-INFO
[4.045s] writing dependency_links to ../build/erc_gazebo_sensors_py/erc_gazebo_sensors_py.egg-info/dependency_links.txt
[4.045s] writing entry points to ../build/erc_gazebo_sensors_py/erc_gazebo_sensors_py.egg-info/entry_points.txt
[4.045s] writing requirements to ../build/erc_gazebo_sensors_py/erc_gazebo_sensors_py.egg-info/requires.txt
[4.046s] writing top-level names to ../build/erc_gazebo_sensors_py/erc_gazebo_sensors_py.egg-info/top_level.txt
[4.103s] reading manifest file '../build/erc_gazebo_sensors_py/erc_gazebo_sensors_py.egg-info/SOURCES.txt'
[4.106s] writing manifest file '../build/erc_gazebo_sensors_py/erc_gazebo_sensors_py.egg-info/SOURCES.txt'
[4.106s] running build
[4.106s] running build_py
[4.107s] running install
[4.119s] running install_lib
[4.167s] running install_data
[4.167s] running install_egg_info
[4.211s] removing '/home/arnavb/erc_ws/src/install/erc_gazebo_sensors_py/lib/python3.12/site-packages/erc_gazebo_sensors_py-0.0.0-py3.12.egg-info' (and everything under it)
[4.211s] Copying ../build/erc_gazebo_sensors_py/erc_gazebo_sensors_py.egg-info to /home/arnavb/erc_ws/src/install/erc_gazebo_sensors_py/lib/python3.12/site-packages/erc_gazebo_sensors_py-0.0.0-py3.12.egg-info
[4.211s] running install_scripts
[4.409s] Installing chase_the_ball script to /home/arnavb/erc_ws/src/install/erc_gazebo_sensors_py/lib/erc_gazebo_sensors_py
[4.410s] writing list of installed files to '/home/arnavb/erc_ws/src/build/erc_gazebo_sensors_py/install.log'
[4.483s] Invoked command in '/home/arnavb/erc_ws/src/erc_gazebo_sensors_py' returned '0': DEBUGINFOD_URLS=https://debuginfod.ubuntu.com PYTHONPATH=/home/arnavb/erc_ws/src/build/erc_gazebo_sensors_py/prefix_override:/usr/lib/python3/dist-packages/colcon_core/task/python/colcon_distutils_commands:/home/arnavb/erc_ws/src/install/erc_gazebo_sensors_py/lib/python3.12/site-packages:${PYTHONPATH} /usr/bin/python3 -W ignore:setup.py install is deprecated -W ignore:easy_install command is deprecated setup.py egg_info --egg-base ../build/erc_gazebo_sensors_py build --build-base /home/arnavb/erc_ws/src/build/erc_gazebo_sensors_py/build install --record /home/arnavb/erc_ws/src/build/erc_gazebo_sensors_py/install.log --single-version-externally-managed install_data
