[0.346s] Invoking command in '/home/arnavb/erc_ws/src/build/erc_gazebo_basics': CMAKE_PREFIX_PATH=${CMAKE_PREFIX_PATH}:/home/arnavb/erc_ws/install/week1_tutorials:/home/arnavb/erc_ws/install/stark_os:/home/arnavb/erc_ws/install/mogi_trajectory_server:/opt/ros/jazzy DEBUGINFOD_URLS=https://debuginfod.ubuntu.com /usr/bin/cmake --build /home/arnavb/erc_ws/src/build/erc_gazebo_basics -- -j20 -l20
[1.488s] Invoked command in '/home/arnavb/erc_ws/src/build/erc_gazebo_basics' returned '0': CMAKE_PREFIX_PATH=${CMAKE_PREFIX_PATH}:/home/arnavb/erc_ws/install/week1_tutorials:/home/arnavb/erc_ws/install/stark_os:/home/arnavb/erc_ws/install/mogi_trajectory_server:/opt/ros/jazzy DEBUGINFOD_URLS=https://debuginfod.ubuntu.com /usr/bin/cmake --build /home/arnavb/erc_ws/src/build/erc_gazebo_basics -- -j20 -l20
[1.506s] Invoking command in '/home/arnavb/erc_ws/src/build/erc_gazebo_basics': CMAKE_PREFIX_PATH=${CMAKE_PREFIX_PATH}:/home/arnavb/erc_ws/install/week1_tutorials:/home/arnavb/erc_ws/install/stark_os:/home/arnavb/erc_ws/install/mogi_trajectory_server:/opt/ros/jazzy DEBUGINFOD_URLS=https://debuginfod.ubuntu.com /usr/bin/cmake --install /home/arnavb/erc_ws/src/build/erc_gazebo_basics
[1.520s] -- Install configuration: ""
[1.522s] -- Up-to-date: /home/arnavb/erc_ws/src/install/erc_gazebo_basics/share/erc_gazebo_basics/launch
[1.522s] -- Up-to-date: /home/arnavb/erc_ws/src/install/erc_gazebo_basics/share/erc_gazebo_basics/launch/world.launch.py
[1.522s] -- Up-to-date: /home/arnavb/erc_ws/src/install/erc_gazebo_basics/share/erc_gazebo_basics/worlds
[1.524s] -- Up-to-date: /home/arnavb/erc_ws/src/install/erc_gazebo_basics/share/erc_gazebo_basics/worlds/world.sdf
[1.525s] -- Up-to-date: /home/arnavb/erc_ws/src/install/erc_gazebo_basics/share/erc_gazebo_basics/worlds/empty.sdf
[1.525s] -- Up-to-date: /home/arnavb/erc_ws/src/install/erc_gazebo_basics/share/erc_gazebo_basics/rviz
[1.525s] -- Up-to-date: /home/arnavb/erc_ws/src/install/erc_gazebo_basics/share/erc_gazebo_basics/rviz/urdf.rviz
[1.525s] -- Up-to-date: /home/arnavb/erc_ws/src/install/erc_gazebo_basics/share/erc_gazebo_basics/rviz/rviz.rviz
[1.526s] -- Up-to-date: /home/arnavb/erc_ws/src/install/erc_gazebo_basics/share/erc_gazebo_basics/urdf
[1.526s] -- Up-to-date: /home/arnavb/erc_ws/src/install/erc_gazebo_basics/share/erc_gazebo_basics/urdf/materials.xacro
[1.526s] -- Up-to-date: /home/arnavb/erc_ws/src/install/erc_gazebo_basics/share/erc_gazebo_basics/meshes
[1.526s] -- Up-to-date: /home/arnavb/erc_ws/src/install/erc_gazebo_basics/share/erc_gazebo_basics/meshes/IronManWheelLeftFront.dae
[1.526s] -- Up-to-date: /home/arnavb/erc_ws/src/install/erc_gazebo_basics/share/erc_gazebo_basics/meshes/IronManWheelRightFront.dae
[1.527s] -- Up-to-date: /home/arnavb/erc_ws/src/install/erc_gazebo_basics/share/erc_gazebo_basics/meshes/wheel.SLDPRT
[1.528s] -- Up-to-date: /home/arnavb/erc_ws/src/install/erc_gazebo_basics/share/erc_gazebo_basics/meshes/wheel.blend
[1.528s] -- Up-to-date: /home/arnavb/erc_ws/src/install/erc_gazebo_basics/share/erc_gazebo_basics/meshes/IronMan_ROS_Body.dae
[1.529s] -- Up-to-date: /home/arnavb/erc_ws/src/install/erc_gazebo_basics/share/erc_gazebo_basics/meshes/wheel.dae
[1.529s] -- Up-to-date: /home/arnavb/erc_ws/src/install/erc_gazebo_basics/share/erc_gazebo_basics/meshes/wheel.STEP
[1.529s] -- Up-to-date: /home/arnavb/erc_ws/src/install/erc_gazebo_basics/share/erc_gazebo_basics/meshes/wheel.STL
[1.530s] -- Up-to-date: /home/arnavb/erc_ws/src/install/erc_gazebo_basics/share/ament_index/resource_index/package_run_dependencies/erc_gazebo_basics
[1.530s] -- Up-to-date: /home/arnavb/erc_ws/src/install/erc_gazebo_basics/share/ament_index/resource_index/parent_prefix_path/erc_gazebo_basics
[1.530s] -- Up-to-date: /home/arnavb/erc_ws/src/install/erc_gazebo_basics/share/erc_gazebo_basics/environment/ament_prefix_path.sh
[1.530s] -- Up-to-date: /home/arnavb/erc_ws/src/install/erc_gazebo_basics/share/erc_gazebo_basics/environment/ament_prefix_path.dsv
[1.530s] -- Up-to-date: /home/arnavb/erc_ws/src/install/erc_gazebo_basics/share/erc_gazebo_basics/environment/path.sh
[1.530s] -- Up-to-date: /home/arnavb/erc_ws/src/install/erc_gazebo_basics/share/erc_gazebo_basics/environment/path.dsv
[1.530s] -- Up-to-date: /home/arnavb/erc_ws/src/install/erc_gazebo_basics/share/erc_gazebo_basics/local_setup.bash
[1.530s] -- Up-to-date: /home/arnavb/erc_ws/src/install/erc_gazebo_basics/share/erc_gazebo_basics/local_setup.sh
[1.530s] -- Up-to-date: /home/arnavb/erc_ws/src/install/erc_gazebo_basics/share/erc_gazebo_basics/local_setup.zsh
[1.531s] -- Up-to-date: /home/arnavb/erc_ws/src/install/erc_gazebo_basics/share/erc_gazebo_basics/local_setup.dsv
[1.531s] -- Installing: /home/arnavb/erc_ws/src/install/erc_gazebo_basics/share/erc_gazebo_basics/package.dsv
[1.531s] -- Up-to-date: /home/arnavb/erc_ws/src/install/erc_gazebo_basics/share/ament_index/resource_index/packages/erc_gazebo_basics
[1.531s] -- Up-to-date: /home/arnavb/erc_ws/src/install/erc_gazebo_basics/share/erc_gazebo_basics/cmake/erc_gazebo_basicsConfig.cmake
[1.531s] -- Up-to-date: /home/arnavb/erc_ws/src/install/erc_gazebo_basics/share/erc_gazebo_basics/cmake/erc_gazebo_basicsConfig-version.cmake
[1.531s] -- Up-to-date: /home/arnavb/erc_ws/src/install/erc_gazebo_basics/share/erc_gazebo_basics/package.xml
[1.549s] Invoked command in '/home/arnavb/erc_ws/src/build/erc_gazebo_basics' returned '0': CMAKE_PREFIX_PATH=${CMAKE_PREFIX_PATH}:/home/arnavb/erc_ws/install/week1_tutorials:/home/arnavb/erc_ws/install/stark_os:/home/arnavb/erc_ws/install/mogi_trajectory_server:/opt/ros/jazzy DEBUGINFOD_URLS=https://debuginfod.ubuntu.com /usr/bin/cmake --install /home/arnavb/erc_ws/src/build/erc_gazebo_basics
