[1.136s] Invoking command in '/home/arnavb/erc_ws/src/erc_gazebo_sensors_py': DEBUGINFOD_URLS=https://debuginfod.ubuntu.com PYTHONPATH=/home/arnavb/erc_ws/src/erc_gazebo_sensors_py/build/erc_gazebo_sensors_py/prefix_override:/usr/lib/python3/dist-packages/colcon_core/task/python/colcon_distutils_commands:/home/arnavb/erc_ws/src/erc_gazebo_sensors_py/install/erc_gazebo_sensors_py/lib/python3.12/site-packages:${PYTHONPATH} /usr/bin/python3 -W ignore:setup.py install is deprecated -W ignore:easy_install command is deprecated setup.py egg_info --egg-base build/erc_gazebo_sensors_py build --build-base /home/arnavb/erc_ws/src/erc_gazebo_sensors_py/build/erc_gazebo_sensors_py/build install --record /home/arnavb/erc_ws/src/erc_gazebo_sensors_py/build/erc_gazebo_sensors_py/install.log --single-version-externally-managed install_data
[1.462s] running egg_info
[1.462s] creating build/erc_gazebo_sensors_py/erc_gazebo_sensors_py.egg-info
[1.485s] writing build/erc_gazebo_sensors_py/erc_gazebo_sensors_py.egg-info/PKG-INFO
[1.485s] writing dependency_links to build/erc_gazebo_sensors_py/erc_gazebo_sensors_py.egg-info/dependency_links.txt
[1.485s] writing entry points to build/erc_gazebo_sensors_py/erc_gazebo_sensors_py.egg-info/entry_points.txt
[1.485s] writing requirements to build/erc_gazebo_sensors_py/erc_gazebo_sensors_py.egg-info/requires.txt
[1.485s] writing top-level names to build/erc_gazebo_sensors_py/erc_gazebo_sensors_py.egg-info/top_level.txt
[1.485s] writing manifest file 'build/erc_gazebo_sensors_py/erc_gazebo_sensors_py.egg-info/SOURCES.txt'
[1.531s] reading manifest file 'build/erc_gazebo_sensors_py/erc_gazebo_sensors_py.egg-info/SOURCES.txt'
[1.532s] writing manifest file 'build/erc_gazebo_sensors_py/erc_gazebo_sensors_py.egg-info/SOURCES.txt'
[1.532s] running build
[1.532s] running build_py
[1.532s] creating /home/arnavb/erc_ws/src/erc_gazebo_sensors_py/build/erc_gazebo_sensors_py/build
[1.532s] creating /home/arnavb/erc_ws/src/erc_gazebo_sensors_py/build/erc_gazebo_sensors_py/build/lib
[1.532s] creating /home/arnavb/erc_ws/src/erc_gazebo_sensors_py/build/erc_gazebo_sensors_py/build/lib/erc_gazebo_sensors_py
[1.532s] copying erc_gazebo_sensors_py/__init__.py -> /home/arnavb/erc_ws/src/erc_gazebo_sensors_py/build/erc_gazebo_sensors_py/build/lib/erc_gazebo_sensors_py
[1.533s] copying erc_gazebo_sensors_py/chase_the_ball.py -> /home/arnavb/erc_ws/src/erc_gazebo_sensors_py/build/erc_gazebo_sensors_py/build/lib/erc_gazebo_sensors_py
[1.533s] running install
[1.540s] running install_lib
[1.563s] creating /home/arnavb/erc_ws/src/erc_gazebo_sensors_py/install/erc_gazebo_sensors_py/lib/python3.12/site-packages/erc_gazebo_sensors_py
[1.563s] copying /home/arnavb/erc_ws/src/erc_gazebo_sensors_py/build/erc_gazebo_sensors_py/build/lib/erc_gazebo_sensors_py/__init__.py -> /home/arnavb/erc_ws/src/erc_gazebo_sensors_py/install/erc_gazebo_sensors_py/lib/python3.12/site-packages/erc_gazebo_sensors_py
[1.563s] copying /home/arnavb/erc_ws/src/erc_gazebo_sensors_py/build/erc_gazebo_sensors_py/build/lib/erc_gazebo_sensors_py/chase_the_ball.py -> /home/arnavb/erc_ws/src/erc_gazebo_sensors_py/install/erc_gazebo_sensors_py/lib/python3.12/site-packages/erc_gazebo_sensors_py
[1.563s] byte-compiling /home/arnavb/erc_ws/src/erc_gazebo_sensors_py/install/erc_gazebo_sensors_py/lib/python3.12/site-packages/erc_gazebo_sensors_py/__init__.py to __init__.cpython-312.pyc
[1.563s] byte-compiling /home/arnavb/erc_ws/src/erc_gazebo_sensors_py/install/erc_gazebo_sensors_py/lib/python3.12/site-packages/erc_gazebo_sensors_py/chase_the_ball.py to chase_the_ball.cpython-312.pyc
[1.565s] running install_data
[1.565s] creating /home/arnavb/erc_ws/src/erc_gazebo_sensors_py/install/erc_gazebo_sensors_py/share/ament_index
[1.565s] creating /home/arnavb/erc_ws/src/erc_gazebo_sensors_py/install/erc_gazebo_sensors_py/share/ament_index/resource_index
[1.565s] creating /home/arnavb/erc_ws/src/erc_gazebo_sensors_py/install/erc_gazebo_sensors_py/share/ament_index/resource_index/packages
[1.565s] copying resource/erc_gazebo_sensors_py -> /home/arnavb/erc_ws/src/erc_gazebo_sensors_py/install/erc_gazebo_sensors_py/share/ament_index/resource_index/packages
[1.565s] copying package.xml -> /home/arnavb/erc_ws/src/erc_gazebo_sensors_py/install/erc_gazebo_sensors_py/share/erc_gazebo_sensors_py
[1.565s] running install_egg_info
[1.589s] Copying build/erc_gazebo_sensors_py/erc_gazebo_sensors_py.egg-info to /home/arnavb/erc_ws/src/erc_gazebo_sensors_py/install/erc_gazebo_sensors_py/lib/python3.12/site-packages/erc_gazebo_sensors_py-0.0.0-py3.12.egg-info
[1.590s] running install_scripts
[1.747s] Installing chase_the_ball script to /home/arnavb/erc_ws/src/erc_gazebo_sensors_py/install/erc_gazebo_sensors_py/lib/erc_gazebo_sensors_py
[1.747s] writing list of installed files to '/home/arnavb/erc_ws/src/erc_gazebo_sensors_py/build/erc_gazebo_sensors_py/install.log'
[1.778s] Invoked command in '/home/arnavb/erc_ws/src/erc_gazebo_sensors_py' returned '0': DEBUGINFOD_URLS=https://debuginfod.ubuntu.com PYTHONPATH=/home/arnavb/erc_ws/src/erc_gazebo_sensors_py/build/erc_gazebo_sensors_py/prefix_override:/usr/lib/python3/dist-packages/colcon_core/task/python/colcon_distutils_commands:/home/arnavb/erc_ws/src/erc_gazebo_sensors_py/install/erc_gazebo_sensors_py/lib/python3.12/site-packages:${PYTHONPATH} /usr/bin/python3 -W ignore:setup.py install is deprecated -W ignore:easy_install command is deprecated setup.py egg_info --egg-base build/erc_gazebo_sensors_py build --build-base /home/arnavb/erc_ws/src/erc_gazebo_sensors_py/build/erc_gazebo_sensors_py/build install --record /home/arnavb/erc_ws/src/erc_gazebo_sensors_py/build/erc_gazebo_sensors_py/install.log --single-version-externally-managed install_data
