[1.707s] Invoking command in '/home/arnavb/erc_ws/src/assgn': DEBUGINFOD_URLS=https://debuginfod.ubuntu.com PYTHONPATH=/home/arnavb/erc_ws/src/build/assgn/prefix_override:/usr/lib/python3/dist-packages/colcon_core/task/python/colcon_distutils_commands:/home/arnavb/erc_ws/src/install/assgn/lib/python3.12/site-packages:${PYTHONPATH} /usr/bin/python3 -W ignore:setup.py install is deprecated -W ignore:easy_install command is deprecated setup.py egg_info --egg-base ../build/assgn build --build-base /home/arnavb/erc_ws/src/build/assgn/build install --record /home/arnavb/erc_ws/src/build/assgn/install.log --single-version-externally-managed install_data
[2.028s] running egg_info
[2.050s] writing ../build/assgn/assgn.egg-info/PKG-INFO
[2.052s] writing dependency_links to ../build/assgn/assgn.egg-info/dependency_links.txt
[2.052s] writing entry points to ../build/assgn/assgn.egg-info/entry_points.txt
[2.052s] writing requirements to ../build/assgn/assgn.egg-info/requires.txt
[2.053s] writing top-level names to ../build/assgn/assgn.egg-info/top_level.txt
[2.097s] reading manifest file '../build/assgn/assgn.egg-info/SOURCES.txt'
[2.098s] writing manifest file '../build/assgn/assgn.egg-info/SOURCES.txt'
[2.098s] running build
[2.098s] running build_py
[2.099s] copying assgn/tonystarklogic.py -> /home/arnavb/erc_ws/src/build/assgn/build/lib/assgn
[2.100s] running install
[2.107s] running install_lib
[2.131s] copying /home/arnavb/erc_ws/src/build/assgn/build/lib/assgn/tonystarklogic.py -> /home/arnavb/erc_ws/src/install/assgn/lib/python3.12/site-packages/assgn
[2.132s] byte-compiling /home/arnavb/erc_ws/src/install/assgn/lib/python3.12/site-packages/assgn/tonystarklogic.py to tonystarklogic.cpython-312.pyc
[2.133s] running install_data
[2.134s] copying assgn/tonystarklogic.py -> /home/arnavb/erc_ws/src/install/assgn/share/assgn/assgn
[2.135s] running install_egg_info
[2.159s] removing '/home/arnavb/erc_ws/src/install/assgn/lib/python3.12/site-packages/assgn-0.0.0-py3.12.egg-info' (and everything under it)
[2.159s] Copying ../build/assgn/assgn.egg-info to /home/arnavb/erc_ws/src/install/assgn/lib/python3.12/site-packages/assgn-0.0.0-py3.12.egg-info
[2.160s] running install_scripts
[2.311s] Installing node script to /home/arnavb/erc_ws/src/install/assgn/lib/assgn
[2.328s] writing list of installed files to '/home/arnavb/erc_ws/src/build/assgn/install.log'
[2.368s] Invoked command in '/home/arnavb/erc_ws/src/assgn' returned '0': DEBUGINFOD_URLS=https://debuginfod.ubuntu.com PYTHONPATH=/home/arnavb/erc_ws/src/build/assgn/prefix_override:/usr/lib/python3/dist-packages/colcon_core/task/python/colcon_distutils_commands:/home/arnavb/erc_ws/src/install/assgn/lib/python3.12/site-packages:${PYTHONPATH} /usr/bin/python3 -W ignore:setup.py install is deprecated -W ignore:easy_install command is deprecated setup.py egg_info --egg-base ../build/assgn build --build-base /home/arnavb/erc_ws/src/build/assgn/build install --record /home/arnavb/erc_ws/src/build/assgn/install.log --single-version-externally-managed install_data
