[1.429s] Invoking command in '/home/arnavb/erc_ws/src/erc_gazebo_sensors_py': DEBUGINFOD_URLS=https://debuginfod.ubuntu.com PYTHONPATH=/home/arnavb/erc_ws/src/build/erc_gazebo_sensors_py/prefix_override:/usr/lib/python3/dist-packages/colcon_core/task/python/colcon_distutils_commands:/home/arnavb/erc_ws/src/install/erc_gazebo_sensors_py/lib/python3.12/site-packages:${PYTHONPATH} /usr/bin/python3 -W ignore:setup.py install is deprecated -W ignore:easy_install command is deprecated setup.py egg_info --egg-base ../build/erc_gazebo_sensors_py build --build-base /home/arnavb/erc_ws/src/build/erc_gazebo_sensors_py/build install --record /home/arnavb/erc_ws/src/build/erc_gazebo_sensors_py/install.log --single-version-externally-managed install_data
[1.631s] running egg_info
[1.645s] writing ../build/erc_gazebo_sensors_py/erc_gazebo_sensors_py.egg-info/PKG-INFO
[1.645s] writing dependency_links to ../build/erc_gazebo_sensors_py/erc_gazebo_sensors_py.egg-info/dependency_links.txt
[1.645s] writing entry points to ../build/erc_gazebo_sensors_py/erc_gazebo_sensors_py.egg-info/entry_points.txt
[1.645s] writing requirements to ../build/erc_gazebo_sensors_py/erc_gazebo_sensors_py.egg-info/requires.txt
[1.645s] writing top-level names to ../build/erc_gazebo_sensors_py/erc_gazebo_sensors_py.egg-info/top_level.txt
[1.672s] reading manifest file '../build/erc_gazebo_sensors_py/erc_gazebo_sensors_py.egg-info/SOURCES.txt'
[1.673s] writing manifest file '../build/erc_gazebo_sensors_py/erc_gazebo_sensors_py.egg-info/SOURCES.txt'
[1.673s] running build
[1.673s] running build_py
[1.673s] running install
[1.677s] running install_lib
[1.691s] running install_data
[1.691s] running install_egg_info
[1.706s] removing '/home/arnavb/erc_ws/src/install/erc_gazebo_sensors_py/lib/python3.12/site-packages/erc_gazebo_sensors_py-0.0.0-py3.12.egg-info' (and everything under it)
[1.707s] Copying ../build/erc_gazebo_sensors_py/erc_gazebo_sensors_py.egg-info to /home/arnavb/erc_ws/src/install/erc_gazebo_sensors_py/lib/python3.12/site-packages/erc_gazebo_sensors_py-0.0.0-py3.12.egg-info
[1.707s] running install_scripts
[1.799s] Installing chase_the_ball script to /home/arnavb/erc_ws/src/install/erc_gazebo_sensors_py/lib/erc_gazebo_sensors_py
[1.799s] writing list of installed files to '/home/arnavb/erc_ws/src/build/erc_gazebo_sensors_py/install.log'
[1.832s] Invoked command in '/home/arnavb/erc_ws/src/erc_gazebo_sensors_py' returned '0': DEBUGINFOD_URLS=https://debuginfod.ubuntu.com PYTHONPATH=/home/arnavb/erc_ws/src/build/erc_gazebo_sensors_py/prefix_override:/usr/lib/python3/dist-packages/colcon_core/task/python/colcon_distutils_commands:/home/arnavb/erc_ws/src/install/erc_gazebo_sensors_py/lib/python3.12/site-packages:${PYTHONPATH} /usr/bin/python3 -W ignore:setup.py install is deprecated -W ignore:easy_install command is deprecated setup.py egg_info --egg-base ../build/erc_gazebo_sensors_py build --build-base /home/arnavb/erc_ws/src/build/erc_gazebo_sensors_py/build install --record /home/arnavb/erc_ws/src/build/erc_gazebo_sensors_py/install.log --single-version-externally-managed install_data
