[0.559s] Invoking command in '/home/arnavb/erc_ws/src/assgn': DEBUGINFOD_URLS=https://debuginfod.ubuntu.com PYTHONPATH=/home/arnavb/erc_ws/src/assgn/build/assgn/prefix_override:/usr/lib/python3/dist-packages/colcon_core/task/python/colcon_distutils_commands:/home/arnavb/erc_ws/src/assgn/install/assgn/lib/python3.12/site-packages:${PYTHONPATH} /usr/bin/python3 -W ignore:setup.py install is deprecated -W ignore:easy_install command is deprecated setup.py egg_info --egg-base build/assgn build --build-base /home/arnavb/erc_ws/src/assgn/build/assgn/build install --record /home/arnavb/erc_ws/src/assgn/build/assgn/install.log --single-version-externally-managed install_data
[0.751s] running egg_info
[0.763s] writing build/assgn/assgn.egg-info/PKG-INFO
[0.763s] writing dependency_links to build/assgn/assgn.egg-info/dependency_links.txt
[0.763s] writing entry points to build/assgn/assgn.egg-info/entry_points.txt
[0.763s] writing requirements to build/assgn/assgn.egg-info/requires.txt
[0.764s] writing top-level names to build/assgn/assgn.egg-info/top_level.txt
[0.791s] reading manifest file 'build/assgn/assgn.egg-info/SOURCES.txt'
[0.792s] writing manifest file 'build/assgn/assgn.egg-info/SOURCES.txt'
[0.792s] running build
[0.792s] running build_py
[0.792s] copying assgn/tonystarklogic.py -> /home/arnavb/erc_ws/src/assgn/build/assgn/build/lib/assgn
[0.792s] running install
[0.796s] running install_lib
[0.809s] copying /home/arnavb/erc_ws/src/assgn/build/assgn/build/lib/assgn/tonystarklogic.py -> /home/arnavb/erc_ws/src/assgn/install/assgn/lib/python3.12/site-packages/assgn
[0.810s] byte-compiling /home/arnavb/erc_ws/src/assgn/install/assgn/lib/python3.12/site-packages/assgn/tonystarklogic.py to tonystarklogic.cpython-312.pyc
[0.810s] running install_data
[0.810s] creating /home/arnavb/erc_ws/src/assgn/install/assgn/share/assgn/assgn
[0.810s] copying assgn/tonystarklogic.py -> /home/arnavb/erc_ws/src/assgn/install/assgn/share/assgn/assgn
[0.810s] creating /home/arnavb/erc_ws/src/assgn/install/assgn/share/assgn/rviz
[0.810s] copying rviz/rviz.rviz -> /home/arnavb/erc_ws/src/assgn/install/assgn/share/assgn/rviz
[0.811s] creating /home/arnavb/erc_ws/src/assgn/install/assgn/share/assgn/worlds
[0.811s] copying worlds/IronManCave.sdf -> /home/arnavb/erc_ws/src/assgn/install/assgn/share/assgn/worlds
[0.811s] creating /home/arnavb/erc_ws/src/assgn/install/assgn/share/assgn/models
[0.811s] copying models/erc_bot.gazebo -> /home/arnavb/erc_ws/src/assgn/install/assgn/share/assgn/models
[0.811s] copying models/IronRover.urdf -> /home/arnavb/erc_ws/src/assgn/install/assgn/share/assgn/models
[0.811s] copying models/materials.xacro -> /home/arnavb/erc_ws/src/assgn/install/assgn/share/assgn/models
[0.811s] creating /home/arnavb/erc_ws/src/assgn/install/assgn/share/assgn/meshes
[0.811s] copying meshes/IronMan_ROS_Body.dae -> /home/arnavb/erc_ws/src/assgn/install/assgn/share/assgn/meshes
[0.811s] copying meshes/IronManWheelLeftFront.dae -> /home/arnavb/erc_ws/src/assgn/install/assgn/share/assgn/meshes
[0.812s] copying meshes/IronManWheelRightFront.dae -> /home/arnavb/erc_ws/src/assgn/install/assgn/share/assgn/meshes
[0.813s] copying meshes/lidar.dae -> /home/arnavb/erc_ws/src/assgn/install/assgn/share/assgn/meshes
[0.813s] running install_egg_info
[0.827s] removing '/home/arnavb/erc_ws/src/assgn/install/assgn/lib/python3.12/site-packages/assgn-0.0.0-py3.12.egg-info' (and everything under it)
[0.827s] Copying build/assgn/assgn.egg-info to /home/arnavb/erc_ws/src/assgn/install/assgn/lib/python3.12/site-packages/assgn-0.0.0-py3.12.egg-info
[0.828s] running install_scripts
[0.917s] Installing node script to /home/arnavb/erc_ws/src/assgn/install/assgn/lib/assgn
[0.917s] writing list of installed files to '/home/arnavb/erc_ws/src/assgn/build/assgn/install.log'
[0.934s] Invoked command in '/home/arnavb/erc_ws/src/assgn' returned '0': DEBUGINFOD_URLS=https://debuginfod.ubuntu.com PYTHONPATH=/home/arnavb/erc_ws/src/assgn/build/assgn/prefix_override:/usr/lib/python3/dist-packages/colcon_core/task/python/colcon_distutils_commands:/home/arnavb/erc_ws/src/assgn/install/assgn/lib/python3.12/site-packages:${PYTHONPATH} /usr/bin/python3 -W ignore:setup.py install is deprecated -W ignore:easy_install command is deprecated setup.py egg_info --egg-base build/assgn build --build-base /home/arnavb/erc_ws/src/assgn/build/assgn/build install --record /home/arnavb/erc_ws/src/assgn/build/assgn/install.log --single-version-externally-managed install_data
