running egg_info
writing ../build/erc_trajectory_server/erc_trajectory_server.egg-info/PKG-INFO
writing dependency_links to ../build/erc_trajectory_server/erc_trajectory_server.egg-info/dependency_links.txt
writing entry points to ../build/erc_trajectory_server/erc_trajectory_server.egg-info/entry_points.txt
writing requirements to ../build/erc_trajectory_server/erc_trajectory_server.egg-info/requires.txt
writing top-level names to ../build/erc_trajectory_server/erc_trajectory_server.egg-info/top_level.txt
reading manifest file '../build/erc_trajectory_server/erc_trajectory_server.egg-info/SOURCES.txt'
adding license file 'LICENSE'
writing manifest file '../build/erc_trajectory_server/erc_trajectory_server.egg-info/SOURCES.txt'
running build
running build_py
copying erc_trajectory_server/__init__.py -> /home/arnavb/erc_ws/src/build/erc_trajectory_server/build/lib/erc_trajectory_server
copying erc_trajectory_server/trajectory_topic_based.py -> /home/arnavb/erc_ws/src/build/erc_trajectory_server/build/lib/erc_trajectory_server
copying erc_trajectory_server/trajectory.py -> /home/arnavb/erc_ws/src/build/erc_trajectory_server/build/lib/erc_trajectory_server
running install
running install_lib
copying /home/arnavb/erc_ws/src/build/erc_trajectory_server/build/lib/erc_trajectory_server/__init__.py -> /home/arnavb/erc_ws/src/install/erc_trajectory_server/lib/python3.12/site-packages/erc_trajectory_server
copying /home/arnavb/erc_ws/src/build/erc_trajectory_server/build/lib/erc_trajectory_server/trajectory_topic_based.py -> /home/arnavb/erc_ws/src/install/erc_trajectory_server/lib/python3.12/site-packages/erc_trajectory_server
copying /home/arnavb/erc_ws/src/build/erc_trajectory_server/build/lib/erc_trajectory_server/trajectory.py -> /home/arnavb/erc_ws/src/install/erc_trajectory_server/lib/python3.12/site-packages/erc_trajectory_server
byte-compiling /home/arnavb/erc_ws/src/install/erc_trajectory_server/lib/python3.12/site-packages/erc_trajectory_server/__init__.py to __init__.cpython-312.pyc
byte-compiling /home/arnavb/erc_ws/src/install/erc_trajectory_server/lib/python3.12/site-packages/erc_trajectory_server/trajectory_topic_based.py to trajectory_topic_based.cpython-312.pyc
byte-compiling /home/arnavb/erc_ws/src/install/erc_trajectory_server/lib/python3.12/site-packages/erc_trajectory_server/trajectory.py to trajectory.cpython-312.pyc
running install_data
copying resource/erc_trajectory_server -> /home/arnavb/erc_ws/src/install/erc_trajectory_server/share/ament_index/resource_index/packages
copying package.xml -> /home/arnavb/erc_ws/src/install/erc_trajectory_server/share/erc_trajectory_server
running install_egg_info
removing '/home/arnavb/erc_ws/src/install/erc_trajectory_server/lib/python3.12/site-packages/erc_trajectory_server-1.0.0-py3.12.egg-info' (and everything under it)
Copying ../build/erc_trajectory_server/erc_trajectory_server.egg-info to /home/arnavb/erc_ws/src/install/erc_trajectory_server/lib/python3.12/site-packages/erc_trajectory_server-1.0.0-py3.12.egg-info
running install_scripts
Installing erc_trajectory_server script to /home/arnavb/erc_ws/src/install/erc_trajectory_server/lib/erc_trajectory_server
Installing erc_trajectory_server_topic_based script to /home/arnavb/erc_ws/src/install/erc_trajectory_server/lib/erc_trajectory_server
writing list of installed files to '/home/arnavb/erc_ws/src/build/erc_trajectory_server/install.log'
