[0.875s] Invoking command in '/home/arnavb/erc_ws/src/mogi_trajectory_server': DEBUGINFOD_URLS=https://debuginfod.ubuntu.com PYTHONPATH=/home/arnavb/erc_ws/build/mogi_trajectory_server/prefix_override:/usr/lib/python3/dist-packages/colcon_core/task/python/colcon_distutils_commands:/home/arnavb/erc_ws/install/mogi_trajectory_server/lib/python3.12/site-packages:${PYTHONPATH} /usr/bin/python3 -W ignore:setup.py install is deprecated -W ignore:easy_install command is deprecated setup.py egg_info --egg-base ../../build/mogi_trajectory_server build --build-base /home/arnavb/erc_ws/build/mogi_trajectory_server/build install --record /home/arnavb/erc_ws/build/mogi_trajectory_server/install.log --single-version-externally-managed install_data
[1.055s] running egg_info
[1.055s] creating ../../build/mogi_trajectory_server/mogi_trajectory_server.egg-info
[1.067s] writing ../../build/mogi_trajectory_server/mogi_trajectory_server.egg-info/PKG-INFO
[1.067s] writing dependency_links to ../../build/mogi_trajectory_server/mogi_trajectory_server.egg-info/dependency_links.txt
[1.067s] writing entry points to ../../build/mogi_trajectory_server/mogi_trajectory_server.egg-info/entry_points.txt
[1.067s] writing requirements to ../../build/mogi_trajectory_server/mogi_trajectory_server.egg-info/requires.txt
[1.067s] writing top-level names to ../../build/mogi_trajectory_server/mogi_trajectory_server.egg-info/top_level.txt
[1.067s] writing manifest file '../../build/mogi_trajectory_server/mogi_trajectory_server.egg-info/SOURCES.txt'
[1.092s] reading manifest file '../../build/mogi_trajectory_server/mogi_trajectory_server.egg-info/SOURCES.txt'
[1.092s] adding license file 'LICENSE'
[1.093s] writing manifest file '../../build/mogi_trajectory_server/mogi_trajectory_server.egg-info/SOURCES.txt'
[1.093s] running build
[1.093s] running build_py
[1.093s] creating /home/arnavb/erc_ws/build/mogi_trajectory_server/build
[1.093s] creating /home/arnavb/erc_ws/build/mogi_trajectory_server/build/lib
[1.093s] creating /home/arnavb/erc_ws/build/mogi_trajectory_server/build/lib/mogi_trajectory_server
[1.093s] copying mogi_trajectory_server/__init__.py -> /home/arnavb/erc_ws/build/mogi_trajectory_server/build/lib/mogi_trajectory_server
[1.093s] copying mogi_trajectory_server/trajectory_topic_based.py -> /home/arnavb/erc_ws/build/mogi_trajectory_server/build/lib/mogi_trajectory_server
[1.094s] copying mogi_trajectory_server/trajectory.py -> /home/arnavb/erc_ws/build/mogi_trajectory_server/build/lib/mogi_trajectory_server
[1.094s] running install
[1.097s] running install_lib
[1.109s] creating /home/arnavb/erc_ws/install/mogi_trajectory_server/lib/python3.12/site-packages/mogi_trajectory_server
[1.110s] copying /home/arnavb/erc_ws/build/mogi_trajectory_server/build/lib/mogi_trajectory_server/__init__.py -> /home/arnavb/erc_ws/install/mogi_trajectory_server/lib/python3.12/site-packages/mogi_trajectory_server
[1.110s] copying /home/arnavb/erc_ws/build/mogi_trajectory_server/build/lib/mogi_trajectory_server/trajectory_topic_based.py -> /home/arnavb/erc_ws/install/mogi_trajectory_server/lib/python3.12/site-packages/mogi_trajectory_server
[1.110s] copying /home/arnavb/erc_ws/build/mogi_trajectory_server/build/lib/mogi_trajectory_server/trajectory.py -> /home/arnavb/erc_ws/install/mogi_trajectory_server/lib/python3.12/site-packages/mogi_trajectory_server
[1.110s] byte-compiling /home/arnavb/erc_ws/install/mogi_trajectory_server/lib/python3.12/site-packages/mogi_trajectory_server/__init__.py to __init__.cpython-312.pyc
[1.110s] byte-compiling /home/arnavb/erc_ws/install/mogi_trajectory_server/lib/python3.12/site-packages/mogi_trajectory_server/trajectory_topic_based.py to trajectory_topic_based.cpython-312.pyc
[1.110s] byte-compiling /home/arnavb/erc_ws/install/mogi_trajectory_server/lib/python3.12/site-packages/mogi_trajectory_server/trajectory.py to trajectory.cpython-312.pyc
[1.111s] running install_data
[1.112s] creating /home/arnavb/erc_ws/install/mogi_trajectory_server/share/ament_index
[1.112s] creating /home/arnavb/erc_ws/install/mogi_trajectory_server/share/ament_index/resource_index
[1.112s] creating /home/arnavb/erc_ws/install/mogi_trajectory_server/share/ament_index/resource_index/packages
[1.112s] copying resource/mogi_trajectory_server -> /home/arnavb/erc_ws/install/mogi_trajectory_server/share/ament_index/resource_index/packages
[1.112s] copying package.xml -> /home/arnavb/erc_ws/install/mogi_trajectory_server/share/mogi_trajectory_server
[1.112s] running install_egg_info
[1.126s] Copying ../../build/mogi_trajectory_server/mogi_trajectory_server.egg-info to /home/arnavb/erc_ws/install/mogi_trajectory_server/lib/python3.12/site-packages/mogi_trajectory_server-1.0.0-py3.12.egg-info
[1.126s] running install_scripts
[1.212s] Installing mogi_trajectory_server script to /home/arnavb/erc_ws/install/mogi_trajectory_server/lib/mogi_trajectory_server
[1.212s] Installing mogi_trajectory_server_topic_based script to /home/arnavb/erc_ws/install/mogi_trajectory_server/lib/mogi_trajectory_server
[1.212s] writing list of installed files to '/home/arnavb/erc_ws/build/mogi_trajectory_server/install.log'
[1.240s] Invoked command in '/home/arnavb/erc_ws/src/mogi_trajectory_server' returned '0': DEBUGINFOD_URLS=https://debuginfod.ubuntu.com PYTHONPATH=/home/arnavb/erc_ws/build/mogi_trajectory_server/prefix_override:/usr/lib/python3/dist-packages/colcon_core/task/python/colcon_distutils_commands:/home/arnavb/erc_ws/install/mogi_trajectory_server/lib/python3.12/site-packages:${PYTHONPATH} /usr/bin/python3 -W ignore:setup.py install is deprecated -W ignore:easy_install command is deprecated setup.py egg_info --egg-base ../../build/mogi_trajectory_server build --build-base /home/arnavb/erc_ws/build/mogi_trajectory_server/build install --record /home/arnavb/erc_ws/build/mogi_trajectory_server/install.log --single-version-externally-managed install_data
