[1.241s] Invoking command in '/home/arnavb/erc_ws/src/week3/erc_ros2_simple_arm_py': DEBUGINFOD_URLS=https://debuginfod.ubuntu.com PYTHONPATH=/home/arnavb/erc_ws/src/week3/build/erc_ros2_simple_arm_py/prefix_override:/usr/lib/python3/dist-packages/colcon_core/task/python/colcon_distutils_commands:/home/arnavb/erc_ws/src/week3/install/erc_ros2_simple_arm_py/lib/python3.12/site-packages:${PYTHONPATH} /usr/bin/python3 -W ignore:setup.py install is deprecated -W ignore:easy_install command is deprecated setup.py egg_info --egg-base ../build/erc_ros2_simple_arm_py build --build-base /home/arnavb/erc_ws/src/week3/build/erc_ros2_simple_arm_py/build install --record /home/arnavb/erc_ws/src/week3/build/erc_ros2_simple_arm_py/install.log --single-version-externally-managed install_data
[1.433s] running egg_info
[1.446s] writing ../build/erc_ros2_simple_arm_py/erc_ros2_simple_arm_py.egg-info/PKG-INFO
[1.447s] writing dependency_links to ../build/erc_ros2_simple_arm_py/erc_ros2_simple_arm_py.egg-info/dependency_links.txt
[1.447s] writing entry points to ../build/erc_ros2_simple_arm_py/erc_ros2_simple_arm_py.egg-info/entry_points.txt
[1.447s] writing requirements to ../build/erc_ros2_simple_arm_py/erc_ros2_simple_arm_py.egg-info/requires.txt
[1.447s] writing top-level names to ../build/erc_ros2_simple_arm_py/erc_ros2_simple_arm_py.egg-info/top_level.txt
[1.474s] reading manifest file '../build/erc_ros2_simple_arm_py/erc_ros2_simple_arm_py.egg-info/SOURCES.txt'
[1.475s] writing manifest file '../build/erc_ros2_simple_arm_py/erc_ros2_simple_arm_py.egg-info/SOURCES.txt'
[1.475s] running build
[1.475s] running build_py
[1.476s] copying erc_ros2_simple_arm_py/integrated_pickup.py -> /home/arnavb/erc_ws/src/week3/build/erc_ros2_simple_arm_py/build/lib/erc_ros2_simple_arm_py
[1.476s] running install
[1.481s] running install_lib
[1.495s] copying /home/arnavb/erc_ws/src/week3/build/erc_ros2_simple_arm_py/build/lib/erc_ros2_simple_arm_py/integrated_pickup.py -> /home/arnavb/erc_ws/src/week3/install/erc_ros2_simple_arm_py/lib/python3.12/site-packages/erc_ros2_simple_arm_py
[1.495s] byte-compiling /home/arnavb/erc_ws/src/week3/install/erc_ros2_simple_arm_py/lib/python3.12/site-packages/erc_ros2_simple_arm_py/integrated_pickup.py to integrated_pickup.cpython-312.pyc
[1.497s] running install_data
[1.497s] running install_egg_info
[1.512s] removing '/home/arnavb/erc_ws/src/week3/install/erc_ros2_simple_arm_py/lib/python3.12/site-packages/erc_ros2_simple_arm_py-0.0.0-py3.12.egg-info' (and everything under it)
[1.512s] Copying ../build/erc_ros2_simple_arm_py/erc_ros2_simple_arm_py.egg-info to /home/arnavb/erc_ws/src/week3/install/erc_ros2_simple_arm_py/lib/python3.12/site-packages/erc_ros2_simple_arm_py-0.0.0-py3.12.egg-info
[1.512s] running install_scripts
[1.603s] Installing integrated_pickup script to /home/arnavb/erc_ws/src/week3/install/erc_ros2_simple_arm_py/lib/erc_ros2_simple_arm_py
[1.603s] Installing inverse_kinematics script to /home/arnavb/erc_ws/src/week3/install/erc_ros2_simple_arm_py/lib/erc_ros2_simple_arm_py
[1.603s] Installing send_joint_angles script to /home/arnavb/erc_ws/src/week3/install/erc_ros2_simple_arm_py/lib/erc_ros2_simple_arm_py
[1.603s] writing list of installed files to '/home/arnavb/erc_ws/src/week3/build/erc_ros2_simple_arm_py/install.log'
[1.640s] Invoked command in '/home/arnavb/erc_ws/src/week3/erc_ros2_simple_arm_py' returned '0': DEBUGINFOD_URLS=https://debuginfod.ubuntu.com PYTHONPATH=/home/arnavb/erc_ws/src/week3/build/erc_ros2_simple_arm_py/prefix_override:/usr/lib/python3/dist-packages/colcon_core/task/python/colcon_distutils_commands:/home/arnavb/erc_ws/src/week3/install/erc_ros2_simple_arm_py/lib/python3.12/site-packages:${PYTHONPATH} /usr/bin/python3 -W ignore:setup.py install is deprecated -W ignore:easy_install command is deprecated setup.py egg_info --egg-base ../build/erc_ros2_simple_arm_py build --build-base /home/arnavb/erc_ws/src/week3/build/erc_ros2_simple_arm_py/build install --record /home/arnavb/erc_ws/src/week3/build/erc_ros2_simple_arm_py/install.log --single-version-externally-managed install_data
