[0.693s] Invoking command in '/home/arnavb/erc_ws/src/build/erc_ros2_navigation': CMAKE_PREFIX_PATH=${CMAKE_PREFIX_PATH}:/home/arnavb/erc_ws/src/install/week1_tutorials:/home/arnavb/erc_ws/src/install/stark_os:/home/arnavb/erc_ws/src/install/mogi_trajectory_server:/home/arnavb/erc_ws/src/install/erc_trajectory_server:/home/arnavb/erc_ws/src/install/erc_ros2_navigation_py:/home/arnavb/erc_ws/src/install/erc_gazebo_sensors_py:/home/arnavb/erc_ws/src/install/assgn:/home/arnavb/erc_ws/install/week1_tutorials:/home/arnavb/erc_ws/install/stark_os:/home/arnavb/erc_ws/install/mogi_trajectory_server:/opt/ros/jazzy DEBUGINFOD_URLS=https://debuginfod.ubuntu.com /usr/bin/cmake --build /home/arnavb/erc_ws/src/build/erc_ros2_navigation -- -j20 -l20
[2.018s] Invoked command in '/home/arnavb/erc_ws/src/build/erc_ros2_navigation' returned '0': CMAKE_PREFIX_PATH=${CMAKE_PREFIX_PATH}:/home/arnavb/erc_ws/src/install/week1_tutorials:/home/arnavb/erc_ws/src/install/stark_os:/home/arnavb/erc_ws/src/install/mogi_trajectory_server:/home/arnavb/erc_ws/src/install/erc_trajectory_server:/home/arnavb/erc_ws/src/install/erc_ros2_navigation_py:/home/arnavb/erc_ws/src/install/erc_gazebo_sensors_py:/home/arnavb/erc_ws/src/install/assgn:/home/arnavb/erc_ws/install/week1_tutorials:/home/arnavb/erc_ws/install/stark_os:/home/arnavb/erc_ws/install/mogi_trajectory_server:/opt/ros/jazzy DEBUGINFOD_URLS=https://debuginfod.ubuntu.com /usr/bin/cmake --build /home/arnavb/erc_ws/src/build/erc_ros2_navigation -- -j20 -l20
[2.019s] Invoking command in '/home/arnavb/erc_ws/src/build/erc_ros2_navigation': CMAKE_PREFIX_PATH=${CMAKE_PREFIX_PATH}:/home/arnavb/erc_ws/src/install/week1_tutorials:/home/arnavb/erc_ws/src/install/stark_os:/home/arnavb/erc_ws/src/install/mogi_trajectory_server:/home/arnavb/erc_ws/src/install/erc_trajectory_server:/home/arnavb/erc_ws/src/install/erc_ros2_navigation_py:/home/arnavb/erc_ws/src/install/erc_gazebo_sensors_py:/home/arnavb/erc_ws/src/install/assgn:/home/arnavb/erc_ws/install/week1_tutorials:/home/arnavb/erc_ws/install/stark_os:/home/arnavb/erc_ws/install/mogi_trajectory_server:/opt/ros/jazzy DEBUGINFOD_URLS=https://debuginfod.ubuntu.com /usr/bin/cmake --install /home/arnavb/erc_ws/src/build/erc_ros2_navigation
[2.053s] -- Install configuration: ""
[2.053s] -- Up-to-date: /home/arnavb/erc_ws/src/install/erc_ros2_navigation/share/erc_ros2_navigation/launch
[2.053s] -- Up-to-date: /home/arnavb/erc_ws/src/install/erc_ros2_navigation/share/erc_ros2_navigation/launch/check_urdf.launch.py
[2.053s] -- Up-to-date: /home/arnavb/erc_ws/src/install/erc_ros2_navigation/share/erc_ros2_navigation/launch/world.launch.py
[2.053s] -- Up-to-date: /home/arnavb/erc_ws/src/install/erc_ros2_navigation/share/erc_ros2_navigation/launch/spawn_robot.launch.py
[2.054s] -- Up-to-date: /home/arnavb/erc_ws/src/install/erc_ros2_navigation/share/erc_ros2_navigation/launch/.vscode
[2.054s] -- Up-to-date: /home/arnavb/erc_ws/src/install/erc_ros2_navigation/share/erc_ros2_navigation/launch/.vscode/settings.json
[2.054s] -- Up-to-date: /home/arnavb/erc_ws/src/install/erc_ros2_navigation/share/erc_ros2_navigation/launch/navigation.launch.py
[2.054s] -- Up-to-date: /home/arnavb/erc_ws/src/install/erc_ros2_navigation/share/erc_ros2_navigation/launch/localization.launch.py
[2.055s] -- Up-to-date: /home/arnavb/erc_ws/src/install/erc_ros2_navigation/share/erc_ros2_navigation/launch/mapping.launch.py
[2.055s] -- Up-to-date: /home/arnavb/erc_ws/src/install/erc_ros2_navigation/share/erc_ros2_navigation/launch/localization_slam_toolbox.launch.py
[2.055s] -- Up-to-date: /home/arnavb/erc_ws/src/install/erc_ros2_navigation/share/erc_ros2_navigation/worlds
[2.055s] -- Up-to-date: /home/arnavb/erc_ws/src/install/erc_ros2_navigation/share/erc_ros2_navigation/worlds/empty.sdf
[2.055s] -- Up-to-date: /home/arnavb/erc_ws/src/install/erc_ros2_navigation/share/erc_ros2_navigation/worlds/home.sdf
[2.055s] -- Up-to-date: /home/arnavb/erc_ws/src/install/erc_ros2_navigation/share/erc_ros2_navigation/rviz
[2.056s] -- Up-to-date: /home/arnavb/erc_ws/src/install/erc_ros2_navigation/share/erc_ros2_navigation/rviz/navigation.rviz
[2.056s] -- Up-to-date: /home/arnavb/erc_ws/src/install/erc_ros2_navigation/share/erc_ros2_navigation/rviz/urdf.rviz
[2.056s] -- Up-to-date: /home/arnavb/erc_ws/src/install/erc_ros2_navigation/share/erc_ros2_navigation/rviz/localization.rviz
[2.056s] -- Up-to-date: /home/arnavb/erc_ws/src/install/erc_ros2_navigation/share/erc_ros2_navigation/rviz/rviz.rviz
[2.057s] -- Up-to-date: /home/arnavb/erc_ws/src/install/erc_ros2_navigation/share/erc_ros2_navigation/rviz/mapping.rviz
[2.057s] -- Up-to-date: /home/arnavb/erc_ws/src/install/erc_ros2_navigation/share/erc_ros2_navigation/urdf
[2.057s] -- Up-to-date: /home/arnavb/erc_ws/src/install/erc_ros2_navigation/share/erc_ros2_navigation/urdf/erc_bot.gazebo
[2.057s] -- Up-to-date: /home/arnavb/erc_ws/src/install/erc_ros2_navigation/share/erc_ros2_navigation/urdf/materials.xacro
[2.057s] -- Up-to-date: /home/arnavb/erc_ws/src/install/erc_ros2_navigation/share/erc_ros2_navigation/urdf/erc_bot.urdf
[2.057s] -- Up-to-date: /home/arnavb/erc_ws/src/install/erc_ros2_navigation/share/erc_ros2_navigation/meshes
[2.058s] -- Up-to-date: /home/arnavb/erc_ws/src/install/erc_ros2_navigation/share/erc_ros2_navigation/meshes/IronManWheelLeftFront.dae
[2.058s] -- Up-to-date: /home/arnavb/erc_ws/src/install/erc_ros2_navigation/share/erc_ros2_navigation/meshes/lidar.dae
[2.058s] -- Up-to-date: /home/arnavb/erc_ws/src/install/erc_ros2_navigation/share/erc_ros2_navigation/meshes/IronManWheelRightFront.dae
[2.058s] -- Up-to-date: /home/arnavb/erc_ws/src/install/erc_ros2_navigation/share/erc_ros2_navigation/meshes/IronMan_ROS_Body.dae
[2.058s] -- Up-to-date: /home/arnavb/erc_ws/src/install/erc_ros2_navigation/share/erc_ros2_navigation/config
[2.058s] -- Up-to-date: /home/arnavb/erc_ws/src/install/erc_ros2_navigation/share/erc_ros2_navigation/config/waypoints.yaml
[2.059s] -- Up-to-date: /home/arnavb/erc_ws/src/install/erc_ros2_navigation/share/erc_ros2_navigation/config/ekf.yaml
[2.059s] -- Up-to-date: /home/arnavb/erc_ws/src/install/erc_ros2_navigation/share/erc_ros2_navigation/config/slam_toolbox_mapping.yaml
[2.059s] -- Up-to-date: /home/arnavb/erc_ws/src/install/erc_ros2_navigation/share/erc_ros2_navigation/config/navigation.yaml
[2.059s] -- Up-to-date: /home/arnavb/erc_ws/src/install/erc_ros2_navigation/share/erc_ros2_navigation/config/slam_toolbox_localization.yaml
[2.059s] -- Up-to-date: /home/arnavb/erc_ws/src/install/erc_ros2_navigation/share/erc_ros2_navigation/config/amcl_localization.yaml
[2.060s] -- Up-to-date: /home/arnavb/erc_ws/src/install/erc_ros2_navigation/share/erc_ros2_navigation/config/gz_bridge.yaml
[2.060s] -- Up-to-date: /home/arnavb/erc_ws/src/install/erc_ros2_navigation/share/erc_ros2_navigation/maps
[2.060s] -- Up-to-date: /home/arnavb/erc_ws/src/install/erc_ros2_navigation/share/erc_ros2_navigation/maps/serialized.posegraph
[2.061s] -- Up-to-date: /home/arnavb/erc_ws/src/install/erc_ros2_navigation/share/erc_ros2_navigation/maps/my_map.pgm
[2.061s] -- Up-to-date: /home/arnavb/erc_ws/src/install/erc_ros2_navigation/share/erc_ros2_navigation/maps/serialized.data
[2.061s] -- Up-to-date: /home/arnavb/erc_ws/src/install/erc_ros2_navigation/share/erc_ros2_navigation/maps/my_map.yaml
[2.061s] -- Up-to-date: /home/arnavb/erc_ws/src/install/erc_ros2_navigation/share/ament_index/resource_index/package_run_dependencies/erc_ros2_navigation
[2.061s] -- Up-to-date: /home/arnavb/erc_ws/src/install/erc_ros2_navigation/share/ament_index/resource_index/parent_prefix_path/erc_ros2_navigation
[2.061s] -- Up-to-date: /home/arnavb/erc_ws/src/install/erc_ros2_navigation/share/erc_ros2_navigation/environment/ament_prefix_path.sh
[2.061s] -- Up-to-date: /home/arnavb/erc_ws/src/install/erc_ros2_navigation/share/erc_ros2_navigation/environment/ament_prefix_path.dsv
[2.062s] -- Up-to-date: /home/arnavb/erc_ws/src/install/erc_ros2_navigation/share/erc_ros2_navigation/environment/path.sh
[2.062s] -- Up-to-date: /home/arnavb/erc_ws/src/install/erc_ros2_navigation/share/erc_ros2_navigation/environment/path.dsv
[2.062s] -- Up-to-date: /home/arnavb/erc_ws/src/install/erc_ros2_navigation/share/erc_ros2_navigation/local_setup.bash
[2.062s] -- Up-to-date: /home/arnavb/erc_ws/src/install/erc_ros2_navigation/share/erc_ros2_navigation/local_setup.sh
[2.062s] -- Up-to-date: /home/arnavb/erc_ws/src/install/erc_ros2_navigation/share/erc_ros2_navigation/local_setup.zsh
[2.062s] -- Up-to-date: /home/arnavb/erc_ws/src/install/erc_ros2_navigation/share/erc_ros2_navigation/local_setup.dsv
[2.062s] -- Installing: /home/arnavb/erc_ws/src/install/erc_ros2_navigation/share/erc_ros2_navigation/package.dsv
[2.063s] -- Up-to-date: /home/arnavb/erc_ws/src/install/erc_ros2_navigation/share/ament_index/resource_index/packages/erc_ros2_navigation
[2.063s] -- Up-to-date: /home/arnavb/erc_ws/src/install/erc_ros2_navigation/share/erc_ros2_navigation/cmake/erc_ros2_navigationConfig.cmake
[2.063s] -- Up-to-date: /home/arnavb/erc_ws/src/install/erc_ros2_navigation/share/erc_ros2_navigation/cmake/erc_ros2_navigationConfig-version.cmake
[2.063s] -- Up-to-date: /home/arnavb/erc_ws/src/install/erc_ros2_navigation/share/erc_ros2_navigation/package.xml
[2.148s] Invoked command in '/home/arnavb/erc_ws/src/build/erc_ros2_navigation' returned '0': CMAKE_PREFIX_PATH=${CMAKE_PREFIX_PATH}:/home/arnavb/erc_ws/src/install/week1_tutorials:/home/arnavb/erc_ws/src/install/stark_os:/home/arnavb/erc_ws/src/install/mogi_trajectory_server:/home/arnavb/erc_ws/src/install/erc_trajectory_server:/home/arnavb/erc_ws/src/install/erc_ros2_navigation_py:/home/arnavb/erc_ws/src/install/erc_gazebo_sensors_py:/home/arnavb/erc_ws/src/install/assgn:/home/arnavb/erc_ws/install/week1_tutorials:/home/arnavb/erc_ws/install/stark_os:/home/arnavb/erc_ws/install/mogi_trajectory_server:/opt/ros/jazzy DEBUGINFOD_URLS=https://debuginfod.ubuntu.com /usr/bin/cmake --install /home/arnavb/erc_ws/src/build/erc_ros2_navigation
