[3.294s] Invoking command in '/home/arnavb/erc_ws/src/assgn': DEBUGINFOD_URLS=https://debuginfod.ubuntu.com PYTHONPATH=/home/arnavb/erc_ws/src/build/assgn/prefix_override:/usr/lib/python3/dist-packages/colcon_core/task/python/colcon_distutils_commands:/home/arnavb/erc_ws/src/install/assgn/lib/python3.12/site-packages:${PYTHONPATH} /usr/bin/python3 -W ignore:setup.py install is deprecated -W ignore:easy_install command is deprecated setup.py egg_info --egg-base ../build/assgn build --build-base /home/arnavb/erc_ws/src/build/assgn/build install --record /home/arnavb/erc_ws/src/build/assgn/install.log --single-version-externally-managed install_data
[4.022s] running egg_info
[4.056s] writing ../build/assgn/assgn.egg-info/PKG-INFO
[4.057s] writing dependency_links to ../build/assgn/assgn.egg-info/dependency_links.txt
[4.057s] writing entry points to ../build/assgn/assgn.egg-info/entry_points.txt
[4.057s] writing requirements to ../build/assgn/assgn.egg-info/requires.txt
[4.057s] writing top-level names to ../build/assgn/assgn.egg-info/top_level.txt
[4.111s] reading manifest file '../build/assgn/assgn.egg-info/SOURCES.txt'
[4.112s] writing manifest file '../build/assgn/assgn.egg-info/SOURCES.txt'
[4.113s] running build
[4.113s] running build_py
[4.113s] running install
[4.121s] running install_lib
[4.191s] running install_data
[4.192s] running install_egg_info
[4.239s] removing '/home/arnavb/erc_ws/src/install/assgn/lib/python3.12/site-packages/assgn-0.0.0-py3.12.egg-info' (and everything under it)
[4.239s] Copying ../build/assgn/assgn.egg-info to /home/arnavb/erc_ws/src/install/assgn/lib/python3.12/site-packages/assgn-0.0.0-py3.12.egg-info
[4.240s] running install_scripts
[4.451s] Installing node script to /home/arnavb/erc_ws/src/install/assgn/lib/assgn
[4.451s] writing list of installed files to '/home/arnavb/erc_ws/src/build/assgn/install.log'
[4.536s] Invoked command in '/home/arnavb/erc_ws/src/assgn' returned '0': DEBUGINFOD_URLS=https://debuginfod.ubuntu.com PYTHONPATH=/home/arnavb/erc_ws/src/build/assgn/prefix_override:/usr/lib/python3/dist-packages/colcon_core/task/python/colcon_distutils_commands:/home/arnavb/erc_ws/src/install/assgn/lib/python3.12/site-packages:${PYTHONPATH} /usr/bin/python3 -W ignore:setup.py install is deprecated -W ignore:easy_install command is deprecated setup.py egg_info --egg-base ../build/assgn build --build-base /home/arnavb/erc_ws/src/build/assgn/build install --record /home/arnavb/erc_ws/src/build/assgn/install.log --single-version-externally-managed install_data
