[0.722s] Invoking command in '/home/arnavb/erc_ws/src/assgn': DEBUGINFOD_URLS=https://debuginfod.ubuntu.com PYTHONPATH=/home/arnavb/erc_ws/src/build/assgn/prefix_override:/usr/lib/python3/dist-packages/colcon_core/task/python/colcon_distutils_commands:/home/arnavb/erc_ws/src/install/assgn/lib/python3.12/site-packages:${PYTHONPATH} /usr/bin/python3 -W ignore:setup.py install is deprecated -W ignore:easy_install command is deprecated setup.py egg_info --egg-base ../build/assgn build --build-base /home/arnavb/erc_ws/src/build/assgn/build install --record /home/arnavb/erc_ws/src/build/assgn/install.log --single-version-externally-managed install_data
[0.905s] running egg_info
[0.919s] writing ../build/assgn/assgn.egg-info/PKG-INFO
[0.919s] writing dependency_links to ../build/assgn/assgn.egg-info/dependency_links.txt
[0.919s] writing entry points to ../build/assgn/assgn.egg-info/entry_points.txt
[0.919s] writing requirements to ../build/assgn/assgn.egg-info/requires.txt
[0.919s] writing top-level names to ../build/assgn/assgn.egg-info/top_level.txt
[0.944s] reading manifest file '../build/assgn/assgn.egg-info/SOURCES.txt'
[0.945s] writing manifest file '../build/assgn/assgn.egg-info/SOURCES.txt'
[0.945s] running build
[0.945s] running build_py
[0.945s] running install
[0.949s] running install_lib
[0.962s] running install_data
[0.962s] creating /home/arnavb/erc_ws/src/install/assgn/share/assgn/assgn
[0.962s] copying assgn/tonystarklogic.py -> /home/arnavb/erc_ws/src/install/assgn/share/assgn/assgn
[0.962s] creating /home/arnavb/erc_ws/src/install/assgn/share/assgn/rviz
[0.962s] copying rviz/rviz.rviz -> /home/arnavb/erc_ws/src/install/assgn/share/assgn/rviz
[0.962s] creating /home/arnavb/erc_ws/src/install/assgn/share/assgn/worlds
[0.963s] copying worlds/IronManCave.sdf -> /home/arnavb/erc_ws/src/install/assgn/share/assgn/worlds
[0.963s] creating /home/arnavb/erc_ws/src/install/assgn/share/assgn/models
[0.963s] copying models/erc_bot.gazebo -> /home/arnavb/erc_ws/src/install/assgn/share/assgn/models
[0.963s] copying models/IronRover.urdf -> /home/arnavb/erc_ws/src/install/assgn/share/assgn/models
[0.963s] copying models/materials.xacro -> /home/arnavb/erc_ws/src/install/assgn/share/assgn/models
[0.963s] creating /home/arnavb/erc_ws/src/install/assgn/share/assgn/meshes
[0.963s] copying meshes/IronMan_ROS_Body.dae -> /home/arnavb/erc_ws/src/install/assgn/share/assgn/meshes
[0.963s] copying meshes/IronManWheelLeftFront.dae -> /home/arnavb/erc_ws/src/install/assgn/share/assgn/meshes
[0.964s] copying meshes/IronManWheelRightFront.dae -> /home/arnavb/erc_ws/src/install/assgn/share/assgn/meshes
[0.965s] copying meshes/lidar.dae -> /home/arnavb/erc_ws/src/install/assgn/share/assgn/meshes
[0.965s] running install_egg_info
[0.978s] removing '/home/arnavb/erc_ws/src/install/assgn/lib/python3.12/site-packages/assgn-0.0.0-py3.12.egg-info' (and everything under it)
[0.978s] Copying ../build/assgn/assgn.egg-info to /home/arnavb/erc_ws/src/install/assgn/lib/python3.12/site-packages/assgn-0.0.0-py3.12.egg-info
[0.979s] running install_scripts
[1.067s] Installing node script to /home/arnavb/erc_ws/src/install/assgn/lib/assgn
[1.067s] writing list of installed files to '/home/arnavb/erc_ws/src/build/assgn/install.log'
[1.087s] Invoked command in '/home/arnavb/erc_ws/src/assgn' returned '0': DEBUGINFOD_URLS=https://debuginfod.ubuntu.com PYTHONPATH=/home/arnavb/erc_ws/src/build/assgn/prefix_override:/usr/lib/python3/dist-packages/colcon_core/task/python/colcon_distutils_commands:/home/arnavb/erc_ws/src/install/assgn/lib/python3.12/site-packages:${PYTHONPATH} /usr/bin/python3 -W ignore:setup.py install is deprecated -W ignore:easy_install command is deprecated setup.py egg_info --egg-base ../build/assgn build --build-base /home/arnavb/erc_ws/src/build/assgn/build install --record /home/arnavb/erc_ws/src/build/assgn/install.log --single-version-externally-managed install_data
