[0.301s] Invoking command in '/home/arnavb/erc_ws/src/week3/build/erc_ros2_simple_arm': CMAKE_PREFIX_PATH=${CMAKE_PREFIX_PATH}:/home/arnavb/erc_ws/install/week1_tutorials:/home/arnavb/erc_ws/install/stark_os:/home/arnavb/erc_ws/install/mogi_trajectory_server:/opt/ros/jazzy DEBUGINFOD_URLS=https://debuginfod.ubuntu.com /usr/bin/cmake /home/arnavb/erc_ws/src/week3/erc_ros2_simple_arm -DCMAKE_INSTALL_PREFIX=/home/arnavb/erc_ws/src/week3/install/erc_ros2_simple_arm
[0.396s] -- The C compiler identification is GNU 13.3.0
[0.473s] -- The CXX compiler identification is GNU 13.3.0
[0.495s] -- Detecting C compiler ABI info
[0.616s] -- Detecting C compiler ABI info - done
[0.633s] -- Check for working C compiler: /usr/bin/cc - skipped
[0.633s] -- Detecting C compile features
[0.634s] -- Detecting C compile features - done
[0.649s] -- Detecting CXX compiler ABI info
[0.794s] -- Detecting CXX compiler ABI info - done
[0.805s] -- Check for working CXX compiler: /usr/bin/c++ - skipped
[0.806s] -- Detecting CXX compile features
[0.806s] -- Detecting CXX compile features - done
[0.811s] -- Found ament_cmake: 2.5.4 (/opt/ros/jazzy/share/ament_cmake/cmake)
[1.021s] -- Found Python3: /usr/bin/python3 (found version "3.12.3") found components: Interpreter 
[1.178s] -- Found ament_lint_auto: 0.17.3 (/opt/ros/jazzy/share/ament_lint_auto/cmake)
[1.323s] -- Added test 'flake8' to check Python code syntax and style conventions
[1.323s] -- Configured 'flake8' exclude dirs and/or files: 
[1.325s] -- Added test 'lint_cmake' to check CMake code style
[1.327s] -- Added test 'pep257' to check Python code against some of the docstring style conventions in PEP 257
[1.330s] -- Added test 'xmllint' to check XML markup files
[1.332s] -- Configuring done (1.0s)
[1.336s] -- Generating done (0.0s)
[1.339s] -- Build files have been written to: /home/arnavb/erc_ws/src/week3/build/erc_ros2_simple_arm
[1.369s] Invoked command in '/home/arnavb/erc_ws/src/week3/build/erc_ros2_simple_arm' returned '0': CMAKE_PREFIX_PATH=${CMAKE_PREFIX_PATH}:/home/arnavb/erc_ws/install/week1_tutorials:/home/arnavb/erc_ws/install/stark_os:/home/arnavb/erc_ws/install/mogi_trajectory_server:/opt/ros/jazzy DEBUGINFOD_URLS=https://debuginfod.ubuntu.com /usr/bin/cmake /home/arnavb/erc_ws/src/week3/erc_ros2_simple_arm -DCMAKE_INSTALL_PREFIX=/home/arnavb/erc_ws/src/week3/install/erc_ros2_simple_arm
[1.371s] Invoking command in '/home/arnavb/erc_ws/src/week3/build/erc_ros2_simple_arm': CMAKE_PREFIX_PATH=${CMAKE_PREFIX_PATH}:/home/arnavb/erc_ws/install/week1_tutorials:/home/arnavb/erc_ws/install/stark_os:/home/arnavb/erc_ws/install/mogi_trajectory_server:/opt/ros/jazzy DEBUGINFOD_URLS=https://debuginfod.ubuntu.com /usr/bin/cmake --build /home/arnavb/erc_ws/src/week3/build/erc_ros2_simple_arm -- -j20 -l20
[1.440s] Invoked command in '/home/arnavb/erc_ws/src/week3/build/erc_ros2_simple_arm' returned '0': CMAKE_PREFIX_PATH=${CMAKE_PREFIX_PATH}:/home/arnavb/erc_ws/install/week1_tutorials:/home/arnavb/erc_ws/install/stark_os:/home/arnavb/erc_ws/install/mogi_trajectory_server:/opt/ros/jazzy DEBUGINFOD_URLS=https://debuginfod.ubuntu.com /usr/bin/cmake --build /home/arnavb/erc_ws/src/week3/build/erc_ros2_simple_arm -- -j20 -l20
[1.442s] Invoking command in '/home/arnavb/erc_ws/src/week3/build/erc_ros2_simple_arm': CMAKE_PREFIX_PATH=${CMAKE_PREFIX_PATH}:/home/arnavb/erc_ws/install/week1_tutorials:/home/arnavb/erc_ws/install/stark_os:/home/arnavb/erc_ws/install/mogi_trajectory_server:/opt/ros/jazzy DEBUGINFOD_URLS=https://debuginfod.ubuntu.com /usr/bin/cmake --install /home/arnavb/erc_ws/src/week3/build/erc_ros2_simple_arm
[1.452s] -- Install configuration: ""
[1.452s] -- Installing: /home/arnavb/erc_ws/src/week3/install/erc_ros2_simple_arm/share/erc_ros2_simple_arm/config
[1.452s] -- Installing: /home/arnavb/erc_ws/src/week3/install/erc_ros2_simple_arm/share/erc_ros2_simple_arm/config/controller_position.yaml
[1.453s] -- Installing: /home/arnavb/erc_ws/src/week3/install/erc_ros2_simple_arm/share/erc_ros2_simple_arm/config/gz_bridge.yaml
[1.454s] -- Installing: /home/arnavb/erc_ws/src/week3/install/erc_ros2_simple_arm/share/erc_ros2_simple_arm/launch
[1.454s] -- Installing: /home/arnavb/erc_ws/src/week3/install/erc_ros2_simple_arm/share/erc_ros2_simple_arm/launch/check_urdf.launch.py
[1.454s] -- Installing: /home/arnavb/erc_ws/src/week3/install/erc_ros2_simple_arm/share/erc_ros2_simple_arm/launch/world.launch.py
[1.454s] -- Installing: /home/arnavb/erc_ws/src/week3/install/erc_ros2_simple_arm/share/erc_ros2_simple_arm/launch/spawn_robot.launch.py
[1.455s] -- Installing: /home/arnavb/erc_ws/src/week3/install/erc_ros2_simple_arm/share/erc_ros2_simple_arm/worlds
[1.455s] -- Installing: /home/arnavb/erc_ws/src/week3/install/erc_ros2_simple_arm/share/erc_ros2_simple_arm/worlds/world.sdf
[1.455s] -- Installing: /home/arnavb/erc_ws/src/week3/install/erc_ros2_simple_arm/share/erc_ros2_simple_arm/worlds/empty.sdf
[1.456s] -- Installing: /home/arnavb/erc_ws/src/week3/install/erc_ros2_simple_arm/share/erc_ros2_simple_arm/rviz
[1.456s] -- Installing: /home/arnavb/erc_ws/src/week3/install/erc_ros2_simple_arm/share/erc_ros2_simple_arm/rviz/urdf.rviz
[1.456s] -- Installing: /home/arnavb/erc_ws/src/week3/install/erc_ros2_simple_arm/share/erc_ros2_simple_arm/rviz/rviz.rviz
[1.456s] -- Installing: /home/arnavb/erc_ws/src/week3/install/erc_ros2_simple_arm/share/erc_ros2_simple_arm/urdf
[1.456s] -- Installing: /home/arnavb/erc_ws/src/week3/install/erc_ros2_simple_arm/share/erc_ros2_simple_arm/urdf/mogi_arm.gazebo
[1.457s] -- Installing: /home/arnavb/erc_ws/src/week3/install/erc_ros2_simple_arm/share/erc_ros2_simple_arm/urdf/materials.xacro
[1.457s] -- Installing: /home/arnavb/erc_ws/src/week3/install/erc_ros2_simple_arm/share/erc_ros2_simple_arm/urdf/mogi_arm.xacro
[1.458s] -- Installing: /home/arnavb/erc_ws/src/week3/install/erc_ros2_simple_arm/share/erc_ros2_simple_arm/meshes
[1.458s] -- Installing: /home/arnavb/erc_ws/src/week3/install/erc_ros2_simple_arm/share/erc_ros2_simple_arm/meshes/upper_arm.STEP
[1.459s] -- Installing: /home/arnavb/erc_ws/src/week3/install/erc_ros2_simple_arm/share/erc_ros2_simple_arm/meshes/forearm.SLDPRT
[1.460s] -- Installing: /home/arnavb/erc_ws/src/week3/install/erc_ros2_simple_arm/share/erc_ros2_simple_arm/meshes/shoulder.STEP
[1.460s] -- Installing: /home/arnavb/erc_ws/src/week3/install/erc_ros2_simple_arm/share/erc_ros2_simple_arm/meshes/upper_arm.dae
[1.461s] -- Installing: /home/arnavb/erc_ws/src/week3/install/erc_ros2_simple_arm/share/erc_ros2_simple_arm/meshes/forearm.STEP
[1.462s] -- Installing: /home/arnavb/erc_ws/src/week3/install/erc_ros2_simple_arm/share/erc_ros2_simple_arm/meshes/shoulder.dae
[1.462s] -- Installing: /home/arnavb/erc_ws/src/week3/install/erc_ros2_simple_arm/share/erc_ros2_simple_arm/meshes/shoulder.SLDPRT
[1.463s] -- Installing: /home/arnavb/erc_ws/src/week3/install/erc_ros2_simple_arm/share/erc_ros2_simple_arm/meshes/forearm.blend
[1.464s] -- Installing: /home/arnavb/erc_ws/src/week3/install/erc_ros2_simple_arm/share/erc_ros2_simple_arm/meshes/upper_arm.STL
[1.466s] -- Installing: /home/arnavb/erc_ws/src/week3/install/erc_ros2_simple_arm/share/erc_ros2_simple_arm/meshes/forearm.dae
[1.466s] -- Installing: /home/arnavb/erc_ws/src/week3/install/erc_ros2_simple_arm/share/erc_ros2_simple_arm/meshes/shoulder.blend
[1.468s] -- Installing: /home/arnavb/erc_ws/src/week3/install/erc_ros2_simple_arm/share/erc_ros2_simple_arm/meshes/wrist.dae
[1.469s] -- Installing: /home/arnavb/erc_ws/src/week3/install/erc_ros2_simple_arm/share/erc_ros2_simple_arm/meshes/shoulder.STL
[1.470s] -- Installing: /home/arnavb/erc_ws/src/week3/install/erc_ros2_simple_arm/share/erc_ros2_simple_arm/meshes/wrist.STL
[1.471s] -- Installing: /home/arnavb/erc_ws/src/week3/install/erc_ros2_simple_arm/share/erc_ros2_simple_arm/meshes/upper_arm.SLDPRT
[1.472s] -- Installing: /home/arnavb/erc_ws/src/week3/install/erc_ros2_simple_arm/share/erc_ros2_simple_arm/meshes/upper_arm.blend
[1.473s] -- Installing: /home/arnavb/erc_ws/src/week3/install/erc_ros2_simple_arm/share/erc_ros2_simple_arm/meshes/wrist.STEP
[1.473s] -- Installing: /home/arnavb/erc_ws/src/week3/install/erc_ros2_simple_arm/share/erc_ros2_simple_arm/meshes/wrist.blend
[1.475s] -- Installing: /home/arnavb/erc_ws/src/week3/install/erc_ros2_simple_arm/share/erc_ros2_simple_arm/meshes/forearm.STL
[1.475s] -- Installing: /home/arnavb/erc_ws/src/week3/install/erc_ros2_simple_arm/share/erc_ros2_simple_arm/meshes/wrist.SLDPRT
[1.476s] -- Installing: /home/arnavb/erc_ws/src/week3/install/erc_ros2_simple_arm/share/ament_index/resource_index/package_run_dependencies/erc_ros2_simple_arm
[1.476s] -- Installing: /home/arnavb/erc_ws/src/week3/install/erc_ros2_simple_arm/share/ament_index/resource_index/parent_prefix_path/erc_ros2_simple_arm
[1.476s] -- Installing: /home/arnavb/erc_ws/src/week3/install/erc_ros2_simple_arm/share/erc_ros2_simple_arm/environment/ament_prefix_path.sh
[1.476s] -- Installing: /home/arnavb/erc_ws/src/week3/install/erc_ros2_simple_arm/share/erc_ros2_simple_arm/environment/ament_prefix_path.dsv
[1.476s] -- Installing: /home/arnavb/erc_ws/src/week3/install/erc_ros2_simple_arm/share/erc_ros2_simple_arm/environment/path.sh
[1.477s] -- Installing: /home/arnavb/erc_ws/src/week3/install/erc_ros2_simple_arm/share/erc_ros2_simple_arm/environment/path.dsv
[1.477s] -- Installing: /home/arnavb/erc_ws/src/week3/install/erc_ros2_simple_arm/share/erc_ros2_simple_arm/local_setup.bash
[1.477s] -- Installing: /home/arnavb/erc_ws/src/week3/install/erc_ros2_simple_arm/share/erc_ros2_simple_arm/local_setup.sh
[1.477s] -- Installing: /home/arnavb/erc_ws/src/week3/install/erc_ros2_simple_arm/share/erc_ros2_simple_arm/local_setup.zsh
[1.477s] -- Installing: /home/arnavb/erc_ws/src/week3/install/erc_ros2_simple_arm/share/erc_ros2_simple_arm/local_setup.dsv
[1.477s] -- Installing: /home/arnavb/erc_ws/src/week3/install/erc_ros2_simple_arm/share/erc_ros2_simple_arm/package.dsv
[1.477s] -- Installing: /home/arnavb/erc_ws/src/week3/install/erc_ros2_simple_arm/share/ament_index/resource_index/packages/erc_ros2_simple_arm
[1.477s] -- Installing: /home/arnavb/erc_ws/src/week3/install/erc_ros2_simple_arm/share/erc_ros2_simple_arm/cmake/erc_ros2_simple_armConfig.cmake
[1.477s] -- Installing: /home/arnavb/erc_ws/src/week3/install/erc_ros2_simple_arm/share/erc_ros2_simple_arm/cmake/erc_ros2_simple_armConfig-version.cmake
[1.477s] -- Installing: /home/arnavb/erc_ws/src/week3/install/erc_ros2_simple_arm/share/erc_ros2_simple_arm/package.xml
[1.479s] Invoked command in '/home/arnavb/erc_ws/src/week3/build/erc_ros2_simple_arm' returned '0': CMAKE_PREFIX_PATH=${CMAKE_PREFIX_PATH}:/home/arnavb/erc_ws/install/week1_tutorials:/home/arnavb/erc_ws/install/stark_os:/home/arnavb/erc_ws/install/mogi_trajectory_server:/opt/ros/jazzy DEBUGINFOD_URLS=https://debuginfod.ubuntu.com /usr/bin/cmake --install /home/arnavb/erc_ws/src/week3/build/erc_ros2_simple_arm
