[1.547s] Invoking command in '/home/arnavb/erc_ws/src/week1_tutorials': DEBUGINFOD_URLS=https://debuginfod.ubuntu.com PYTHONPATH=/home/arnavb/erc_ws/src/build/week1_tutorials/prefix_override:/usr/lib/python3/dist-packages/colcon_core/task/python/colcon_distutils_commands:/home/arnavb/erc_ws/src/install/week1_tutorials/lib/python3.12/site-packages:${PYTHONPATH} /usr/bin/python3 -W ignore:setup.py install is deprecated -W ignore:easy_install command is deprecated setup.py egg_info --egg-base ../build/week1_tutorials build --build-base /home/arnavb/erc_ws/src/build/week1_tutorials/build install --record /home/arnavb/erc_ws/src/build/week1_tutorials/install.log --single-version-externally-managed install_data
[1.857s] running egg_info
[1.879s] writing ../build/week1_tutorials/week1_tutorials.egg-info/PKG-INFO
[1.879s] writing dependency_links to ../build/week1_tutorials/week1_tutorials.egg-info/dependency_links.txt
[1.880s] writing entry points to ../build/week1_tutorials/week1_tutorials.egg-info/entry_points.txt
[1.880s] writing requirements to ../build/week1_tutorials/week1_tutorials.egg-info/requires.txt
[1.880s] writing top-level names to ../build/week1_tutorials/week1_tutorials.egg-info/top_level.txt
[1.924s] reading manifest file '../build/week1_tutorials/week1_tutorials.egg-info/SOURCES.txt'
[1.924s] writing manifest file '../build/week1_tutorials/week1_tutorials.egg-info/SOURCES.txt'
[1.925s] running build
[1.925s] running build_py
[1.925s] running install
[1.932s] running install_lib
[1.954s] running install_data
[1.955s] running install_egg_info
[1.978s] removing '/home/arnavb/erc_ws/src/install/week1_tutorials/lib/python3.12/site-packages/week1_tutorials-0.0.0-py3.12.egg-info' (and everything under it)
[1.978s] Copying ../build/week1_tutorials/week1_tutorials.egg-info to /home/arnavb/erc_ws/src/install/week1_tutorials/lib/python3.12/site-packages/week1_tutorials-0.0.0-py3.12.egg-info
[1.979s] running install_scripts
[2.127s] Installing publisher script to /home/arnavb/erc_ws/src/install/week1_tutorials/lib/week1_tutorials
[2.127s] Installing subscriber script to /home/arnavb/erc_ws/src/install/week1_tutorials/lib/week1_tutorials
[2.128s] writing list of installed files to '/home/arnavb/erc_ws/src/build/week1_tutorials/install.log'
[2.167s] Invoked command in '/home/arnavb/erc_ws/src/week1_tutorials' returned '0': DEBUGINFOD_URLS=https://debuginfod.ubuntu.com PYTHONPATH=/home/arnavb/erc_ws/src/build/week1_tutorials/prefix_override:/usr/lib/python3/dist-packages/colcon_core/task/python/colcon_distutils_commands:/home/arnavb/erc_ws/src/install/week1_tutorials/lib/python3.12/site-packages:${PYTHONPATH} /usr/bin/python3 -W ignore:setup.py install is deprecated -W ignore:easy_install command is deprecated setup.py egg_info --egg-base ../build/week1_tutorials build --build-base /home/arnavb/erc_ws/src/build/week1_tutorials/build install --record /home/arnavb/erc_ws/src/build/week1_tutorials/install.log --single-version-externally-managed install_data
