[1.728s] Invoking command in '/home/arnavb/erc_ws/src/assgn': DEBUGINFOD_URLS=https://debuginfod.ubuntu.com PYTHONPATH=/home/arnavb/erc_ws/src/build/assgn/prefix_override:/usr/lib/python3/dist-packages/colcon_core/task/python/colcon_distutils_commands:/home/arnavb/erc_ws/src/install/assgn/lib/python3.12/site-packages:${PYTHONPATH} /usr/bin/python3 -W ignore:setup.py install is deprecated -W ignore:easy_install command is deprecated setup.py egg_info --egg-base ../build/assgn build --build-base /home/arnavb/erc_ws/src/build/assgn/build install --record /home/arnavb/erc_ws/src/build/assgn/install.log --single-version-externally-managed install_data
[2.140s] running egg_info
[2.140s] creating ../build/assgn/assgn.egg-info
[2.168s] writing ../build/assgn/assgn.egg-info/PKG-INFO
[2.169s] writing dependency_links to ../build/assgn/assgn.egg-info/dependency_links.txt
[2.169s] writing entry points to ../build/assgn/assgn.egg-info/entry_points.txt
[2.169s] writing requirements to ../build/assgn/assgn.egg-info/requires.txt
[2.169s] writing top-level names to ../build/assgn/assgn.egg-info/top_level.txt
[2.169s] writing manifest file '../build/assgn/assgn.egg-info/SOURCES.txt'
[2.227s] reading manifest file '../build/assgn/assgn.egg-info/SOURCES.txt'
[2.228s] writing manifest file '../build/assgn/assgn.egg-info/SOURCES.txt'
[2.228s] running build
[2.228s] running build_py
[2.229s] creating /home/arnavb/erc_ws/src/build/assgn/build
[2.229s] creating /home/arnavb/erc_ws/src/build/assgn/build/lib
[2.229s] creating /home/arnavb/erc_ws/src/build/assgn/build/lib/assgn
[2.229s] copying assgn/__init__.py -> /home/arnavb/erc_ws/src/build/assgn/build/lib/assgn
[2.229s] copying assgn/tonystarklogic.py -> /home/arnavb/erc_ws/src/build/assgn/build/lib/assgn
[2.229s] running install
[2.239s] running install_lib
[2.267s] creating /home/arnavb/erc_ws/src/install/assgn/lib/python3.12/site-packages/assgn
[2.267s] copying /home/arnavb/erc_ws/src/build/assgn/build/lib/assgn/__init__.py -> /home/arnavb/erc_ws/src/install/assgn/lib/python3.12/site-packages/assgn
[2.267s] copying /home/arnavb/erc_ws/src/build/assgn/build/lib/assgn/tonystarklogic.py -> /home/arnavb/erc_ws/src/install/assgn/lib/python3.12/site-packages/assgn
[2.268s] byte-compiling /home/arnavb/erc_ws/src/install/assgn/lib/python3.12/site-packages/assgn/__init__.py to __init__.cpython-312.pyc
[2.268s] byte-compiling /home/arnavb/erc_ws/src/install/assgn/lib/python3.12/site-packages/assgn/tonystarklogic.py to tonystarklogic.cpython-312.pyc
[2.270s] running install_data
[2.270s] creating /home/arnavb/erc_ws/src/install/assgn/share/ament_index
[2.270s] creating /home/arnavb/erc_ws/src/install/assgn/share/ament_index/resource_index
[2.270s] creating /home/arnavb/erc_ws/src/install/assgn/share/ament_index/resource_index/packages
[2.270s] copying resource/assgn -> /home/arnavb/erc_ws/src/install/assgn/share/ament_index/resource_index/packages
[2.270s] copying package.xml -> /home/arnavb/erc_ws/src/install/assgn/share/assgn
[2.270s] creating /home/arnavb/erc_ws/src/install/assgn/share/assgn/launch
[2.271s] copying launch/Assgn.launch.py -> /home/arnavb/erc_ws/src/install/assgn/share/assgn/launch
[2.271s] copying launch/world.launch.py -> /home/arnavb/erc_ws/src/install/assgn/share/assgn/launch
[2.271s] running install_egg_info
[2.301s] Copying ../build/assgn/assgn.egg-info to /home/arnavb/erc_ws/src/install/assgn/lib/python3.12/site-packages/assgn-0.0.0-py3.12.egg-info
[2.302s] running install_scripts
[2.496s] Installing node script to /home/arnavb/erc_ws/src/install/assgn/lib/assgn
[2.497s] writing list of installed files to '/home/arnavb/erc_ws/src/build/assgn/install.log'
[2.539s] Invoked command in '/home/arnavb/erc_ws/src/assgn' returned '0': DEBUGINFOD_URLS=https://debuginfod.ubuntu.com PYTHONPATH=/home/arnavb/erc_ws/src/build/assgn/prefix_override:/usr/lib/python3/dist-packages/colcon_core/task/python/colcon_distutils_commands:/home/arnavb/erc_ws/src/install/assgn/lib/python3.12/site-packages:${PYTHONPATH} /usr/bin/python3 -W ignore:setup.py install is deprecated -W ignore:easy_install command is deprecated setup.py egg_info --egg-base ../build/assgn build --build-base /home/arnavb/erc_ws/src/build/assgn/build install --record /home/arnavb/erc_ws/src/build/assgn/install.log --single-version-externally-managed install_data
