[0.335s] Invoking command in '/home/arnavb/erc_ws/src/week3/build/erc_ros2_simple_arm': CMAKE_PREFIX_PATH=${CMAKE_PREFIX_PATH}:/home/arnavb/erc_ws/install/week1_tutorials:/home/arnavb/erc_ws/install/stark_os:/home/arnavb/erc_ws/install/mogi_trajectory_server:/home/arnavb/erc_ws/install/erc_trajectory_server:/home/arnavb/erc_ws/install/erc_ros2_simple_arm_py:/home/arnavb/erc_ws/install/erc_ros2_navigation_py:/home/arnavb/erc_ws/install/erc_gazebo_sensors_py:/home/arnavb/erc_ws/install/assgn:/home/arnavb/erc_ws/src/week3/install/erc_trajectory_server:/home/arnavb/erc_ws/src/week3/install/erc_ros2_simple_arm_py:/home/arnavb/erc_ws/src/week3/install/erc_ros2_navigation_py:/home/arnavb/erc_ws/src/week3/install/erc_gazebo_sensors_py:/opt/ros/jazzy DEBUGINFOD_URLS=https://debuginfod.ubuntu.com /usr/bin/cmake --build /home/arnavb/erc_ws/src/week3/build/erc_ros2_simple_arm -- -j20 -l20
[0.666s] Invoked command in '/home/arnavb/erc_ws/src/week3/build/erc_ros2_simple_arm' returned '0': CMAKE_PREFIX_PATH=${CMAKE_PREFIX_PATH}:/home/arnavb/erc_ws/install/week1_tutorials:/home/arnavb/erc_ws/install/stark_os:/home/arnavb/erc_ws/install/mogi_trajectory_server:/home/arnavb/erc_ws/install/erc_trajectory_server:/home/arnavb/erc_ws/install/erc_ros2_simple_arm_py:/home/arnavb/erc_ws/install/erc_ros2_navigation_py:/home/arnavb/erc_ws/install/erc_gazebo_sensors_py:/home/arnavb/erc_ws/install/assgn:/home/arnavb/erc_ws/src/week3/install/erc_trajectory_server:/home/arnavb/erc_ws/src/week3/install/erc_ros2_simple_arm_py:/home/arnavb/erc_ws/src/week3/install/erc_ros2_navigation_py:/home/arnavb/erc_ws/src/week3/install/erc_gazebo_sensors_py:/opt/ros/jazzy DEBUGINFOD_URLS=https://debuginfod.ubuntu.com /usr/bin/cmake --build /home/arnavb/erc_ws/src/week3/build/erc_ros2_simple_arm -- -j20 -l20
[0.666s] Invoking command in '/home/arnavb/erc_ws/src/week3/build/erc_ros2_simple_arm': CMAKE_PREFIX_PATH=${CMAKE_PREFIX_PATH}:/home/arnavb/erc_ws/install/week1_tutorials:/home/arnavb/erc_ws/install/stark_os:/home/arnavb/erc_ws/install/mogi_trajectory_server:/home/arnavb/erc_ws/install/erc_trajectory_server:/home/arnavb/erc_ws/install/erc_ros2_simple_arm_py:/home/arnavb/erc_ws/install/erc_ros2_navigation_py:/home/arnavb/erc_ws/install/erc_gazebo_sensors_py:/home/arnavb/erc_ws/install/assgn:/home/arnavb/erc_ws/src/week3/install/erc_trajectory_server:/home/arnavb/erc_ws/src/week3/install/erc_ros2_simple_arm_py:/home/arnavb/erc_ws/src/week3/install/erc_ros2_navigation_py:/home/arnavb/erc_ws/src/week3/install/erc_gazebo_sensors_py:/opt/ros/jazzy DEBUGINFOD_URLS=https://debuginfod.ubuntu.com /usr/bin/cmake --install /home/arnavb/erc_ws/src/week3/build/erc_ros2_simple_arm
[0.683s] -- Install configuration: ""
[0.683s] -- Up-to-date: /home/arnavb/erc_ws/src/week3/install/erc_ros2_simple_arm/share/erc_ros2_simple_arm/config
[0.683s] -- Up-to-date: /home/arnavb/erc_ws/src/week3/install/erc_ros2_simple_arm/share/erc_ros2_simple_arm/config/controller_position.yaml
[0.684s] -- Up-to-date: /home/arnavb/erc_ws/src/week3/install/erc_ros2_simple_arm/share/erc_ros2_simple_arm/config/gz_bridge.yaml
[0.684s] -- Up-to-date: /home/arnavb/erc_ws/src/week3/install/erc_ros2_simple_arm/share/erc_ros2_simple_arm/launch
[0.684s] -- Up-to-date: /home/arnavb/erc_ws/src/week3/install/erc_ros2_simple_arm/share/erc_ros2_simple_arm/launch/check_urdf.launch.py
[0.684s] -- Up-to-date: /home/arnavb/erc_ws/src/week3/install/erc_ros2_simple_arm/share/erc_ros2_simple_arm/launch/world.launch.py
[0.684s] -- Up-to-date: /home/arnavb/erc_ws/src/week3/install/erc_ros2_simple_arm/share/erc_ros2_simple_arm/launch/spawn_robot.launch.py
[0.684s] -- Up-to-date: /home/arnavb/erc_ws/src/week3/install/erc_ros2_simple_arm/share/erc_ros2_simple_arm/worlds
[0.684s] -- Up-to-date: /home/arnavb/erc_ws/src/week3/install/erc_ros2_simple_arm/share/erc_ros2_simple_arm/worlds/world.sdf
[0.684s] -- Up-to-date: /home/arnavb/erc_ws/src/week3/install/erc_ros2_simple_arm/share/erc_ros2_simple_arm/worlds/empty.sdf
[0.684s] -- Up-to-date: /home/arnavb/erc_ws/src/week3/install/erc_ros2_simple_arm/share/erc_ros2_simple_arm/rviz
[0.685s] -- Up-to-date: /home/arnavb/erc_ws/src/week3/install/erc_ros2_simple_arm/share/erc_ros2_simple_arm/rviz/urdf.rviz
[0.685s] -- Up-to-date: /home/arnavb/erc_ws/src/week3/install/erc_ros2_simple_arm/share/erc_ros2_simple_arm/rviz/rviz.rviz
[0.685s] -- Up-to-date: /home/arnavb/erc_ws/src/week3/install/erc_ros2_simple_arm/share/erc_ros2_simple_arm/urdf
[0.685s] -- Up-to-date: /home/arnavb/erc_ws/src/week3/install/erc_ros2_simple_arm/share/erc_ros2_simple_arm/urdf/mogi_arm.gazebo
[0.685s] -- Up-to-date: /home/arnavb/erc_ws/src/week3/install/erc_ros2_simple_arm/share/erc_ros2_simple_arm/urdf/materials.xacro
[0.685s] -- Up-to-date: /home/arnavb/erc_ws/src/week3/install/erc_ros2_simple_arm/share/erc_ros2_simple_arm/urdf/mogi_arm.xacro
[0.685s] -- Up-to-date: /home/arnavb/erc_ws/src/week3/install/erc_ros2_simple_arm/share/erc_ros2_simple_arm/meshes
[0.685s] -- Up-to-date: /home/arnavb/erc_ws/src/week3/install/erc_ros2_simple_arm/share/erc_ros2_simple_arm/meshes/upper_arm.STEP
[0.685s] -- Up-to-date: /home/arnavb/erc_ws/src/week3/install/erc_ros2_simple_arm/share/erc_ros2_simple_arm/meshes/forearm.SLDPRT
[0.686s] -- Up-to-date: /home/arnavb/erc_ws/src/week3/install/erc_ros2_simple_arm/share/erc_ros2_simple_arm/meshes/shoulder.STEP
[0.686s] -- Up-to-date: /home/arnavb/erc_ws/src/week3/install/erc_ros2_simple_arm/share/erc_ros2_simple_arm/meshes/upper_arm.dae
[0.686s] -- Up-to-date: /home/arnavb/erc_ws/src/week3/install/erc_ros2_simple_arm/share/erc_ros2_simple_arm/meshes/forearm.STEP
[0.686s] -- Up-to-date: /home/arnavb/erc_ws/src/week3/install/erc_ros2_simple_arm/share/erc_ros2_simple_arm/meshes/shoulder.dae
[0.686s] -- Up-to-date: /home/arnavb/erc_ws/src/week3/install/erc_ros2_simple_arm/share/erc_ros2_simple_arm/meshes/shoulder.SLDPRT
[0.686s] -- Up-to-date: /home/arnavb/erc_ws/src/week3/install/erc_ros2_simple_arm/share/erc_ros2_simple_arm/meshes/forearm.blend
[0.686s] -- Up-to-date: /home/arnavb/erc_ws/src/week3/install/erc_ros2_simple_arm/share/erc_ros2_simple_arm/meshes/upper_arm.STL
[0.687s] -- Up-to-date: /home/arnavb/erc_ws/src/week3/install/erc_ros2_simple_arm/share/erc_ros2_simple_arm/meshes/forearm.dae
[0.687s] -- Up-to-date: /home/arnavb/erc_ws/src/week3/install/erc_ros2_simple_arm/share/erc_ros2_simple_arm/meshes/shoulder.blend
[0.687s] -- Up-to-date: /home/arnavb/erc_ws/src/week3/install/erc_ros2_simple_arm/share/erc_ros2_simple_arm/meshes/wrist.dae
[0.687s] -- Up-to-date: /home/arnavb/erc_ws/src/week3/install/erc_ros2_simple_arm/share/erc_ros2_simple_arm/meshes/shoulder.STL
[0.687s] -- Up-to-date: /home/arnavb/erc_ws/src/week3/install/erc_ros2_simple_arm/share/erc_ros2_simple_arm/meshes/wrist.STL
[0.687s] -- Up-to-date: /home/arnavb/erc_ws/src/week3/install/erc_ros2_simple_arm/share/erc_ros2_simple_arm/meshes/upper_arm.SLDPRT
[0.687s] -- Up-to-date: /home/arnavb/erc_ws/src/week3/install/erc_ros2_simple_arm/share/erc_ros2_simple_arm/meshes/upper_arm.blend
[0.688s] -- Up-to-date: /home/arnavb/erc_ws/src/week3/install/erc_ros2_simple_arm/share/erc_ros2_simple_arm/meshes/wrist.STEP
[0.688s] -- Up-to-date: /home/arnavb/erc_ws/src/week3/install/erc_ros2_simple_arm/share/erc_ros2_simple_arm/meshes/wrist.blend
[0.688s] -- Up-to-date: /home/arnavb/erc_ws/src/week3/install/erc_ros2_simple_arm/share/erc_ros2_simple_arm/meshes/forearm.STL
[0.688s] -- Up-to-date: /home/arnavb/erc_ws/src/week3/install/erc_ros2_simple_arm/share/erc_ros2_simple_arm/meshes/wrist.SLDPRT
[0.688s] -- Up-to-date: /home/arnavb/erc_ws/src/week3/install/erc_ros2_simple_arm/share/ament_index/resource_index/package_run_dependencies/erc_ros2_simple_arm
[0.688s] -- Up-to-date: /home/arnavb/erc_ws/src/week3/install/erc_ros2_simple_arm/share/ament_index/resource_index/parent_prefix_path/erc_ros2_simple_arm
[0.688s] -- Up-to-date: /home/arnavb/erc_ws/src/week3/install/erc_ros2_simple_arm/share/erc_ros2_simple_arm/environment/ament_prefix_path.sh
[0.688s] -- Up-to-date: /home/arnavb/erc_ws/src/week3/install/erc_ros2_simple_arm/share/erc_ros2_simple_arm/environment/ament_prefix_path.dsv
[0.689s] -- Up-to-date: /home/arnavb/erc_ws/src/week3/install/erc_ros2_simple_arm/share/erc_ros2_simple_arm/environment/path.sh
[0.689s] -- Up-to-date: /home/arnavb/erc_ws/src/week3/install/erc_ros2_simple_arm/share/erc_ros2_simple_arm/environment/path.dsv
[0.689s] -- Up-to-date: /home/arnavb/erc_ws/src/week3/install/erc_ros2_simple_arm/share/erc_ros2_simple_arm/local_setup.bash
[0.689s] -- Up-to-date: /home/arnavb/erc_ws/src/week3/install/erc_ros2_simple_arm/share/erc_ros2_simple_arm/local_setup.sh
[0.689s] -- Up-to-date: /home/arnavb/erc_ws/src/week3/install/erc_ros2_simple_arm/share/erc_ros2_simple_arm/local_setup.zsh
[0.689s] -- Up-to-date: /home/arnavb/erc_ws/src/week3/install/erc_ros2_simple_arm/share/erc_ros2_simple_arm/local_setup.dsv
[0.689s] -- Installing: /home/arnavb/erc_ws/src/week3/install/erc_ros2_simple_arm/share/erc_ros2_simple_arm/package.dsv
[0.689s] -- Up-to-date: /home/arnavb/erc_ws/src/week3/install/erc_ros2_simple_arm/share/ament_index/resource_index/packages/erc_ros2_simple_arm
[0.689s] -- Up-to-date: /home/arnavb/erc_ws/src/week3/install/erc_ros2_simple_arm/share/erc_ros2_simple_arm/cmake/erc_ros2_simple_armConfig.cmake
[0.689s] -- Up-to-date: /home/arnavb/erc_ws/src/week3/install/erc_ros2_simple_arm/share/erc_ros2_simple_arm/cmake/erc_ros2_simple_armConfig-version.cmake
[0.690s] -- Up-to-date: /home/arnavb/erc_ws/src/week3/install/erc_ros2_simple_arm/share/erc_ros2_simple_arm/package.xml
[0.699s] Invoked command in '/home/arnavb/erc_ws/src/week3/build/erc_ros2_simple_arm' returned '0': CMAKE_PREFIX_PATH=${CMAKE_PREFIX_PATH}:/home/arnavb/erc_ws/install/week1_tutorials:/home/arnavb/erc_ws/install/stark_os:/home/arnavb/erc_ws/install/mogi_trajectory_server:/home/arnavb/erc_ws/install/erc_trajectory_server:/home/arnavb/erc_ws/install/erc_ros2_simple_arm_py:/home/arnavb/erc_ws/install/erc_ros2_navigation_py:/home/arnavb/erc_ws/install/erc_gazebo_sensors_py:/home/arnavb/erc_ws/install/assgn:/home/arnavb/erc_ws/src/week3/install/erc_trajectory_server:/home/arnavb/erc_ws/src/week3/install/erc_ros2_simple_arm_py:/home/arnavb/erc_ws/src/week3/install/erc_ros2_navigation_py:/home/arnavb/erc_ws/src/week3/install/erc_gazebo_sensors_py:/opt/ros/jazzy DEBUGINFOD_URLS=https://debuginfod.ubuntu.com /usr/bin/cmake --install /home/arnavb/erc_ws/src/week3/build/erc_ros2_simple_arm
