[1.352s] Invoking command in '/home/arnavb/erc_ws/src/week1_tutorials': DEBUGINFOD_URLS=https://debuginfod.ubuntu.com PYTHONPATH=/home/arnavb/erc_ws/build/week1_tutorials/prefix_override:/usr/lib/python3/dist-packages/colcon_core/task/python/colcon_distutils_commands:/home/arnavb/erc_ws/install/week1_tutorials/lib/python3.12/site-packages:${PYTHONPATH} /usr/bin/python3 -W ignore:setup.py install is deprecated -W ignore:easy_install command is deprecated setup.py egg_info --egg-base ../../build/week1_tutorials build --build-base /home/arnavb/erc_ws/build/week1_tutorials/build install --record /home/arnavb/erc_ws/build/week1_tutorials/install.log --single-version-externally-managed install_data
[1.798s] running egg_info
[1.832s] writing ../../build/week1_tutorials/week1_tutorials.egg-info/PKG-INFO
[1.833s] writing dependency_links to ../../build/week1_tutorials/week1_tutorials.egg-info/dependency_links.txt
[1.833s] writing entry points to ../../build/week1_tutorials/week1_tutorials.egg-info/entry_points.txt
[1.833s] writing requirements to ../../build/week1_tutorials/week1_tutorials.egg-info/requires.txt
[1.833s] writing top-level names to ../../build/week1_tutorials/week1_tutorials.egg-info/top_level.txt
[1.891s] reading manifest file '../../build/week1_tutorials/week1_tutorials.egg-info/SOURCES.txt'
[1.892s] writing manifest file '../../build/week1_tutorials/week1_tutorials.egg-info/SOURCES.txt'
[1.893s] running build
[1.893s] running build_py
[1.893s] copying week1_tutorials/talker.py -> /home/arnavb/erc_ws/build/week1_tutorials/build/lib/week1_tutorials
[1.893s] running install
[1.902s] running install_lib
[1.933s] copying /home/arnavb/erc_ws/build/week1_tutorials/build/lib/week1_tutorials/talker.py -> /home/arnavb/erc_ws/install/week1_tutorials/lib/python3.12/site-packages/week1_tutorials
[1.934s] byte-compiling /home/arnavb/erc_ws/install/week1_tutorials/lib/python3.12/site-packages/week1_tutorials/talker.py to talker.cpython-312.pyc
[1.936s] running install_data
[1.936s] running install_egg_info
[1.973s] removing '/home/arnavb/erc_ws/install/week1_tutorials/lib/python3.12/site-packages/week1_tutorials-0.0.0-py3.12.egg-info' (and everything under it)
[1.973s] Copying ../../build/week1_tutorials/week1_tutorials.egg-info to /home/arnavb/erc_ws/install/week1_tutorials/lib/python3.12/site-packages/week1_tutorials-0.0.0-py3.12.egg-info
[1.974s] running install_scripts
[2.183s] Installing publisher script to /home/arnavb/erc_ws/install/week1_tutorials/lib/week1_tutorials
[2.183s] Installing subscriber script to /home/arnavb/erc_ws/install/week1_tutorials/lib/week1_tutorials
[2.183s] writing list of installed files to '/home/arnavb/erc_ws/build/week1_tutorials/install.log'
[2.232s] Invoked command in '/home/arnavb/erc_ws/src/week1_tutorials' returned '0': DEBUGINFOD_URLS=https://debuginfod.ubuntu.com PYTHONPATH=/home/arnavb/erc_ws/build/week1_tutorials/prefix_override:/usr/lib/python3/dist-packages/colcon_core/task/python/colcon_distutils_commands:/home/arnavb/erc_ws/install/week1_tutorials/lib/python3.12/site-packages:${PYTHONPATH} /usr/bin/python3 -W ignore:setup.py install is deprecated -W ignore:easy_install command is deprecated setup.py egg_info --egg-base ../../build/week1_tutorials build --build-base /home/arnavb/erc_ws/build/week1_tutorials/build install --record /home/arnavb/erc_ws/build/week1_tutorials/install.log --single-version-externally-managed install_data
