[1.503s] Invoking command in '/home/arnavb/erc_ws/src/week3/erc_ros2_simple_arm_py': DEBUGINFOD_URLS=https://debuginfod.ubuntu.com PYTHONPATH=/home/arnavb/erc_ws/build/erc_ros2_simple_arm_py/prefix_override:/usr/lib/python3/dist-packages/colcon_core/task/python/colcon_distutils_commands:/home/arnavb/erc_ws/install/erc_ros2_simple_arm_py/lib/python3.12/site-packages:${PYTHONPATH} /usr/bin/python3 -W ignore:setup.py install is deprecated -W ignore:easy_install command is deprecated setup.py egg_info --egg-base ../../../build/erc_ros2_simple_arm_py build --build-base /home/arnavb/erc_ws/build/erc_ros2_simple_arm_py/build install --record /home/arnavb/erc_ws/build/erc_ros2_simple_arm_py/install.log --single-version-externally-managed install_data
[1.703s] running egg_info
[1.716s] writing ../../../build/erc_ros2_simple_arm_py/erc_ros2_simple_arm_py.egg-info/PKG-INFO
[1.718s] writing dependency_links to ../../../build/erc_ros2_simple_arm_py/erc_ros2_simple_arm_py.egg-info/dependency_links.txt
[1.719s] writing entry points to ../../../build/erc_ros2_simple_arm_py/erc_ros2_simple_arm_py.egg-info/entry_points.txt
[1.719s] writing requirements to ../../../build/erc_ros2_simple_arm_py/erc_ros2_simple_arm_py.egg-info/requires.txt
[1.719s] writing top-level names to ../../../build/erc_ros2_simple_arm_py/erc_ros2_simple_arm_py.egg-info/top_level.txt
[1.746s] reading manifest file '../../../build/erc_ros2_simple_arm_py/erc_ros2_simple_arm_py.egg-info/SOURCES.txt'
[1.747s] writing manifest file '../../../build/erc_ros2_simple_arm_py/erc_ros2_simple_arm_py.egg-info/SOURCES.txt'
[1.747s] running build
[1.747s] running build_py
[1.747s] copying erc_ros2_simple_arm_py/integrated_pickup.py -> /home/arnavb/erc_ws/build/erc_ros2_simple_arm_py/build/lib/erc_ros2_simple_arm_py
[1.747s] running install
[1.752s] running install_lib
[1.766s] copying /home/arnavb/erc_ws/build/erc_ros2_simple_arm_py/build/lib/erc_ros2_simple_arm_py/integrated_pickup.py -> /home/arnavb/erc_ws/install/erc_ros2_simple_arm_py/lib/python3.12/site-packages/erc_ros2_simple_arm_py
[1.766s] byte-compiling /home/arnavb/erc_ws/install/erc_ros2_simple_arm_py/lib/python3.12/site-packages/erc_ros2_simple_arm_py/integrated_pickup.py to integrated_pickup.cpython-312.pyc
[1.768s] running install_data
[1.769s] running install_egg_info
[1.783s] removing '/home/arnavb/erc_ws/install/erc_ros2_simple_arm_py/lib/python3.12/site-packages/erc_ros2_simple_arm_py-0.0.0-py3.12.egg-info' (and everything under it)
[1.783s] Copying ../../../build/erc_ros2_simple_arm_py/erc_ros2_simple_arm_py.egg-info to /home/arnavb/erc_ws/install/erc_ros2_simple_arm_py/lib/python3.12/site-packages/erc_ros2_simple_arm_py-0.0.0-py3.12.egg-info
[1.784s] running install_scripts
[1.878s] Installing integrated_pickup script to /home/arnavb/erc_ws/install/erc_ros2_simple_arm_py/lib/erc_ros2_simple_arm_py
[1.878s] Installing inverse_kinematics script to /home/arnavb/erc_ws/install/erc_ros2_simple_arm_py/lib/erc_ros2_simple_arm_py
[1.878s] Installing send_joint_angles script to /home/arnavb/erc_ws/install/erc_ros2_simple_arm_py/lib/erc_ros2_simple_arm_py
[1.878s] writing list of installed files to '/home/arnavb/erc_ws/build/erc_ros2_simple_arm_py/install.log'
[1.902s] Invoked command in '/home/arnavb/erc_ws/src/week3/erc_ros2_simple_arm_py' returned '0': DEBUGINFOD_URLS=https://debuginfod.ubuntu.com PYTHONPATH=/home/arnavb/erc_ws/build/erc_ros2_simple_arm_py/prefix_override:/usr/lib/python3/dist-packages/colcon_core/task/python/colcon_distutils_commands:/home/arnavb/erc_ws/install/erc_ros2_simple_arm_py/lib/python3.12/site-packages:${PYTHONPATH} /usr/bin/python3 -W ignore:setup.py install is deprecated -W ignore:easy_install command is deprecated setup.py egg_info --egg-base ../../../build/erc_ros2_simple_arm_py build --build-base /home/arnavb/erc_ws/build/erc_ros2_simple_arm_py/build install --record /home/arnavb/erc_ws/build/erc_ros2_simple_arm_py/install.log --single-version-externally-managed install_data
