[0.987s] Invoking command in '/home/arnavb/erc_ws/src/assgn': DEBUGINFOD_URLS=https://debuginfod.ubuntu.com PYTHONPATH=/home/arnavb/erc_ws/src/assgn/build/assgn/prefix_override:/usr/lib/python3/dist-packages/colcon_core/task/python/colcon_distutils_commands:/home/arnavb/erc_ws/src/assgn/install/assgn/lib/python3.12/site-packages:${PYTHONPATH} /usr/bin/python3 -W ignore:setup.py install is deprecated -W ignore:easy_install command is deprecated setup.py egg_info --egg-base build/assgn build --build-base /home/arnavb/erc_ws/src/assgn/build/assgn/build install --record /home/arnavb/erc_ws/src/assgn/build/assgn/install.log --single-version-externally-managed install_data
[1.318s] running egg_info
[1.341s] writing build/assgn/assgn.egg-info/PKG-INFO
[1.341s] writing dependency_links to build/assgn/assgn.egg-info/dependency_links.txt
[1.341s] writing entry points to build/assgn/assgn.egg-info/entry_points.txt
[1.342s] writing requirements to build/assgn/assgn.egg-info/requires.txt
[1.342s] writing top-level names to build/assgn/assgn.egg-info/top_level.txt
[1.387s] reading manifest file 'build/assgn/assgn.egg-info/SOURCES.txt'
[1.388s] writing manifest file 'build/assgn/assgn.egg-info/SOURCES.txt'
[1.388s] running build
[1.388s] running build_py
[1.388s] running install
[1.396s] running install_lib
[1.419s] running install_data
[1.419s] running install_egg_info
[1.444s] removing '/home/arnavb/erc_ws/src/assgn/install/assgn/lib/python3.12/site-packages/assgn-0.0.0-py3.12.egg-info' (and everything under it)
[1.444s] Copying build/assgn/assgn.egg-info to /home/arnavb/erc_ws/src/assgn/install/assgn/lib/python3.12/site-packages/assgn-0.0.0-py3.12.egg-info
[1.445s] running install_scripts
[1.599s] Installing node script to /home/arnavb/erc_ws/src/assgn/install/assgn/lib/assgn
[1.599s] writing list of installed files to '/home/arnavb/erc_ws/src/assgn/build/assgn/install.log'
[1.632s] Invoked command in '/home/arnavb/erc_ws/src/assgn' returned '0': DEBUGINFOD_URLS=https://debuginfod.ubuntu.com PYTHONPATH=/home/arnavb/erc_ws/src/assgn/build/assgn/prefix_override:/usr/lib/python3/dist-packages/colcon_core/task/python/colcon_distutils_commands:/home/arnavb/erc_ws/src/assgn/install/assgn/lib/python3.12/site-packages:${PYTHONPATH} /usr/bin/python3 -W ignore:setup.py install is deprecated -W ignore:easy_install command is deprecated setup.py egg_info --egg-base build/assgn build --build-base /home/arnavb/erc_ws/src/assgn/build/assgn/build install --record /home/arnavb/erc_ws/src/assgn/build/assgn/install.log --single-version-externally-managed install_data
