-- Install configuration: ""
-- Up-to-date: /home/arnavb/erc_ws/install/erc_gazebo_sensors/share/erc_gazebo_sensors/launch
-- Up-to-date: /home/arnavb/erc_ws/install/erc_gazebo_sensors/share/erc_gazebo_sensors/launch/check_urdf.launch.py
-- Up-to-date: /home/arnavb/erc_ws/install/erc_gazebo_sensors/share/erc_gazebo_sensors/launch/world.launch.py
-- Up-to-date: /home/arnavb/erc_ws/install/erc_gazebo_sensors/share/erc_gazebo_sensors/launch/spawn_robot.launch.py
-- Up-to-date: /home/arnavb/erc_ws/install/erc_gazebo_sensors/share/erc_gazebo_sensors/worlds
-- Up-to-date: /home/arnavb/erc_ws/install/erc_gazebo_sensors/share/erc_gazebo_sensors/worlds/world.sdf
-- Up-to-date: /home/arnavb/erc_ws/install/erc_gazebo_sensors/share/erc_gazebo_sensors/worlds/empty.sdf
-- Up-to-date: /home/arnavb/erc_ws/install/erc_gazebo_sensors/share/erc_gazebo_sensors/worlds/home.sdf
-- Up-to-date: /home/arnavb/erc_ws/install/erc_gazebo_sensors/share/erc_gazebo_sensors/rviz
-- Up-to-date: /home/arnavb/erc_ws/install/erc_gazebo_sensors/share/erc_gazebo_sensors/rviz/gps.rviz
-- Up-to-date: /home/arnavb/erc_ws/install/erc_gazebo_sensors/share/erc_gazebo_sensors/rviz/urdf.rviz
-- Up-to-date: /home/arnavb/erc_ws/install/erc_gazebo_sensors/share/erc_gazebo_sensors/rviz/rviz.rviz
-- Up-to-date: /home/arnavb/erc_ws/install/erc_gazebo_sensors/share/erc_gazebo_sensors/urdf
-- Up-to-date: /home/arnavb/erc_ws/install/erc_gazebo_sensors/share/erc_gazebo_sensors/urdf/erc_bot.gazebo
-- Up-to-date: /home/arnavb/erc_ws/install/erc_gazebo_sensors/share/erc_gazebo_sensors/urdf/materials.xacro
-- Up-to-date: /home/arnavb/erc_ws/install/erc_gazebo_sensors/share/erc_gazebo_sensors/urdf/erc_bot.urdf
-- Up-to-date: /home/arnavb/erc_ws/install/erc_gazebo_sensors/share/erc_gazebo_sensors/meshes
-- Up-to-date: /home/arnavb/erc_ws/install/erc_gazebo_sensors/share/erc_gazebo_sensors/meshes/IronManWheelLeftFront.dae
-- Up-to-date: /home/arnavb/erc_ws/install/erc_gazebo_sensors/share/erc_gazebo_sensors/meshes/lidar.dae
-- Up-to-date: /home/arnavb/erc_ws/install/erc_gazebo_sensors/share/erc_gazebo_sensors/meshes/IronManWheelRightFront.dae
-- Up-to-date: /home/arnavb/erc_ws/install/erc_gazebo_sensors/share/erc_gazebo_sensors/meshes/IronMan_ROS_Body.dae
-- Up-to-date: /home/arnavb/erc_ws/install/erc_gazebo_sensors/share/ament_index/resource_index/package_run_dependencies/erc_gazebo_sensors
-- Up-to-date: /home/arnavb/erc_ws/install/erc_gazebo_sensors/share/ament_index/resource_index/parent_prefix_path/erc_gazebo_sensors
-- Up-to-date: /home/arnavb/erc_ws/install/erc_gazebo_sensors/share/erc_gazebo_sensors/environment/ament_prefix_path.sh
-- Up-to-date: /home/arnavb/erc_ws/install/erc_gazebo_sensors/share/erc_gazebo_sensors/environment/ament_prefix_path.dsv
-- Up-to-date: /home/arnavb/erc_ws/install/erc_gazebo_sensors/share/erc_gazebo_sensors/environment/path.sh
-- Up-to-date: /home/arnavb/erc_ws/install/erc_gazebo_sensors/share/erc_gazebo_sensors/environment/path.dsv
-- Up-to-date: /home/arnavb/erc_ws/install/erc_gazebo_sensors/share/erc_gazebo_sensors/local_setup.bash
-- Up-to-date: /home/arnavb/erc_ws/install/erc_gazebo_sensors/share/erc_gazebo_sensors/local_setup.sh
-- Up-to-date: /home/arnavb/erc_ws/install/erc_gazebo_sensors/share/erc_gazebo_sensors/local_setup.zsh
-- Up-to-date: /home/arnavb/erc_ws/install/erc_gazebo_sensors/share/erc_gazebo_sensors/local_setup.dsv
-- Installing: /home/arnavb/erc_ws/install/erc_gazebo_sensors/share/erc_gazebo_sensors/package.dsv
-- Up-to-date: /home/arnavb/erc_ws/install/erc_gazebo_sensors/share/ament_index/resource_index/packages/erc_gazebo_sensors
-- Up-to-date: /home/arnavb/erc_ws/install/erc_gazebo_sensors/share/erc_gazebo_sensors/cmake/erc_gazebo_sensorsConfig.cmake
-- Up-to-date: /home/arnavb/erc_ws/install/erc_gazebo_sensors/share/erc_gazebo_sensors/cmake/erc_gazebo_sensorsConfig-version.cmake
-- Up-to-date: /home/arnavb/erc_ws/install/erc_gazebo_sensors/share/erc_gazebo_sensors/package.xml
