[1.305s] Invoking command in '/home/arnavb/erc_ws/src/erc_gazebo_sensors_py': DEBUGINFOD_URLS=https://debuginfod.ubuntu.com PYTHONPATH=/home/arnavb/erc_ws/src/build/erc_gazebo_sensors_py/prefix_override:/usr/lib/python3/dist-packages/colcon_core/task/python/colcon_distutils_commands:/home/arnavb/erc_ws/src/install/erc_gazebo_sensors_py/lib/python3.12/site-packages:${PYTHONPATH} /usr/bin/python3 -W ignore:setup.py install is deprecated -W ignore:easy_install command is deprecated setup.py egg_info --egg-base ../build/erc_gazebo_sensors_py build --build-base /home/arnavb/erc_ws/src/build/erc_gazebo_sensors_py/build install --record /home/arnavb/erc_ws/src/build/erc_gazebo_sensors_py/install.log --single-version-externally-managed install_data
[1.500s] running egg_info
[1.513s] writing ../build/erc_gazebo_sensors_py/erc_gazebo_sensors_py.egg-info/PKG-INFO
[1.513s] writing dependency_links to ../build/erc_gazebo_sensors_py/erc_gazebo_sensors_py.egg-info/dependency_links.txt
[1.513s] writing entry points to ../build/erc_gazebo_sensors_py/erc_gazebo_sensors_py.egg-info/entry_points.txt
[1.513s] writing requirements to ../build/erc_gazebo_sensors_py/erc_gazebo_sensors_py.egg-info/requires.txt
[1.513s] writing top-level names to ../build/erc_gazebo_sensors_py/erc_gazebo_sensors_py.egg-info/top_level.txt
[1.540s] reading manifest file '../build/erc_gazebo_sensors_py/erc_gazebo_sensors_py.egg-info/SOURCES.txt'
[1.540s] writing manifest file '../build/erc_gazebo_sensors_py/erc_gazebo_sensors_py.egg-info/SOURCES.txt'
[1.540s] running build
[1.541s] running build_py
[1.541s] copying erc_gazebo_sensors_py/chase_the_ball.py -> /home/arnavb/erc_ws/src/build/erc_gazebo_sensors_py/build/lib/erc_gazebo_sensors_py
[1.541s] running install
[1.545s] running install_lib
[1.559s] copying /home/arnavb/erc_ws/src/build/erc_gazebo_sensors_py/build/lib/erc_gazebo_sensors_py/chase_the_ball.py -> /home/arnavb/erc_ws/src/install/erc_gazebo_sensors_py/lib/python3.12/site-packages/erc_gazebo_sensors_py
[1.559s] byte-compiling /home/arnavb/erc_ws/src/install/erc_gazebo_sensors_py/lib/python3.12/site-packages/erc_gazebo_sensors_py/chase_the_ball.py to chase_the_ball.cpython-312.pyc
[1.561s] running install_data
[1.561s] running install_egg_info
[1.575s] removing '/home/arnavb/erc_ws/src/install/erc_gazebo_sensors_py/lib/python3.12/site-packages/erc_gazebo_sensors_py-0.0.0-py3.12.egg-info' (and everything under it)
[1.575s] Copying ../build/erc_gazebo_sensors_py/erc_gazebo_sensors_py.egg-info to /home/arnavb/erc_ws/src/install/erc_gazebo_sensors_py/lib/python3.12/site-packages/erc_gazebo_sensors_py-0.0.0-py3.12.egg-info
[1.575s] running install_scripts
[1.688s] Installing chase_the_ball script to /home/arnavb/erc_ws/src/install/erc_gazebo_sensors_py/lib/erc_gazebo_sensors_py
[1.688s] writing list of installed files to '/home/arnavb/erc_ws/src/build/erc_gazebo_sensors_py/install.log'
[1.717s] Invoked command in '/home/arnavb/erc_ws/src/erc_gazebo_sensors_py' returned '0': DEBUGINFOD_URLS=https://debuginfod.ubuntu.com PYTHONPATH=/home/arnavb/erc_ws/src/build/erc_gazebo_sensors_py/prefix_override:/usr/lib/python3/dist-packages/colcon_core/task/python/colcon_distutils_commands:/home/arnavb/erc_ws/src/install/erc_gazebo_sensors_py/lib/python3.12/site-packages:${PYTHONPATH} /usr/bin/python3 -W ignore:setup.py install is deprecated -W ignore:easy_install command is deprecated setup.py egg_info --egg-base ../build/erc_gazebo_sensors_py build --build-base /home/arnavb/erc_ws/src/build/erc_gazebo_sensors_py/build install --record /home/arnavb/erc_ws/src/build/erc_gazebo_sensors_py/install.log --single-version-externally-managed install_data
