[0.151s] DEBUG:colcon:Command line arguments: ['/usr/bin/colcon', 'build']
[0.151s] DEBUG:colcon:Parsed command line arguments: Namespace(log_base=None, log_level=None, verb_name='build', build_base='build', install_base='install', merge_install=False, symlink_install=False, test_result_base=None, continue_on_error=False, executor='parallel', parallel_workers=20, event_handlers=None, ignore_user_meta=False, metas=['./colcon.meta'], base_paths=['.'], packages_ignore=None, packages_ignore_regex=None, paths=None, packages_up_to=None, packages_up_to_regex=None, packages_above=None, packages_above_and_dependencies=None, packages_above_depth=None, packages_select_by_dep=None, packages_skip_by_dep=None, packages_skip_up_to=None, packages_select_build_failed=False, packages_skip_build_finished=False, packages_select_test_failures=False, packages_skip_test_passed=False, packages_select=None, packages_skip=None, packages_select_regex=None, packages_skip_regex=None, packages_start=None, packages_end=None, allow_overriding=[], cmake_args=None, cmake_target=None, cmake_target_skip_unavailable=False, cmake_clean_cache=False, cmake_clean_first=False, cmake_force_configure=False, ament_cmake_args=None, catkin_cmake_args=None, catkin_skip_building_tests=False, mixin_files=None, mixin=None, verb_parser=<colcon_mixin.mixin.mixin_argument.MixinArgumentDecorator object at 0x7a6382b377d0>, verb_extension=<colcon_core.verb.build.BuildVerb object at 0x7a6382b374d0>, main=<bound method BuildVerb.main of <colcon_core.verb.build.BuildVerb object at 0x7a6382b374d0>>, mixin_verb=('build',))
[0.206s] Level 1:colcon.colcon_core.package_discovery:discover_packages(colcon_meta) check parameters
[0.206s] Level 1:colcon.colcon_core.package_discovery:discover_packages(recursive) check parameters
[0.207s] Level 1:colcon.colcon_core.package_discovery:discover_packages(ignore) check parameters
[0.207s] Level 1:colcon.colcon_core.package_discovery:discover_packages(path) check parameters
[0.207s] Level 1:colcon.colcon_core.package_discovery:discover_packages(colcon_meta) discover
[0.207s] Level 1:colcon.colcon_core.package_discovery:discover_packages(recursive) discover
[0.207s] INFO:colcon.colcon_core.package_discovery:Crawling recursively for packages in '/home/arnavb/erc_ws/src'
[0.207s] Level 1:colcon.colcon_core.package_identification:_identify(.) by extensions ['ignore', 'ignore_ament_install']
[0.207s] Level 1:colcon.colcon_core.package_identification:_identify(.) by extension 'ignore'
[0.207s] Level 1:colcon.colcon_core.package_identification:_identify(.) by extension 'ignore_ament_install'
[0.207s] Level 1:colcon.colcon_core.package_identification:_identify(.) by extensions ['colcon_pkg']
[0.207s] Level 1:colcon.colcon_core.package_identification:_identify(.) by extension 'colcon_pkg'
[0.207s] Level 1:colcon.colcon_core.package_identification:_identify(.) by extensions ['colcon_meta']
[0.207s] Level 1:colcon.colcon_core.package_identification:_identify(.) by extension 'colcon_meta'
[0.207s] Level 1:colcon.colcon_core.package_identification:_identify(.) by extensions ['ros']
[0.207s] Level 1:colcon.colcon_core.package_identification:_identify(.) by extension 'ros'
[0.241s] Level 1:colcon.colcon_core.package_identification:_identify(.) by extensions ['cmake', 'python']
[0.242s] Level 1:colcon.colcon_core.package_identification:_identify(.) by extension 'cmake'
[0.242s] Level 1:colcon.colcon_core.package_identification:_identify(.) by extension 'python'
[0.242s] Level 1:colcon.colcon_core.package_identification:_identify(.) by extensions ['python_setup_py']
[0.242s] Level 1:colcon.colcon_core.package_identification:_identify(.) by extension 'python_setup_py'
[0.242s] Level 1:colcon.colcon_core.package_identification:_identify(assgn) by extensions ['ignore', 'ignore_ament_install']
[0.242s] Level 1:colcon.colcon_core.package_identification:_identify(assgn) by extension 'ignore'
[0.242s] Level 1:colcon.colcon_core.package_identification:_identify(assgn) by extension 'ignore_ament_install'
[0.242s] Level 1:colcon.colcon_core.package_identification:_identify(assgn) by extensions ['colcon_pkg']
[0.242s] Level 1:colcon.colcon_core.package_identification:_identify(assgn) by extension 'colcon_pkg'
[0.242s] Level 1:colcon.colcon_core.package_identification:_identify(assgn) by extensions ['colcon_meta']
[0.242s] Level 1:colcon.colcon_core.package_identification:_identify(assgn) by extension 'colcon_meta'
[0.242s] Level 1:colcon.colcon_core.package_identification:_identify(assgn) by extensions ['ros']
[0.242s] Level 1:colcon.colcon_core.package_identification:_identify(assgn) by extension 'ros'
[0.246s] DEBUG:colcon.colcon_core.package_identification:Package 'assgn' with type 'ros.ament_python' and name 'assgn'
[0.246s] Level 1:colcon.colcon_core.package_identification:_identify(build) by extensions ['ignore', 'ignore_ament_install']
[0.246s] Level 1:colcon.colcon_core.package_identification:_identify(build) by extension 'ignore'
[0.246s] Level 1:colcon.colcon_core.package_identification:_identify(build) ignored
[0.246s] Level 1:colcon.colcon_core.package_identification:_identify(erc_gazebo_basics) by extensions ['ignore', 'ignore_ament_install']
[0.246s] Level 1:colcon.colcon_core.package_identification:_identify(erc_gazebo_basics) by extension 'ignore'
[0.246s] Level 1:colcon.colcon_core.package_identification:_identify(erc_gazebo_basics) by extension 'ignore_ament_install'
[0.246s] Level 1:colcon.colcon_core.package_identification:_identify(erc_gazebo_basics) by extensions ['colcon_pkg']
[0.246s] Level 1:colcon.colcon_core.package_identification:_identify(erc_gazebo_basics) by extension 'colcon_pkg'
[0.246s] Level 1:colcon.colcon_core.package_identification:_identify(erc_gazebo_basics) by extensions ['colcon_meta']
[0.246s] Level 1:colcon.colcon_core.package_identification:_identify(erc_gazebo_basics) by extension 'colcon_meta'
[0.247s] Level 1:colcon.colcon_core.package_identification:_identify(erc_gazebo_basics) by extensions ['ros']
[0.247s] Level 1:colcon.colcon_core.package_identification:_identify(erc_gazebo_basics) by extension 'ros'
[0.247s] DEBUG:colcon.colcon_core.package_identification:Package 'erc_gazebo_basics' with type 'ros.ament_cmake' and name 'erc_gazebo_basics'
[0.247s] Level 1:colcon.colcon_core.package_identification:_identify(install) by extensions ['ignore', 'ignore_ament_install']
[0.247s] Level 1:colcon.colcon_core.package_identification:_identify(install) by extension 'ignore'
[0.247s] Level 1:colcon.colcon_core.package_identification:_identify(install) ignored
[0.248s] Level 1:colcon.colcon_core.package_identification:_identify(log) by extensions ['ignore', 'ignore_ament_install']
[0.248s] Level 1:colcon.colcon_core.package_identification:_identify(log) by extension 'ignore'
[0.248s] Level 1:colcon.colcon_core.package_identification:_identify(log) ignored
[0.248s] Level 1:colcon.colcon_core.package_identification:_identify(winteros_week2) by extensions ['ignore', 'ignore_ament_install']
[0.248s] Level 1:colcon.colcon_core.package_identification:_identify(winteros_week2) by extension 'ignore'
[0.248s] Level 1:colcon.colcon_core.package_identification:_identify(winteros_week2) by extension 'ignore_ament_install'
[0.248s] Level 1:colcon.colcon_core.package_identification:_identify(winteros_week2) by extensions ['colcon_pkg']
[0.248s] Level 1:colcon.colcon_core.package_identification:_identify(winteros_week2) by extension 'colcon_pkg'
[0.248s] Level 1:colcon.colcon_core.package_identification:_identify(winteros_week2) by extensions ['colcon_meta']
[0.248s] Level 1:colcon.colcon_core.package_identification:_identify(winteros_week2) by extension 'colcon_meta'
[0.248s] Level 1:colcon.colcon_core.package_identification:_identify(winteros_week2) by extensions ['ros']
[0.248s] Level 1:colcon.colcon_core.package_identification:_identify(winteros_week2) by extension 'ros'
[0.248s] Level 1:colcon.colcon_core.package_identification:_identify(winteros_week2) by extensions ['cmake', 'python']
[0.248s] Level 1:colcon.colcon_core.package_identification:_identify(winteros_week2) by extension 'cmake'
[0.248s] Level 1:colcon.colcon_core.package_identification:_identify(winteros_week2) by extension 'python'
[0.248s] Level 1:colcon.colcon_core.package_identification:_identify(winteros_week2) by extensions ['python_setup_py']
[0.248s] Level 1:colcon.colcon_core.package_identification:_identify(winteros_week2) by extension 'python_setup_py'
[0.249s] Level 1:colcon.colcon_core.package_identification:_identify(winteros_week2/erc_gazebo_basics) by extensions ['ignore', 'ignore_ament_install']
[0.249s] Level 1:colcon.colcon_core.package_identification:_identify(winteros_week2/erc_gazebo_basics) by extension 'ignore'
[0.249s] Level 1:colcon.colcon_core.package_identification:_identify(winteros_week2/erc_gazebo_basics) by extension 'ignore_ament_install'
[0.249s] Level 1:colcon.colcon_core.package_identification:_identify(winteros_week2/erc_gazebo_basics) by extensions ['colcon_pkg']
[0.249s] Level 1:colcon.colcon_core.package_identification:_identify(winteros_week2/erc_gazebo_basics) by extension 'colcon_pkg'
[0.249s] Level 1:colcon.colcon_core.package_identification:_identify(winteros_week2/erc_gazebo_basics) by extensions ['colcon_meta']
[0.249s] Level 1:colcon.colcon_core.package_identification:_identify(winteros_week2/erc_gazebo_basics) by extension 'colcon_meta'
[0.249s] Level 1:colcon.colcon_core.package_identification:_identify(winteros_week2/erc_gazebo_basics) by extensions ['ros']
[0.249s] Level 1:colcon.colcon_core.package_identification:_identify(winteros_week2/erc_gazebo_basics) by extension 'ros'
[0.249s] DEBUG:colcon.colcon_core.package_identification:Package 'winteros_week2/erc_gazebo_basics' with type 'ros.ament_cmake' and name 'erc_gazebo_basics'
[0.250s] Level 1:colcon.colcon_core.package_identification:_identify(winteros_week2_sensors) by extensions ['ignore', 'ignore_ament_install']
[0.250s] Level 1:colcon.colcon_core.package_identification:_identify(winteros_week2_sensors) by extension 'ignore'
[0.250s] Level 1:colcon.colcon_core.package_identification:_identify(winteros_week2_sensors) by extension 'ignore_ament_install'
[0.250s] Level 1:colcon.colcon_core.package_identification:_identify(winteros_week2_sensors) by extensions ['colcon_pkg']
[0.250s] Level 1:colcon.colcon_core.package_identification:_identify(winteros_week2_sensors) by extension 'colcon_pkg'
[0.250s] Level 1:colcon.colcon_core.package_identification:_identify(winteros_week2_sensors) by extensions ['colcon_meta']
[0.250s] Level 1:colcon.colcon_core.package_identification:_identify(winteros_week2_sensors) by extension 'colcon_meta'
[0.250s] Level 1:colcon.colcon_core.package_identification:_identify(winteros_week2_sensors) by extensions ['ros']
[0.250s] Level 1:colcon.colcon_core.package_identification:_identify(winteros_week2_sensors) by extension 'ros'
[0.250s] Level 1:colcon.colcon_core.package_identification:_identify(winteros_week2_sensors) by extensions ['cmake', 'python']
[0.250s] Level 1:colcon.colcon_core.package_identification:_identify(winteros_week2_sensors) by extension 'cmake'
[0.250s] Level 1:colcon.colcon_core.package_identification:_identify(winteros_week2_sensors) by extension 'python'
[0.250s] Level 1:colcon.colcon_core.package_identification:_identify(winteros_week2_sensors) by extensions ['python_setup_py']
[0.250s] Level 1:colcon.colcon_core.package_identification:_identify(winteros_week2_sensors) by extension 'python_setup_py'
[0.250s] Level 1:colcon.colcon_core.package_identification:_identify(winteros_week2_sensors/assets) by extensions ['ignore', 'ignore_ament_install']
[0.250s] Level 1:colcon.colcon_core.package_identification:_identify(winteros_week2_sensors/assets) by extension 'ignore'
[0.250s] Level 1:colcon.colcon_core.package_identification:_identify(winteros_week2_sensors/assets) by extension 'ignore_ament_install'
[0.251s] Level 1:colcon.colcon_core.package_identification:_identify(winteros_week2_sensors/assets) by extensions ['colcon_pkg']
[0.251s] Level 1:colcon.colcon_core.package_identification:_identify(winteros_week2_sensors/assets) by extension 'colcon_pkg'
[0.251s] Level 1:colcon.colcon_core.package_identification:_identify(winteros_week2_sensors/assets) by extensions ['colcon_meta']
[0.251s] Level 1:colcon.colcon_core.package_identification:_identify(winteros_week2_sensors/assets) by extension 'colcon_meta'
[0.251s] Level 1:colcon.colcon_core.package_identification:_identify(winteros_week2_sensors/assets) by extensions ['ros']
[0.251s] Level 1:colcon.colcon_core.package_identification:_identify(winteros_week2_sensors/assets) by extension 'ros'
[0.251s] Level 1:colcon.colcon_core.package_identification:_identify(winteros_week2_sensors/assets) by extensions ['cmake', 'python']
[0.251s] Level 1:colcon.colcon_core.package_identification:_identify(winteros_week2_sensors/assets) by extension 'cmake'
[0.251s] Level 1:colcon.colcon_core.package_identification:_identify(winteros_week2_sensors/assets) by extension 'python'
[0.251s] Level 1:colcon.colcon_core.package_identification:_identify(winteros_week2_sensors/assets) by extensions ['python_setup_py']
[0.251s] Level 1:colcon.colcon_core.package_identification:_identify(winteros_week2_sensors/assets) by extension 'python_setup_py'
[0.251s] Level 1:colcon.colcon_core.package_identification:_identify(winteros_week2_sensors/build) by extensions ['ignore', 'ignore_ament_install']
[0.251s] Level 1:colcon.colcon_core.package_identification:_identify(winteros_week2_sensors/build) by extension 'ignore'
[0.251s] Level 1:colcon.colcon_core.package_identification:_identify(winteros_week2_sensors/build) ignored
[0.251s] Level 1:colcon.colcon_core.package_identification:_identify(winteros_week2_sensors/erc_gazebo_sensors) by extensions ['ignore', 'ignore_ament_install']
[0.251s] Level 1:colcon.colcon_core.package_identification:_identify(winteros_week2_sensors/erc_gazebo_sensors) by extension 'ignore'
[0.251s] Level 1:colcon.colcon_core.package_identification:_identify(winteros_week2_sensors/erc_gazebo_sensors) by extension 'ignore_ament_install'
[0.251s] Level 1:colcon.colcon_core.package_identification:_identify(winteros_week2_sensors/erc_gazebo_sensors) by extensions ['colcon_pkg']
[0.251s] Level 1:colcon.colcon_core.package_identification:_identify(winteros_week2_sensors/erc_gazebo_sensors) by extension 'colcon_pkg'
[0.251s] Level 1:colcon.colcon_core.package_identification:_identify(winteros_week2_sensors/erc_gazebo_sensors) by extensions ['colcon_meta']
[0.252s] Level 1:colcon.colcon_core.package_identification:_identify(winteros_week2_sensors/erc_gazebo_sensors) by extension 'colcon_meta'
[0.252s] Level 1:colcon.colcon_core.package_identification:_identify(winteros_week2_sensors/erc_gazebo_sensors) by extensions ['ros']
[0.252s] Level 1:colcon.colcon_core.package_identification:_identify(winteros_week2_sensors/erc_gazebo_sensors) by extension 'ros'
[0.252s] DEBUG:colcon.colcon_core.package_identification:Package 'winteros_week2_sensors/erc_gazebo_sensors' with type 'ros.ament_cmake' and name 'erc_gazebo_sensors'
[0.252s] Level 1:colcon.colcon_core.package_identification:_identify(winteros_week2_sensors/install) by extensions ['ignore', 'ignore_ament_install']
[0.252s] Level 1:colcon.colcon_core.package_identification:_identify(winteros_week2_sensors/install) by extension 'ignore'
[0.252s] Level 1:colcon.colcon_core.package_identification:_identify(winteros_week2_sensors/install) ignored
[0.252s] Level 1:colcon.colcon_core.package_identification:_identify(winteros_week2_sensors/log) by extensions ['ignore', 'ignore_ament_install']
[0.253s] Level 1:colcon.colcon_core.package_identification:_identify(winteros_week2_sensors/log) by extension 'ignore'
[0.253s] Level 1:colcon.colcon_core.package_identification:_identify(winteros_week2_sensors/log) ignored
[0.253s] Level 1:colcon.colcon_core.package_identification:_identify(winteros_week2_sensors/mogi_trajectory_server) by extensions ['ignore', 'ignore_ament_install']
[0.253s] Level 1:colcon.colcon_core.package_identification:_identify(winteros_week2_sensors/mogi_trajectory_server) by extension 'ignore'
[0.253s] Level 1:colcon.colcon_core.package_identification:_identify(winteros_week2_sensors/mogi_trajectory_server) by extension 'ignore_ament_install'
[0.253s] Level 1:colcon.colcon_core.package_identification:_identify(winteros_week2_sensors/mogi_trajectory_server) by extensions ['colcon_pkg']
[0.253s] Level 1:colcon.colcon_core.package_identification:_identify(winteros_week2_sensors/mogi_trajectory_server) by extension 'colcon_pkg'
[0.253s] Level 1:colcon.colcon_core.package_identification:_identify(winteros_week2_sensors/mogi_trajectory_server) by extensions ['colcon_meta']
[0.253s] Level 1:colcon.colcon_core.package_identification:_identify(winteros_week2_sensors/mogi_trajectory_server) by extension 'colcon_meta'
[0.253s] Level 1:colcon.colcon_core.package_identification:_identify(winteros_week2_sensors/mogi_trajectory_server) by extensions ['ros']
[0.253s] Level 1:colcon.colcon_core.package_identification:_identify(winteros_week2_sensors/mogi_trajectory_server) by extension 'ros'
[0.254s] DEBUG:colcon.colcon_core.package_identification:Package 'winteros_week2_sensors/mogi_trajectory_server' with type 'ros.ament_python' and name 'mogi_trajectory_server'
[0.254s] Level 1:colcon.colcon_core.package_discovery:discover_packages(recursive) using defaults
[0.254s] Level 1:colcon.colcon_core.package_discovery:discover_packages(ignore) discover
[0.254s] Level 1:colcon.colcon_core.package_discovery:discover_packages(ignore) using defaults
[0.254s] Level 1:colcon.colcon_core.package_discovery:discover_packages(path) discover
[0.254s] Level 1:colcon.colcon_core.package_discovery:discover_packages(path) using defaults
[0.278s] Level 1:colcon.colcon_core.package_discovery:discover_packages(prefix_path) check parameters
[0.278s] Level 1:colcon.colcon_core.package_discovery:discover_packages(prefix_path) discover
[0.280s] DEBUG:colcon.colcon_installed_package_information.package_discovery:Found 1 installed packages in /home/arnavb/erc_ws/src/assgn/install
[0.280s] DEBUG:colcon.colcon_installed_package_information.package_discovery:Found 2 installed packages in /home/arnavb/erc_ws/src/winteros_week2_sensors/install
[0.281s] DEBUG:colcon.colcon_installed_package_information.package_discovery:Found 4 installed packages in /home/arnavb/erc_ws/install
[0.283s] DEBUG:colcon.colcon_installed_package_information.package_discovery:Found 374 installed packages in /opt/ros/jazzy
[0.285s] Level 1:colcon.colcon_core.package_discovery:discover_packages(prefix_path) using defaults
[0.339s] ERROR:colcon:colcon build: Duplicate package names not supported:
- erc_gazebo_basics:
  - erc_gazebo_basics
  - winteros_week2/erc_gazebo_basics
