[1.195s] Invoking command in '/home/arnavb/erc_ws/src/stark_os': DEBUGINFOD_URLS=https://debuginfod.ubuntu.com PYTHONPATH=/home/arnavb/erc_ws/build/stark_os/prefix_override:/usr/lib/python3/dist-packages/colcon_core/task/python/colcon_distutils_commands:/home/arnavb/erc_ws/install/stark_os/lib/python3.12/site-packages:${PYTHONPATH} /usr/bin/python3 -W ignore:setup.py install is deprecated -W ignore:easy_install command is deprecated setup.py egg_info --egg-base ../../build/stark_os build --build-base /home/arnavb/erc_ws/build/stark_os/build install --record /home/arnavb/erc_ws/build/stark_os/install.log --single-version-externally-managed install_data
[1.497s] running egg_info
[1.518s] writing ../../build/stark_os/stark_os.egg-info/PKG-INFO
[1.519s] writing dependency_links to ../../build/stark_os/stark_os.egg-info/dependency_links.txt
[1.519s] writing entry points to ../../build/stark_os/stark_os.egg-info/entry_points.txt
[1.519s] writing requirements to ../../build/stark_os/stark_os.egg-info/requires.txt
[1.519s] writing top-level names to ../../build/stark_os/stark_os.egg-info/top_level.txt
[1.562s] reading manifest file '../../build/stark_os/stark_os.egg-info/SOURCES.txt'
[1.563s] writing manifest file '../../build/stark_os/stark_os.egg-info/SOURCES.txt'
[1.563s] running build
[1.563s] running build_py
[1.564s] copying stark_os/talker2.py -> /home/arnavb/erc_ws/build/stark_os/build/lib/stark_os
[1.564s] copying stark_os/talker1.py -> /home/arnavb/erc_ws/build/stark_os/build/lib/stark_os
[1.564s] copying stark_os/listener.py -> /home/arnavb/erc_ws/build/stark_os/build/lib/stark_os
[1.564s] running install
[1.571s] running install_lib
[1.592s] copying /home/arnavb/erc_ws/build/stark_os/build/lib/stark_os/talker2.py -> /home/arnavb/erc_ws/install/stark_os/lib/python3.12/site-packages/stark_os
[1.593s] copying /home/arnavb/erc_ws/build/stark_os/build/lib/stark_os/talker1.py -> /home/arnavb/erc_ws/install/stark_os/lib/python3.12/site-packages/stark_os
[1.593s] copying /home/arnavb/erc_ws/build/stark_os/build/lib/stark_os/listener.py -> /home/arnavb/erc_ws/install/stark_os/lib/python3.12/site-packages/stark_os
[1.593s] byte-compiling /home/arnavb/erc_ws/install/stark_os/lib/python3.12/site-packages/stark_os/talker2.py to talker2.cpython-312.pyc
[1.594s] byte-compiling /home/arnavb/erc_ws/install/stark_os/lib/python3.12/site-packages/stark_os/talker1.py to talker1.cpython-312.pyc
[1.595s] byte-compiling /home/arnavb/erc_ws/install/stark_os/lib/python3.12/site-packages/stark_os/listener.py to listener.cpython-312.pyc
[1.595s] running install_data
[1.595s] running install_egg_info
[1.618s] removing '/home/arnavb/erc_ws/install/stark_os/lib/python3.12/site-packages/stark_os-0.0.0-py3.12.egg-info' (and everything under it)
[1.619s] Copying ../../build/stark_os/stark_os.egg-info to /home/arnavb/erc_ws/install/stark_os/lib/python3.12/site-packages/stark_os-0.0.0-py3.12.egg-info
[1.619s] running install_scripts
[1.763s] Installing publisher1 script to /home/arnavb/erc_ws/install/stark_os/lib/stark_os
[1.764s] Installing publisher2 script to /home/arnavb/erc_ws/install/stark_os/lib/stark_os
[1.764s] Installing subscriber script to /home/arnavb/erc_ws/install/stark_os/lib/stark_os
[1.764s] writing list of installed files to '/home/arnavb/erc_ws/build/stark_os/install.log'
[1.806s] Invoked command in '/home/arnavb/erc_ws/src/stark_os' returned '0': DEBUGINFOD_URLS=https://debuginfod.ubuntu.com PYTHONPATH=/home/arnavb/erc_ws/build/stark_os/prefix_override:/usr/lib/python3/dist-packages/colcon_core/task/python/colcon_distutils_commands:/home/arnavb/erc_ws/install/stark_os/lib/python3.12/site-packages:${PYTHONPATH} /usr/bin/python3 -W ignore:setup.py install is deprecated -W ignore:easy_install command is deprecated setup.py egg_info --egg-base ../../build/stark_os build --build-base /home/arnavb/erc_ws/build/stark_os/build install --record /home/arnavb/erc_ws/build/stark_os/install.log --single-version-externally-managed install_data
