[1.664s] Invoking command in '/home/arnavb/erc_ws/src/erc_gazebo_sensors_py': DEBUGINFOD_URLS=https://debuginfod.ubuntu.com PYTHONPATH=/home/arnavb/erc_ws/src/build/erc_gazebo_sensors_py/prefix_override:/usr/lib/python3/dist-packages/colcon_core/task/python/colcon_distutils_commands:/home/arnavb/erc_ws/src/install/erc_gazebo_sensors_py/lib/python3.12/site-packages:${PYTHONPATH} /usr/bin/python3 -W ignore:setup.py install is deprecated -W ignore:easy_install command is deprecated setup.py egg_info --egg-base ../build/erc_gazebo_sensors_py build --build-base /home/arnavb/erc_ws/src/build/erc_gazebo_sensors_py/build install --record /home/arnavb/erc_ws/src/build/erc_gazebo_sensors_py/install.log --single-version-externally-managed install_data
[1.996s] running egg_info
[1.996s] creating ../build/erc_gazebo_sensors_py/erc_gazebo_sensors_py.egg-info
[2.018s] writing ../build/erc_gazebo_sensors_py/erc_gazebo_sensors_py.egg-info/PKG-INFO
[2.019s] writing dependency_links to ../build/erc_gazebo_sensors_py/erc_gazebo_sensors_py.egg-info/dependency_links.txt
[2.019s] writing entry points to ../build/erc_gazebo_sensors_py/erc_gazebo_sensors_py.egg-info/entry_points.txt
[2.019s] writing requirements to ../build/erc_gazebo_sensors_py/erc_gazebo_sensors_py.egg-info/requires.txt
[2.019s] writing top-level names to ../build/erc_gazebo_sensors_py/erc_gazebo_sensors_py.egg-info/top_level.txt
[2.019s] writing manifest file '../build/erc_gazebo_sensors_py/erc_gazebo_sensors_py.egg-info/SOURCES.txt'
[2.064s] reading manifest file '../build/erc_gazebo_sensors_py/erc_gazebo_sensors_py.egg-info/SOURCES.txt'
[2.065s] writing manifest file '../build/erc_gazebo_sensors_py/erc_gazebo_sensors_py.egg-info/SOURCES.txt'
[2.065s] running build
[2.065s] running build_py
[2.065s] creating /home/arnavb/erc_ws/src/build/erc_gazebo_sensors_py/build
[2.065s] creating /home/arnavb/erc_ws/src/build/erc_gazebo_sensors_py/build/lib
[2.065s] creating /home/arnavb/erc_ws/src/build/erc_gazebo_sensors_py/build/lib/erc_gazebo_sensors_py
[2.066s] copying erc_gazebo_sensors_py/__init__.py -> /home/arnavb/erc_ws/src/build/erc_gazebo_sensors_py/build/lib/erc_gazebo_sensors_py
[2.066s] copying erc_gazebo_sensors_py/chase_the_ball.py -> /home/arnavb/erc_ws/src/build/erc_gazebo_sensors_py/build/lib/erc_gazebo_sensors_py
[2.066s] running install
[2.073s] running install_lib
[2.096s] creating /home/arnavb/erc_ws/src/install/erc_gazebo_sensors_py/lib/python3.12/site-packages/erc_gazebo_sensors_py
[2.097s] copying /home/arnavb/erc_ws/src/build/erc_gazebo_sensors_py/build/lib/erc_gazebo_sensors_py/__init__.py -> /home/arnavb/erc_ws/src/install/erc_gazebo_sensors_py/lib/python3.12/site-packages/erc_gazebo_sensors_py
[2.097s] copying /home/arnavb/erc_ws/src/build/erc_gazebo_sensors_py/build/lib/erc_gazebo_sensors_py/chase_the_ball.py -> /home/arnavb/erc_ws/src/install/erc_gazebo_sensors_py/lib/python3.12/site-packages/erc_gazebo_sensors_py
[2.097s] byte-compiling /home/arnavb/erc_ws/src/install/erc_gazebo_sensors_py/lib/python3.12/site-packages/erc_gazebo_sensors_py/__init__.py to __init__.cpython-312.pyc
[2.097s] byte-compiling /home/arnavb/erc_ws/src/install/erc_gazebo_sensors_py/lib/python3.12/site-packages/erc_gazebo_sensors_py/chase_the_ball.py to chase_the_ball.cpython-312.pyc
[2.098s] running install_data
[2.099s] creating /home/arnavb/erc_ws/src/install/erc_gazebo_sensors_py/share/ament_index
[2.099s] creating /home/arnavb/erc_ws/src/install/erc_gazebo_sensors_py/share/ament_index/resource_index
[2.099s] creating /home/arnavb/erc_ws/src/install/erc_gazebo_sensors_py/share/ament_index/resource_index/packages
[2.099s] copying resource/erc_gazebo_sensors_py -> /home/arnavb/erc_ws/src/install/erc_gazebo_sensors_py/share/ament_index/resource_index/packages
[2.099s] copying package.xml -> /home/arnavb/erc_ws/src/install/erc_gazebo_sensors_py/share/erc_gazebo_sensors_py
[2.099s] running install_egg_info
[2.123s] Copying ../build/erc_gazebo_sensors_py/erc_gazebo_sensors_py.egg-info to /home/arnavb/erc_ws/src/install/erc_gazebo_sensors_py/lib/python3.12/site-packages/erc_gazebo_sensors_py-0.0.0-py3.12.egg-info
[2.124s] running install_scripts
[2.276s] Installing chase_the_ball script to /home/arnavb/erc_ws/src/install/erc_gazebo_sensors_py/lib/erc_gazebo_sensors_py
[2.276s] writing list of installed files to '/home/arnavb/erc_ws/src/build/erc_gazebo_sensors_py/install.log'
[2.320s] Invoked command in '/home/arnavb/erc_ws/src/erc_gazebo_sensors_py' returned '0': DEBUGINFOD_URLS=https://debuginfod.ubuntu.com PYTHONPATH=/home/arnavb/erc_ws/src/build/erc_gazebo_sensors_py/prefix_override:/usr/lib/python3/dist-packages/colcon_core/task/python/colcon_distutils_commands:/home/arnavb/erc_ws/src/install/erc_gazebo_sensors_py/lib/python3.12/site-packages:${PYTHONPATH} /usr/bin/python3 -W ignore:setup.py install is deprecated -W ignore:easy_install command is deprecated setup.py egg_info --egg-base ../build/erc_gazebo_sensors_py build --build-base /home/arnavb/erc_ws/src/build/erc_gazebo_sensors_py/build install --record /home/arnavb/erc_ws/src/build/erc_gazebo_sensors_py/install.log --single-version-externally-managed install_data
