[1.220s] Invoking command in '/home/arnavb/erc_ws/src/stark_os': DEBUGINFOD_URLS=https://debuginfod.ubuntu.com PYTHONPATH=/home/arnavb/erc_ws/build/stark_os/prefix_override:/usr/lib/python3/dist-packages/colcon_core/task/python/colcon_distutils_commands:/home/arnavb/erc_ws/install/stark_os/lib/python3.12/site-packages:${PYTHONPATH} /usr/bin/python3 -W ignore:setup.py install is deprecated -W ignore:easy_install command is deprecated setup.py egg_info --egg-base ../../build/stark_os build --build-base /home/arnavb/erc_ws/build/stark_os/build install --record /home/arnavb/erc_ws/build/stark_os/install.log --single-version-externally-managed install_data
[1.525s] running egg_info
[1.546s] writing ../../build/stark_os/stark_os.egg-info/PKG-INFO
[1.547s] writing dependency_links to ../../build/stark_os/stark_os.egg-info/dependency_links.txt
[1.547s] writing entry points to ../../build/stark_os/stark_os.egg-info/entry_points.txt
[1.547s] writing requirements to ../../build/stark_os/stark_os.egg-info/requires.txt
[1.547s] writing top-level names to ../../build/stark_os/stark_os.egg-info/top_level.txt
[1.590s] reading manifest file '../../build/stark_os/stark_os.egg-info/SOURCES.txt'
[1.591s] writing manifest file '../../build/stark_os/stark_os.egg-info/SOURCES.txt'
[1.591s] running build
[1.591s] running build_py
[1.591s] running install
[1.599s] running install_lib
[1.621s] running install_data
[1.621s] running install_egg_info
[1.644s] removing '/home/arnavb/erc_ws/install/stark_os/lib/python3.12/site-packages/stark_os-0.0.0-py3.12.egg-info' (and everything under it)
[1.644s] Copying ../../build/stark_os/stark_os.egg-info to /home/arnavb/erc_ws/install/stark_os/lib/python3.12/site-packages/stark_os-0.0.0-py3.12.egg-info
[1.645s] running install_scripts
[1.791s] Installing publisher1 script to /home/arnavb/erc_ws/install/stark_os/lib/stark_os
[1.791s] Installing publisher2 script to /home/arnavb/erc_ws/install/stark_os/lib/stark_os
[1.792s] Installing subscriber script to /home/arnavb/erc_ws/install/stark_os/lib/stark_os
[1.792s] writing list of installed files to '/home/arnavb/erc_ws/build/stark_os/install.log'
[1.828s] Invoked command in '/home/arnavb/erc_ws/src/stark_os' returned '0': DEBUGINFOD_URLS=https://debuginfod.ubuntu.com PYTHONPATH=/home/arnavb/erc_ws/build/stark_os/prefix_override:/usr/lib/python3/dist-packages/colcon_core/task/python/colcon_distutils_commands:/home/arnavb/erc_ws/install/stark_os/lib/python3.12/site-packages:${PYTHONPATH} /usr/bin/python3 -W ignore:setup.py install is deprecated -W ignore:easy_install command is deprecated setup.py egg_info --egg-base ../../build/stark_os build --build-base /home/arnavb/erc_ws/build/stark_os/build install --record /home/arnavb/erc_ws/build/stark_os/install.log --single-version-externally-managed install_data
