[1.415s] Invoking command in '/home/arnavb/erc_ws/src/build/erc_gazebo_basics': CMAKE_PREFIX_PATH=${CMAKE_PREFIX_PATH}:/home/arnavb/erc_ws/src/install/week1_tutorials:/home/arnavb/erc_ws/src/install/stark_os:/home/arnavb/erc_ws/src/install/mogi_trajectory_server:/home/arnavb/erc_ws/src/install/erc_trajectory_server:/home/arnavb/erc_ws/src/install/erc_ros2_navigation_py:/home/arnavb/erc_ws/src/install/erc_gazebo_sensors_py:/home/arnavb/erc_ws/src/install/assgn:/home/arnavb/erc_ws/install/week1_tutorials:/home/arnavb/erc_ws/install/stark_os:/home/arnavb/erc_ws/install/mogi_trajectory_server:/opt/ros/jazzy DEBUGINFOD_URLS=https://debuginfod.ubuntu.com /usr/bin/cmake --build /home/arnavb/erc_ws/src/build/erc_gazebo_basics -- -j20 -l20
[5.925s] Invoked command in '/home/arnavb/erc_ws/src/build/erc_gazebo_basics' returned '0': CMAKE_PREFIX_PATH=${CMAKE_PREFIX_PATH}:/home/arnavb/erc_ws/src/install/week1_tutorials:/home/arnavb/erc_ws/src/install/stark_os:/home/arnavb/erc_ws/src/install/mogi_trajectory_server:/home/arnavb/erc_ws/src/install/erc_trajectory_server:/home/arnavb/erc_ws/src/install/erc_ros2_navigation_py:/home/arnavb/erc_ws/src/install/erc_gazebo_sensors_py:/home/arnavb/erc_ws/src/install/assgn:/home/arnavb/erc_ws/install/week1_tutorials:/home/arnavb/erc_ws/install/stark_os:/home/arnavb/erc_ws/install/mogi_trajectory_server:/opt/ros/jazzy DEBUGINFOD_URLS=https://debuginfod.ubuntu.com /usr/bin/cmake --build /home/arnavb/erc_ws/src/build/erc_gazebo_basics -- -j20 -l20
[5.975s] Invoking command in '/home/arnavb/erc_ws/src/build/erc_gazebo_basics': CMAKE_PREFIX_PATH=${CMAKE_PREFIX_PATH}:/home/arnavb/erc_ws/src/install/week1_tutorials:/home/arnavb/erc_ws/src/install/stark_os:/home/arnavb/erc_ws/src/install/mogi_trajectory_server:/home/arnavb/erc_ws/src/install/erc_trajectory_server:/home/arnavb/erc_ws/src/install/erc_ros2_navigation_py:/home/arnavb/erc_ws/src/install/erc_gazebo_sensors_py:/home/arnavb/erc_ws/src/install/assgn:/home/arnavb/erc_ws/install/week1_tutorials:/home/arnavb/erc_ws/install/stark_os:/home/arnavb/erc_ws/install/mogi_trajectory_server:/opt/ros/jazzy DEBUGINFOD_URLS=https://debuginfod.ubuntu.com /usr/bin/cmake --install /home/arnavb/erc_ws/src/build/erc_gazebo_basics
[6.018s] -- Install configuration: ""
[6.023s] -- Up-to-date: /home/arnavb/erc_ws/src/install/erc_gazebo_basics/share/erc_gazebo_basics/launch
[6.026s] -- Up-to-date: /home/arnavb/erc_ws/src/install/erc_gazebo_basics/share/erc_gazebo_basics/launch/world.launch.py
[6.029s] -- Up-to-date: /home/arnavb/erc_ws/src/install/erc_gazebo_basics/share/erc_gazebo_basics/worlds
[6.034s] -- Up-to-date: /home/arnavb/erc_ws/src/install/erc_gazebo_basics/share/erc_gazebo_basics/worlds/world.sdf
[6.036s] -- Up-to-date: /home/arnavb/erc_ws/src/install/erc_gazebo_basics/share/erc_gazebo_basics/worlds/empty.sdf
[6.037s] -- Up-to-date: /home/arnavb/erc_ws/src/install/erc_gazebo_basics/share/erc_gazebo_basics/rviz
[6.038s] -- Up-to-date: /home/arnavb/erc_ws/src/install/erc_gazebo_basics/share/erc_gazebo_basics/rviz/urdf.rviz
[6.039s] -- Up-to-date: /home/arnavb/erc_ws/src/install/erc_gazebo_basics/share/erc_gazebo_basics/rviz/rviz.rviz
[6.041s] -- Up-to-date: /home/arnavb/erc_ws/src/install/erc_gazebo_basics/share/erc_gazebo_basics/urdf
[6.042s] -- Up-to-date: /home/arnavb/erc_ws/src/install/erc_gazebo_basics/share/erc_gazebo_basics/urdf/materials.xacro
[6.044s] -- Up-to-date: /home/arnavb/erc_ws/src/install/erc_gazebo_basics/share/erc_gazebo_basics/meshes
[6.046s] -- Up-to-date: /home/arnavb/erc_ws/src/install/erc_gazebo_basics/share/erc_gazebo_basics/meshes/IronManWheelLeftFront.dae
[6.047s] -- Up-to-date: /home/arnavb/erc_ws/src/install/erc_gazebo_basics/share/erc_gazebo_basics/meshes/IronManWheelRightFront.dae
[6.047s] -- Up-to-date: /home/arnavb/erc_ws/src/install/erc_gazebo_basics/share/erc_gazebo_basics/meshes/wheel.SLDPRT
[6.048s] -- Up-to-date: /home/arnavb/erc_ws/src/install/erc_gazebo_basics/share/erc_gazebo_basics/meshes/wheel.blend
[6.048s] -- Up-to-date: /home/arnavb/erc_ws/src/install/erc_gazebo_basics/share/erc_gazebo_basics/meshes/IronMan_ROS_Body.dae
[6.050s] -- Up-to-date: /home/arnavb/erc_ws/src/install/erc_gazebo_basics/share/erc_gazebo_basics/meshes/wheel.dae
[6.050s] -- Up-to-date: /home/arnavb/erc_ws/src/install/erc_gazebo_basics/share/erc_gazebo_basics/meshes/wheel.STEP
[6.052s] -- Up-to-date: /home/arnavb/erc_ws/src/install/erc_gazebo_basics/share/erc_gazebo_basics/meshes/wheel.STL
[6.053s] -- Up-to-date: /home/arnavb/erc_ws/src/install/erc_gazebo_basics/share/ament_index/resource_index/package_run_dependencies/erc_gazebo_basics
[6.053s] -- Up-to-date: /home/arnavb/erc_ws/src/install/erc_gazebo_basics/share/ament_index/resource_index/parent_prefix_path/erc_gazebo_basics
[6.054s] -- Up-to-date: /home/arnavb/erc_ws/src/install/erc_gazebo_basics/share/erc_gazebo_basics/environment/ament_prefix_path.sh
[6.054s] -- Up-to-date: /home/arnavb/erc_ws/src/install/erc_gazebo_basics/share/erc_gazebo_basics/environment/ament_prefix_path.dsv
[6.055s] -- Up-to-date: /home/arnavb/erc_ws/src/install/erc_gazebo_basics/share/erc_gazebo_basics/environment/path.sh
[6.055s] -- Up-to-date: /home/arnavb/erc_ws/src/install/erc_gazebo_basics/share/erc_gazebo_basics/environment/path.dsv
[6.056s] -- Up-to-date: /home/arnavb/erc_ws/src/install/erc_gazebo_basics/share/erc_gazebo_basics/local_setup.bash
[6.056s] -- Up-to-date: /home/arnavb/erc_ws/src/install/erc_gazebo_basics/share/erc_gazebo_basics/local_setup.sh
[6.056s] -- Up-to-date: /home/arnavb/erc_ws/src/install/erc_gazebo_basics/share/erc_gazebo_basics/local_setup.zsh
[6.056s] -- Up-to-date: /home/arnavb/erc_ws/src/install/erc_gazebo_basics/share/erc_gazebo_basics/local_setup.dsv
[6.057s] -- Installing: /home/arnavb/erc_ws/src/install/erc_gazebo_basics/share/erc_gazebo_basics/package.dsv
[6.057s] -- Up-to-date: /home/arnavb/erc_ws/src/install/erc_gazebo_basics/share/ament_index/resource_index/packages/erc_gazebo_basics
[6.057s] -- Up-to-date: /home/arnavb/erc_ws/src/install/erc_gazebo_basics/share/erc_gazebo_basics/cmake/erc_gazebo_basicsConfig.cmake
[6.058s] -- Up-to-date: /home/arnavb/erc_ws/src/install/erc_gazebo_basics/share/erc_gazebo_basics/cmake/erc_gazebo_basicsConfig-version.cmake
[6.058s] -- Up-to-date: /home/arnavb/erc_ws/src/install/erc_gazebo_basics/share/erc_gazebo_basics/package.xml
[6.111s] Invoked command in '/home/arnavb/erc_ws/src/build/erc_gazebo_basics' returned '0': CMAKE_PREFIX_PATH=${CMAKE_PREFIX_PATH}:/home/arnavb/erc_ws/src/install/week1_tutorials:/home/arnavb/erc_ws/src/install/stark_os:/home/arnavb/erc_ws/src/install/mogi_trajectory_server:/home/arnavb/erc_ws/src/install/erc_trajectory_server:/home/arnavb/erc_ws/src/install/erc_ros2_navigation_py:/home/arnavb/erc_ws/src/install/erc_gazebo_sensors_py:/home/arnavb/erc_ws/src/install/assgn:/home/arnavb/erc_ws/install/week1_tutorials:/home/arnavb/erc_ws/install/stark_os:/home/arnavb/erc_ws/install/mogi_trajectory_server:/opt/ros/jazzy DEBUGINFOD_URLS=https://debuginfod.ubuntu.com /usr/bin/cmake --install /home/arnavb/erc_ws/src/build/erc_gazebo_basics
