running egg_info
writing ../build/erc_ros2_navigation_py/erc_ros2_navigation_py.egg-info/PKG-INFO
writing dependency_links to ../build/erc_ros2_navigation_py/erc_ros2_navigation_py.egg-info/dependency_links.txt
writing entry points to ../build/erc_ros2_navigation_py/erc_ros2_navigation_py.egg-info/entry_points.txt
writing requirements to ../build/erc_ros2_navigation_py/erc_ros2_navigation_py.egg-info/requires.txt
writing top-level names to ../build/erc_ros2_navigation_py/erc_ros2_navigation_py.egg-info/top_level.txt
reading manifest file '../build/erc_ros2_navigation_py/erc_ros2_navigation_py.egg-info/SOURCES.txt'
writing manifest file '../build/erc_ros2_navigation_py/erc_ros2_navigation_py.egg-info/SOURCES.txt'
running build
running build_py
copying erc_ros2_navigation_py/__init__.py -> /home/arnavb/erc_ws/src/build/erc_ros2_navigation_py/build/lib/erc_ros2_navigation_py
copying erc_ros2_navigation_py/send_initialpose.py -> /home/arnavb/erc_ws/src/build/erc_ros2_navigation_py/build/lib/erc_ros2_navigation_py
copying erc_ros2_navigation_py/slam_toolbox_load_map.py -> /home/arnavb/erc_ws/src/build/erc_ros2_navigation_py/build/lib/erc_ros2_navigation_py
running install
running install_lib
copying /home/arnavb/erc_ws/src/build/erc_ros2_navigation_py/build/lib/erc_ros2_navigation_py/__init__.py -> /home/arnavb/erc_ws/src/install/erc_ros2_navigation_py/lib/python3.12/site-packages/erc_ros2_navigation_py
copying /home/arnavb/erc_ws/src/build/erc_ros2_navigation_py/build/lib/erc_ros2_navigation_py/send_initialpose.py -> /home/arnavb/erc_ws/src/install/erc_ros2_navigation_py/lib/python3.12/site-packages/erc_ros2_navigation_py
copying /home/arnavb/erc_ws/src/build/erc_ros2_navigation_py/build/lib/erc_ros2_navigation_py/slam_toolbox_load_map.py -> /home/arnavb/erc_ws/src/install/erc_ros2_navigation_py/lib/python3.12/site-packages/erc_ros2_navigation_py
byte-compiling /home/arnavb/erc_ws/src/install/erc_ros2_navigation_py/lib/python3.12/site-packages/erc_ros2_navigation_py/__init__.py to __init__.cpython-312.pyc
byte-compiling /home/arnavb/erc_ws/src/install/erc_ros2_navigation_py/lib/python3.12/site-packages/erc_ros2_navigation_py/send_initialpose.py to send_initialpose.cpython-312.pyc
byte-compiling /home/arnavb/erc_ws/src/install/erc_ros2_navigation_py/lib/python3.12/site-packages/erc_ros2_navigation_py/slam_toolbox_load_map.py to slam_toolbox_load_map.cpython-312.pyc
running install_data
copying resource/erc_ros2_navigation_py -> /home/arnavb/erc_ws/src/install/erc_ros2_navigation_py/share/ament_index/resource_index/packages
copying package.xml -> /home/arnavb/erc_ws/src/install/erc_ros2_navigation_py/share/erc_ros2_navigation_py
running install_egg_info
removing '/home/arnavb/erc_ws/src/install/erc_ros2_navigation_py/lib/python3.12/site-packages/erc_ros2_navigation_py-1.0.0-py3.12.egg-info' (and everything under it)
Copying ../build/erc_ros2_navigation_py/erc_ros2_navigation_py.egg-info to /home/arnavb/erc_ws/src/install/erc_ros2_navigation_py/lib/python3.12/site-packages/erc_ros2_navigation_py-1.0.0-py3.12.egg-info
running install_scripts
Installing send_initialpose script to /home/arnavb/erc_ws/src/install/erc_ros2_navigation_py/lib/erc_ros2_navigation_py
Installing slam_toolbox_load_map script to /home/arnavb/erc_ws/src/install/erc_ros2_navigation_py/lib/erc_ros2_navigation_py
writing list of installed files to '/home/arnavb/erc_ws/src/build/erc_ros2_navigation_py/install.log'
