[2.485s] Invoking command in '/home/arnavb/erc_ws/src/erc_ros2_navigation_py': DEBUGINFOD_URLS=https://debuginfod.ubuntu.com PYTHONPATH=/home/arnavb/erc_ws/src/build/erc_ros2_navigation_py/prefix_override:/usr/lib/python3/dist-packages/colcon_core/task/python/colcon_distutils_commands:/home/arnavb/erc_ws/src/install/erc_ros2_navigation_py/lib/python3.12/site-packages:${PYTHONPATH} /usr/bin/python3 -W ignore:setup.py install is deprecated -W ignore:easy_install command is deprecated setup.py egg_info --egg-base ../build/erc_ros2_navigation_py build --build-base /home/arnavb/erc_ws/src/build/erc_ros2_navigation_py/build install --record /home/arnavb/erc_ws/src/build/erc_ros2_navigation_py/install.log --single-version-externally-managed install_data
[2.780s] running egg_info
[2.803s] writing ../build/erc_ros2_navigation_py/erc_ros2_navigation_py.egg-info/PKG-INFO
[2.803s] writing dependency_links to ../build/erc_ros2_navigation_py/erc_ros2_navigation_py.egg-info/dependency_links.txt
[2.803s] writing entry points to ../build/erc_ros2_navigation_py/erc_ros2_navigation_py.egg-info/entry_points.txt
[2.803s] writing requirements to ../build/erc_ros2_navigation_py/erc_ros2_navigation_py.egg-info/requires.txt
[2.804s] writing top-level names to ../build/erc_ros2_navigation_py/erc_ros2_navigation_py.egg-info/top_level.txt
[2.850s] reading manifest file '../build/erc_ros2_navigation_py/erc_ros2_navigation_py.egg-info/SOURCES.txt'
[2.851s] writing manifest file '../build/erc_ros2_navigation_py/erc_ros2_navigation_py.egg-info/SOURCES.txt'
[2.851s] running build
[2.851s] running build_py
[2.851s] copying erc_ros2_navigation_py/__init__.py -> /home/arnavb/erc_ws/src/build/erc_ros2_navigation_py/build/lib/erc_ros2_navigation_py
[2.851s] copying erc_ros2_navigation_py/send_initialpose.py -> /home/arnavb/erc_ws/src/build/erc_ros2_navigation_py/build/lib/erc_ros2_navigation_py
[2.851s] copying erc_ros2_navigation_py/slam_toolbox_load_map.py -> /home/arnavb/erc_ws/src/build/erc_ros2_navigation_py/build/lib/erc_ros2_navigation_py
[2.852s] running install
[2.859s] running install_lib
[2.882s] copying /home/arnavb/erc_ws/src/build/erc_ros2_navigation_py/build/lib/erc_ros2_navigation_py/__init__.py -> /home/arnavb/erc_ws/src/install/erc_ros2_navigation_py/lib/python3.12/site-packages/erc_ros2_navigation_py
[2.882s] copying /home/arnavb/erc_ws/src/build/erc_ros2_navigation_py/build/lib/erc_ros2_navigation_py/send_initialpose.py -> /home/arnavb/erc_ws/src/install/erc_ros2_navigation_py/lib/python3.12/site-packages/erc_ros2_navigation_py
[2.882s] copying /home/arnavb/erc_ws/src/build/erc_ros2_navigation_py/build/lib/erc_ros2_navigation_py/slam_toolbox_load_map.py -> /home/arnavb/erc_ws/src/install/erc_ros2_navigation_py/lib/python3.12/site-packages/erc_ros2_navigation_py
[2.883s] byte-compiling /home/arnavb/erc_ws/src/install/erc_ros2_navigation_py/lib/python3.12/site-packages/erc_ros2_navigation_py/__init__.py to __init__.cpython-312.pyc
[2.883s] byte-compiling /home/arnavb/erc_ws/src/install/erc_ros2_navigation_py/lib/python3.12/site-packages/erc_ros2_navigation_py/send_initialpose.py to send_initialpose.cpython-312.pyc
[2.884s] byte-compiling /home/arnavb/erc_ws/src/install/erc_ros2_navigation_py/lib/python3.12/site-packages/erc_ros2_navigation_py/slam_toolbox_load_map.py to slam_toolbox_load_map.cpython-312.pyc
[2.885s] running install_data
[2.885s] copying resource/erc_ros2_navigation_py -> /home/arnavb/erc_ws/src/install/erc_ros2_navigation_py/share/ament_index/resource_index/packages
[2.885s] copying package.xml -> /home/arnavb/erc_ws/src/install/erc_ros2_navigation_py/share/erc_ros2_navigation_py
[2.885s] running install_egg_info
[2.909s] removing '/home/arnavb/erc_ws/src/install/erc_ros2_navigation_py/lib/python3.12/site-packages/erc_ros2_navigation_py-1.0.0-py3.12.egg-info' (and everything under it)
[2.909s] Copying ../build/erc_ros2_navigation_py/erc_ros2_navigation_py.egg-info to /home/arnavb/erc_ws/src/install/erc_ros2_navigation_py/lib/python3.12/site-packages/erc_ros2_navigation_py-1.0.0-py3.12.egg-info
[2.910s] running install_scripts
[3.064s] Installing send_initialpose script to /home/arnavb/erc_ws/src/install/erc_ros2_navigation_py/lib/erc_ros2_navigation_py
[3.065s] Installing slam_toolbox_load_map script to /home/arnavb/erc_ws/src/install/erc_ros2_navigation_py/lib/erc_ros2_navigation_py
[3.065s] writing list of installed files to '/home/arnavb/erc_ws/src/build/erc_ros2_navigation_py/install.log'
[3.129s] Invoked command in '/home/arnavb/erc_ws/src/erc_ros2_navigation_py' returned '0': DEBUGINFOD_URLS=https://debuginfod.ubuntu.com PYTHONPATH=/home/arnavb/erc_ws/src/build/erc_ros2_navigation_py/prefix_override:/usr/lib/python3/dist-packages/colcon_core/task/python/colcon_distutils_commands:/home/arnavb/erc_ws/src/install/erc_ros2_navigation_py/lib/python3.12/site-packages:${PYTHONPATH} /usr/bin/python3 -W ignore:setup.py install is deprecated -W ignore:easy_install command is deprecated setup.py egg_info --egg-base ../build/erc_ros2_navigation_py build --build-base /home/arnavb/erc_ws/src/build/erc_ros2_navigation_py/build install --record /home/arnavb/erc_ws/src/build/erc_ros2_navigation_py/install.log --single-version-externally-managed install_data
