[1.598s] Invoking command in '/home/arnavb/erc_ws/src/assgn': DEBUGINFOD_URLS=https://debuginfod.ubuntu.com PYTHONPATH=/home/arnavb/erc_ws/src/build/assgn/prefix_override:/usr/lib/python3/dist-packages/colcon_core/task/python/colcon_distutils_commands:/home/arnavb/erc_ws/src/install/assgn/lib/python3.12/site-packages:${PYTHONPATH} /usr/bin/python3 -W ignore:setup.py install is deprecated -W ignore:easy_install command is deprecated setup.py egg_info --egg-base ../build/assgn build --build-base /home/arnavb/erc_ws/src/build/assgn/build install --record /home/arnavb/erc_ws/src/build/assgn/install.log --single-version-externally-managed install_data
[1.921s] running egg_info
[1.944s] writing ../build/assgn/assgn.egg-info/PKG-INFO
[1.944s] writing dependency_links to ../build/assgn/assgn.egg-info/dependency_links.txt
[1.944s] writing entry points to ../build/assgn/assgn.egg-info/entry_points.txt
[1.944s] writing requirements to ../build/assgn/assgn.egg-info/requires.txt
[1.944s] writing top-level names to ../build/assgn/assgn.egg-info/top_level.txt
[1.989s] reading manifest file '../build/assgn/assgn.egg-info/SOURCES.txt'
[1.990s] writing manifest file '../build/assgn/assgn.egg-info/SOURCES.txt'
[1.990s] running build
[1.990s] running build_py
[1.990s] running install
[1.998s] running install_lib
[2.021s] running install_data
[2.021s] running install_egg_info
[2.045s] removing '/home/arnavb/erc_ws/src/install/assgn/lib/python3.12/site-packages/assgn-0.0.0-py3.12.egg-info' (and everything under it)
[2.045s] Copying ../build/assgn/assgn.egg-info to /home/arnavb/erc_ws/src/install/assgn/lib/python3.12/site-packages/assgn-0.0.0-py3.12.egg-info
[2.046s] running install_scripts
[2.200s] Installing node script to /home/arnavb/erc_ws/src/install/assgn/lib/assgn
[2.200s] writing list of installed files to '/home/arnavb/erc_ws/src/build/assgn/install.log'
[2.237s] Invoked command in '/home/arnavb/erc_ws/src/assgn' returned '0': DEBUGINFOD_URLS=https://debuginfod.ubuntu.com PYTHONPATH=/home/arnavb/erc_ws/src/build/assgn/prefix_override:/usr/lib/python3/dist-packages/colcon_core/task/python/colcon_distutils_commands:/home/arnavb/erc_ws/src/install/assgn/lib/python3.12/site-packages:${PYTHONPATH} /usr/bin/python3 -W ignore:setup.py install is deprecated -W ignore:easy_install command is deprecated setup.py egg_info --egg-base ../build/assgn build --build-base /home/arnavb/erc_ws/src/build/assgn/build install --record /home/arnavb/erc_ws/src/build/assgn/install.log --single-version-externally-managed install_data
