[0.569s] Invoking command in '/home/arnavb/erc_ws/src/assgn': DEBUGINFOD_URLS=https://debuginfod.ubuntu.com PYTHONPATH=/home/arnavb/erc_ws/src/assgn/build/assgn/prefix_override:/usr/lib/python3/dist-packages/colcon_core/task/python/colcon_distutils_commands:/home/arnavb/erc_ws/src/assgn/install/assgn/lib/python3.12/site-packages:${PYTHONPATH} /usr/bin/python3 -W ignore:setup.py install is deprecated -W ignore:easy_install command is deprecated setup.py egg_info --egg-base build/assgn build --build-base /home/arnavb/erc_ws/src/assgn/build/assgn/build install --record /home/arnavb/erc_ws/src/assgn/build/assgn/install.log --single-version-externally-managed install_data
[0.761s] running egg_info
[0.774s] writing build/assgn/assgn.egg-info/PKG-INFO
[0.774s] writing dependency_links to build/assgn/assgn.egg-info/dependency_links.txt
[0.774s] writing entry points to build/assgn/assgn.egg-info/entry_points.txt
[0.774s] writing requirements to build/assgn/assgn.egg-info/requires.txt
[0.774s] writing top-level names to build/assgn/assgn.egg-info/top_level.txt
[0.802s] reading manifest file 'build/assgn/assgn.egg-info/SOURCES.txt'
[0.803s] writing manifest file 'build/assgn/assgn.egg-info/SOURCES.txt'
[0.803s] running build
[0.803s] running build_py
[0.803s] copying assgn/tonystarklogic.py -> /home/arnavb/erc_ws/src/assgn/build/assgn/build/lib/assgn
[0.803s] running install
[0.807s] running install_lib
[0.822s] copying /home/arnavb/erc_ws/src/assgn/build/assgn/build/lib/assgn/tonystarklogic.py -> /home/arnavb/erc_ws/src/assgn/install/assgn/lib/python3.12/site-packages/assgn
[0.822s] byte-compiling /home/arnavb/erc_ws/src/assgn/install/assgn/lib/python3.12/site-packages/assgn/tonystarklogic.py to tonystarklogic.cpython-312.pyc
[0.823s] running install_data
[0.823s] copying assgn/tonystarklogic.py -> /home/arnavb/erc_ws/src/assgn/install/assgn/share/assgn/assgn
[0.823s] running install_egg_info
[0.838s] removing '/home/arnavb/erc_ws/src/assgn/install/assgn/lib/python3.12/site-packages/assgn-0.0.0-py3.12.egg-info' (and everything under it)
[0.839s] Copying build/assgn/assgn.egg-info to /home/arnavb/erc_ws/src/assgn/install/assgn/lib/python3.12/site-packages/assgn-0.0.0-py3.12.egg-info
[0.839s] running install_scripts
[0.933s] Installing node script to /home/arnavb/erc_ws/src/assgn/install/assgn/lib/assgn
[0.933s] writing list of installed files to '/home/arnavb/erc_ws/src/assgn/build/assgn/install.log'
[0.950s] Invoked command in '/home/arnavb/erc_ws/src/assgn' returned '0': DEBUGINFOD_URLS=https://debuginfod.ubuntu.com PYTHONPATH=/home/arnavb/erc_ws/src/assgn/build/assgn/prefix_override:/usr/lib/python3/dist-packages/colcon_core/task/python/colcon_distutils_commands:/home/arnavb/erc_ws/src/assgn/install/assgn/lib/python3.12/site-packages:${PYTHONPATH} /usr/bin/python3 -W ignore:setup.py install is deprecated -W ignore:easy_install command is deprecated setup.py egg_info --egg-base build/assgn build --build-base /home/arnavb/erc_ws/src/assgn/build/assgn/build install --record /home/arnavb/erc_ws/src/assgn/build/assgn/install.log --single-version-externally-managed install_data
