[0.522s] Invoking command in '/home/arnavb/erc_ws/src/build/erc_ros2_simple_arm': CMAKE_PREFIX_PATH=${CMAKE_PREFIX_PATH}:/home/arnavb/erc_ws/install/week1_tutorials:/home/arnavb/erc_ws/install/stark_os:/home/arnavb/erc_ws/install/mogi_trajectory_server:/opt/ros/jazzy DEBUGINFOD_URLS=https://debuginfod.ubuntu.com /usr/bin/cmake /home/arnavb/erc_ws/src/erc_ros2_simple_arm -DCMAKE_INSTALL_PREFIX=/home/arnavb/erc_ws/src/install/erc_ros2_simple_arm
[0.834s] -- The C compiler identification is GNU 13.3.0
[0.834s] -- The CXX compiler identification is GNU 13.3.0
[0.834s] -- Detecting C compiler ABI info
[0.834s] -- Detecting C compiler ABI info - done
[0.834s] -- Check for working C compiler: /usr/bin/cc - skipped
[0.834s] -- Detecting C compile features
[0.834s] -- Detecting C compile features - done
[0.835s] -- Detecting CXX compiler ABI info
[0.835s] -- Detecting CXX compiler ABI info - done
[0.835s] -- Check for working CXX compiler: /usr/bin/c++ - skipped
[0.835s] -- Detecting CXX compile features
[0.835s] -- Detecting CXX compile features - done
[0.836s] -- Found ament_cmake: 2.5.4 (/opt/ros/jazzy/share/ament_cmake/cmake)
[0.963s] -- Found Python3: /usr/bin/python3 (found version "3.12.3") found components: Interpreter 
[1.063s] -- Found ament_lint_auto: 0.17.3 (/opt/ros/jazzy/share/ament_lint_auto/cmake)
[1.154s] -- Added test 'flake8' to check Python code syntax and style conventions
[1.154s] -- Configured 'flake8' exclude dirs and/or files: 
[1.155s] -- Added test 'lint_cmake' to check CMake code style
[1.156s] -- Added test 'pep257' to check Python code against some of the docstring style conventions in PEP 257
[1.159s] -- Added test 'xmllint' to check XML markup files
[1.161s] -- Configuring done (0.6s)
[1.165s] -- Generating done (0.0s)
[1.167s] -- Build files have been written to: /home/arnavb/erc_ws/src/build/erc_ros2_simple_arm
[1.172s] Invoked command in '/home/arnavb/erc_ws/src/build/erc_ros2_simple_arm' returned '0': CMAKE_PREFIX_PATH=${CMAKE_PREFIX_PATH}:/home/arnavb/erc_ws/install/week1_tutorials:/home/arnavb/erc_ws/install/stark_os:/home/arnavb/erc_ws/install/mogi_trajectory_server:/opt/ros/jazzy DEBUGINFOD_URLS=https://debuginfod.ubuntu.com /usr/bin/cmake /home/arnavb/erc_ws/src/erc_ros2_simple_arm -DCMAKE_INSTALL_PREFIX=/home/arnavb/erc_ws/src/install/erc_ros2_simple_arm
[1.173s] Invoking command in '/home/arnavb/erc_ws/src/build/erc_ros2_simple_arm': CMAKE_PREFIX_PATH=${CMAKE_PREFIX_PATH}:/home/arnavb/erc_ws/install/week1_tutorials:/home/arnavb/erc_ws/install/stark_os:/home/arnavb/erc_ws/install/mogi_trajectory_server:/opt/ros/jazzy DEBUGINFOD_URLS=https://debuginfod.ubuntu.com /usr/bin/cmake --build /home/arnavb/erc_ws/src/build/erc_ros2_simple_arm -- -j20 -l20
[1.219s] Invoked command in '/home/arnavb/erc_ws/src/build/erc_ros2_simple_arm' returned '0': CMAKE_PREFIX_PATH=${CMAKE_PREFIX_PATH}:/home/arnavb/erc_ws/install/week1_tutorials:/home/arnavb/erc_ws/install/stark_os:/home/arnavb/erc_ws/install/mogi_trajectory_server:/opt/ros/jazzy DEBUGINFOD_URLS=https://debuginfod.ubuntu.com /usr/bin/cmake --build /home/arnavb/erc_ws/src/build/erc_ros2_simple_arm -- -j20 -l20
[1.221s] Invoking command in '/home/arnavb/erc_ws/src/build/erc_ros2_simple_arm': CMAKE_PREFIX_PATH=${CMAKE_PREFIX_PATH}:/home/arnavb/erc_ws/install/week1_tutorials:/home/arnavb/erc_ws/install/stark_os:/home/arnavb/erc_ws/install/mogi_trajectory_server:/opt/ros/jazzy DEBUGINFOD_URLS=https://debuginfod.ubuntu.com /usr/bin/cmake --install /home/arnavb/erc_ws/src/build/erc_ros2_simple_arm
[1.231s] -- Install configuration: ""
[1.231s] -- Installing: /home/arnavb/erc_ws/src/install/erc_ros2_simple_arm/share/erc_ros2_simple_arm/config
[1.231s] -- Installing: /home/arnavb/erc_ws/src/install/erc_ros2_simple_arm/share/erc_ros2_simple_arm/config/controller_position.yaml
[1.231s] -- Installing: /home/arnavb/erc_ws/src/install/erc_ros2_simple_arm/share/erc_ros2_simple_arm/config/gz_bridge.yaml
[1.231s] -- Installing: /home/arnavb/erc_ws/src/install/erc_ros2_simple_arm/share/erc_ros2_simple_arm/launch
[1.231s] -- Installing: /home/arnavb/erc_ws/src/install/erc_ros2_simple_arm/share/erc_ros2_simple_arm/launch/check_urdf.launch.py
[1.231s] -- Installing: /home/arnavb/erc_ws/src/install/erc_ros2_simple_arm/share/erc_ros2_simple_arm/launch/world.launch.py
[1.232s] -- Installing: /home/arnavb/erc_ws/src/install/erc_ros2_simple_arm/share/erc_ros2_simple_arm/launch/spawn_robot.launch.py
[1.232s] -- Installing: /home/arnavb/erc_ws/src/install/erc_ros2_simple_arm/share/erc_ros2_simple_arm/worlds
[1.232s] -- Installing: /home/arnavb/erc_ws/src/install/erc_ros2_simple_arm/share/erc_ros2_simple_arm/worlds/world.sdf
[1.232s] -- Installing: /home/arnavb/erc_ws/src/install/erc_ros2_simple_arm/share/erc_ros2_simple_arm/worlds/empty.sdf
[1.232s] -- Installing: /home/arnavb/erc_ws/src/install/erc_ros2_simple_arm/share/erc_ros2_simple_arm/rviz
[1.232s] -- Installing: /home/arnavb/erc_ws/src/install/erc_ros2_simple_arm/share/erc_ros2_simple_arm/rviz/urdf.rviz
[1.232s] -- Installing: /home/arnavb/erc_ws/src/install/erc_ros2_simple_arm/share/erc_ros2_simple_arm/rviz/rviz.rviz
[1.232s] -- Installing: /home/arnavb/erc_ws/src/install/erc_ros2_simple_arm/share/erc_ros2_simple_arm/urdf
[1.232s] -- Installing: /home/arnavb/erc_ws/src/install/erc_ros2_simple_arm/share/erc_ros2_simple_arm/urdf/materials.xacro
[1.233s] -- Installing: /home/arnavb/erc_ws/src/install/erc_ros2_simple_arm/share/erc_ros2_simple_arm/urdf/mogi_arm.xacro
[1.233s] -- Installing: /home/arnavb/erc_ws/src/install/erc_ros2_simple_arm/share/erc_ros2_simple_arm/meshes
[1.233s] -- Installing: /home/arnavb/erc_ws/src/install/erc_ros2_simple_arm/share/erc_ros2_simple_arm/meshes/upper_arm.STEP
[1.233s] -- Installing: /home/arnavb/erc_ws/src/install/erc_ros2_simple_arm/share/erc_ros2_simple_arm/meshes/forearm.SLDPRT
[1.233s] -- Installing: /home/arnavb/erc_ws/src/install/erc_ros2_simple_arm/share/erc_ros2_simple_arm/meshes/shoulder.STEP
[1.233s] -- Installing: /home/arnavb/erc_ws/src/install/erc_ros2_simple_arm/share/erc_ros2_simple_arm/meshes/upper_arm.dae
[1.233s] -- Installing: /home/arnavb/erc_ws/src/install/erc_ros2_simple_arm/share/erc_ros2_simple_arm/meshes/forearm.STEP
[1.233s] -- Installing: /home/arnavb/erc_ws/src/install/erc_ros2_simple_arm/share/erc_ros2_simple_arm/meshes/shoulder.dae
[1.234s] -- Installing: /home/arnavb/erc_ws/src/install/erc_ros2_simple_arm/share/erc_ros2_simple_arm/meshes/shoulder.SLDPRT
[1.234s] -- Installing: /home/arnavb/erc_ws/src/install/erc_ros2_simple_arm/share/erc_ros2_simple_arm/meshes/forearm.blend
[1.234s] -- Installing: /home/arnavb/erc_ws/src/install/erc_ros2_simple_arm/share/erc_ros2_simple_arm/meshes/upper_arm.STL
[1.235s] -- Installing: /home/arnavb/erc_ws/src/install/erc_ros2_simple_arm/share/erc_ros2_simple_arm/meshes/forearm.dae
[1.235s] -- Installing: /home/arnavb/erc_ws/src/install/erc_ros2_simple_arm/share/erc_ros2_simple_arm/meshes/shoulder.blend
[1.236s] -- Installing: /home/arnavb/erc_ws/src/install/erc_ros2_simple_arm/share/erc_ros2_simple_arm/meshes/wrist.dae
[1.236s] -- Installing: /home/arnavb/erc_ws/src/install/erc_ros2_simple_arm/share/erc_ros2_simple_arm/meshes/shoulder.STL
[1.236s] -- Installing: /home/arnavb/erc_ws/src/install/erc_ros2_simple_arm/share/erc_ros2_simple_arm/meshes/wrist.STL
[1.236s] -- Installing: /home/arnavb/erc_ws/src/install/erc_ros2_simple_arm/share/erc_ros2_simple_arm/meshes/upper_arm.SLDPRT
[1.237s] -- Installing: /home/arnavb/erc_ws/src/install/erc_ros2_simple_arm/share/erc_ros2_simple_arm/meshes/upper_arm.blend
[1.237s] -- Installing: /home/arnavb/erc_ws/src/install/erc_ros2_simple_arm/share/erc_ros2_simple_arm/meshes/wrist.STEP
[1.238s] -- Installing: /home/arnavb/erc_ws/src/install/erc_ros2_simple_arm/share/erc_ros2_simple_arm/meshes/wrist.blend
[1.238s] -- Installing: /home/arnavb/erc_ws/src/install/erc_ros2_simple_arm/share/erc_ros2_simple_arm/meshes/forearm.STL
[1.239s] -- Installing: /home/arnavb/erc_ws/src/install/erc_ros2_simple_arm/share/erc_ros2_simple_arm/meshes/wrist.SLDPRT
[1.239s] -- Installing: /home/arnavb/erc_ws/src/install/erc_ros2_simple_arm/share/ament_index/resource_index/package_run_dependencies/erc_ros2_simple_arm
[1.239s] -- Installing: /home/arnavb/erc_ws/src/install/erc_ros2_simple_arm/share/ament_index/resource_index/parent_prefix_path/erc_ros2_simple_arm
[1.239s] -- Installing: /home/arnavb/erc_ws/src/install/erc_ros2_simple_arm/share/erc_ros2_simple_arm/environment/ament_prefix_path.sh
[1.239s] -- Installing: /home/arnavb/erc_ws/src/install/erc_ros2_simple_arm/share/erc_ros2_simple_arm/environment/ament_prefix_path.dsv
[1.240s] -- Installing: /home/arnavb/erc_ws/src/install/erc_ros2_simple_arm/share/erc_ros2_simple_arm/environment/path.sh
[1.240s] -- Installing: /home/arnavb/erc_ws/src/install/erc_ros2_simple_arm/share/erc_ros2_simple_arm/environment/path.dsv
[1.240s] -- Installing: /home/arnavb/erc_ws/src/install/erc_ros2_simple_arm/share/erc_ros2_simple_arm/local_setup.bash
[1.240s] -- Installing: /home/arnavb/erc_ws/src/install/erc_ros2_simple_arm/share/erc_ros2_simple_arm/local_setup.sh
[1.240s] -- Installing: /home/arnavb/erc_ws/src/install/erc_ros2_simple_arm/share/erc_ros2_simple_arm/local_setup.zsh
[1.240s] -- Installing: /home/arnavb/erc_ws/src/install/erc_ros2_simple_arm/share/erc_ros2_simple_arm/local_setup.dsv
[1.240s] -- Installing: /home/arnavb/erc_ws/src/install/erc_ros2_simple_arm/share/erc_ros2_simple_arm/package.dsv
[1.241s] -- Installing: /home/arnavb/erc_ws/src/install/erc_ros2_simple_arm/share/ament_index/resource_index/packages/erc_ros2_simple_arm
[1.241s] -- Installing: /home/arnavb/erc_ws/src/install/erc_ros2_simple_arm/share/erc_ros2_simple_arm/cmake/erc_ros2_simple_armConfig.cmake
[1.241s] -- Installing: /home/arnavb/erc_ws/src/install/erc_ros2_simple_arm/share/erc_ros2_simple_arm/cmake/erc_ros2_simple_armConfig-version.cmake
[1.241s] -- Installing: /home/arnavb/erc_ws/src/install/erc_ros2_simple_arm/share/erc_ros2_simple_arm/package.xml
[1.243s] Invoked command in '/home/arnavb/erc_ws/src/build/erc_ros2_simple_arm' returned '0': CMAKE_PREFIX_PATH=${CMAKE_PREFIX_PATH}:/home/arnavb/erc_ws/install/week1_tutorials:/home/arnavb/erc_ws/install/stark_os:/home/arnavb/erc_ws/install/mogi_trajectory_server:/opt/ros/jazzy DEBUGINFOD_URLS=https://debuginfod.ubuntu.com /usr/bin/cmake --install /home/arnavb/erc_ws/src/build/erc_ros2_simple_arm
