[2.112s] Invoking command in '/home/arnavb/erc_ws/src/erc_trajectory_server': DEBUGINFOD_URLS=https://debuginfod.ubuntu.com PYTHONPATH=/home/arnavb/erc_ws/src/build/erc_trajectory_server/prefix_override:/usr/lib/python3/dist-packages/colcon_core/task/python/colcon_distutils_commands:/home/arnavb/erc_ws/src/install/erc_trajectory_server/lib/python3.12/site-packages:${PYTHONPATH} /usr/bin/python3 -W ignore:setup.py install is deprecated -W ignore:easy_install command is deprecated setup.py egg_info --egg-base ../build/erc_trajectory_server build --build-base /home/arnavb/erc_ws/src/build/erc_trajectory_server/build install --record /home/arnavb/erc_ws/src/build/erc_trajectory_server/install.log --single-version-externally-managed install_data
[2.440s] running egg_info
[2.462s] writing ../build/erc_trajectory_server/erc_trajectory_server.egg-info/PKG-INFO
[2.463s] writing dependency_links to ../build/erc_trajectory_server/erc_trajectory_server.egg-info/dependency_links.txt
[2.463s] writing entry points to ../build/erc_trajectory_server/erc_trajectory_server.egg-info/entry_points.txt
[2.463s] writing requirements to ../build/erc_trajectory_server/erc_trajectory_server.egg-info/requires.txt
[2.463s] writing top-level names to ../build/erc_trajectory_server/erc_trajectory_server.egg-info/top_level.txt
[2.507s] reading manifest file '../build/erc_trajectory_server/erc_trajectory_server.egg-info/SOURCES.txt'
[2.508s] adding license file 'LICENSE'
[2.508s] writing manifest file '../build/erc_trajectory_server/erc_trajectory_server.egg-info/SOURCES.txt'
[2.509s] running build
[2.509s] running build_py
[2.510s] running install
[2.516s] running install_lib
[2.539s] running install_data
[2.539s] running install_egg_info
[2.563s] removing '/home/arnavb/erc_ws/src/install/erc_trajectory_server/lib/python3.12/site-packages/erc_trajectory_server-1.0.0-py3.12.egg-info' (and everything under it)
[2.563s] Copying ../build/erc_trajectory_server/erc_trajectory_server.egg-info to /home/arnavb/erc_ws/src/install/erc_trajectory_server/lib/python3.12/site-packages/erc_trajectory_server-1.0.0-py3.12.egg-info
[2.564s] running install_scripts
[2.717s] Installing erc_trajectory_server script to /home/arnavb/erc_ws/src/install/erc_trajectory_server/lib/erc_trajectory_server
[2.718s] Installing erc_trajectory_server_topic_based script to /home/arnavb/erc_ws/src/install/erc_trajectory_server/lib/erc_trajectory_server
[2.718s] writing list of installed files to '/home/arnavb/erc_ws/src/build/erc_trajectory_server/install.log'
[2.760s] Invoked command in '/home/arnavb/erc_ws/src/erc_trajectory_server' returned '0': DEBUGINFOD_URLS=https://debuginfod.ubuntu.com PYTHONPATH=/home/arnavb/erc_ws/src/build/erc_trajectory_server/prefix_override:/usr/lib/python3/dist-packages/colcon_core/task/python/colcon_distutils_commands:/home/arnavb/erc_ws/src/install/erc_trajectory_server/lib/python3.12/site-packages:${PYTHONPATH} /usr/bin/python3 -W ignore:setup.py install is deprecated -W ignore:easy_install command is deprecated setup.py egg_info --egg-base ../build/erc_trajectory_server build --build-base /home/arnavb/erc_ws/src/build/erc_trajectory_server/build install --record /home/arnavb/erc_ws/src/build/erc_trajectory_server/install.log --single-version-externally-managed install_data
