[0.221s] Invoking command in '/home/arnavb/erc_ws/src/build/erc_gazebo_basics': CMAKE_PREFIX_PATH=${CMAKE_PREFIX_PATH}:/home/arnavb/erc_ws/src/install/week1_tutorials:/home/arnavb/erc_ws/src/install/stark_os:/home/arnavb/erc_ws/src/install/mogi_trajectory_server:/home/arnavb/erc_ws/src/install/erc_trajectory_server:/home/arnavb/erc_ws/src/install/erc_ros2_simple_arm_py:/home/arnavb/erc_ws/src/install/erc_ros2_navigation_py:/home/arnavb/erc_ws/src/install/erc_gazebo_sensors_py:/home/arnavb/erc_ws/src/install/assgn:/home/arnavb/erc_ws/install/week1_tutorials:/home/arnavb/erc_ws/install/stark_os:/home/arnavb/erc_ws/install/mogi_trajectory_server:/opt/ros/jazzy DEBUGINFOD_URLS=https://debuginfod.ubuntu.com /usr/bin/cmake --build /home/arnavb/erc_ws/src/build/erc_gazebo_basics -- -j20 -l20
[1.009s] Invoked command in '/home/arnavb/erc_ws/src/build/erc_gazebo_basics' returned '0': CMAKE_PREFIX_PATH=${CMAKE_PREFIX_PATH}:/home/arnavb/erc_ws/src/install/week1_tutorials:/home/arnavb/erc_ws/src/install/stark_os:/home/arnavb/erc_ws/src/install/mogi_trajectory_server:/home/arnavb/erc_ws/src/install/erc_trajectory_server:/home/arnavb/erc_ws/src/install/erc_ros2_simple_arm_py:/home/arnavb/erc_ws/src/install/erc_ros2_navigation_py:/home/arnavb/erc_ws/src/install/erc_gazebo_sensors_py:/home/arnavb/erc_ws/src/install/assgn:/home/arnavb/erc_ws/install/week1_tutorials:/home/arnavb/erc_ws/install/stark_os:/home/arnavb/erc_ws/install/mogi_trajectory_server:/opt/ros/jazzy DEBUGINFOD_URLS=https://debuginfod.ubuntu.com /usr/bin/cmake --build /home/arnavb/erc_ws/src/build/erc_gazebo_basics -- -j20 -l20
[1.018s] Invoking command in '/home/arnavb/erc_ws/src/build/erc_gazebo_basics': CMAKE_PREFIX_PATH=${CMAKE_PREFIX_PATH}:/home/arnavb/erc_ws/src/install/week1_tutorials:/home/arnavb/erc_ws/src/install/stark_os:/home/arnavb/erc_ws/src/install/mogi_trajectory_server:/home/arnavb/erc_ws/src/install/erc_trajectory_server:/home/arnavb/erc_ws/src/install/erc_ros2_simple_arm_py:/home/arnavb/erc_ws/src/install/erc_ros2_navigation_py:/home/arnavb/erc_ws/src/install/erc_gazebo_sensors_py:/home/arnavb/erc_ws/src/install/assgn:/home/arnavb/erc_ws/install/week1_tutorials:/home/arnavb/erc_ws/install/stark_os:/home/arnavb/erc_ws/install/mogi_trajectory_server:/opt/ros/jazzy DEBUGINFOD_URLS=https://debuginfod.ubuntu.com /usr/bin/cmake --install /home/arnavb/erc_ws/src/build/erc_gazebo_basics
[1.027s] -- Install configuration: ""
[1.028s] -- Up-to-date: /home/arnavb/erc_ws/src/install/erc_gazebo_basics/share/erc_gazebo_basics/launch
[1.028s] -- Up-to-date: /home/arnavb/erc_ws/src/install/erc_gazebo_basics/share/erc_gazebo_basics/launch/world.launch.py
[1.028s] -- Up-to-date: /home/arnavb/erc_ws/src/install/erc_gazebo_basics/share/erc_gazebo_basics/worlds
[1.028s] -- Up-to-date: /home/arnavb/erc_ws/src/install/erc_gazebo_basics/share/erc_gazebo_basics/worlds/world.sdf
[1.028s] -- Up-to-date: /home/arnavb/erc_ws/src/install/erc_gazebo_basics/share/erc_gazebo_basics/worlds/empty.sdf
[1.029s] -- Up-to-date: /home/arnavb/erc_ws/src/install/erc_gazebo_basics/share/erc_gazebo_basics/rviz
[1.029s] -- Up-to-date: /home/arnavb/erc_ws/src/install/erc_gazebo_basics/share/erc_gazebo_basics/rviz/urdf.rviz
[1.029s] -- Up-to-date: /home/arnavb/erc_ws/src/install/erc_gazebo_basics/share/erc_gazebo_basics/rviz/rviz.rviz
[1.029s] -- Up-to-date: /home/arnavb/erc_ws/src/install/erc_gazebo_basics/share/erc_gazebo_basics/urdf
[1.029s] -- Up-to-date: /home/arnavb/erc_ws/src/install/erc_gazebo_basics/share/erc_gazebo_basics/urdf/materials.xacro
[1.030s] -- Up-to-date: /home/arnavb/erc_ws/src/install/erc_gazebo_basics/share/erc_gazebo_basics/meshes
[1.030s] -- Up-to-date: /home/arnavb/erc_ws/src/install/erc_gazebo_basics/share/erc_gazebo_basics/meshes/IronManWheelLeftFront.dae
[1.031s] -- Up-to-date: /home/arnavb/erc_ws/src/install/erc_gazebo_basics/share/erc_gazebo_basics/meshes/IronManWheelRightFront.dae
[1.031s] -- Up-to-date: /home/arnavb/erc_ws/src/install/erc_gazebo_basics/share/erc_gazebo_basics/meshes/wheel.SLDPRT
[1.031s] -- Up-to-date: /home/arnavb/erc_ws/src/install/erc_gazebo_basics/share/erc_gazebo_basics/meshes/wheel.blend
[1.032s] -- Up-to-date: /home/arnavb/erc_ws/src/install/erc_gazebo_basics/share/erc_gazebo_basics/meshes/IronMan_ROS_Body.dae
[1.032s] -- Up-to-date: /home/arnavb/erc_ws/src/install/erc_gazebo_basics/share/erc_gazebo_basics/meshes/wheel.dae
[1.033s] -- Up-to-date: /home/arnavb/erc_ws/src/install/erc_gazebo_basics/share/erc_gazebo_basics/meshes/wheel.STEP
[1.033s] -- Up-to-date: /home/arnavb/erc_ws/src/install/erc_gazebo_basics/share/erc_gazebo_basics/meshes/wheel.STL
[1.033s] -- Up-to-date: /home/arnavb/erc_ws/src/install/erc_gazebo_basics/share/ament_index/resource_index/package_run_dependencies/erc_gazebo_basics
[1.033s] -- Up-to-date: /home/arnavb/erc_ws/src/install/erc_gazebo_basics/share/ament_index/resource_index/parent_prefix_path/erc_gazebo_basics
[1.033s] -- Up-to-date: /home/arnavb/erc_ws/src/install/erc_gazebo_basics/share/erc_gazebo_basics/environment/ament_prefix_path.sh
[1.034s] -- Up-to-date: /home/arnavb/erc_ws/src/install/erc_gazebo_basics/share/erc_gazebo_basics/environment/ament_prefix_path.dsv
[1.034s] -- Up-to-date: /home/arnavb/erc_ws/src/install/erc_gazebo_basics/share/erc_gazebo_basics/environment/path.sh
[1.034s] -- Up-to-date: /home/arnavb/erc_ws/src/install/erc_gazebo_basics/share/erc_gazebo_basics/environment/path.dsv
[1.034s] -- Up-to-date: /home/arnavb/erc_ws/src/install/erc_gazebo_basics/share/erc_gazebo_basics/local_setup.bash
[1.034s] -- Up-to-date: /home/arnavb/erc_ws/src/install/erc_gazebo_basics/share/erc_gazebo_basics/local_setup.sh
[1.035s] -- Up-to-date: /home/arnavb/erc_ws/src/install/erc_gazebo_basics/share/erc_gazebo_basics/local_setup.zsh
[1.035s] -- Up-to-date: /home/arnavb/erc_ws/src/install/erc_gazebo_basics/share/erc_gazebo_basics/local_setup.dsv
[1.035s] -- Installing: /home/arnavb/erc_ws/src/install/erc_gazebo_basics/share/erc_gazebo_basics/package.dsv
[1.035s] -- Up-to-date: /home/arnavb/erc_ws/src/install/erc_gazebo_basics/share/ament_index/resource_index/packages/erc_gazebo_basics
[1.035s] -- Up-to-date: /home/arnavb/erc_ws/src/install/erc_gazebo_basics/share/erc_gazebo_basics/cmake/erc_gazebo_basicsConfig.cmake
[1.036s] -- Up-to-date: /home/arnavb/erc_ws/src/install/erc_gazebo_basics/share/erc_gazebo_basics/cmake/erc_gazebo_basicsConfig-version.cmake
[1.036s] -- Up-to-date: /home/arnavb/erc_ws/src/install/erc_gazebo_basics/share/erc_gazebo_basics/package.xml
[1.055s] Invoked command in '/home/arnavb/erc_ws/src/build/erc_gazebo_basics' returned '0': CMAKE_PREFIX_PATH=${CMAKE_PREFIX_PATH}:/home/arnavb/erc_ws/src/install/week1_tutorials:/home/arnavb/erc_ws/src/install/stark_os:/home/arnavb/erc_ws/src/install/mogi_trajectory_server:/home/arnavb/erc_ws/src/install/erc_trajectory_server:/home/arnavb/erc_ws/src/install/erc_ros2_simple_arm_py:/home/arnavb/erc_ws/src/install/erc_ros2_navigation_py:/home/arnavb/erc_ws/src/install/erc_gazebo_sensors_py:/home/arnavb/erc_ws/src/install/assgn:/home/arnavb/erc_ws/install/week1_tutorials:/home/arnavb/erc_ws/install/stark_os:/home/arnavb/erc_ws/install/mogi_trajectory_server:/opt/ros/jazzy DEBUGINFOD_URLS=https://debuginfod.ubuntu.com /usr/bin/cmake --install /home/arnavb/erc_ws/src/build/erc_gazebo_basics
