[2.300s] Invoking command in '/home/arnavb/erc_ws/src/mogi_trajectory_server': DEBUGINFOD_URLS=https://debuginfod.ubuntu.com PYTHONPATH=/home/arnavb/erc_ws/src/build/mogi_trajectory_server/prefix_override:/usr/lib/python3/dist-packages/colcon_core/task/python/colcon_distutils_commands:/home/arnavb/erc_ws/src/install/mogi_trajectory_server/lib/python3.12/site-packages:${PYTHONPATH} /usr/bin/python3 -W ignore:setup.py install is deprecated -W ignore:easy_install command is deprecated setup.py egg_info --egg-base ../build/mogi_trajectory_server build --build-base /home/arnavb/erc_ws/src/build/mogi_trajectory_server/build install --record /home/arnavb/erc_ws/src/build/mogi_trajectory_server/install.log --single-version-externally-managed install_data
[2.625s] running egg_info
[2.647s] writing ../build/mogi_trajectory_server/mogi_trajectory_server.egg-info/PKG-INFO
[2.649s] writing dependency_links to ../build/mogi_trajectory_server/mogi_trajectory_server.egg-info/dependency_links.txt
[2.649s] writing entry points to ../build/mogi_trajectory_server/mogi_trajectory_server.egg-info/entry_points.txt
[2.650s] writing requirements to ../build/mogi_trajectory_server/mogi_trajectory_server.egg-info/requires.txt
[2.650s] writing top-level names to ../build/mogi_trajectory_server/mogi_trajectory_server.egg-info/top_level.txt
[2.695s] reading manifest file '../build/mogi_trajectory_server/mogi_trajectory_server.egg-info/SOURCES.txt'
[2.695s] adding license file 'LICENSE'
[2.696s] writing manifest file '../build/mogi_trajectory_server/mogi_trajectory_server.egg-info/SOURCES.txt'
[2.696s] running build
[2.696s] running build_py
[2.697s] running install
[2.704s] running install_lib
[2.728s] running install_data
[2.728s] running install_egg_info
[2.751s] removing '/home/arnavb/erc_ws/src/install/mogi_trajectory_server/lib/python3.12/site-packages/mogi_trajectory_server-1.0.0-py3.12.egg-info' (and everything under it)
[2.752s] Copying ../build/mogi_trajectory_server/mogi_trajectory_server.egg-info to /home/arnavb/erc_ws/src/install/mogi_trajectory_server/lib/python3.12/site-packages/mogi_trajectory_server-1.0.0-py3.12.egg-info
[2.753s] running install_scripts
[2.904s] Installing mogi_trajectory_server script to /home/arnavb/erc_ws/src/install/mogi_trajectory_server/lib/mogi_trajectory_server
[2.906s] Installing mogi_trajectory_server_topic_based script to /home/arnavb/erc_ws/src/install/mogi_trajectory_server/lib/mogi_trajectory_server
[2.907s] writing list of installed files to '/home/arnavb/erc_ws/src/build/mogi_trajectory_server/install.log'
[2.970s] Invoked command in '/home/arnavb/erc_ws/src/mogi_trajectory_server' returned '0': DEBUGINFOD_URLS=https://debuginfod.ubuntu.com PYTHONPATH=/home/arnavb/erc_ws/src/build/mogi_trajectory_server/prefix_override:/usr/lib/python3/dist-packages/colcon_core/task/python/colcon_distutils_commands:/home/arnavb/erc_ws/src/install/mogi_trajectory_server/lib/python3.12/site-packages:${PYTHONPATH} /usr/bin/python3 -W ignore:setup.py install is deprecated -W ignore:easy_install command is deprecated setup.py egg_info --egg-base ../build/mogi_trajectory_server build --build-base /home/arnavb/erc_ws/src/build/mogi_trajectory_server/build install --record /home/arnavb/erc_ws/src/build/mogi_trajectory_server/install.log --single-version-externally-managed install_data
