[2.367s] Invoking command in '/home/arnavb/erc_ws/src/assgn': DEBUGINFOD_URLS=https://debuginfod.ubuntu.com PYTHONPATH=/home/arnavb/erc_ws/src/build/assgn/prefix_override:/usr/lib/python3/dist-packages/colcon_core/task/python/colcon_distutils_commands:/home/arnavb/erc_ws/src/install/assgn/lib/python3.12/site-packages:${PYTHONPATH} /usr/bin/python3 -W ignore:setup.py install is deprecated -W ignore:easy_install command is deprecated setup.py egg_info --egg-base ../build/assgn build --build-base /home/arnavb/erc_ws/src/build/assgn/build install --record /home/arnavb/erc_ws/src/build/assgn/install.log --single-version-externally-managed install_data
[2.692s] running egg_info
[2.714s] writing ../build/assgn/assgn.egg-info/PKG-INFO
[2.715s] writing dependency_links to ../build/assgn/assgn.egg-info/dependency_links.txt
[2.715s] writing entry points to ../build/assgn/assgn.egg-info/entry_points.txt
[2.715s] writing requirements to ../build/assgn/assgn.egg-info/requires.txt
[2.715s] writing top-level names to ../build/assgn/assgn.egg-info/top_level.txt
[2.760s] reading manifest file '../build/assgn/assgn.egg-info/SOURCES.txt'
[2.761s] writing manifest file '../build/assgn/assgn.egg-info/SOURCES.txt'
[2.761s] running build
[2.761s] running build_py
[2.762s] running install
[2.769s] running install_lib
[2.792s] running install_data
[2.794s] running install_egg_info
[2.817s] removing '/home/arnavb/erc_ws/src/install/assgn/lib/python3.12/site-packages/assgn-0.0.0-py3.12.egg-info' (and everything under it)
[2.818s] Copying ../build/assgn/assgn.egg-info to /home/arnavb/erc_ws/src/install/assgn/lib/python3.12/site-packages/assgn-0.0.0-py3.12.egg-info
[2.818s] running install_scripts
[2.969s] Installing node script to /home/arnavb/erc_ws/src/install/assgn/lib/assgn
[2.970s] writing list of installed files to '/home/arnavb/erc_ws/src/build/assgn/install.log'
[3.035s] Invoked command in '/home/arnavb/erc_ws/src/assgn' returned '0': DEBUGINFOD_URLS=https://debuginfod.ubuntu.com PYTHONPATH=/home/arnavb/erc_ws/src/build/assgn/prefix_override:/usr/lib/python3/dist-packages/colcon_core/task/python/colcon_distutils_commands:/home/arnavb/erc_ws/src/install/assgn/lib/python3.12/site-packages:${PYTHONPATH} /usr/bin/python3 -W ignore:setup.py install is deprecated -W ignore:easy_install command is deprecated setup.py egg_info --egg-base ../build/assgn build --build-base /home/arnavb/erc_ws/src/build/assgn/build install --record /home/arnavb/erc_ws/src/build/assgn/install.log --single-version-externally-managed install_data
