[0.644s] Invoking command in '/home/arnavb/erc_ws/src/build/explore_lite': CMAKE_PREFIX_PATH=${CMAKE_PREFIX_PATH}:/home/arnavb/erc_ws/src/install/week1_tutorials:/home/arnavb/erc_ws/src/install/stark_os:/home/arnavb/erc_ws/src/install/mogi_trajectory_server:/home/arnavb/erc_ws/src/install/erc_trajectory_server:/home/arnavb/erc_ws/src/install/erc_ros2_navigation_py:/home/arnavb/erc_ws/src/install/erc_gazebo_sensors_py:/home/arnavb/erc_ws/src/install/assgn:/home/arnavb/erc_ws/install/week1_tutorials:/home/arnavb/erc_ws/install/stark_os:/home/arnavb/erc_ws/install/mogi_trajectory_server:/opt/ros/jazzy DEBUGINFOD_URLS=https://debuginfod.ubuntu.com /usr/bin/cmake --build /home/arnavb/erc_ws/src/build/explore_lite -- -j20 -l20
[0.691s] [ 20%] Built target gtest
[0.694s] [ 40%] Built target gtest_main
[0.715s] [ 50%] [32mBuilding CXX object CMakeFiles/explore.dir/src/explore.cpp.o[0m
[0.718s] [ 70%] Built target test_explore
[9.556s] [ 80%] [32m[1mLinking CXX executable explore[0m
[10.846s] [100%] Built target explore
[10.860s] Invoked command in '/home/arnavb/erc_ws/src/build/explore_lite' returned '0': CMAKE_PREFIX_PATH=${CMAKE_PREFIX_PATH}:/home/arnavb/erc_ws/src/install/week1_tutorials:/home/arnavb/erc_ws/src/install/stark_os:/home/arnavb/erc_ws/src/install/mogi_trajectory_server:/home/arnavb/erc_ws/src/install/erc_trajectory_server:/home/arnavb/erc_ws/src/install/erc_ros2_navigation_py:/home/arnavb/erc_ws/src/install/erc_gazebo_sensors_py:/home/arnavb/erc_ws/src/install/assgn:/home/arnavb/erc_ws/install/week1_tutorials:/home/arnavb/erc_ws/install/stark_os:/home/arnavb/erc_ws/install/mogi_trajectory_server:/opt/ros/jazzy DEBUGINFOD_URLS=https://debuginfod.ubuntu.com /usr/bin/cmake --build /home/arnavb/erc_ws/src/build/explore_lite -- -j20 -l20
[10.862s] Invoking command in '/home/arnavb/erc_ws/src/build/explore_lite': CMAKE_PREFIX_PATH=${CMAKE_PREFIX_PATH}:/home/arnavb/erc_ws/src/install/week1_tutorials:/home/arnavb/erc_ws/src/install/stark_os:/home/arnavb/erc_ws/src/install/mogi_trajectory_server:/home/arnavb/erc_ws/src/install/erc_trajectory_server:/home/arnavb/erc_ws/src/install/erc_ros2_navigation_py:/home/arnavb/erc_ws/src/install/erc_gazebo_sensors_py:/home/arnavb/erc_ws/src/install/assgn:/home/arnavb/erc_ws/install/week1_tutorials:/home/arnavb/erc_ws/install/stark_os:/home/arnavb/erc_ws/install/mogi_trajectory_server:/opt/ros/jazzy DEBUGINFOD_URLS=https://debuginfod.ubuntu.com /usr/bin/cmake --install /home/arnavb/erc_ws/src/build/explore_lite
[10.875s] -- Install configuration: ""
[10.875s] -- Up-to-date: /home/arnavb/erc_ws/src/install/explore_lite/include/explore/
[10.875s] -- Installing: /home/arnavb/erc_ws/src/install/explore_lite/include/explore//explore.h
[10.875s] -- Up-to-date: /home/arnavb/erc_ws/src/install/explore_lite/include/explore//costmap_tools.h
[10.875s] -- Up-to-date: /home/arnavb/erc_ws/src/install/explore_lite/include/explore//frontier_search.h
[10.875s] -- Up-to-date: /home/arnavb/erc_ws/src/install/explore_lite/include/explore//costmap_client.h
[10.875s] -- Up-to-date: /home/arnavb/erc_ws/src/install/explore_lite/share/explore_lite/config
[10.875s] -- Up-to-date: /home/arnavb/erc_ws/src/install/explore_lite/share/explore_lite/config/params_costmap.yaml
[10.875s] -- Up-to-date: /home/arnavb/erc_ws/src/install/explore_lite/share/explore_lite/config/params.yaml
[10.875s] -- Up-to-date: /home/arnavb/erc_ws/src/install/explore_lite/share/explore_lite/launch
[10.876s] -- Up-to-date: /home/arnavb/erc_ws/src/install/explore_lite/share/explore_lite/launch/explore.launch.py
[10.876s] -- Installing: /home/arnavb/erc_ws/src/install/explore_lite/lib/explore_lite/explore
[10.889s] -- Set non-toolchain portion of runtime path of "/home/arnavb/erc_ws/src/install/explore_lite/lib/explore_lite/explore" to ""
[10.889s] -- Installing: /home/arnavb/erc_ws/src/install/explore_lite/share/ament_index/resource_index/package_run_dependencies/explore_lite
[10.889s] -- Installing: /home/arnavb/erc_ws/src/install/explore_lite/share/ament_index/resource_index/parent_prefix_path/explore_lite
[10.889s] -- Up-to-date: /home/arnavb/erc_ws/src/install/explore_lite/share/explore_lite/environment/ament_prefix_path.sh
[10.889s] -- Up-to-date: /home/arnavb/erc_ws/src/install/explore_lite/share/explore_lite/environment/ament_prefix_path.dsv
[10.889s] -- Up-to-date: /home/arnavb/erc_ws/src/install/explore_lite/share/explore_lite/environment/path.sh
[10.889s] -- Up-to-date: /home/arnavb/erc_ws/src/install/explore_lite/share/explore_lite/environment/path.dsv
[10.890s] -- Up-to-date: /home/arnavb/erc_ws/src/install/explore_lite/share/explore_lite/local_setup.bash
[10.890s] -- Up-to-date: /home/arnavb/erc_ws/src/install/explore_lite/share/explore_lite/local_setup.sh
[10.890s] -- Up-to-date: /home/arnavb/erc_ws/src/install/explore_lite/share/explore_lite/local_setup.zsh
[10.890s] -- Up-to-date: /home/arnavb/erc_ws/src/install/explore_lite/share/explore_lite/local_setup.dsv
[10.890s] -- Installing: /home/arnavb/erc_ws/src/install/explore_lite/share/explore_lite/package.dsv
[10.890s] -- Up-to-date: /home/arnavb/erc_ws/src/install/explore_lite/share/ament_index/resource_index/packages/explore_lite
[10.890s] -- Up-to-date: /home/arnavb/erc_ws/src/install/explore_lite/share/explore_lite/cmake/ament_cmake_export_include_directories-extras.cmake
[10.890s] -- Up-to-date: /home/arnavb/erc_ws/src/install/explore_lite/share/explore_lite/cmake/explore_liteConfig.cmake
[10.890s] -- Up-to-date: /home/arnavb/erc_ws/src/install/explore_lite/share/explore_lite/cmake/explore_liteConfig-version.cmake
[10.890s] -- Installing: /home/arnavb/erc_ws/src/install/explore_lite/share/explore_lite/package.xml
[10.892s] Invoked command in '/home/arnavb/erc_ws/src/build/explore_lite' returned '0': CMAKE_PREFIX_PATH=${CMAKE_PREFIX_PATH}:/home/arnavb/erc_ws/src/install/week1_tutorials:/home/arnavb/erc_ws/src/install/stark_os:/home/arnavb/erc_ws/src/install/mogi_trajectory_server:/home/arnavb/erc_ws/src/install/erc_trajectory_server:/home/arnavb/erc_ws/src/install/erc_ros2_navigation_py:/home/arnavb/erc_ws/src/install/erc_gazebo_sensors_py:/home/arnavb/erc_ws/src/install/assgn:/home/arnavb/erc_ws/install/week1_tutorials:/home/arnavb/erc_ws/install/stark_os:/home/arnavb/erc_ws/install/mogi_trajectory_server:/opt/ros/jazzy DEBUGINFOD_URLS=https://debuginfod.ubuntu.com /usr/bin/cmake --install /home/arnavb/erc_ws/src/build/explore_lite
