[0.636s] Invoking command in '/home/arnavb/erc_ws/src/week3/build/erc_ros2_simple_arm': CMAKE_PREFIX_PATH=${CMAKE_PREFIX_PATH}:/home/arnavb/erc_ws/install/week1_tutorials:/home/arnavb/erc_ws/install/stark_os:/home/arnavb/erc_ws/install/mogi_trajectory_server:/home/arnavb/erc_ws/install/erc_trajectory_server:/home/arnavb/erc_ws/install/erc_ros2_simple_arm_py:/home/arnavb/erc_ws/install/erc_ros2_navigation_py:/home/arnavb/erc_ws/install/erc_gazebo_sensors_py:/home/arnavb/erc_ws/install/assgn:/home/arnavb/erc_ws/src/week3/install/erc_trajectory_server:/home/arnavb/erc_ws/src/week3/install/erc_ros2_simple_arm_py:/home/arnavb/erc_ws/src/week3/install/erc_ros2_navigation_py:/home/arnavb/erc_ws/src/week3/install/erc_gazebo_sensors_py:/opt/ros/jazzy DEBUGINFOD_URLS=https://debuginfod.ubuntu.com /usr/bin/cmake --build /home/arnavb/erc_ws/src/week3/build/erc_ros2_simple_arm -- -j20 -l20
[1.231s] Invoked command in '/home/arnavb/erc_ws/src/week3/build/erc_ros2_simple_arm' returned '0': CMAKE_PREFIX_PATH=${CMAKE_PREFIX_PATH}:/home/arnavb/erc_ws/install/week1_tutorials:/home/arnavb/erc_ws/install/stark_os:/home/arnavb/erc_ws/install/mogi_trajectory_server:/home/arnavb/erc_ws/install/erc_trajectory_server:/home/arnavb/erc_ws/install/erc_ros2_simple_arm_py:/home/arnavb/erc_ws/install/erc_ros2_navigation_py:/home/arnavb/erc_ws/install/erc_gazebo_sensors_py:/home/arnavb/erc_ws/install/assgn:/home/arnavb/erc_ws/src/week3/install/erc_trajectory_server:/home/arnavb/erc_ws/src/week3/install/erc_ros2_simple_arm_py:/home/arnavb/erc_ws/src/week3/install/erc_ros2_navigation_py:/home/arnavb/erc_ws/src/week3/install/erc_gazebo_sensors_py:/opt/ros/jazzy DEBUGINFOD_URLS=https://debuginfod.ubuntu.com /usr/bin/cmake --build /home/arnavb/erc_ws/src/week3/build/erc_ros2_simple_arm -- -j20 -l20
[1.232s] Invoking command in '/home/arnavb/erc_ws/src/week3/build/erc_ros2_simple_arm': CMAKE_PREFIX_PATH=${CMAKE_PREFIX_PATH}:/home/arnavb/erc_ws/install/week1_tutorials:/home/arnavb/erc_ws/install/stark_os:/home/arnavb/erc_ws/install/mogi_trajectory_server:/home/arnavb/erc_ws/install/erc_trajectory_server:/home/arnavb/erc_ws/install/erc_ros2_simple_arm_py:/home/arnavb/erc_ws/install/erc_ros2_navigation_py:/home/arnavb/erc_ws/install/erc_gazebo_sensors_py:/home/arnavb/erc_ws/install/assgn:/home/arnavb/erc_ws/src/week3/install/erc_trajectory_server:/home/arnavb/erc_ws/src/week3/install/erc_ros2_simple_arm_py:/home/arnavb/erc_ws/src/week3/install/erc_ros2_navigation_py:/home/arnavb/erc_ws/src/week3/install/erc_gazebo_sensors_py:/opt/ros/jazzy DEBUGINFOD_URLS=https://debuginfod.ubuntu.com /usr/bin/cmake --install /home/arnavb/erc_ws/src/week3/build/erc_ros2_simple_arm
[1.251s] -- Install configuration: ""
[1.251s] -- Up-to-date: /home/arnavb/erc_ws/src/week3/install/erc_ros2_simple_arm/share/erc_ros2_simple_arm/config
[1.251s] -- Up-to-date: /home/arnavb/erc_ws/src/week3/install/erc_ros2_simple_arm/share/erc_ros2_simple_arm/config/controller_position.yaml
[1.251s] -- Up-to-date: /home/arnavb/erc_ws/src/week3/install/erc_ros2_simple_arm/share/erc_ros2_simple_arm/config/gz_bridge.yaml
[1.251s] -- Up-to-date: /home/arnavb/erc_ws/src/week3/install/erc_ros2_simple_arm/share/erc_ros2_simple_arm/launch
[1.251s] -- Up-to-date: /home/arnavb/erc_ws/src/week3/install/erc_ros2_simple_arm/share/erc_ros2_simple_arm/launch/check_urdf.launch.py
[1.251s] -- Up-to-date: /home/arnavb/erc_ws/src/week3/install/erc_ros2_simple_arm/share/erc_ros2_simple_arm/launch/world.launch.py
[1.251s] -- Up-to-date: /home/arnavb/erc_ws/src/week3/install/erc_ros2_simple_arm/share/erc_ros2_simple_arm/launch/spawn_robot.launch.py
[1.251s] -- Up-to-date: /home/arnavb/erc_ws/src/week3/install/erc_ros2_simple_arm/share/erc_ros2_simple_arm/worlds
[1.251s] -- Up-to-date: /home/arnavb/erc_ws/src/week3/install/erc_ros2_simple_arm/share/erc_ros2_simple_arm/worlds/world.sdf
[1.251s] -- Up-to-date: /home/arnavb/erc_ws/src/week3/install/erc_ros2_simple_arm/share/erc_ros2_simple_arm/worlds/empty.sdf
[1.251s] -- Up-to-date: /home/arnavb/erc_ws/src/week3/install/erc_ros2_simple_arm/share/erc_ros2_simple_arm/rviz
[1.252s] -- Up-to-date: /home/arnavb/erc_ws/src/week3/install/erc_ros2_simple_arm/share/erc_ros2_simple_arm/rviz/urdf.rviz
[1.252s] -- Up-to-date: /home/arnavb/erc_ws/src/week3/install/erc_ros2_simple_arm/share/erc_ros2_simple_arm/rviz/rviz.rviz
[1.252s] -- Up-to-date: /home/arnavb/erc_ws/src/week3/install/erc_ros2_simple_arm/share/erc_ros2_simple_arm/urdf
[1.252s] -- Up-to-date: /home/arnavb/erc_ws/src/week3/install/erc_ros2_simple_arm/share/erc_ros2_simple_arm/urdf/mogi_arm.gazebo
[1.252s] -- Up-to-date: /home/arnavb/erc_ws/src/week3/install/erc_ros2_simple_arm/share/erc_ros2_simple_arm/urdf/materials.xacro
[1.252s] -- Up-to-date: /home/arnavb/erc_ws/src/week3/install/erc_ros2_simple_arm/share/erc_ros2_simple_arm/urdf/mogi_arm.xacro
[1.252s] -- Up-to-date: /home/arnavb/erc_ws/src/week3/install/erc_ros2_simple_arm/share/erc_ros2_simple_arm/meshes
[1.252s] -- Up-to-date: /home/arnavb/erc_ws/src/week3/install/erc_ros2_simple_arm/share/erc_ros2_simple_arm/meshes/upper_arm.STEP
[1.252s] -- Up-to-date: /home/arnavb/erc_ws/src/week3/install/erc_ros2_simple_arm/share/erc_ros2_simple_arm/meshes/forearm.SLDPRT
[1.252s] -- Up-to-date: /home/arnavb/erc_ws/src/week3/install/erc_ros2_simple_arm/share/erc_ros2_simple_arm/meshes/shoulder.STEP
[1.252s] -- Up-to-date: /home/arnavb/erc_ws/src/week3/install/erc_ros2_simple_arm/share/erc_ros2_simple_arm/meshes/upper_arm.dae
[1.252s] -- Up-to-date: /home/arnavb/erc_ws/src/week3/install/erc_ros2_simple_arm/share/erc_ros2_simple_arm/meshes/forearm.STEP
[1.253s] -- Up-to-date: /home/arnavb/erc_ws/src/week3/install/erc_ros2_simple_arm/share/erc_ros2_simple_arm/meshes/shoulder.dae
[1.253s] -- Up-to-date: /home/arnavb/erc_ws/src/week3/install/erc_ros2_simple_arm/share/erc_ros2_simple_arm/meshes/shoulder.SLDPRT
[1.253s] -- Up-to-date: /home/arnavb/erc_ws/src/week3/install/erc_ros2_simple_arm/share/erc_ros2_simple_arm/meshes/forearm.blend
[1.253s] -- Up-to-date: /home/arnavb/erc_ws/src/week3/install/erc_ros2_simple_arm/share/erc_ros2_simple_arm/meshes/upper_arm.STL
[1.253s] -- Up-to-date: /home/arnavb/erc_ws/src/week3/install/erc_ros2_simple_arm/share/erc_ros2_simple_arm/meshes/forearm.dae
[1.253s] -- Up-to-date: /home/arnavb/erc_ws/src/week3/install/erc_ros2_simple_arm/share/erc_ros2_simple_arm/meshes/shoulder.blend
[1.253s] -- Up-to-date: /home/arnavb/erc_ws/src/week3/install/erc_ros2_simple_arm/share/erc_ros2_simple_arm/meshes/wrist.dae
[1.253s] -- Up-to-date: /home/arnavb/erc_ws/src/week3/install/erc_ros2_simple_arm/share/erc_ros2_simple_arm/meshes/shoulder.STL
[1.253s] -- Up-to-date: /home/arnavb/erc_ws/src/week3/install/erc_ros2_simple_arm/share/erc_ros2_simple_arm/meshes/wrist.STL
[1.253s] -- Up-to-date: /home/arnavb/erc_ws/src/week3/install/erc_ros2_simple_arm/share/erc_ros2_simple_arm/meshes/upper_arm.SLDPRT
[1.253s] -- Up-to-date: /home/arnavb/erc_ws/src/week3/install/erc_ros2_simple_arm/share/erc_ros2_simple_arm/meshes/upper_arm.blend
[1.253s] -- Up-to-date: /home/arnavb/erc_ws/src/week3/install/erc_ros2_simple_arm/share/erc_ros2_simple_arm/meshes/wrist.STEP
[1.253s] -- Up-to-date: /home/arnavb/erc_ws/src/week3/install/erc_ros2_simple_arm/share/erc_ros2_simple_arm/meshes/wrist.blend
[1.254s] -- Up-to-date: /home/arnavb/erc_ws/src/week3/install/erc_ros2_simple_arm/share/erc_ros2_simple_arm/meshes/forearm.STL
[1.254s] -- Up-to-date: /home/arnavb/erc_ws/src/week3/install/erc_ros2_simple_arm/share/erc_ros2_simple_arm/meshes/wrist.SLDPRT
[1.254s] -- Up-to-date: /home/arnavb/erc_ws/src/week3/install/erc_ros2_simple_arm/share/ament_index/resource_index/package_run_dependencies/erc_ros2_simple_arm
[1.254s] -- Up-to-date: /home/arnavb/erc_ws/src/week3/install/erc_ros2_simple_arm/share/ament_index/resource_index/parent_prefix_path/erc_ros2_simple_arm
[1.254s] -- Up-to-date: /home/arnavb/erc_ws/src/week3/install/erc_ros2_simple_arm/share/erc_ros2_simple_arm/environment/ament_prefix_path.sh
[1.254s] -- Up-to-date: /home/arnavb/erc_ws/src/week3/install/erc_ros2_simple_arm/share/erc_ros2_simple_arm/environment/ament_prefix_path.dsv
[1.254s] -- Up-to-date: /home/arnavb/erc_ws/src/week3/install/erc_ros2_simple_arm/share/erc_ros2_simple_arm/environment/path.sh
[1.254s] -- Up-to-date: /home/arnavb/erc_ws/src/week3/install/erc_ros2_simple_arm/share/erc_ros2_simple_arm/environment/path.dsv
[1.254s] -- Up-to-date: /home/arnavb/erc_ws/src/week3/install/erc_ros2_simple_arm/share/erc_ros2_simple_arm/local_setup.bash
[1.254s] -- Up-to-date: /home/arnavb/erc_ws/src/week3/install/erc_ros2_simple_arm/share/erc_ros2_simple_arm/local_setup.sh
[1.254s] -- Up-to-date: /home/arnavb/erc_ws/src/week3/install/erc_ros2_simple_arm/share/erc_ros2_simple_arm/local_setup.zsh
[1.254s] -- Up-to-date: /home/arnavb/erc_ws/src/week3/install/erc_ros2_simple_arm/share/erc_ros2_simple_arm/local_setup.dsv
[1.255s] -- Installing: /home/arnavb/erc_ws/src/week3/install/erc_ros2_simple_arm/share/erc_ros2_simple_arm/package.dsv
[1.255s] -- Up-to-date: /home/arnavb/erc_ws/src/week3/install/erc_ros2_simple_arm/share/ament_index/resource_index/packages/erc_ros2_simple_arm
[1.255s] -- Up-to-date: /home/arnavb/erc_ws/src/week3/install/erc_ros2_simple_arm/share/erc_ros2_simple_arm/cmake/erc_ros2_simple_armConfig.cmake
[1.255s] -- Up-to-date: /home/arnavb/erc_ws/src/week3/install/erc_ros2_simple_arm/share/erc_ros2_simple_arm/cmake/erc_ros2_simple_armConfig-version.cmake
[1.255s] -- Up-to-date: /home/arnavb/erc_ws/src/week3/install/erc_ros2_simple_arm/share/erc_ros2_simple_arm/package.xml
[1.295s] Invoked command in '/home/arnavb/erc_ws/src/week3/build/erc_ros2_simple_arm' returned '0': CMAKE_PREFIX_PATH=${CMAKE_PREFIX_PATH}:/home/arnavb/erc_ws/install/week1_tutorials:/home/arnavb/erc_ws/install/stark_os:/home/arnavb/erc_ws/install/mogi_trajectory_server:/home/arnavb/erc_ws/install/erc_trajectory_server:/home/arnavb/erc_ws/install/erc_ros2_simple_arm_py:/home/arnavb/erc_ws/install/erc_ros2_navigation_py:/home/arnavb/erc_ws/install/erc_gazebo_sensors_py:/home/arnavb/erc_ws/install/assgn:/home/arnavb/erc_ws/src/week3/install/erc_trajectory_server:/home/arnavb/erc_ws/src/week3/install/erc_ros2_simple_arm_py:/home/arnavb/erc_ws/src/week3/install/erc_ros2_navigation_py:/home/arnavb/erc_ws/src/week3/install/erc_gazebo_sensors_py:/opt/ros/jazzy DEBUGINFOD_URLS=https://debuginfod.ubuntu.com /usr/bin/cmake --install /home/arnavb/erc_ws/src/week3/build/erc_ros2_simple_arm
