[2.028s] Invoking command in '/home/arnavb/erc_ws/src/week3/erc_trajectory_server': DEBUGINFOD_URLS=https://debuginfod.ubuntu.com PYTHONPATH=/home/arnavb/erc_ws/src/week3/build/erc_trajectory_server/prefix_override:/usr/lib/python3/dist-packages/colcon_core/task/python/colcon_distutils_commands:/home/arnavb/erc_ws/src/week3/install/erc_trajectory_server/lib/python3.12/site-packages:${PYTHONPATH} /usr/bin/python3 -W ignore:setup.py install is deprecated -W ignore:easy_install command is deprecated setup.py egg_info --egg-base ../build/erc_trajectory_server build --build-base /home/arnavb/erc_ws/src/week3/build/erc_trajectory_server/build install --record /home/arnavb/erc_ws/src/week3/build/erc_trajectory_server/install.log --single-version-externally-managed install_data
[2.364s] running egg_info
[2.364s] creating ../build/erc_trajectory_server/erc_trajectory_server.egg-info
[2.387s] writing ../build/erc_trajectory_server/erc_trajectory_server.egg-info/PKG-INFO
[2.388s] writing dependency_links to ../build/erc_trajectory_server/erc_trajectory_server.egg-info/dependency_links.txt
[2.388s] writing entry points to ../build/erc_trajectory_server/erc_trajectory_server.egg-info/entry_points.txt
[2.388s] writing requirements to ../build/erc_trajectory_server/erc_trajectory_server.egg-info/requires.txt
[2.388s] writing top-level names to ../build/erc_trajectory_server/erc_trajectory_server.egg-info/top_level.txt
[2.388s] writing manifest file '../build/erc_trajectory_server/erc_trajectory_server.egg-info/SOURCES.txt'
[2.435s] reading manifest file '../build/erc_trajectory_server/erc_trajectory_server.egg-info/SOURCES.txt'
[2.435s] adding license file 'LICENSE'
[2.435s] writing manifest file '../build/erc_trajectory_server/erc_trajectory_server.egg-info/SOURCES.txt'
[2.435s] running build
[2.435s] running build_py
[2.436s] creating /home/arnavb/erc_ws/src/week3/build/erc_trajectory_server/build
[2.436s] creating /home/arnavb/erc_ws/src/week3/build/erc_trajectory_server/build/lib
[2.436s] creating /home/arnavb/erc_ws/src/week3/build/erc_trajectory_server/build/lib/erc_trajectory_server
[2.436s] copying erc_trajectory_server/__init__.py -> /home/arnavb/erc_ws/src/week3/build/erc_trajectory_server/build/lib/erc_trajectory_server
[2.436s] copying erc_trajectory_server/trajectory_topic_based.py -> /home/arnavb/erc_ws/src/week3/build/erc_trajectory_server/build/lib/erc_trajectory_server
[2.436s] copying erc_trajectory_server/trajectory.py -> /home/arnavb/erc_ws/src/week3/build/erc_trajectory_server/build/lib/erc_trajectory_server
[2.437s] running install
[2.444s] running install_lib
[2.468s] creating /home/arnavb/erc_ws/src/week3/install/erc_trajectory_server/lib/python3.12/site-packages/erc_trajectory_server
[2.469s] copying /home/arnavb/erc_ws/src/week3/build/erc_trajectory_server/build/lib/erc_trajectory_server/__init__.py -> /home/arnavb/erc_ws/src/week3/install/erc_trajectory_server/lib/python3.12/site-packages/erc_trajectory_server
[2.469s] copying /home/arnavb/erc_ws/src/week3/build/erc_trajectory_server/build/lib/erc_trajectory_server/trajectory_topic_based.py -> /home/arnavb/erc_ws/src/week3/install/erc_trajectory_server/lib/python3.12/site-packages/erc_trajectory_server
[2.469s] copying /home/arnavb/erc_ws/src/week3/build/erc_trajectory_server/build/lib/erc_trajectory_server/trajectory.py -> /home/arnavb/erc_ws/src/week3/install/erc_trajectory_server/lib/python3.12/site-packages/erc_trajectory_server
[2.469s] byte-compiling /home/arnavb/erc_ws/src/week3/install/erc_trajectory_server/lib/python3.12/site-packages/erc_trajectory_server/__init__.py to __init__.cpython-312.pyc
[2.469s] byte-compiling /home/arnavb/erc_ws/src/week3/install/erc_trajectory_server/lib/python3.12/site-packages/erc_trajectory_server/trajectory_topic_based.py to trajectory_topic_based.cpython-312.pyc
[2.471s] byte-compiling /home/arnavb/erc_ws/src/week3/install/erc_trajectory_server/lib/python3.12/site-packages/erc_trajectory_server/trajectory.py to trajectory.cpython-312.pyc
[2.472s] running install_data
[2.472s] creating /home/arnavb/erc_ws/src/week3/install/erc_trajectory_server/share/ament_index
[2.472s] creating /home/arnavb/erc_ws/src/week3/install/erc_trajectory_server/share/ament_index/resource_index
[2.472s] creating /home/arnavb/erc_ws/src/week3/install/erc_trajectory_server/share/ament_index/resource_index/packages
[2.472s] copying resource/erc_trajectory_server -> /home/arnavb/erc_ws/src/week3/install/erc_trajectory_server/share/ament_index/resource_index/packages
[2.472s] copying package.xml -> /home/arnavb/erc_ws/src/week3/install/erc_trajectory_server/share/erc_trajectory_server
[2.473s] running install_egg_info
[2.497s] Copying ../build/erc_trajectory_server/erc_trajectory_server.egg-info to /home/arnavb/erc_ws/src/week3/install/erc_trajectory_server/lib/python3.12/site-packages/erc_trajectory_server-1.0.0-py3.12.egg-info
[2.498s] running install_scripts
[2.655s] Installing erc_trajectory_server script to /home/arnavb/erc_ws/src/week3/install/erc_trajectory_server/lib/erc_trajectory_server
[2.655s] Installing erc_trajectory_server_topic_based script to /home/arnavb/erc_ws/src/week3/install/erc_trajectory_server/lib/erc_trajectory_server
[2.656s] writing list of installed files to '/home/arnavb/erc_ws/src/week3/build/erc_trajectory_server/install.log'
[2.717s] Invoked command in '/home/arnavb/erc_ws/src/week3/erc_trajectory_server' returned '0': DEBUGINFOD_URLS=https://debuginfod.ubuntu.com PYTHONPATH=/home/arnavb/erc_ws/src/week3/build/erc_trajectory_server/prefix_override:/usr/lib/python3/dist-packages/colcon_core/task/python/colcon_distutils_commands:/home/arnavb/erc_ws/src/week3/install/erc_trajectory_server/lib/python3.12/site-packages:${PYTHONPATH} /usr/bin/python3 -W ignore:setup.py install is deprecated -W ignore:easy_install command is deprecated setup.py egg_info --egg-base ../build/erc_trajectory_server build --build-base /home/arnavb/erc_ws/src/week3/build/erc_trajectory_server/build install --record /home/arnavb/erc_ws/src/week3/build/erc_trajectory_server/install.log --single-version-externally-managed install_data
