[0.073s] DEBUG:colcon:Command line arguments: ['/usr/bin/colcon', 'build']
[0.073s] DEBUG:colcon:Parsed command line arguments: Namespace(log_base=None, log_level=None, verb_name='build', build_base='build', install_base='install', merge_install=False, symlink_install=False, test_result_base=None, continue_on_error=False, executor='parallel', parallel_workers=20, event_handlers=None, ignore_user_meta=False, metas=['./colcon.meta'], base_paths=['.'], packages_ignore=None, packages_ignore_regex=None, paths=None, packages_up_to=None, packages_up_to_regex=None, packages_above=None, packages_above_and_dependencies=None, packages_above_depth=None, packages_select_by_dep=None, packages_skip_by_dep=None, packages_skip_up_to=None, packages_select_build_failed=False, packages_skip_build_finished=False, packages_select_test_failures=False, packages_skip_test_passed=False, packages_select=None, packages_skip=None, packages_select_regex=None, packages_skip_regex=None, packages_start=None, packages_end=None, allow_overriding=[], cmake_args=None, cmake_target=None, cmake_target_skip_unavailable=False, cmake_clean_cache=False, cmake_clean_first=False, cmake_force_configure=False, ament_cmake_args=None, catkin_cmake_args=None, catkin_skip_building_tests=False, mixin_files=None, mixin=None, verb_parser=<colcon_mixin.mixin.mixin_argument.MixinArgumentDecorator object at 0x7b00ef6d0b30>, verb_extension=<colcon_core.verb.build.BuildVerb object at 0x7b00ef6d0860>, main=<bound method BuildVerb.main of <colcon_core.verb.build.BuildVerb object at 0x7b00ef6d0860>>, mixin_verb=('build',))
[0.098s] Level 1:colcon.colcon_core.package_discovery:discover_packages(colcon_meta) check parameters
[0.098s] Level 1:colcon.colcon_core.package_discovery:discover_packages(recursive) check parameters
[0.098s] Level 1:colcon.colcon_core.package_discovery:discover_packages(ignore) check parameters
[0.098s] Level 1:colcon.colcon_core.package_discovery:discover_packages(path) check parameters
[0.098s] Level 1:colcon.colcon_core.package_discovery:discover_packages(colcon_meta) discover
[0.098s] Level 1:colcon.colcon_core.package_discovery:discover_packages(recursive) discover
[0.098s] INFO:colcon.colcon_core.package_discovery:Crawling recursively for packages in '/home/arnavb/erc_ws/src/week3'
[0.098s] Level 1:colcon.colcon_core.package_identification:_identify(.) by extensions ['ignore', 'ignore_ament_install']
[0.098s] Level 1:colcon.colcon_core.package_identification:_identify(.) by extension 'ignore'
[0.098s] Level 1:colcon.colcon_core.package_identification:_identify(.) by extension 'ignore_ament_install'
[0.098s] Level 1:colcon.colcon_core.package_identification:_identify(.) by extensions ['colcon_pkg']
[0.098s] Level 1:colcon.colcon_core.package_identification:_identify(.) by extension 'colcon_pkg'
[0.099s] Level 1:colcon.colcon_core.package_identification:_identify(.) by extensions ['colcon_meta']
[0.099s] Level 1:colcon.colcon_core.package_identification:_identify(.) by extension 'colcon_meta'
[0.099s] Level 1:colcon.colcon_core.package_identification:_identify(.) by extensions ['ros']
[0.099s] Level 1:colcon.colcon_core.package_identification:_identify(.) by extension 'ros'
[0.116s] Level 1:colcon.colcon_core.package_identification:_identify(.) by extensions ['cmake', 'python']
[0.116s] Level 1:colcon.colcon_core.package_identification:_identify(.) by extension 'cmake'
[0.116s] Level 1:colcon.colcon_core.package_identification:_identify(.) by extension 'python'
[0.116s] Level 1:colcon.colcon_core.package_identification:_identify(.) by extensions ['python_setup_py']
[0.116s] Level 1:colcon.colcon_core.package_identification:_identify(.) by extension 'python_setup_py'
[0.116s] Level 1:colcon.colcon_core.package_identification:_identify(build) by extensions ['ignore', 'ignore_ament_install']
[0.117s] Level 1:colcon.colcon_core.package_identification:_identify(build) by extension 'ignore'
[0.117s] Level 1:colcon.colcon_core.package_identification:_identify(build) ignored
[0.117s] Level 1:colcon.colcon_core.package_identification:_identify(erc_gazebo_sensors_py) by extensions ['ignore', 'ignore_ament_install']
[0.117s] Level 1:colcon.colcon_core.package_identification:_identify(erc_gazebo_sensors_py) by extension 'ignore'
[0.117s] Level 1:colcon.colcon_core.package_identification:_identify(erc_gazebo_sensors_py) by extension 'ignore_ament_install'
[0.117s] Level 1:colcon.colcon_core.package_identification:_identify(erc_gazebo_sensors_py) by extensions ['colcon_pkg']
[0.117s] Level 1:colcon.colcon_core.package_identification:_identify(erc_gazebo_sensors_py) by extension 'colcon_pkg'
[0.117s] Level 1:colcon.colcon_core.package_identification:_identify(erc_gazebo_sensors_py) by extensions ['colcon_meta']
[0.117s] Level 1:colcon.colcon_core.package_identification:_identify(erc_gazebo_sensors_py) by extension 'colcon_meta'
[0.117s] Level 1:colcon.colcon_core.package_identification:_identify(erc_gazebo_sensors_py) by extensions ['ros']
[0.117s] Level 1:colcon.colcon_core.package_identification:_identify(erc_gazebo_sensors_py) by extension 'ros'
[0.118s] DEBUG:colcon.colcon_core.package_identification:Package 'erc_gazebo_sensors_py' with type 'ros.ament_python' and name 'erc_gazebo_sensors_py'
[0.118s] Level 1:colcon.colcon_core.package_identification:_identify(erc_ros2_navigation) by extensions ['ignore', 'ignore_ament_install']
[0.118s] Level 1:colcon.colcon_core.package_identification:_identify(erc_ros2_navigation) by extension 'ignore'
[0.119s] Level 1:colcon.colcon_core.package_identification:_identify(erc_ros2_navigation) by extension 'ignore_ament_install'
[0.119s] Level 1:colcon.colcon_core.package_identification:_identify(erc_ros2_navigation) by extensions ['colcon_pkg']
[0.119s] Level 1:colcon.colcon_core.package_identification:_identify(erc_ros2_navigation) by extension 'colcon_pkg'
[0.119s] Level 1:colcon.colcon_core.package_identification:_identify(erc_ros2_navigation) by extensions ['colcon_meta']
[0.119s] Level 1:colcon.colcon_core.package_identification:_identify(erc_ros2_navigation) by extension 'colcon_meta'
[0.119s] Level 1:colcon.colcon_core.package_identification:_identify(erc_ros2_navigation) by extensions ['ros']
[0.119s] Level 1:colcon.colcon_core.package_identification:_identify(erc_ros2_navigation) by extension 'ros'
[0.119s] DEBUG:colcon.colcon_core.package_identification:Package 'erc_ros2_navigation' with type 'ros.ament_cmake' and name 'erc_ros2_navigation'
[0.119s] Level 1:colcon.colcon_core.package_identification:_identify(erc_ros2_navigation_py) by extensions ['ignore', 'ignore_ament_install']
[0.119s] Level 1:colcon.colcon_core.package_identification:_identify(erc_ros2_navigation_py) by extension 'ignore'
[0.119s] Level 1:colcon.colcon_core.package_identification:_identify(erc_ros2_navigation_py) by extension 'ignore_ament_install'
[0.119s] Level 1:colcon.colcon_core.package_identification:_identify(erc_ros2_navigation_py) by extensions ['colcon_pkg']
[0.119s] Level 1:colcon.colcon_core.package_identification:_identify(erc_ros2_navigation_py) by extension 'colcon_pkg'
[0.119s] Level 1:colcon.colcon_core.package_identification:_identify(erc_ros2_navigation_py) by extensions ['colcon_meta']
[0.119s] Level 1:colcon.colcon_core.package_identification:_identify(erc_ros2_navigation_py) by extension 'colcon_meta'
[0.119s] Level 1:colcon.colcon_core.package_identification:_identify(erc_ros2_navigation_py) by extensions ['ros']
[0.119s] Level 1:colcon.colcon_core.package_identification:_identify(erc_ros2_navigation_py) by extension 'ros'
[0.120s] DEBUG:colcon.colcon_core.package_identification:Package 'erc_ros2_navigation_py' with type 'ros.ament_python' and name 'erc_ros2_navigation_py'
[0.120s] Level 1:colcon.colcon_core.package_identification:_identify(erc_ros2_simple_arm) by extensions ['ignore', 'ignore_ament_install']
[0.120s] Level 1:colcon.colcon_core.package_identification:_identify(erc_ros2_simple_arm) by extension 'ignore'
[0.120s] Level 1:colcon.colcon_core.package_identification:_identify(erc_ros2_simple_arm) by extension 'ignore_ament_install'
[0.120s] Level 1:colcon.colcon_core.package_identification:_identify(erc_ros2_simple_arm) by extensions ['colcon_pkg']
[0.120s] Level 1:colcon.colcon_core.package_identification:_identify(erc_ros2_simple_arm) by extension 'colcon_pkg'
[0.120s] Level 1:colcon.colcon_core.package_identification:_identify(erc_ros2_simple_arm) by extensions ['colcon_meta']
[0.120s] Level 1:colcon.colcon_core.package_identification:_identify(erc_ros2_simple_arm) by extension 'colcon_meta'
[0.120s] Level 1:colcon.colcon_core.package_identification:_identify(erc_ros2_simple_arm) by extensions ['ros']
[0.120s] Level 1:colcon.colcon_core.package_identification:_identify(erc_ros2_simple_arm) by extension 'ros'
[0.120s] DEBUG:colcon.colcon_core.package_identification:Package 'erc_ros2_simple_arm' with type 'ros.ament_cmake' and name 'erc_ros2_simple_arm'
[0.120s] Level 1:colcon.colcon_core.package_identification:_identify(erc_ros2_simple_arm_py) by extensions ['ignore', 'ignore_ament_install']
[0.120s] Level 1:colcon.colcon_core.package_identification:_identify(erc_ros2_simple_arm_py) by extension 'ignore'
[0.120s] Level 1:colcon.colcon_core.package_identification:_identify(erc_ros2_simple_arm_py) by extension 'ignore_ament_install'
[0.120s] Level 1:colcon.colcon_core.package_identification:_identify(erc_ros2_simple_arm_py) by extensions ['colcon_pkg']
[0.120s] Level 1:colcon.colcon_core.package_identification:_identify(erc_ros2_simple_arm_py) by extension 'colcon_pkg'
[0.120s] Level 1:colcon.colcon_core.package_identification:_identify(erc_ros2_simple_arm_py) by extensions ['colcon_meta']
[0.120s] Level 1:colcon.colcon_core.package_identification:_identify(erc_ros2_simple_arm_py) by extension 'colcon_meta'
[0.120s] Level 1:colcon.colcon_core.package_identification:_identify(erc_ros2_simple_arm_py) by extensions ['ros']
[0.120s] Level 1:colcon.colcon_core.package_identification:_identify(erc_ros2_simple_arm_py) by extension 'ros'
[0.121s] DEBUG:colcon.colcon_core.package_identification:Package 'erc_ros2_simple_arm_py' with type 'ros.ament_python' and name 'erc_ros2_simple_arm_py'
[0.121s] Level 1:colcon.colcon_core.package_identification:_identify(erc_trajectory_server) by extensions ['ignore', 'ignore_ament_install']
[0.121s] Level 1:colcon.colcon_core.package_identification:_identify(erc_trajectory_server) by extension 'ignore'
[0.121s] Level 1:colcon.colcon_core.package_identification:_identify(erc_trajectory_server) by extension 'ignore_ament_install'
[0.121s] Level 1:colcon.colcon_core.package_identification:_identify(erc_trajectory_server) by extensions ['colcon_pkg']
[0.121s] Level 1:colcon.colcon_core.package_identification:_identify(erc_trajectory_server) by extension 'colcon_pkg'
[0.121s] Level 1:colcon.colcon_core.package_identification:_identify(erc_trajectory_server) by extensions ['colcon_meta']
[0.121s] Level 1:colcon.colcon_core.package_identification:_identify(erc_trajectory_server) by extension 'colcon_meta'
[0.121s] Level 1:colcon.colcon_core.package_identification:_identify(erc_trajectory_server) by extensions ['ros']
[0.121s] Level 1:colcon.colcon_core.package_identification:_identify(erc_trajectory_server) by extension 'ros'
[0.121s] DEBUG:colcon.colcon_core.package_identification:Package 'erc_trajectory_server' with type 'ros.ament_python' and name 'erc_trajectory_server'
[0.121s] Level 1:colcon.colcon_core.package_identification:_identify(explore) by extensions ['ignore', 'ignore_ament_install']
[0.121s] Level 1:colcon.colcon_core.package_identification:_identify(explore) by extension 'ignore'
[0.121s] Level 1:colcon.colcon_core.package_identification:_identify(explore) by extension 'ignore_ament_install'
[0.121s] Level 1:colcon.colcon_core.package_identification:_identify(explore) by extensions ['colcon_pkg']
[0.121s] Level 1:colcon.colcon_core.package_identification:_identify(explore) by extension 'colcon_pkg'
[0.121s] Level 1:colcon.colcon_core.package_identification:_identify(explore) by extensions ['colcon_meta']
[0.121s] Level 1:colcon.colcon_core.package_identification:_identify(explore) by extension 'colcon_meta'
[0.121s] Level 1:colcon.colcon_core.package_identification:_identify(explore) by extensions ['ros']
[0.121s] Level 1:colcon.colcon_core.package_identification:_identify(explore) by extension 'ros'
[0.122s] DEBUG:colcon.colcon_core.package_identification:Package 'explore' with type 'ros.ament_cmake' and name 'explore_lite'
[0.122s] Level 1:colcon.colcon_core.package_identification:_identify(install) by extensions ['ignore', 'ignore_ament_install']
[0.122s] Level 1:colcon.colcon_core.package_identification:_identify(install) by extension 'ignore'
[0.122s] Level 1:colcon.colcon_core.package_identification:_identify(install) ignored
[0.122s] Level 1:colcon.colcon_core.package_identification:_identify(log) by extensions ['ignore', 'ignore_ament_install']
[0.122s] Level 1:colcon.colcon_core.package_identification:_identify(log) by extension 'ignore'
[0.122s] Level 1:colcon.colcon_core.package_identification:_identify(log) ignored
[0.122s] Level 1:colcon.colcon_core.package_identification:_identify(red_cylinder) by extensions ['ignore', 'ignore_ament_install']
[0.122s] Level 1:colcon.colcon_core.package_identification:_identify(red_cylinder) by extension 'ignore'
[0.122s] Level 1:colcon.colcon_core.package_identification:_identify(red_cylinder) by extension 'ignore_ament_install'
[0.122s] Level 1:colcon.colcon_core.package_identification:_identify(red_cylinder) by extensions ['colcon_pkg']
[0.122s] Level 1:colcon.colcon_core.package_identification:_identify(red_cylinder) by extension 'colcon_pkg'
[0.123s] Level 1:colcon.colcon_core.package_identification:_identify(red_cylinder) by extensions ['colcon_meta']
[0.123s] Level 1:colcon.colcon_core.package_identification:_identify(red_cylinder) by extension 'colcon_meta'
[0.123s] Level 1:colcon.colcon_core.package_identification:_identify(red_cylinder) by extensions ['ros']
[0.123s] Level 1:colcon.colcon_core.package_identification:_identify(red_cylinder) by extension 'ros'
[0.123s] Level 1:colcon.colcon_core.package_identification:_identify(red_cylinder) by extensions ['cmake', 'python']
[0.123s] Level 1:colcon.colcon_core.package_identification:_identify(red_cylinder) by extension 'cmake'
[0.123s] Level 1:colcon.colcon_core.package_identification:_identify(red_cylinder) by extension 'python'
[0.123s] Level 1:colcon.colcon_core.package_identification:_identify(red_cylinder) by extensions ['python_setup_py']
[0.123s] Level 1:colcon.colcon_core.package_identification:_identify(red_cylinder) by extension 'python_setup_py'
[0.123s] Level 1:colcon.colcon_core.package_identification:_identify(red_cylinder/thumbnails) by extensions ['ignore', 'ignore_ament_install']
[0.123s] Level 1:colcon.colcon_core.package_identification:_identify(red_cylinder/thumbnails) by extension 'ignore'
[0.123s] Level 1:colcon.colcon_core.package_identification:_identify(red_cylinder/thumbnails) by extension 'ignore_ament_install'
[0.123s] Level 1:colcon.colcon_core.package_identification:_identify(red_cylinder/thumbnails) by extensions ['colcon_pkg']
[0.123s] Level 1:colcon.colcon_core.package_identification:_identify(red_cylinder/thumbnails) by extension 'colcon_pkg'
[0.123s] Level 1:colcon.colcon_core.package_identification:_identify(red_cylinder/thumbnails) by extensions ['colcon_meta']
[0.123s] Level 1:colcon.colcon_core.package_identification:_identify(red_cylinder/thumbnails) by extension 'colcon_meta'
[0.123s] Level 1:colcon.colcon_core.package_identification:_identify(red_cylinder/thumbnails) by extensions ['ros']
[0.123s] Level 1:colcon.colcon_core.package_identification:_identify(red_cylinder/thumbnails) by extension 'ros'
[0.123s] Level 1:colcon.colcon_core.package_identification:_identify(red_cylinder/thumbnails) by extensions ['cmake', 'python']
[0.123s] Level 1:colcon.colcon_core.package_identification:_identify(red_cylinder/thumbnails) by extension 'cmake'
[0.123s] Level 1:colcon.colcon_core.package_identification:_identify(red_cylinder/thumbnails) by extension 'python'
[0.123s] Level 1:colcon.colcon_core.package_identification:_identify(red_cylinder/thumbnails) by extensions ['python_setup_py']
[0.123s] Level 1:colcon.colcon_core.package_identification:_identify(red_cylinder/thumbnails) by extension 'python_setup_py'
[0.123s] Level 1:colcon.colcon_core.package_discovery:discover_packages(recursive) using defaults
[0.123s] Level 1:colcon.colcon_core.package_discovery:discover_packages(ignore) discover
[0.123s] Level 1:colcon.colcon_core.package_discovery:discover_packages(ignore) using defaults
[0.123s] Level 1:colcon.colcon_core.package_discovery:discover_packages(path) discover
[0.123s] Level 1:colcon.colcon_core.package_discovery:discover_packages(path) using defaults
[0.136s] Level 1:colcon.colcon_core.package_discovery:discover_packages(prefix_path) check parameters
[0.136s] Level 1:colcon.colcon_core.package_discovery:discover_packages(prefix_path) discover
[0.138s] DEBUG:colcon.colcon_installed_package_information.package_discovery:Found 7 installed packages in /home/arnavb/erc_ws/src/week3/install
[0.138s] DEBUG:colcon.colcon_installed_package_information.package_discovery:Found 13 installed packages in /home/arnavb/erc_ws/install
[0.139s] DEBUG:colcon.colcon_installed_package_information.package_discovery:Found 1 installed packages in /home/arnavb/erc_ws/src/erc_gazebo_basics/install
[0.140s] DEBUG:colcon.colcon_installed_package_information.package_discovery:Found 463 installed packages in /opt/ros/jazzy
[0.141s] Level 1:colcon.colcon_core.package_discovery:discover_packages(prefix_path) using defaults
[0.183s] Level 5:colcon.colcon_core.verb:set package 'erc_gazebo_sensors_py' build argument 'cmake_args' from command line to 'None'
[0.183s] Level 5:colcon.colcon_core.verb:set package 'erc_gazebo_sensors_py' build argument 'cmake_target' from command line to 'None'
[0.183s] Level 5:colcon.colcon_core.verb:set package 'erc_gazebo_sensors_py' build argument 'cmake_target_skip_unavailable' from command line to 'False'
[0.183s] Level 5:colcon.colcon_core.verb:set package 'erc_gazebo_sensors_py' build argument 'cmake_clean_cache' from command line to 'False'
[0.183s] Level 5:colcon.colcon_core.verb:set package 'erc_gazebo_sensors_py' build argument 'cmake_clean_first' from command line to 'False'
[0.183s] Level 5:colcon.colcon_core.verb:set package 'erc_gazebo_sensors_py' build argument 'cmake_force_configure' from command line to 'False'
[0.183s] Level 5:colcon.colcon_core.verb:set package 'erc_gazebo_sensors_py' build argument 'ament_cmake_args' from command line to 'None'
[0.183s] Level 5:colcon.colcon_core.verb:set package 'erc_gazebo_sensors_py' build argument 'catkin_cmake_args' from command line to 'None'
[0.183s] Level 5:colcon.colcon_core.verb:set package 'erc_gazebo_sensors_py' build argument 'catkin_skip_building_tests' from command line to 'False'
[0.183s] DEBUG:colcon.colcon_core.verb:Building package 'erc_gazebo_sensors_py' with the following arguments: {'ament_cmake_args': None, 'build_base': '/home/arnavb/erc_ws/src/week3/build/erc_gazebo_sensors_py', 'catkin_cmake_args': None, 'catkin_skip_building_tests': False, 'cmake_args': None, 'cmake_clean_cache': False, 'cmake_clean_first': False, 'cmake_force_configure': False, 'cmake_target': None, 'cmake_target_skip_unavailable': False, 'install_base': '/home/arnavb/erc_ws/src/week3/install/erc_gazebo_sensors_py', 'merge_install': False, 'path': '/home/arnavb/erc_ws/src/week3/erc_gazebo_sensors_py', 'symlink_install': False, 'test_result_base': None}
[0.184s] Level 5:colcon.colcon_core.verb:set package 'erc_ros2_navigation' build argument 'cmake_args' from command line to 'None'
[0.184s] Level 5:colcon.colcon_core.verb:set package 'erc_ros2_navigation' build argument 'cmake_target' from command line to 'None'
[0.184s] Level 5:colcon.colcon_core.verb:set package 'erc_ros2_navigation' build argument 'cmake_target_skip_unavailable' from command line to 'False'
[0.184s] Level 5:colcon.colcon_core.verb:set package 'erc_ros2_navigation' build argument 'cmake_clean_cache' from command line to 'False'
[0.184s] Level 5:colcon.colcon_core.verb:set package 'erc_ros2_navigation' build argument 'cmake_clean_first' from command line to 'False'
[0.184s] Level 5:colcon.colcon_core.verb:set package 'erc_ros2_navigation' build argument 'cmake_force_configure' from command line to 'False'
[0.184s] Level 5:colcon.colcon_core.verb:set package 'erc_ros2_navigation' build argument 'ament_cmake_args' from command line to 'None'
[0.184s] Level 5:colcon.colcon_core.verb:set package 'erc_ros2_navigation' build argument 'catkin_cmake_args' from command line to 'None'
[0.184s] Level 5:colcon.colcon_core.verb:set package 'erc_ros2_navigation' build argument 'catkin_skip_building_tests' from command line to 'False'
[0.184s] DEBUG:colcon.colcon_core.verb:Building package 'erc_ros2_navigation' with the following arguments: {'ament_cmake_args': None, 'build_base': '/home/arnavb/erc_ws/src/week3/build/erc_ros2_navigation', 'catkin_cmake_args': None, 'catkin_skip_building_tests': False, 'cmake_args': None, 'cmake_clean_cache': False, 'cmake_clean_first': False, 'cmake_force_configure': False, 'cmake_target': None, 'cmake_target_skip_unavailable': False, 'install_base': '/home/arnavb/erc_ws/src/week3/install/erc_ros2_navigation', 'merge_install': False, 'path': '/home/arnavb/erc_ws/src/week3/erc_ros2_navigation', 'symlink_install': False, 'test_result_base': None}
[0.184s] Level 5:colcon.colcon_core.verb:set package 'erc_ros2_navigation_py' build argument 'cmake_args' from command line to 'None'
[0.184s] Level 5:colcon.colcon_core.verb:set package 'erc_ros2_navigation_py' build argument 'cmake_target' from command line to 'None'
[0.184s] Level 5:colcon.colcon_core.verb:set package 'erc_ros2_navigation_py' build argument 'cmake_target_skip_unavailable' from command line to 'False'
[0.184s] Level 5:colcon.colcon_core.verb:set package 'erc_ros2_navigation_py' build argument 'cmake_clean_cache' from command line to 'False'
[0.184s] Level 5:colcon.colcon_core.verb:set package 'erc_ros2_navigation_py' build argument 'cmake_clean_first' from command line to 'False'
[0.184s] Level 5:colcon.colcon_core.verb:set package 'erc_ros2_navigation_py' build argument 'cmake_force_configure' from command line to 'False'
[0.184s] Level 5:colcon.colcon_core.verb:set package 'erc_ros2_navigation_py' build argument 'ament_cmake_args' from command line to 'None'
[0.184s] Level 5:colcon.colcon_core.verb:set package 'erc_ros2_navigation_py' build argument 'catkin_cmake_args' from command line to 'None'
[0.184s] Level 5:colcon.colcon_core.verb:set package 'erc_ros2_navigation_py' build argument 'catkin_skip_building_tests' from command line to 'False'
[0.184s] DEBUG:colcon.colcon_core.verb:Building package 'erc_ros2_navigation_py' with the following arguments: {'ament_cmake_args': None, 'build_base': '/home/arnavb/erc_ws/src/week3/build/erc_ros2_navigation_py', 'catkin_cmake_args': None, 'catkin_skip_building_tests': False, 'cmake_args': None, 'cmake_clean_cache': False, 'cmake_clean_first': False, 'cmake_force_configure': False, 'cmake_target': None, 'cmake_target_skip_unavailable': False, 'install_base': '/home/arnavb/erc_ws/src/week3/install/erc_ros2_navigation_py', 'merge_install': False, 'path': '/home/arnavb/erc_ws/src/week3/erc_ros2_navigation_py', 'symlink_install': False, 'test_result_base': None}
[0.184s] Level 5:colcon.colcon_core.verb:set package 'erc_ros2_simple_arm' build argument 'cmake_args' from command line to 'None'
[0.184s] Level 5:colcon.colcon_core.verb:set package 'erc_ros2_simple_arm' build argument 'cmake_target' from command line to 'None'
[0.184s] Level 5:colcon.colcon_core.verb:set package 'erc_ros2_simple_arm' build argument 'cmake_target_skip_unavailable' from command line to 'False'
[0.184s] Level 5:colcon.colcon_core.verb:set package 'erc_ros2_simple_arm' build argument 'cmake_clean_cache' from command line to 'False'
[0.184s] Level 5:colcon.colcon_core.verb:set package 'erc_ros2_simple_arm' build argument 'cmake_clean_first' from command line to 'False'
[0.184s] Level 5:colcon.colcon_core.verb:set package 'erc_ros2_simple_arm' build argument 'cmake_force_configure' from command line to 'False'
[0.184s] Level 5:colcon.colcon_core.verb:set package 'erc_ros2_simple_arm' build argument 'ament_cmake_args' from command line to 'None'
[0.184s] Level 5:colcon.colcon_core.verb:set package 'erc_ros2_simple_arm' build argument 'catkin_cmake_args' from command line to 'None'
[0.184s] Level 5:colcon.colcon_core.verb:set package 'erc_ros2_simple_arm' build argument 'catkin_skip_building_tests' from command line to 'False'
[0.184s] DEBUG:colcon.colcon_core.verb:Building package 'erc_ros2_simple_arm' with the following arguments: {'ament_cmake_args': None, 'build_base': '/home/arnavb/erc_ws/src/week3/build/erc_ros2_simple_arm', 'catkin_cmake_args': None, 'catkin_skip_building_tests': False, 'cmake_args': None, 'cmake_clean_cache': False, 'cmake_clean_first': False, 'cmake_force_configure': False, 'cmake_target': None, 'cmake_target_skip_unavailable': False, 'install_base': '/home/arnavb/erc_ws/src/week3/install/erc_ros2_simple_arm', 'merge_install': False, 'path': '/home/arnavb/erc_ws/src/week3/erc_ros2_simple_arm', 'symlink_install': False, 'test_result_base': None}
[0.184s] Level 5:colcon.colcon_core.verb:set package 'erc_ros2_simple_arm_py' build argument 'cmake_args' from command line to 'None'
[0.184s] Level 5:colcon.colcon_core.verb:set package 'erc_ros2_simple_arm_py' build argument 'cmake_target' from command line to 'None'
[0.184s] Level 5:colcon.colcon_core.verb:set package 'erc_ros2_simple_arm_py' build argument 'cmake_target_skip_unavailable' from command line to 'False'
[0.184s] Level 5:colcon.colcon_core.verb:set package 'erc_ros2_simple_arm_py' build argument 'cmake_clean_cache' from command line to 'False'
[0.184s] Level 5:colcon.colcon_core.verb:set package 'erc_ros2_simple_arm_py' build argument 'cmake_clean_first' from command line to 'False'
[0.184s] Level 5:colcon.colcon_core.verb:set package 'erc_ros2_simple_arm_py' build argument 'cmake_force_configure' from command line to 'False'
[0.184s] Level 5:colcon.colcon_core.verb:set package 'erc_ros2_simple_arm_py' build argument 'ament_cmake_args' from command line to 'None'
[0.184s] Level 5:colcon.colcon_core.verb:set package 'erc_ros2_simple_arm_py' build argument 'catkin_cmake_args' from command line to 'None'
[0.184s] Level 5:colcon.colcon_core.verb:set package 'erc_ros2_simple_arm_py' build argument 'catkin_skip_building_tests' from command line to 'False'
[0.184s] DEBUG:colcon.colcon_core.verb:Building package 'erc_ros2_simple_arm_py' with the following arguments: {'ament_cmake_args': None, 'build_base': '/home/arnavb/erc_ws/src/week3/build/erc_ros2_simple_arm_py', 'catkin_cmake_args': None, 'catkin_skip_building_tests': False, 'cmake_args': None, 'cmake_clean_cache': False, 'cmake_clean_first': False, 'cmake_force_configure': False, 'cmake_target': None, 'cmake_target_skip_unavailable': False, 'install_base': '/home/arnavb/erc_ws/src/week3/install/erc_ros2_simple_arm_py', 'merge_install': False, 'path': '/home/arnavb/erc_ws/src/week3/erc_ros2_simple_arm_py', 'symlink_install': False, 'test_result_base': None}
[0.185s] Level 5:colcon.colcon_core.verb:set package 'erc_trajectory_server' build argument 'cmake_args' from command line to 'None'
[0.185s] Level 5:colcon.colcon_core.verb:set package 'erc_trajectory_server' build argument 'cmake_target' from command line to 'None'
[0.185s] Level 5:colcon.colcon_core.verb:set package 'erc_trajectory_server' build argument 'cmake_target_skip_unavailable' from command line to 'False'
[0.185s] Level 5:colcon.colcon_core.verb:set package 'erc_trajectory_server' build argument 'cmake_clean_cache' from command line to 'False'
[0.185s] Level 5:colcon.colcon_core.verb:set package 'erc_trajectory_server' build argument 'cmake_clean_first' from command line to 'False'
[0.185s] Level 5:colcon.colcon_core.verb:set package 'erc_trajectory_server' build argument 'cmake_force_configure' from command line to 'False'
[0.185s] Level 5:colcon.colcon_core.verb:set package 'erc_trajectory_server' build argument 'ament_cmake_args' from command line to 'None'
[0.185s] Level 5:colcon.colcon_core.verb:set package 'erc_trajectory_server' build argument 'catkin_cmake_args' from command line to 'None'
[0.185s] Level 5:colcon.colcon_core.verb:set package 'erc_trajectory_server' build argument 'catkin_skip_building_tests' from command line to 'False'
[0.185s] DEBUG:colcon.colcon_core.verb:Building package 'erc_trajectory_server' with the following arguments: {'ament_cmake_args': None, 'build_base': '/home/arnavb/erc_ws/src/week3/build/erc_trajectory_server', 'catkin_cmake_args': None, 'catkin_skip_building_tests': False, 'cmake_args': None, 'cmake_clean_cache': False, 'cmake_clean_first': False, 'cmake_force_configure': False, 'cmake_target': None, 'cmake_target_skip_unavailable': False, 'install_base': '/home/arnavb/erc_ws/src/week3/install/erc_trajectory_server', 'merge_install': False, 'path': '/home/arnavb/erc_ws/src/week3/erc_trajectory_server', 'symlink_install': False, 'test_result_base': None}
[0.185s] Level 5:colcon.colcon_core.verb:set package 'explore_lite' build argument 'cmake_args' from command line to 'None'
[0.185s] Level 5:colcon.colcon_core.verb:set package 'explore_lite' build argument 'cmake_target' from command line to 'None'
[0.185s] Level 5:colcon.colcon_core.verb:set package 'explore_lite' build argument 'cmake_target_skip_unavailable' from command line to 'False'
[0.185s] Level 5:colcon.colcon_core.verb:set package 'explore_lite' build argument 'cmake_clean_cache' from command line to 'False'
[0.185s] Level 5:colcon.colcon_core.verb:set package 'explore_lite' build argument 'cmake_clean_first' from command line to 'False'
[0.185s] Level 5:colcon.colcon_core.verb:set package 'explore_lite' build argument 'cmake_force_configure' from command line to 'False'
[0.185s] Level 5:colcon.colcon_core.verb:set package 'explore_lite' build argument 'ament_cmake_args' from command line to 'None'
[0.185s] Level 5:colcon.colcon_core.verb:set package 'explore_lite' build argument 'catkin_cmake_args' from command line to 'None'
[0.185s] Level 5:colcon.colcon_core.verb:set package 'explore_lite' build argument 'catkin_skip_building_tests' from command line to 'False'
[0.185s] DEBUG:colcon.colcon_core.verb:Building package 'explore_lite' with the following arguments: {'ament_cmake_args': None, 'build_base': '/home/arnavb/erc_ws/src/week3/build/explore_lite', 'catkin_cmake_args': None, 'catkin_skip_building_tests': False, 'cmake_args': None, 'cmake_clean_cache': False, 'cmake_clean_first': False, 'cmake_force_configure': False, 'cmake_target': None, 'cmake_target_skip_unavailable': False, 'install_base': '/home/arnavb/erc_ws/src/week3/install/explore_lite', 'merge_install': False, 'path': '/home/arnavb/erc_ws/src/week3/explore', 'symlink_install': False, 'test_result_base': None}
[0.185s] INFO:colcon.colcon_core.executor:Executing jobs using 'parallel' executor
[0.186s] DEBUG:colcon.colcon_parallel_executor.executor.parallel:run_until_complete
[0.186s] INFO:colcon.colcon_ros.task.ament_python.build:Building ROS package in '/home/arnavb/erc_ws/src/week3/erc_gazebo_sensors_py' with build type 'ament_python'
[0.186s] Level 1:colcon.colcon_core.shell:create_environment_hook('erc_gazebo_sensors_py', 'ament_prefix_path')
[0.188s] INFO:colcon.colcon_core.plugin_system:Skipping extension 'colcon_core.shell.bat': Not used on non-Windows systems
[0.188s] INFO:colcon.colcon_core.shell:Creating environment hook '/home/arnavb/erc_ws/src/week3/install/erc_gazebo_sensors_py/share/erc_gazebo_sensors_py/hook/ament_prefix_path.ps1'
[0.188s] INFO:colcon.colcon_core.shell:Creating environment descriptor '/home/arnavb/erc_ws/src/week3/install/erc_gazebo_sensors_py/share/erc_gazebo_sensors_py/hook/ament_prefix_path.dsv'
[0.188s] INFO:colcon.colcon_core.shell:Creating environment hook '/home/arnavb/erc_ws/src/week3/install/erc_gazebo_sensors_py/share/erc_gazebo_sensors_py/hook/ament_prefix_path.sh'
[0.189s] INFO:colcon.colcon_core.shell:Skip shell extension 'powershell' for command environment: Not usable outside of PowerShell
[0.189s] DEBUG:colcon.colcon_core.shell:Skip shell extension 'dsv' for command environment
[0.192s] INFO:colcon.colcon_ros.task.ament_cmake.build:Building ROS package in '/home/arnavb/erc_ws/src/week3/erc_ros2_navigation' with build type 'ament_cmake'
[0.192s] INFO:colcon.colcon_cmake.task.cmake.build:Building CMake package in '/home/arnavb/erc_ws/src/week3/erc_ros2_navigation'
[0.193s] INFO:colcon.colcon_core.shell:Skip shell extension 'powershell' for command environment: Not usable outside of PowerShell
[0.193s] DEBUG:colcon.colcon_core.shell:Skip shell extension 'dsv' for command environment
[0.196s] INFO:colcon.colcon_ros.task.ament_python.build:Building ROS package in '/home/arnavb/erc_ws/src/week3/erc_ros2_navigation_py' with build type 'ament_python'
[0.196s] Level 1:colcon.colcon_core.shell:create_environment_hook('erc_ros2_navigation_py', 'ament_prefix_path')
[0.196s] INFO:colcon.colcon_core.shell:Creating environment hook '/home/arnavb/erc_ws/src/week3/install/erc_ros2_navigation_py/share/erc_ros2_navigation_py/hook/ament_prefix_path.ps1'
[0.196s] INFO:colcon.colcon_core.shell:Creating environment descriptor '/home/arnavb/erc_ws/src/week3/install/erc_ros2_navigation_py/share/erc_ros2_navigation_py/hook/ament_prefix_path.dsv'
[0.196s] INFO:colcon.colcon_core.shell:Creating environment hook '/home/arnavb/erc_ws/src/week3/install/erc_ros2_navigation_py/share/erc_ros2_navigation_py/hook/ament_prefix_path.sh'
[0.197s] INFO:colcon.colcon_core.shell:Skip shell extension 'powershell' for command environment: Not usable outside of PowerShell
[0.197s] DEBUG:colcon.colcon_core.shell:Skip shell extension 'dsv' for command environment
[0.200s] INFO:colcon.colcon_ros.task.ament_cmake.build:Building ROS package in '/home/arnavb/erc_ws/src/week3/erc_ros2_simple_arm' with build type 'ament_cmake'
[0.200s] INFO:colcon.colcon_cmake.task.cmake.build:Building CMake package in '/home/arnavb/erc_ws/src/week3/erc_ros2_simple_arm'
[0.200s] INFO:colcon.colcon_core.shell:Skip shell extension 'powershell' for command environment: Not usable outside of PowerShell
[0.200s] DEBUG:colcon.colcon_core.shell:Skip shell extension 'dsv' for command environment
[0.203s] INFO:colcon.colcon_ros.task.ament_python.build:Building ROS package in '/home/arnavb/erc_ws/src/week3/erc_ros2_simple_arm_py' with build type 'ament_python'
[0.203s] Level 1:colcon.colcon_core.shell:create_environment_hook('erc_ros2_simple_arm_py', 'ament_prefix_path')
[0.203s] INFO:colcon.colcon_core.shell:Creating environment hook '/home/arnavb/erc_ws/src/week3/install/erc_ros2_simple_arm_py/share/erc_ros2_simple_arm_py/hook/ament_prefix_path.ps1'
[0.203s] INFO:colcon.colcon_core.shell:Creating environment descriptor '/home/arnavb/erc_ws/src/week3/install/erc_ros2_simple_arm_py/share/erc_ros2_simple_arm_py/hook/ament_prefix_path.dsv'
[0.204s] INFO:colcon.colcon_core.shell:Creating environment hook '/home/arnavb/erc_ws/src/week3/install/erc_ros2_simple_arm_py/share/erc_ros2_simple_arm_py/hook/ament_prefix_path.sh'
[0.204s] INFO:colcon.colcon_core.shell:Skip shell extension 'powershell' for command environment: Not usable outside of PowerShell
[0.204s] DEBUG:colcon.colcon_core.shell:Skip shell extension 'dsv' for command environment
[0.207s] INFO:colcon.colcon_ros.task.ament_python.build:Building ROS package in '/home/arnavb/erc_ws/src/week3/erc_trajectory_server' with build type 'ament_python'
[0.207s] Level 1:colcon.colcon_core.shell:create_environment_hook('erc_trajectory_server', 'ament_prefix_path')
[0.207s] INFO:colcon.colcon_core.shell:Creating environment hook '/home/arnavb/erc_ws/src/week3/install/erc_trajectory_server/share/erc_trajectory_server/hook/ament_prefix_path.ps1'
[0.207s] INFO:colcon.colcon_core.shell:Creating environment descriptor '/home/arnavb/erc_ws/src/week3/install/erc_trajectory_server/share/erc_trajectory_server/hook/ament_prefix_path.dsv'
[0.207s] INFO:colcon.colcon_core.shell:Creating environment hook '/home/arnavb/erc_ws/src/week3/install/erc_trajectory_server/share/erc_trajectory_server/hook/ament_prefix_path.sh'
[0.208s] INFO:colcon.colcon_core.shell:Skip shell extension 'powershell' for command environment: Not usable outside of PowerShell
[0.208s] DEBUG:colcon.colcon_core.shell:Skip shell extension 'dsv' for command environment
[0.211s] INFO:colcon.colcon_ros.task.ament_cmake.build:Building ROS package in '/home/arnavb/erc_ws/src/week3/explore' with build type 'ament_cmake'
[0.211s] INFO:colcon.colcon_cmake.task.cmake.build:Building CMake package in '/home/arnavb/erc_ws/src/week3/explore'
[0.211s] INFO:colcon.colcon_core.shell:Skip shell extension 'powershell' for command environment: Not usable outside of PowerShell
[0.211s] DEBUG:colcon.colcon_core.shell:Skip shell extension 'dsv' for command environment
[0.367s] INFO:colcon.colcon_core.task.python.build:Building Python package in '/home/arnavb/erc_ws/src/week3/erc_gazebo_sensors_py'
[0.367s] INFO:colcon.colcon_core.shell:Skip shell extension 'powershell' for command environment: Not usable outside of PowerShell
[0.367s] DEBUG:colcon.colcon_core.shell:Skip shell extension 'dsv' for command environment
[0.373s] DEBUG:colcon.colcon_core.event_handler.log_command:Invoking command in '/home/arnavb/erc_ws/src/week3/build/erc_ros2_navigation': CMAKE_PREFIX_PATH=${CMAKE_PREFIX_PATH}:/home/arnavb/erc_ws/install/week1_tutorials:/home/arnavb/erc_ws/install/stark_os:/home/arnavb/erc_ws/install/mogi_trajectory_server:/home/arnavb/erc_ws/install/erc_trajectory_server:/home/arnavb/erc_ws/install/erc_ros2_simple_arm_py:/home/arnavb/erc_ws/install/erc_ros2_navigation_py:/home/arnavb/erc_ws/install/erc_gazebo_sensors_py:/home/arnavb/erc_ws/install/assgn:/home/arnavb/erc_ws/src/week3/install/erc_trajectory_server:/home/arnavb/erc_ws/src/week3/install/erc_ros2_simple_arm_py:/home/arnavb/erc_ws/src/week3/install/erc_ros2_navigation_py:/home/arnavb/erc_ws/src/week3/install/erc_gazebo_sensors_py:/opt/ros/jazzy DEBUGINFOD_URLS=https://debuginfod.ubuntu.com /usr/bin/cmake --build /home/arnavb/erc_ws/src/week3/build/erc_ros2_navigation -- -j20 -l20
[0.530s] INFO:colcon.colcon_core.task.python.build:Building Python package in '/home/arnavb/erc_ws/src/week3/erc_ros2_navigation_py'
[0.530s] INFO:colcon.colcon_core.shell:Skip shell extension 'powershell' for command environment: Not usable outside of PowerShell
[0.530s] DEBUG:colcon.colcon_core.shell:Skip shell extension 'dsv' for command environment
[0.535s] DEBUG:colcon.colcon_core.event_handler.log_command:Invoking command in '/home/arnavb/erc_ws/src/week3/build/erc_ros2_simple_arm': CMAKE_PREFIX_PATH=${CMAKE_PREFIX_PATH}:/home/arnavb/erc_ws/install/week1_tutorials:/home/arnavb/erc_ws/install/stark_os:/home/arnavb/erc_ws/install/mogi_trajectory_server:/home/arnavb/erc_ws/install/erc_trajectory_server:/home/arnavb/erc_ws/install/erc_ros2_simple_arm_py:/home/arnavb/erc_ws/install/erc_ros2_navigation_py:/home/arnavb/erc_ws/install/erc_gazebo_sensors_py:/home/arnavb/erc_ws/install/assgn:/home/arnavb/erc_ws/src/week3/install/erc_trajectory_server:/home/arnavb/erc_ws/src/week3/install/erc_ros2_simple_arm_py:/home/arnavb/erc_ws/src/week3/install/erc_ros2_navigation_py:/home/arnavb/erc_ws/src/week3/install/erc_gazebo_sensors_py:/opt/ros/jazzy DEBUGINFOD_URLS=https://debuginfod.ubuntu.com /usr/bin/cmake --build /home/arnavb/erc_ws/src/week3/build/erc_ros2_simple_arm -- -j20 -l20
[0.700s] INFO:colcon.colcon_core.task.python.build:Building Python package in '/home/arnavb/erc_ws/src/week3/erc_ros2_simple_arm_py'
[0.700s] INFO:colcon.colcon_core.shell:Skip shell extension 'powershell' for command environment: Not usable outside of PowerShell
[0.700s] DEBUG:colcon.colcon_core.shell:Skip shell extension 'dsv' for command environment
[0.871s] INFO:colcon.colcon_core.task.python.build:Building Python package in '/home/arnavb/erc_ws/src/week3/erc_trajectory_server'
[0.871s] INFO:colcon.colcon_core.shell:Skip shell extension 'powershell' for command environment: Not usable outside of PowerShell
[0.871s] DEBUG:colcon.colcon_core.shell:Skip shell extension 'dsv' for command environment
[0.878s] DEBUG:colcon.colcon_core.event_handler.log_command:Invoked command in '/home/arnavb/erc_ws/src/week3/build/erc_ros2_simple_arm' returned '0': CMAKE_PREFIX_PATH=${CMAKE_PREFIX_PATH}:/home/arnavb/erc_ws/install/week1_tutorials:/home/arnavb/erc_ws/install/stark_os:/home/arnavb/erc_ws/install/mogi_trajectory_server:/home/arnavb/erc_ws/install/erc_trajectory_server:/home/arnavb/erc_ws/install/erc_ros2_simple_arm_py:/home/arnavb/erc_ws/install/erc_ros2_navigation_py:/home/arnavb/erc_ws/install/erc_gazebo_sensors_py:/home/arnavb/erc_ws/install/assgn:/home/arnavb/erc_ws/src/week3/install/erc_trajectory_server:/home/arnavb/erc_ws/src/week3/install/erc_ros2_simple_arm_py:/home/arnavb/erc_ws/src/week3/install/erc_ros2_navigation_py:/home/arnavb/erc_ws/src/week3/install/erc_gazebo_sensors_py:/opt/ros/jazzy DEBUGINFOD_URLS=https://debuginfod.ubuntu.com /usr/bin/cmake --build /home/arnavb/erc_ws/src/week3/build/erc_ros2_simple_arm -- -j20 -l20
[0.888s] DEBUG:colcon.colcon_core.event_handler.log_command:Invoking command in '/home/arnavb/erc_ws/src/week3/build/erc_ros2_simple_arm': CMAKE_PREFIX_PATH=${CMAKE_PREFIX_PATH}:/home/arnavb/erc_ws/install/week1_tutorials:/home/arnavb/erc_ws/install/stark_os:/home/arnavb/erc_ws/install/mogi_trajectory_server:/home/arnavb/erc_ws/install/erc_trajectory_server:/home/arnavb/erc_ws/install/erc_ros2_simple_arm_py:/home/arnavb/erc_ws/install/erc_ros2_navigation_py:/home/arnavb/erc_ws/install/erc_gazebo_sensors_py:/home/arnavb/erc_ws/install/assgn:/home/arnavb/erc_ws/src/week3/install/erc_trajectory_server:/home/arnavb/erc_ws/src/week3/install/erc_ros2_simple_arm_py:/home/arnavb/erc_ws/src/week3/install/erc_ros2_navigation_py:/home/arnavb/erc_ws/src/week3/install/erc_gazebo_sensors_py:/opt/ros/jazzy DEBUGINFOD_URLS=https://debuginfod.ubuntu.com /usr/bin/cmake --install /home/arnavb/erc_ws/src/week3/build/erc_ros2_simple_arm
[0.888s] DEBUG:colcon.colcon_core.event_handler.log_command:Invoked command in '/home/arnavb/erc_ws/src/week3/build/erc_ros2_navigation' returned '0': CMAKE_PREFIX_PATH=${CMAKE_PREFIX_PATH}:/home/arnavb/erc_ws/install/week1_tutorials:/home/arnavb/erc_ws/install/stark_os:/home/arnavb/erc_ws/install/mogi_trajectory_server:/home/arnavb/erc_ws/install/erc_trajectory_server:/home/arnavb/erc_ws/install/erc_ros2_simple_arm_py:/home/arnavb/erc_ws/install/erc_ros2_navigation_py:/home/arnavb/erc_ws/install/erc_gazebo_sensors_py:/home/arnavb/erc_ws/install/assgn:/home/arnavb/erc_ws/src/week3/install/erc_trajectory_server:/home/arnavb/erc_ws/src/week3/install/erc_ros2_simple_arm_py:/home/arnavb/erc_ws/src/week3/install/erc_ros2_navigation_py:/home/arnavb/erc_ws/src/week3/install/erc_gazebo_sensors_py:/opt/ros/jazzy DEBUGINFOD_URLS=https://debuginfod.ubuntu.com /usr/bin/cmake --build /home/arnavb/erc_ws/src/week3/build/erc_ros2_navigation -- -j20 -l20
[0.889s] DEBUG:colcon.colcon_core.event_handler.log_command:Invoking command in '/home/arnavb/erc_ws/src/week3/build/erc_ros2_navigation': CMAKE_PREFIX_PATH=${CMAKE_PREFIX_PATH}:/home/arnavb/erc_ws/install/week1_tutorials:/home/arnavb/erc_ws/install/stark_os:/home/arnavb/erc_ws/install/mogi_trajectory_server:/home/arnavb/erc_ws/install/erc_trajectory_server:/home/arnavb/erc_ws/install/erc_ros2_simple_arm_py:/home/arnavb/erc_ws/install/erc_ros2_navigation_py:/home/arnavb/erc_ws/install/erc_gazebo_sensors_py:/home/arnavb/erc_ws/install/assgn:/home/arnavb/erc_ws/src/week3/install/erc_trajectory_server:/home/arnavb/erc_ws/src/week3/install/erc_ros2_simple_arm_py:/home/arnavb/erc_ws/src/week3/install/erc_ros2_navigation_py:/home/arnavb/erc_ws/src/week3/install/erc_gazebo_sensors_py:/opt/ros/jazzy DEBUGINFOD_URLS=https://debuginfod.ubuntu.com /usr/bin/cmake --install /home/arnavb/erc_ws/src/week3/build/erc_ros2_navigation
[0.891s] DEBUG:colcon.colcon_core.event_handler.log_command:Invoking command in '/home/arnavb/erc_ws/src/week3/build/explore_lite': CMAKE_PREFIX_PATH=${CMAKE_PREFIX_PATH}:/home/arnavb/erc_ws/install/week1_tutorials:/home/arnavb/erc_ws/install/stark_os:/home/arnavb/erc_ws/install/mogi_trajectory_server:/home/arnavb/erc_ws/install/erc_trajectory_server:/home/arnavb/erc_ws/install/erc_ros2_simple_arm_py:/home/arnavb/erc_ws/install/erc_ros2_navigation_py:/home/arnavb/erc_ws/install/erc_gazebo_sensors_py:/home/arnavb/erc_ws/install/assgn:/home/arnavb/erc_ws/src/week3/install/erc_trajectory_server:/home/arnavb/erc_ws/src/week3/install/erc_ros2_simple_arm_py:/home/arnavb/erc_ws/src/week3/install/erc_ros2_navigation_py:/home/arnavb/erc_ws/src/week3/install/erc_gazebo_sensors_py:/opt/ros/jazzy DEBUGINFOD_URLS=https://debuginfod.ubuntu.com /usr/bin/cmake --build /home/arnavb/erc_ws/src/week3/build/explore_lite -- -j20 -l20
[0.906s] Level 1:colcon.colcon_core.environment:create_environment_scripts_only(erc_ros2_simple_arm)
[0.906s] DEBUG:colcon.colcon_core.event_handler.log_command:Invoked command in '/home/arnavb/erc_ws/src/week3/build/erc_ros2_simple_arm' returned '0': CMAKE_PREFIX_PATH=${CMAKE_PREFIX_PATH}:/home/arnavb/erc_ws/install/week1_tutorials:/home/arnavb/erc_ws/install/stark_os:/home/arnavb/erc_ws/install/mogi_trajectory_server:/home/arnavb/erc_ws/install/erc_trajectory_server:/home/arnavb/erc_ws/install/erc_ros2_simple_arm_py:/home/arnavb/erc_ws/install/erc_ros2_navigation_py:/home/arnavb/erc_ws/install/erc_gazebo_sensors_py:/home/arnavb/erc_ws/install/assgn:/home/arnavb/erc_ws/src/week3/install/erc_trajectory_server:/home/arnavb/erc_ws/src/week3/install/erc_ros2_simple_arm_py:/home/arnavb/erc_ws/src/week3/install/erc_ros2_navigation_py:/home/arnavb/erc_ws/src/week3/install/erc_gazebo_sensors_py:/opt/ros/jazzy DEBUGINFOD_URLS=https://debuginfod.ubuntu.com /usr/bin/cmake --install /home/arnavb/erc_ws/src/week3/build/erc_ros2_simple_arm
[0.909s] Level 1:colcon.colcon_core.environment:checking '/home/arnavb/erc_ws/src/week3/install/erc_ros2_simple_arm' for CMake module files
[0.910s] Level 1:colcon.colcon_core.environment:checking '/home/arnavb/erc_ws/src/week3/install/erc_ros2_simple_arm' for CMake config files
[0.910s] Level 1:colcon.colcon_core.shell:create_environment_hook('erc_ros2_simple_arm', 'cmake_prefix_path')
[0.910s] INFO:colcon.colcon_core.shell:Creating environment hook '/home/arnavb/erc_ws/src/week3/install/erc_ros2_simple_arm/share/erc_ros2_simple_arm/hook/cmake_prefix_path.ps1'
[0.911s] INFO:colcon.colcon_core.shell:Creating environment descriptor '/home/arnavb/erc_ws/src/week3/install/erc_ros2_simple_arm/share/erc_ros2_simple_arm/hook/cmake_prefix_path.dsv'
[0.911s] INFO:colcon.colcon_core.shell:Creating environment hook '/home/arnavb/erc_ws/src/week3/install/erc_ros2_simple_arm/share/erc_ros2_simple_arm/hook/cmake_prefix_path.sh'
[0.912s] Level 1:colcon.colcon_core.environment:checking '/home/arnavb/erc_ws/src/week3/install/erc_ros2_simple_arm/bin'
[0.912s] Level 1:colcon.colcon_core.environment:checking '/home/arnavb/erc_ws/src/week3/install/erc_ros2_simple_arm/lib/pkgconfig/erc_ros2_simple_arm.pc'
[0.912s] Level 1:colcon.colcon_core.environment:checking '/home/arnavb/erc_ws/src/week3/install/erc_ros2_simple_arm/lib/python3.12/site-packages'
[0.912s] Level 1:colcon.colcon_core.environment:checking '/home/arnavb/erc_ws/src/week3/install/erc_ros2_simple_arm/bin'
[0.912s] INFO:colcon.colcon_core.shell:Creating package script '/home/arnavb/erc_ws/src/week3/install/erc_ros2_simple_arm/share/erc_ros2_simple_arm/package.ps1'
[0.913s] INFO:colcon.colcon_core.shell:Creating package descriptor '/home/arnavb/erc_ws/src/week3/install/erc_ros2_simple_arm/share/erc_ros2_simple_arm/package.dsv'
[0.913s] INFO:colcon.colcon_core.shell:Creating package script '/home/arnavb/erc_ws/src/week3/install/erc_ros2_simple_arm/share/erc_ros2_simple_arm/package.sh'
[0.914s] INFO:colcon.colcon_core.shell:Creating package script '/home/arnavb/erc_ws/src/week3/install/erc_ros2_simple_arm/share/erc_ros2_simple_arm/package.bash'
[0.914s] INFO:colcon.colcon_core.shell:Creating package script '/home/arnavb/erc_ws/src/week3/install/erc_ros2_simple_arm/share/erc_ros2_simple_arm/package.zsh'
[0.914s] Level 1:colcon.colcon_core.environment:create_file_with_runtime_dependencies(/home/arnavb/erc_ws/src/week3/install/erc_ros2_simple_arm/share/colcon-core/packages/erc_ros2_simple_arm)
[0.915s] Level 1:colcon.colcon_core.environment:create_environment_scripts_only(erc_ros2_simple_arm)
[0.915s] Level 1:colcon.colcon_core.environment:checking '/home/arnavb/erc_ws/src/week3/install/erc_ros2_simple_arm' for CMake module files
[0.915s] Level 1:colcon.colcon_core.environment:checking '/home/arnavb/erc_ws/src/week3/install/erc_ros2_simple_arm' for CMake config files
[0.915s] Level 1:colcon.colcon_core.shell:create_environment_hook('erc_ros2_simple_arm', 'cmake_prefix_path')
[0.915s] INFO:colcon.colcon_core.shell:Creating environment hook '/home/arnavb/erc_ws/src/week3/install/erc_ros2_simple_arm/share/erc_ros2_simple_arm/hook/cmake_prefix_path.ps1'
[0.915s] INFO:colcon.colcon_core.shell:Creating environment descriptor '/home/arnavb/erc_ws/src/week3/install/erc_ros2_simple_arm/share/erc_ros2_simple_arm/hook/cmake_prefix_path.dsv'
[0.916s] INFO:colcon.colcon_core.shell:Creating environment hook '/home/arnavb/erc_ws/src/week3/install/erc_ros2_simple_arm/share/erc_ros2_simple_arm/hook/cmake_prefix_path.sh'
[0.916s] Level 1:colcon.colcon_core.environment:checking '/home/arnavb/erc_ws/src/week3/install/erc_ros2_simple_arm/bin'
[0.916s] Level 1:colcon.colcon_core.environment:checking '/home/arnavb/erc_ws/src/week3/install/erc_ros2_simple_arm/lib/pkgconfig/erc_ros2_simple_arm.pc'
[0.916s] Level 1:colcon.colcon_core.environment:checking '/home/arnavb/erc_ws/src/week3/install/erc_ros2_simple_arm/lib/python3.12/site-packages'
[0.916s] Level 1:colcon.colcon_core.environment:checking '/home/arnavb/erc_ws/src/week3/install/erc_ros2_simple_arm/bin'
[0.917s] INFO:colcon.colcon_core.shell:Creating package script '/home/arnavb/erc_ws/src/week3/install/erc_ros2_simple_arm/share/erc_ros2_simple_arm/package.ps1'
[0.917s] INFO:colcon.colcon_core.shell:Creating package descriptor '/home/arnavb/erc_ws/src/week3/install/erc_ros2_simple_arm/share/erc_ros2_simple_arm/package.dsv'
[0.917s] INFO:colcon.colcon_core.shell:Creating package script '/home/arnavb/erc_ws/src/week3/install/erc_ros2_simple_arm/share/erc_ros2_simple_arm/package.sh'
[0.917s] INFO:colcon.colcon_core.shell:Creating package script '/home/arnavb/erc_ws/src/week3/install/erc_ros2_simple_arm/share/erc_ros2_simple_arm/package.bash'
[0.918s] INFO:colcon.colcon_core.shell:Creating package script '/home/arnavb/erc_ws/src/week3/install/erc_ros2_simple_arm/share/erc_ros2_simple_arm/package.zsh'
[0.918s] Level 1:colcon.colcon_core.environment:create_file_with_runtime_dependencies(/home/arnavb/erc_ws/src/week3/install/erc_ros2_simple_arm/share/colcon-core/packages/erc_ros2_simple_arm)
[0.918s] Level 1:colcon.colcon_core.environment:create_environment_scripts_only(erc_ros2_navigation)
[0.918s] Level 1:colcon.colcon_core.environment:checking '/home/arnavb/erc_ws/src/week3/install/erc_ros2_navigation' for CMake module files
[0.919s] Level 1:colcon.colcon_core.environment:checking '/home/arnavb/erc_ws/src/week3/install/erc_ros2_navigation' for CMake config files
[0.919s] DEBUG:colcon.colcon_core.event_handler.log_command:Invoked command in '/home/arnavb/erc_ws/src/week3/build/erc_ros2_navigation' returned '0': CMAKE_PREFIX_PATH=${CMAKE_PREFIX_PATH}:/home/arnavb/erc_ws/install/week1_tutorials:/home/arnavb/erc_ws/install/stark_os:/home/arnavb/erc_ws/install/mogi_trajectory_server:/home/arnavb/erc_ws/install/erc_trajectory_server:/home/arnavb/erc_ws/install/erc_ros2_simple_arm_py:/home/arnavb/erc_ws/install/erc_ros2_navigation_py:/home/arnavb/erc_ws/install/erc_gazebo_sensors_py:/home/arnavb/erc_ws/install/assgn:/home/arnavb/erc_ws/src/week3/install/erc_trajectory_server:/home/arnavb/erc_ws/src/week3/install/erc_ros2_simple_arm_py:/home/arnavb/erc_ws/src/week3/install/erc_ros2_navigation_py:/home/arnavb/erc_ws/src/week3/install/erc_gazebo_sensors_py:/opt/ros/jazzy DEBUGINFOD_URLS=https://debuginfod.ubuntu.com /usr/bin/cmake --install /home/arnavb/erc_ws/src/week3/build/erc_ros2_navigation
[0.919s] Level 1:colcon.colcon_core.shell:create_environment_hook('erc_ros2_navigation', 'cmake_prefix_path')
[0.919s] INFO:colcon.colcon_core.shell:Creating environment hook '/home/arnavb/erc_ws/src/week3/install/erc_ros2_navigation/share/erc_ros2_navigation/hook/cmake_prefix_path.ps1'
[0.920s] INFO:colcon.colcon_core.shell:Creating environment descriptor '/home/arnavb/erc_ws/src/week3/install/erc_ros2_navigation/share/erc_ros2_navigation/hook/cmake_prefix_path.dsv'
[0.920s] INFO:colcon.colcon_core.shell:Creating environment hook '/home/arnavb/erc_ws/src/week3/install/erc_ros2_navigation/share/erc_ros2_navigation/hook/cmake_prefix_path.sh'
[0.920s] Level 1:colcon.colcon_core.environment:checking '/home/arnavb/erc_ws/src/week3/install/erc_ros2_navigation/bin'
[0.920s] Level 1:colcon.colcon_core.environment:checking '/home/arnavb/erc_ws/src/week3/install/erc_ros2_navigation/lib/pkgconfig/erc_ros2_navigation.pc'
[0.920s] Level 1:colcon.colcon_core.environment:checking '/home/arnavb/erc_ws/src/week3/install/erc_ros2_navigation/lib/python3.12/site-packages'
[0.921s] Level 1:colcon.colcon_core.environment:checking '/home/arnavb/erc_ws/src/week3/install/erc_ros2_navigation/bin'
[0.921s] INFO:colcon.colcon_core.shell:Creating package script '/home/arnavb/erc_ws/src/week3/install/erc_ros2_navigation/share/erc_ros2_navigation/package.ps1'
[0.921s] INFO:colcon.colcon_core.shell:Creating package descriptor '/home/arnavb/erc_ws/src/week3/install/erc_ros2_navigation/share/erc_ros2_navigation/package.dsv'
[0.921s] INFO:colcon.colcon_core.shell:Creating package script '/home/arnavb/erc_ws/src/week3/install/erc_ros2_navigation/share/erc_ros2_navigation/package.sh'
[0.922s] INFO:colcon.colcon_core.shell:Creating package script '/home/arnavb/erc_ws/src/week3/install/erc_ros2_navigation/share/erc_ros2_navigation/package.bash'
[0.922s] INFO:colcon.colcon_core.shell:Creating package script '/home/arnavb/erc_ws/src/week3/install/erc_ros2_navigation/share/erc_ros2_navigation/package.zsh'
[0.922s] Level 1:colcon.colcon_core.environment:create_file_with_runtime_dependencies(/home/arnavb/erc_ws/src/week3/install/erc_ros2_navigation/share/colcon-core/packages/erc_ros2_navigation)
[0.922s] Level 1:colcon.colcon_core.environment:create_environment_scripts_only(erc_ros2_navigation)
[0.922s] Level 1:colcon.colcon_core.environment:checking '/home/arnavb/erc_ws/src/week3/install/erc_ros2_navigation' for CMake module files
[0.923s] Level 1:colcon.colcon_core.environment:checking '/home/arnavb/erc_ws/src/week3/install/erc_ros2_navigation' for CMake config files
[0.923s] Level 1:colcon.colcon_core.shell:create_environment_hook('erc_ros2_navigation', 'cmake_prefix_path')
[0.923s] INFO:colcon.colcon_core.shell:Creating environment hook '/home/arnavb/erc_ws/src/week3/install/erc_ros2_navigation/share/erc_ros2_navigation/hook/cmake_prefix_path.ps1'
[0.923s] INFO:colcon.colcon_core.shell:Creating environment descriptor '/home/arnavb/erc_ws/src/week3/install/erc_ros2_navigation/share/erc_ros2_navigation/hook/cmake_prefix_path.dsv'
[0.924s] INFO:colcon.colcon_core.shell:Creating environment hook '/home/arnavb/erc_ws/src/week3/install/erc_ros2_navigation/share/erc_ros2_navigation/hook/cmake_prefix_path.sh'
[0.924s] Level 1:colcon.colcon_core.environment:checking '/home/arnavb/erc_ws/src/week3/install/erc_ros2_navigation/bin'
[0.924s] Level 1:colcon.colcon_core.environment:checking '/home/arnavb/erc_ws/src/week3/install/erc_ros2_navigation/lib/pkgconfig/erc_ros2_navigation.pc'
[0.924s] Level 1:colcon.colcon_core.environment:checking '/home/arnavb/erc_ws/src/week3/install/erc_ros2_navigation/lib/python3.12/site-packages'
[0.924s] Level 1:colcon.colcon_core.environment:checking '/home/arnavb/erc_ws/src/week3/install/erc_ros2_navigation/bin'
[0.924s] INFO:colcon.colcon_core.shell:Creating package script '/home/arnavb/erc_ws/src/week3/install/erc_ros2_navigation/share/erc_ros2_navigation/package.ps1'
[0.925s] INFO:colcon.colcon_core.shell:Creating package descriptor '/home/arnavb/erc_ws/src/week3/install/erc_ros2_navigation/share/erc_ros2_navigation/package.dsv'
[0.925s] INFO:colcon.colcon_core.shell:Creating package script '/home/arnavb/erc_ws/src/week3/install/erc_ros2_navigation/share/erc_ros2_navigation/package.sh'
[0.925s] INFO:colcon.colcon_core.shell:Creating package script '/home/arnavb/erc_ws/src/week3/install/erc_ros2_navigation/share/erc_ros2_navigation/package.bash'
[0.925s] INFO:colcon.colcon_core.shell:Creating package script '/home/arnavb/erc_ws/src/week3/install/erc_ros2_navigation/share/erc_ros2_navigation/package.zsh'
[0.926s] Level 1:colcon.colcon_core.environment:create_file_with_runtime_dependencies(/home/arnavb/erc_ws/src/week3/install/erc_ros2_navigation/share/colcon-core/packages/erc_ros2_navigation)
[0.990s] DEBUG:colcon.colcon_core.event_handler.log_command:Invoked command in '/home/arnavb/erc_ws/src/week3/build/explore_lite' returned '0': CMAKE_PREFIX_PATH=${CMAKE_PREFIX_PATH}:/home/arnavb/erc_ws/install/week1_tutorials:/home/arnavb/erc_ws/install/stark_os:/home/arnavb/erc_ws/install/mogi_trajectory_server:/home/arnavb/erc_ws/install/erc_trajectory_server:/home/arnavb/erc_ws/install/erc_ros2_simple_arm_py:/home/arnavb/erc_ws/install/erc_ros2_navigation_py:/home/arnavb/erc_ws/install/erc_gazebo_sensors_py:/home/arnavb/erc_ws/install/assgn:/home/arnavb/erc_ws/src/week3/install/erc_trajectory_server:/home/arnavb/erc_ws/src/week3/install/erc_ros2_simple_arm_py:/home/arnavb/erc_ws/src/week3/install/erc_ros2_navigation_py:/home/arnavb/erc_ws/src/week3/install/erc_gazebo_sensors_py:/opt/ros/jazzy DEBUGINFOD_URLS=https://debuginfod.ubuntu.com /usr/bin/cmake --build /home/arnavb/erc_ws/src/week3/build/explore_lite -- -j20 -l20
[0.992s] DEBUG:colcon.colcon_core.event_handler.log_command:Invoking command in '/home/arnavb/erc_ws/src/week3/build/explore_lite': CMAKE_PREFIX_PATH=${CMAKE_PREFIX_PATH}:/home/arnavb/erc_ws/install/week1_tutorials:/home/arnavb/erc_ws/install/stark_os:/home/arnavb/erc_ws/install/mogi_trajectory_server:/home/arnavb/erc_ws/install/erc_trajectory_server:/home/arnavb/erc_ws/install/erc_ros2_simple_arm_py:/home/arnavb/erc_ws/install/erc_ros2_navigation_py:/home/arnavb/erc_ws/install/erc_gazebo_sensors_py:/home/arnavb/erc_ws/install/assgn:/home/arnavb/erc_ws/src/week3/install/erc_trajectory_server:/home/arnavb/erc_ws/src/week3/install/erc_ros2_simple_arm_py:/home/arnavb/erc_ws/src/week3/install/erc_ros2_navigation_py:/home/arnavb/erc_ws/src/week3/install/erc_gazebo_sensors_py:/opt/ros/jazzy DEBUGINFOD_URLS=https://debuginfod.ubuntu.com /usr/bin/cmake --install /home/arnavb/erc_ws/src/week3/build/explore_lite
[1.005s] Level 1:colcon.colcon_core.environment:create_environment_scripts_only(explore_lite)
[1.005s] Level 1:colcon.colcon_core.environment:checking '/home/arnavb/erc_ws/src/week3/install/explore_lite' for CMake module files
[1.006s] DEBUG:colcon.colcon_core.event_handler.log_command:Invoked command in '/home/arnavb/erc_ws/src/week3/build/explore_lite' returned '0': CMAKE_PREFIX_PATH=${CMAKE_PREFIX_PATH}:/home/arnavb/erc_ws/install/week1_tutorials:/home/arnavb/erc_ws/install/stark_os:/home/arnavb/erc_ws/install/mogi_trajectory_server:/home/arnavb/erc_ws/install/erc_trajectory_server:/home/arnavb/erc_ws/install/erc_ros2_simple_arm_py:/home/arnavb/erc_ws/install/erc_ros2_navigation_py:/home/arnavb/erc_ws/install/erc_gazebo_sensors_py:/home/arnavb/erc_ws/install/assgn:/home/arnavb/erc_ws/src/week3/install/erc_trajectory_server:/home/arnavb/erc_ws/src/week3/install/erc_ros2_simple_arm_py:/home/arnavb/erc_ws/src/week3/install/erc_ros2_navigation_py:/home/arnavb/erc_ws/src/week3/install/erc_gazebo_sensors_py:/opt/ros/jazzy DEBUGINFOD_URLS=https://debuginfod.ubuntu.com /usr/bin/cmake --install /home/arnavb/erc_ws/src/week3/build/explore_lite
[1.006s] Level 1:colcon.colcon_core.environment:checking '/home/arnavb/erc_ws/src/week3/install/explore_lite' for CMake config files
[1.007s] Level 1:colcon.colcon_core.shell:create_environment_hook('explore_lite', 'cmake_prefix_path')
[1.007s] INFO:colcon.colcon_core.shell:Creating environment hook '/home/arnavb/erc_ws/src/week3/install/explore_lite/share/explore_lite/hook/cmake_prefix_path.ps1'
[1.007s] INFO:colcon.colcon_core.shell:Creating environment descriptor '/home/arnavb/erc_ws/src/week3/install/explore_lite/share/explore_lite/hook/cmake_prefix_path.dsv'
[1.007s] INFO:colcon.colcon_core.shell:Creating environment hook '/home/arnavb/erc_ws/src/week3/install/explore_lite/share/explore_lite/hook/cmake_prefix_path.sh'
[1.008s] Level 1:colcon.colcon_core.environment:checking '/home/arnavb/erc_ws/src/week3/install/explore_lite/lib'
[1.008s] Level 1:colcon.colcon_core.environment:checking '/home/arnavb/erc_ws/src/week3/install/explore_lite/bin'
[1.008s] Level 1:colcon.colcon_core.environment:checking '/home/arnavb/erc_ws/src/week3/install/explore_lite/lib/pkgconfig/explore_lite.pc'
[1.008s] Level 1:colcon.colcon_core.environment:checking '/home/arnavb/erc_ws/src/week3/install/explore_lite/lib/python3.12/site-packages'
[1.008s] Level 1:colcon.colcon_core.environment:checking '/home/arnavb/erc_ws/src/week3/install/explore_lite/bin'
[1.008s] INFO:colcon.colcon_core.shell:Creating package script '/home/arnavb/erc_ws/src/week3/install/explore_lite/share/explore_lite/package.ps1'
[1.009s] INFO:colcon.colcon_core.shell:Creating package descriptor '/home/arnavb/erc_ws/src/week3/install/explore_lite/share/explore_lite/package.dsv'
[1.009s] INFO:colcon.colcon_core.shell:Creating package script '/home/arnavb/erc_ws/src/week3/install/explore_lite/share/explore_lite/package.sh'
[1.009s] INFO:colcon.colcon_core.shell:Creating package script '/home/arnavb/erc_ws/src/week3/install/explore_lite/share/explore_lite/package.bash'
[1.009s] INFO:colcon.colcon_core.shell:Creating package script '/home/arnavb/erc_ws/src/week3/install/explore_lite/share/explore_lite/package.zsh'
[1.010s] Level 1:colcon.colcon_core.environment:create_file_with_runtime_dependencies(/home/arnavb/erc_ws/src/week3/install/explore_lite/share/colcon-core/packages/explore_lite)
[1.010s] Level 1:colcon.colcon_core.environment:create_environment_scripts_only(explore_lite)
[1.010s] Level 1:colcon.colcon_core.environment:checking '/home/arnavb/erc_ws/src/week3/install/explore_lite' for CMake module files
[1.010s] Level 1:colcon.colcon_core.environment:checking '/home/arnavb/erc_ws/src/week3/install/explore_lite' for CMake config files
[1.010s] Level 1:colcon.colcon_core.shell:create_environment_hook('explore_lite', 'cmake_prefix_path')
[1.010s] INFO:colcon.colcon_core.shell:Creating environment hook '/home/arnavb/erc_ws/src/week3/install/explore_lite/share/explore_lite/hook/cmake_prefix_path.ps1'
[1.011s] INFO:colcon.colcon_core.shell:Creating environment descriptor '/home/arnavb/erc_ws/src/week3/install/explore_lite/share/explore_lite/hook/cmake_prefix_path.dsv'
[1.011s] INFO:colcon.colcon_core.shell:Creating environment hook '/home/arnavb/erc_ws/src/week3/install/explore_lite/share/explore_lite/hook/cmake_prefix_path.sh'
[1.011s] Level 1:colcon.colcon_core.environment:checking '/home/arnavb/erc_ws/src/week3/install/explore_lite/lib'
[1.011s] Level 1:colcon.colcon_core.environment:checking '/home/arnavb/erc_ws/src/week3/install/explore_lite/bin'
[1.011s] Level 1:colcon.colcon_core.environment:checking '/home/arnavb/erc_ws/src/week3/install/explore_lite/lib/pkgconfig/explore_lite.pc'
[1.011s] Level 1:colcon.colcon_core.environment:checking '/home/arnavb/erc_ws/src/week3/install/explore_lite/lib/python3.12/site-packages'
[1.012s] Level 1:colcon.colcon_core.environment:checking '/home/arnavb/erc_ws/src/week3/install/explore_lite/bin'
[1.012s] INFO:colcon.colcon_core.shell:Creating package script '/home/arnavb/erc_ws/src/week3/install/explore_lite/share/explore_lite/package.ps1'
[1.012s] INFO:colcon.colcon_core.shell:Creating package descriptor '/home/arnavb/erc_ws/src/week3/install/explore_lite/share/explore_lite/package.dsv'
[1.012s] INFO:colcon.colcon_core.shell:Creating package script '/home/arnavb/erc_ws/src/week3/install/explore_lite/share/explore_lite/package.sh'
[1.013s] INFO:colcon.colcon_core.shell:Creating package script '/home/arnavb/erc_ws/src/week3/install/explore_lite/share/explore_lite/package.bash'
[1.013s] INFO:colcon.colcon_core.shell:Creating package script '/home/arnavb/erc_ws/src/week3/install/explore_lite/share/explore_lite/package.zsh'
[1.013s] Level 1:colcon.colcon_core.environment:create_file_with_runtime_dependencies(/home/arnavb/erc_ws/src/week3/install/explore_lite/share/colcon-core/packages/explore_lite)
[1.326s] DEBUG:colcon.colcon_core.event_handler.log_command:Invoking command in '/home/arnavb/erc_ws/src/week3/erc_trajectory_server': DEBUGINFOD_URLS=https://debuginfod.ubuntu.com PYTHONPATH=/home/arnavb/erc_ws/src/week3/build/erc_trajectory_server/prefix_override:/usr/lib/python3/dist-packages/colcon_core/task/python/colcon_distutils_commands:/home/arnavb/erc_ws/src/week3/install/erc_trajectory_server/lib/python3.12/site-packages:${PYTHONPATH} /usr/bin/python3 -W ignore:setup.py install is deprecated -W ignore:easy_install command is deprecated setup.py egg_info --egg-base ../build/erc_trajectory_server build --build-base /home/arnavb/erc_ws/src/week3/build/erc_trajectory_server/build install --record /home/arnavb/erc_ws/src/week3/build/erc_trajectory_server/install.log --single-version-externally-managed install_data
[1.328s] DEBUG:colcon.colcon_core.event_handler.log_command:Invoking command in '/home/arnavb/erc_ws/src/week3/erc_ros2_navigation_py': DEBUGINFOD_URLS=https://debuginfod.ubuntu.com PYTHONPATH=/home/arnavb/erc_ws/src/week3/build/erc_ros2_navigation_py/prefix_override:/usr/lib/python3/dist-packages/colcon_core/task/python/colcon_distutils_commands:/home/arnavb/erc_ws/src/week3/install/erc_ros2_navigation_py/lib/python3.12/site-packages:${PYTHONPATH} /usr/bin/python3 -W ignore:setup.py install is deprecated -W ignore:easy_install command is deprecated setup.py egg_info --egg-base ../build/erc_ros2_navigation_py build --build-base /home/arnavb/erc_ws/src/week3/build/erc_ros2_navigation_py/build install --record /home/arnavb/erc_ws/src/week3/build/erc_ros2_navigation_py/install.log --single-version-externally-managed install_data
[1.333s] DEBUG:colcon.colcon_core.event_handler.log_command:Invoking command in '/home/arnavb/erc_ws/src/week3/erc_ros2_simple_arm_py': DEBUGINFOD_URLS=https://debuginfod.ubuntu.com PYTHONPATH=/home/arnavb/erc_ws/src/week3/build/erc_ros2_simple_arm_py/prefix_override:/usr/lib/python3/dist-packages/colcon_core/task/python/colcon_distutils_commands:/home/arnavb/erc_ws/src/week3/install/erc_ros2_simple_arm_py/lib/python3.12/site-packages:${PYTHONPATH} /usr/bin/python3 -W ignore:setup.py install is deprecated -W ignore:easy_install command is deprecated setup.py egg_info --egg-base ../build/erc_ros2_simple_arm_py build --build-base /home/arnavb/erc_ws/src/week3/build/erc_ros2_simple_arm_py/build install --record /home/arnavb/erc_ws/src/week3/build/erc_ros2_simple_arm_py/install.log --single-version-externally-managed install_data
[1.342s] DEBUG:colcon.colcon_core.event_handler.log_command:Invoking command in '/home/arnavb/erc_ws/src/week3/erc_gazebo_sensors_py': DEBUGINFOD_URLS=https://debuginfod.ubuntu.com PYTHONPATH=/home/arnavb/erc_ws/src/week3/build/erc_gazebo_sensors_py/prefix_override:/usr/lib/python3/dist-packages/colcon_core/task/python/colcon_distutils_commands:/home/arnavb/erc_ws/src/week3/install/erc_gazebo_sensors_py/lib/python3.12/site-packages:${PYTHONPATH} /usr/bin/python3 -W ignore:setup.py install is deprecated -W ignore:easy_install command is deprecated setup.py egg_info --egg-base ../build/erc_gazebo_sensors_py build --build-base /home/arnavb/erc_ws/src/week3/build/erc_gazebo_sensors_py/build install --record /home/arnavb/erc_ws/src/week3/build/erc_gazebo_sensors_py/install.log --single-version-externally-managed install_data
[1.710s] Level 1:colcon.colcon_core.environment:checking '/home/arnavb/erc_ws/src/week3/install/erc_trajectory_server' for CMake module files
[1.711s] DEBUG:colcon.colcon_core.event_handler.log_command:Invoked command in '/home/arnavb/erc_ws/src/week3/erc_trajectory_server' returned '0': DEBUGINFOD_URLS=https://debuginfod.ubuntu.com PYTHONPATH=/home/arnavb/erc_ws/src/week3/build/erc_trajectory_server/prefix_override:/usr/lib/python3/dist-packages/colcon_core/task/python/colcon_distutils_commands:/home/arnavb/erc_ws/src/week3/install/erc_trajectory_server/lib/python3.12/site-packages:${PYTHONPATH} /usr/bin/python3 -W ignore:setup.py install is deprecated -W ignore:easy_install command is deprecated setup.py egg_info --egg-base ../build/erc_trajectory_server build --build-base /home/arnavb/erc_ws/src/week3/build/erc_trajectory_server/build install --record /home/arnavb/erc_ws/src/week3/build/erc_trajectory_server/install.log --single-version-externally-managed install_data
[1.712s] Level 1:colcon.colcon_core.environment:checking '/home/arnavb/erc_ws/src/week3/install/erc_trajectory_server' for CMake config files
[1.712s] Level 1:colcon.colcon_core.environment:checking '/home/arnavb/erc_ws/src/week3/install/erc_trajectory_server/lib'
[1.712s] Level 1:colcon.colcon_core.environment:checking '/home/arnavb/erc_ws/src/week3/install/erc_trajectory_server/bin'
[1.712s] Level 1:colcon.colcon_core.environment:checking '/home/arnavb/erc_ws/src/week3/install/erc_trajectory_server/lib/pkgconfig/erc_trajectory_server.pc'
[1.712s] Level 1:colcon.colcon_core.environment:checking '/home/arnavb/erc_ws/src/week3/install/erc_trajectory_server/lib/python3.12/site-packages'
[1.712s] Level 1:colcon.colcon_core.shell:create_environment_hook('erc_trajectory_server', 'pythonpath')
[1.712s] INFO:colcon.colcon_core.shell:Creating environment hook '/home/arnavb/erc_ws/src/week3/install/erc_trajectory_server/share/erc_trajectory_server/hook/pythonpath.ps1'
[1.713s] INFO:colcon.colcon_core.shell:Creating environment descriptor '/home/arnavb/erc_ws/src/week3/install/erc_trajectory_server/share/erc_trajectory_server/hook/pythonpath.dsv'
[1.713s] INFO:colcon.colcon_core.shell:Creating environment hook '/home/arnavb/erc_ws/src/week3/install/erc_trajectory_server/share/erc_trajectory_server/hook/pythonpath.sh'
[1.713s] Level 1:colcon.colcon_core.environment:checking '/home/arnavb/erc_ws/src/week3/install/erc_trajectory_server/bin'
[1.714s] Level 1:colcon.colcon_core.environment:create_environment_scripts_only(erc_trajectory_server)
[1.714s] INFO:colcon.colcon_core.shell:Creating package script '/home/arnavb/erc_ws/src/week3/install/erc_trajectory_server/share/erc_trajectory_server/package.ps1'
[1.714s] INFO:colcon.colcon_core.shell:Creating package descriptor '/home/arnavb/erc_ws/src/week3/install/erc_trajectory_server/share/erc_trajectory_server/package.dsv'
[1.714s] INFO:colcon.colcon_core.shell:Creating package script '/home/arnavb/erc_ws/src/week3/install/erc_trajectory_server/share/erc_trajectory_server/package.sh'
[1.714s] INFO:colcon.colcon_core.shell:Creating package script '/home/arnavb/erc_ws/src/week3/install/erc_trajectory_server/share/erc_trajectory_server/package.bash'
[1.715s] INFO:colcon.colcon_core.shell:Creating package script '/home/arnavb/erc_ws/src/week3/install/erc_trajectory_server/share/erc_trajectory_server/package.zsh'
[1.715s] Level 1:colcon.colcon_core.environment:create_file_with_runtime_dependencies(/home/arnavb/erc_ws/src/week3/install/erc_trajectory_server/share/colcon-core/packages/erc_trajectory_server)
[1.723s] Level 1:colcon.colcon_core.environment:checking '/home/arnavb/erc_ws/src/week3/install/erc_ros2_simple_arm_py' for CMake module files
[1.723s] DEBUG:colcon.colcon_core.event_handler.log_command:Invoked command in '/home/arnavb/erc_ws/src/week3/erc_ros2_simple_arm_py' returned '0': DEBUGINFOD_URLS=https://debuginfod.ubuntu.com PYTHONPATH=/home/arnavb/erc_ws/src/week3/build/erc_ros2_simple_arm_py/prefix_override:/usr/lib/python3/dist-packages/colcon_core/task/python/colcon_distutils_commands:/home/arnavb/erc_ws/src/week3/install/erc_ros2_simple_arm_py/lib/python3.12/site-packages:${PYTHONPATH} /usr/bin/python3 -W ignore:setup.py install is deprecated -W ignore:easy_install command is deprecated setup.py egg_info --egg-base ../build/erc_ros2_simple_arm_py build --build-base /home/arnavb/erc_ws/src/week3/build/erc_ros2_simple_arm_py/build install --record /home/arnavb/erc_ws/src/week3/build/erc_ros2_simple_arm_py/install.log --single-version-externally-managed install_data
[1.724s] Level 1:colcon.colcon_core.environment:checking '/home/arnavb/erc_ws/src/week3/install/erc_ros2_simple_arm_py' for CMake config files
[1.724s] Level 1:colcon.colcon_core.environment:checking '/home/arnavb/erc_ws/src/week3/install/erc_ros2_simple_arm_py/lib'
[1.724s] Level 1:colcon.colcon_core.environment:checking '/home/arnavb/erc_ws/src/week3/install/erc_ros2_simple_arm_py/bin'
[1.724s] Level 1:colcon.colcon_core.environment:checking '/home/arnavb/erc_ws/src/week3/install/erc_ros2_simple_arm_py/lib/pkgconfig/erc_ros2_simple_arm_py.pc'
[1.724s] Level 1:colcon.colcon_core.environment:checking '/home/arnavb/erc_ws/src/week3/install/erc_ros2_simple_arm_py/lib/python3.12/site-packages'
[1.724s] Level 1:colcon.colcon_core.shell:create_environment_hook('erc_ros2_simple_arm_py', 'pythonpath')
[1.724s] INFO:colcon.colcon_core.shell:Creating environment hook '/home/arnavb/erc_ws/src/week3/install/erc_ros2_simple_arm_py/share/erc_ros2_simple_arm_py/hook/pythonpath.ps1'
[1.725s] INFO:colcon.colcon_core.shell:Creating environment descriptor '/home/arnavb/erc_ws/src/week3/install/erc_ros2_simple_arm_py/share/erc_ros2_simple_arm_py/hook/pythonpath.dsv'
[1.725s] INFO:colcon.colcon_core.shell:Creating environment hook '/home/arnavb/erc_ws/src/week3/install/erc_ros2_simple_arm_py/share/erc_ros2_simple_arm_py/hook/pythonpath.sh'
[1.725s] Level 1:colcon.colcon_core.environment:checking '/home/arnavb/erc_ws/src/week3/install/erc_ros2_simple_arm_py/bin'
[1.725s] Level 1:colcon.colcon_core.environment:create_environment_scripts_only(erc_ros2_simple_arm_py)
[1.726s] INFO:colcon.colcon_core.shell:Creating package script '/home/arnavb/erc_ws/src/week3/install/erc_ros2_simple_arm_py/share/erc_ros2_simple_arm_py/package.ps1'
[1.726s] INFO:colcon.colcon_core.shell:Creating package descriptor '/home/arnavb/erc_ws/src/week3/install/erc_ros2_simple_arm_py/share/erc_ros2_simple_arm_py/package.dsv'
[1.726s] INFO:colcon.colcon_core.shell:Creating package script '/home/arnavb/erc_ws/src/week3/install/erc_ros2_simple_arm_py/share/erc_ros2_simple_arm_py/package.sh'
[1.726s] INFO:colcon.colcon_core.shell:Creating package script '/home/arnavb/erc_ws/src/week3/install/erc_ros2_simple_arm_py/share/erc_ros2_simple_arm_py/package.bash'
[1.726s] INFO:colcon.colcon_core.shell:Creating package script '/home/arnavb/erc_ws/src/week3/install/erc_ros2_simple_arm_py/share/erc_ros2_simple_arm_py/package.zsh'
[1.727s] Level 1:colcon.colcon_core.environment:create_file_with_runtime_dependencies(/home/arnavb/erc_ws/src/week3/install/erc_ros2_simple_arm_py/share/colcon-core/packages/erc_ros2_simple_arm_py)
[1.727s] Level 1:colcon.colcon_core.environment:checking '/home/arnavb/erc_ws/src/week3/install/erc_gazebo_sensors_py' for CMake module files
[1.727s] Level 1:colcon.colcon_core.environment:checking '/home/arnavb/erc_ws/src/week3/install/erc_gazebo_sensors_py' for CMake config files
[1.728s] DEBUG:colcon.colcon_core.event_handler.log_command:Invoked command in '/home/arnavb/erc_ws/src/week3/erc_gazebo_sensors_py' returned '0': DEBUGINFOD_URLS=https://debuginfod.ubuntu.com PYTHONPATH=/home/arnavb/erc_ws/src/week3/build/erc_gazebo_sensors_py/prefix_override:/usr/lib/python3/dist-packages/colcon_core/task/python/colcon_distutils_commands:/home/arnavb/erc_ws/src/week3/install/erc_gazebo_sensors_py/lib/python3.12/site-packages:${PYTHONPATH} /usr/bin/python3 -W ignore:setup.py install is deprecated -W ignore:easy_install command is deprecated setup.py egg_info --egg-base ../build/erc_gazebo_sensors_py build --build-base /home/arnavb/erc_ws/src/week3/build/erc_gazebo_sensors_py/build install --record /home/arnavb/erc_ws/src/week3/build/erc_gazebo_sensors_py/install.log --single-version-externally-managed install_data
[1.728s] Level 1:colcon.colcon_core.environment:checking '/home/arnavb/erc_ws/src/week3/install/erc_gazebo_sensors_py/lib'
[1.728s] Level 1:colcon.colcon_core.environment:checking '/home/arnavb/erc_ws/src/week3/install/erc_gazebo_sensors_py/bin'
[1.728s] Level 1:colcon.colcon_core.environment:checking '/home/arnavb/erc_ws/src/week3/install/erc_gazebo_sensors_py/lib/pkgconfig/erc_gazebo_sensors_py.pc'
[1.728s] Level 1:colcon.colcon_core.environment:checking '/home/arnavb/erc_ws/src/week3/install/erc_gazebo_sensors_py/lib/python3.12/site-packages'
[1.728s] Level 1:colcon.colcon_core.shell:create_environment_hook('erc_gazebo_sensors_py', 'pythonpath')
[1.728s] INFO:colcon.colcon_core.shell:Creating environment hook '/home/arnavb/erc_ws/src/week3/install/erc_gazebo_sensors_py/share/erc_gazebo_sensors_py/hook/pythonpath.ps1'
[1.728s] INFO:colcon.colcon_core.shell:Creating environment descriptor '/home/arnavb/erc_ws/src/week3/install/erc_gazebo_sensors_py/share/erc_gazebo_sensors_py/hook/pythonpath.dsv'
[1.729s] INFO:colcon.colcon_core.shell:Creating environment hook '/home/arnavb/erc_ws/src/week3/install/erc_gazebo_sensors_py/share/erc_gazebo_sensors_py/hook/pythonpath.sh'
[1.729s] Level 1:colcon.colcon_core.environment:checking '/home/arnavb/erc_ws/src/week3/install/erc_gazebo_sensors_py/bin'
[1.729s] Level 1:colcon.colcon_core.environment:create_environment_scripts_only(erc_gazebo_sensors_py)
[1.729s] INFO:colcon.colcon_core.shell:Creating package script '/home/arnavb/erc_ws/src/week3/install/erc_gazebo_sensors_py/share/erc_gazebo_sensors_py/package.ps1'
[1.729s] INFO:colcon.colcon_core.shell:Creating package descriptor '/home/arnavb/erc_ws/src/week3/install/erc_gazebo_sensors_py/share/erc_gazebo_sensors_py/package.dsv'
[1.730s] INFO:colcon.colcon_core.shell:Creating package script '/home/arnavb/erc_ws/src/week3/install/erc_gazebo_sensors_py/share/erc_gazebo_sensors_py/package.sh'
[1.730s] INFO:colcon.colcon_core.shell:Creating package script '/home/arnavb/erc_ws/src/week3/install/erc_gazebo_sensors_py/share/erc_gazebo_sensors_py/package.bash'
[1.730s] INFO:colcon.colcon_core.shell:Creating package script '/home/arnavb/erc_ws/src/week3/install/erc_gazebo_sensors_py/share/erc_gazebo_sensors_py/package.zsh'
[1.730s] Level 1:colcon.colcon_core.environment:create_file_with_runtime_dependencies(/home/arnavb/erc_ws/src/week3/install/erc_gazebo_sensors_py/share/colcon-core/packages/erc_gazebo_sensors_py)
[1.731s] Level 1:colcon.colcon_core.environment:checking '/home/arnavb/erc_ws/src/week3/install/erc_ros2_navigation_py' for CMake module files
[1.731s] DEBUG:colcon.colcon_core.event_handler.log_command:Invoked command in '/home/arnavb/erc_ws/src/week3/erc_ros2_navigation_py' returned '0': DEBUGINFOD_URLS=https://debuginfod.ubuntu.com PYTHONPATH=/home/arnavb/erc_ws/src/week3/build/erc_ros2_navigation_py/prefix_override:/usr/lib/python3/dist-packages/colcon_core/task/python/colcon_distutils_commands:/home/arnavb/erc_ws/src/week3/install/erc_ros2_navigation_py/lib/python3.12/site-packages:${PYTHONPATH} /usr/bin/python3 -W ignore:setup.py install is deprecated -W ignore:easy_install command is deprecated setup.py egg_info --egg-base ../build/erc_ros2_navigation_py build --build-base /home/arnavb/erc_ws/src/week3/build/erc_ros2_navigation_py/build install --record /home/arnavb/erc_ws/src/week3/build/erc_ros2_navigation_py/install.log --single-version-externally-managed install_data
[1.732s] Level 1:colcon.colcon_core.environment:checking '/home/arnavb/erc_ws/src/week3/install/erc_ros2_navigation_py' for CMake config files
[1.732s] Level 1:colcon.colcon_core.environment:checking '/home/arnavb/erc_ws/src/week3/install/erc_ros2_navigation_py/lib'
[1.732s] Level 1:colcon.colcon_core.environment:checking '/home/arnavb/erc_ws/src/week3/install/erc_ros2_navigation_py/bin'
[1.732s] Level 1:colcon.colcon_core.environment:checking '/home/arnavb/erc_ws/src/week3/install/erc_ros2_navigation_py/lib/pkgconfig/erc_ros2_navigation_py.pc'
[1.732s] Level 1:colcon.colcon_core.environment:checking '/home/arnavb/erc_ws/src/week3/install/erc_ros2_navigation_py/lib/python3.12/site-packages'
[1.732s] Level 1:colcon.colcon_core.shell:create_environment_hook('erc_ros2_navigation_py', 'pythonpath')
[1.732s] INFO:colcon.colcon_core.shell:Creating environment hook '/home/arnavb/erc_ws/src/week3/install/erc_ros2_navigation_py/share/erc_ros2_navigation_py/hook/pythonpath.ps1'
[1.733s] INFO:colcon.colcon_core.shell:Creating environment descriptor '/home/arnavb/erc_ws/src/week3/install/erc_ros2_navigation_py/share/erc_ros2_navigation_py/hook/pythonpath.dsv'
[1.733s] INFO:colcon.colcon_core.shell:Creating environment hook '/home/arnavb/erc_ws/src/week3/install/erc_ros2_navigation_py/share/erc_ros2_navigation_py/hook/pythonpath.sh'
[1.733s] Level 1:colcon.colcon_core.environment:checking '/home/arnavb/erc_ws/src/week3/install/erc_ros2_navigation_py/bin'
[1.733s] Level 1:colcon.colcon_core.environment:create_environment_scripts_only(erc_ros2_navigation_py)
[1.734s] INFO:colcon.colcon_core.shell:Creating package script '/home/arnavb/erc_ws/src/week3/install/erc_ros2_navigation_py/share/erc_ros2_navigation_py/package.ps1'
[1.734s] INFO:colcon.colcon_core.shell:Creating package descriptor '/home/arnavb/erc_ws/src/week3/install/erc_ros2_navigation_py/share/erc_ros2_navigation_py/package.dsv'
[1.734s] INFO:colcon.colcon_core.shell:Creating package script '/home/arnavb/erc_ws/src/week3/install/erc_ros2_navigation_py/share/erc_ros2_navigation_py/package.sh'
[1.734s] INFO:colcon.colcon_core.shell:Creating package script '/home/arnavb/erc_ws/src/week3/install/erc_ros2_navigation_py/share/erc_ros2_navigation_py/package.bash'
[1.735s] INFO:colcon.colcon_core.shell:Creating package script '/home/arnavb/erc_ws/src/week3/install/erc_ros2_navigation_py/share/erc_ros2_navigation_py/package.zsh'
[1.735s] Level 1:colcon.colcon_core.environment:create_file_with_runtime_dependencies(/home/arnavb/erc_ws/src/week3/install/erc_ros2_navigation_py/share/colcon-core/packages/erc_ros2_navigation_py)
[1.735s] DEBUG:colcon.colcon_parallel_executor.executor.parallel:closing loop
[1.735s] DEBUG:colcon.colcon_parallel_executor.executor.parallel:loop closed
[1.735s] DEBUG:colcon.colcon_parallel_executor.executor.parallel:run_until_complete finished with '0'
[1.735s] DEBUG:colcon.colcon_core.event_reactor:joining thread
[1.739s] INFO:colcon.colcon_core.plugin_system:Skipping extension 'colcon_notification.desktop_notification.terminal_notifier': Not used on non-Darwin systems
[1.739s] INFO:colcon.colcon_core.plugin_system:Skipping extension 'colcon_notification.desktop_notification.win32': Not used on non-Windows systems
[1.739s] INFO:colcon.colcon_notification.desktop_notification:Sending desktop notification using 'notify2'
[1.754s] DEBUG:colcon.colcon_core.event_reactor:joined thread
[1.754s] INFO:colcon.colcon_core.shell:Creating prefix script '/home/arnavb/erc_ws/src/week3/install/local_setup.ps1'
[1.755s] INFO:colcon.colcon_core.shell:Creating prefix util module '/home/arnavb/erc_ws/src/week3/install/_local_setup_util_ps1.py'
[1.755s] INFO:colcon.colcon_core.shell:Creating prefix chain script '/home/arnavb/erc_ws/src/week3/install/setup.ps1'
[1.757s] INFO:colcon.colcon_core.shell:Creating prefix script '/home/arnavb/erc_ws/src/week3/install/local_setup.sh'
[1.757s] INFO:colcon.colcon_core.shell:Creating prefix util module '/home/arnavb/erc_ws/src/week3/install/_local_setup_util_sh.py'
[1.757s] INFO:colcon.colcon_core.shell:Creating prefix chain script '/home/arnavb/erc_ws/src/week3/install/setup.sh'
[1.758s] INFO:colcon.colcon_core.shell:Creating prefix script '/home/arnavb/erc_ws/src/week3/install/local_setup.bash'
[1.759s] INFO:colcon.colcon_core.shell:Creating prefix chain script '/home/arnavb/erc_ws/src/week3/install/setup.bash'
[1.760s] INFO:colcon.colcon_core.shell:Creating prefix script '/home/arnavb/erc_ws/src/week3/install/local_setup.zsh'
[1.760s] INFO:colcon.colcon_core.shell:Creating prefix chain script '/home/arnavb/erc_ws/src/week3/install/setup.zsh'
