[0.029s] Invoking command in '/home/arnavb/erc_ws/src/build/erc_gazebo_basics': CMAKE_PREFIX_PATH=${CMAKE_PREFIX_PATH}:/home/arnavb/erc_ws/install/week1_tutorials:/home/arnavb/erc_ws/install/stark_os:/home/arnavb/erc_ws/install/mogi_trajectory_server:/opt/ros/jazzy DEBUGINFOD_URLS=https://debuginfod.ubuntu.com /usr/bin/cmake --build /home/arnavb/erc_ws/src/build/erc_gazebo_basics -- -j20 -l20
[0.346s] Invoked command in '/home/arnavb/erc_ws/src/build/erc_gazebo_basics' returned '0': CMAKE_PREFIX_PATH=${CMAKE_PREFIX_PATH}:/home/arnavb/erc_ws/install/week1_tutorials:/home/arnavb/erc_ws/install/stark_os:/home/arnavb/erc_ws/install/mogi_trajectory_server:/opt/ros/jazzy DEBUGINFOD_URLS=https://debuginfod.ubuntu.com /usr/bin/cmake --build /home/arnavb/erc_ws/src/build/erc_gazebo_basics -- -j20 -l20
[0.353s] Invoking command in '/home/arnavb/erc_ws/src/build/erc_gazebo_basics': CMAKE_PREFIX_PATH=${CMAKE_PREFIX_PATH}:/home/arnavb/erc_ws/install/week1_tutorials:/home/arnavb/erc_ws/install/stark_os:/home/arnavb/erc_ws/install/mogi_trajectory_server:/opt/ros/jazzy DEBUGINFOD_URLS=https://debuginfod.ubuntu.com /usr/bin/cmake --install /home/arnavb/erc_ws/src/build/erc_gazebo_basics
[0.503s] -- Install configuration: ""
[0.503s] -- Up-to-date: /home/arnavb/erc_ws/src/install/erc_gazebo_basics/share/erc_gazebo_basics/launch
[0.503s] -- Up-to-date: /home/arnavb/erc_ws/src/install/erc_gazebo_basics/share/erc_gazebo_basics/launch/check_urdf.launch.py
[0.503s] -- Up-to-date: /home/arnavb/erc_ws/src/install/erc_gazebo_basics/share/erc_gazebo_basics/launch/world.launch.py
[0.503s] -- Up-to-date: /home/arnavb/erc_ws/src/install/erc_gazebo_basics/share/erc_gazebo_basics/launch/spawn_robot.launch.py
[0.503s] -- Up-to-date: /home/arnavb/erc_ws/src/install/erc_gazebo_basics/share/erc_gazebo_basics/worlds
[0.503s] -- Up-to-date: /home/arnavb/erc_ws/src/install/erc_gazebo_basics/share/erc_gazebo_basics/worlds/world.sdf
[0.503s] -- Up-to-date: /home/arnavb/erc_ws/src/install/erc_gazebo_basics/share/erc_gazebo_basics/worlds/empty.sdf
[0.503s] -- Up-to-date: /home/arnavb/erc_ws/src/install/erc_gazebo_basics/share/erc_gazebo_basics/rviz
[0.503s] -- Up-to-date: /home/arnavb/erc_ws/src/install/erc_gazebo_basics/share/erc_gazebo_basics/rviz/urdf.rviz
[0.503s] -- Up-to-date: /home/arnavb/erc_ws/src/install/erc_gazebo_basics/share/erc_gazebo_basics/rviz/rviz.rviz
[0.503s] -- Up-to-date: /home/arnavb/erc_ws/src/install/erc_gazebo_basics/share/erc_gazebo_basics/urdf
[0.503s] -- Up-to-date: /home/arnavb/erc_ws/src/install/erc_gazebo_basics/share/erc_gazebo_basics/urdf/dume_bot.gazebo
[0.503s] -- Up-to-date: /home/arnavb/erc_ws/src/install/erc_gazebo_basics/share/erc_gazebo_basics/urdf/materials.xacro
[0.503s] -- Up-to-date: /home/arnavb/erc_ws/src/install/erc_gazebo_basics/share/erc_gazebo_basics/urdf/dume_bot.urdf
[0.503s] -- Up-to-date: /home/arnavb/erc_ws/src/install/erc_gazebo_basics/share/erc_gazebo_basics/meshes
[0.503s] -- Up-to-date: /home/arnavb/erc_ws/src/install/erc_gazebo_basics/share/erc_gazebo_basics/meshes/IronManWheelLeftFront.dae
[0.503s] -- Up-to-date: /home/arnavb/erc_ws/src/install/erc_gazebo_basics/share/erc_gazebo_basics/meshes/log
[0.503s] -- Up-to-date: /home/arnavb/erc_ws/src/install/erc_gazebo_basics/share/erc_gazebo_basics/meshes/log/build_2025-12-19_18-01-33
[0.503s] -- Up-to-date: /home/arnavb/erc_ws/src/install/erc_gazebo_basics/share/erc_gazebo_basics/meshes/log/build_2025-12-19_18-01-33/events.log
[0.503s] -- Up-to-date: /home/arnavb/erc_ws/src/install/erc_gazebo_basics/share/erc_gazebo_basics/meshes/log/build_2025-12-19_18-01-33/logger_all.log
[0.503s] -- Up-to-date: /home/arnavb/erc_ws/src/install/erc_gazebo_basics/share/erc_gazebo_basics/meshes/log/latest_build
[0.503s] -- Up-to-date: /home/arnavb/erc_ws/src/install/erc_gazebo_basics/share/erc_gazebo_basics/meshes/log/COLCON_IGNORE
[0.504s] -- Up-to-date: /home/arnavb/erc_ws/src/install/erc_gazebo_basics/share/erc_gazebo_basics/meshes/log/latest
[0.504s] -- Up-to-date: /home/arnavb/erc_ws/src/install/erc_gazebo_basics/share/erc_gazebo_basics/meshes/build
[0.504s] -- Up-to-date: /home/arnavb/erc_ws/src/install/erc_gazebo_basics/share/erc_gazebo_basics/meshes/build/COLCON_IGNORE
[0.504s] -- Up-to-date: /home/arnavb/erc_ws/src/install/erc_gazebo_basics/share/erc_gazebo_basics/meshes/build/.built_by
[0.504s] -- Up-to-date: /home/arnavb/erc_ws/src/install/erc_gazebo_basics/share/erc_gazebo_basics/meshes/IronManWheelRightFront.dae
[0.504s] -- Up-to-date: /home/arnavb/erc_ws/src/install/erc_gazebo_basics/share/erc_gazebo_basics/meshes/wheel.SLDPRT
[0.504s] -- Up-to-date: /home/arnavb/erc_ws/src/install/erc_gazebo_basics/share/erc_gazebo_basics/meshes/wheel.blend
[0.504s] -- Up-to-date: /home/arnavb/erc_ws/src/install/erc_gazebo_basics/share/erc_gazebo_basics/meshes/IronMan_ROS_Body.dae
[0.504s] -- Up-to-date: /home/arnavb/erc_ws/src/install/erc_gazebo_basics/share/erc_gazebo_basics/meshes/wheel.dae
[0.504s] -- Up-to-date: /home/arnavb/erc_ws/src/install/erc_gazebo_basics/share/erc_gazebo_basics/meshes/wheel.STEP
[0.504s] -- Up-to-date: /home/arnavb/erc_ws/src/install/erc_gazebo_basics/share/erc_gazebo_basics/meshes/install
[0.504s] -- Up-to-date: /home/arnavb/erc_ws/src/install/erc_gazebo_basics/share/erc_gazebo_basics/meshes/install/setup.bash
[0.504s] -- Up-to-date: /home/arnavb/erc_ws/src/install/erc_gazebo_basics/share/erc_gazebo_basics/meshes/install/setup.ps1
[0.504s] -- Up-to-date: /home/arnavb/erc_ws/src/install/erc_gazebo_basics/share/erc_gazebo_basics/meshes/install/.colcon_install_layout
[0.504s] -- Up-to-date: /home/arnavb/erc_ws/src/install/erc_gazebo_basics/share/erc_gazebo_basics/meshes/install/COLCON_IGNORE
[0.504s] -- Up-to-date: /home/arnavb/erc_ws/src/install/erc_gazebo_basics/share/erc_gazebo_basics/meshes/install/setup.zsh
[0.504s] -- Up-to-date: /home/arnavb/erc_ws/src/install/erc_gazebo_basics/share/erc_gazebo_basics/meshes/install/local_setup.zsh
[0.504s] -- Up-to-date: /home/arnavb/erc_ws/src/install/erc_gazebo_basics/share/erc_gazebo_basics/meshes/install/local_setup.bash
[0.504s] -- Up-to-date: /home/arnavb/erc_ws/src/install/erc_gazebo_basics/share/erc_gazebo_basics/meshes/install/_local_setup_util_sh.py
[0.504s] -- Up-to-date: /home/arnavb/erc_ws/src/install/erc_gazebo_basics/share/erc_gazebo_basics/meshes/install/local_setup.ps1
[0.504s] -- Up-to-date: /home/arnavb/erc_ws/src/install/erc_gazebo_basics/share/erc_gazebo_basics/meshes/install/_local_setup_util_ps1.py
[0.504s] -- Up-to-date: /home/arnavb/erc_ws/src/install/erc_gazebo_basics/share/erc_gazebo_basics/meshes/install/local_setup.sh
[0.504s] -- Up-to-date: /home/arnavb/erc_ws/src/install/erc_gazebo_basics/share/erc_gazebo_basics/meshes/install/setup.sh
[0.504s] -- Up-to-date: /home/arnavb/erc_ws/src/install/erc_gazebo_basics/share/erc_gazebo_basics/meshes/wheel.STL
[0.504s] -- Up-to-date: /home/arnavb/erc_ws/src/install/erc_gazebo_basics/share/ament_index/resource_index/package_run_dependencies/erc_gazebo_basics
[0.504s] -- Up-to-date: /home/arnavb/erc_ws/src/install/erc_gazebo_basics/share/ament_index/resource_index/parent_prefix_path/erc_gazebo_basics
[0.505s] -- Up-to-date: /home/arnavb/erc_ws/src/install/erc_gazebo_basics/share/erc_gazebo_basics/environment/ament_prefix_path.sh
[0.505s] -- Up-to-date: /home/arnavb/erc_ws/src/install/erc_gazebo_basics/share/erc_gazebo_basics/environment/ament_prefix_path.dsv
[0.505s] -- Up-to-date: /home/arnavb/erc_ws/src/install/erc_gazebo_basics/share/erc_gazebo_basics/environment/path.sh
[0.505s] -- Up-to-date: /home/arnavb/erc_ws/src/install/erc_gazebo_basics/share/erc_gazebo_basics/environment/path.dsv
[0.505s] -- Up-to-date: /home/arnavb/erc_ws/src/install/erc_gazebo_basics/share/erc_gazebo_basics/local_setup.bash
[0.505s] -- Up-to-date: /home/arnavb/erc_ws/src/install/erc_gazebo_basics/share/erc_gazebo_basics/local_setup.sh
[0.505s] -- Up-to-date: /home/arnavb/erc_ws/src/install/erc_gazebo_basics/share/erc_gazebo_basics/local_setup.zsh
[0.505s] -- Up-to-date: /home/arnavb/erc_ws/src/install/erc_gazebo_basics/share/erc_gazebo_basics/local_setup.dsv
[0.505s] -- Installing: /home/arnavb/erc_ws/src/install/erc_gazebo_basics/share/erc_gazebo_basics/package.dsv
[0.505s] -- Up-to-date: /home/arnavb/erc_ws/src/install/erc_gazebo_basics/share/ament_index/resource_index/packages/erc_gazebo_basics
[0.505s] -- Up-to-date: /home/arnavb/erc_ws/src/install/erc_gazebo_basics/share/erc_gazebo_basics/cmake/erc_gazebo_basicsConfig.cmake
[0.505s] -- Up-to-date: /home/arnavb/erc_ws/src/install/erc_gazebo_basics/share/erc_gazebo_basics/cmake/erc_gazebo_basicsConfig-version.cmake
[0.505s] -- Up-to-date: /home/arnavb/erc_ws/src/install/erc_gazebo_basics/share/erc_gazebo_basics/package.xml
[0.510s] Invoked command in '/home/arnavb/erc_ws/src/build/erc_gazebo_basics' returned '0': CMAKE_PREFIX_PATH=${CMAKE_PREFIX_PATH}:/home/arnavb/erc_ws/install/week1_tutorials:/home/arnavb/erc_ws/install/stark_os:/home/arnavb/erc_ws/install/mogi_trajectory_server:/opt/ros/jazzy DEBUGINFOD_URLS=https://debuginfod.ubuntu.com /usr/bin/cmake --install /home/arnavb/erc_ws/src/build/erc_gazebo_basics
