[2.630s] Invoking command in '/home/arnavb/erc_ws/src/erc_gazebo_sensors_py': CONDA_PROMPT_MODIFIER=(base) DEBUGINFOD_URLS=https://debuginfod.ubuntu.com PYTHONPATH=/home/arnavb/erc_ws/src/build/erc_gazebo_sensors_py/prefix_override:/usr/lib/python3/dist-packages/colcon_core/task/python/colcon_distutils_commands:/home/arnavb/erc_ws/src/install/erc_gazebo_sensors_py/lib/python3.12/site-packages:${PYTHONPATH} /usr/bin/python3 -W ignore:setup.py install is deprecated -W ignore:easy_install command is deprecated setup.py egg_info --egg-base ../build/erc_gazebo_sensors_py build --build-base /home/arnavb/erc_ws/src/build/erc_gazebo_sensors_py/build install --record /home/arnavb/erc_ws/src/build/erc_gazebo_sensors_py/install.log --single-version-externally-managed install_data
[2.950s] running egg_info
[2.972s] writing ../build/erc_gazebo_sensors_py/erc_gazebo_sensors_py.egg-info/PKG-INFO
[2.972s] writing dependency_links to ../build/erc_gazebo_sensors_py/erc_gazebo_sensors_py.egg-info/dependency_links.txt
[2.973s] writing entry points to ../build/erc_gazebo_sensors_py/erc_gazebo_sensors_py.egg-info/entry_points.txt
[2.973s] writing requirements to ../build/erc_gazebo_sensors_py/erc_gazebo_sensors_py.egg-info/requires.txt
[2.973s] writing top-level names to ../build/erc_gazebo_sensors_py/erc_gazebo_sensors_py.egg-info/top_level.txt
[3.018s] reading manifest file '../build/erc_gazebo_sensors_py/erc_gazebo_sensors_py.egg-info/SOURCES.txt'
[3.019s] writing manifest file '../build/erc_gazebo_sensors_py/erc_gazebo_sensors_py.egg-info/SOURCES.txt'
[3.019s] running build
[3.019s] running build_py
[3.020s] running install
[3.027s] running install_lib
[3.050s] running install_data
[3.050s] running install_egg_info
[3.075s] removing '/home/arnavb/erc_ws/src/install/erc_gazebo_sensors_py/lib/python3.12/site-packages/erc_gazebo_sensors_py-0.0.0-py3.12.egg-info' (and everything under it)
[3.075s] Copying ../build/erc_gazebo_sensors_py/erc_gazebo_sensors_py.egg-info to /home/arnavb/erc_ws/src/install/erc_gazebo_sensors_py/lib/python3.12/site-packages/erc_gazebo_sensors_py-0.0.0-py3.12.egg-info
[3.075s] running install_scripts
[3.231s] Installing chase_the_ball script to /home/arnavb/erc_ws/src/install/erc_gazebo_sensors_py/lib/erc_gazebo_sensors_py
[3.231s] writing list of installed files to '/home/arnavb/erc_ws/src/build/erc_gazebo_sensors_py/install.log'
[3.279s] Invoked command in '/home/arnavb/erc_ws/src/erc_gazebo_sensors_py' returned '0': CONDA_PROMPT_MODIFIER=(base) DEBUGINFOD_URLS=https://debuginfod.ubuntu.com PYTHONPATH=/home/arnavb/erc_ws/src/build/erc_gazebo_sensors_py/prefix_override:/usr/lib/python3/dist-packages/colcon_core/task/python/colcon_distutils_commands:/home/arnavb/erc_ws/src/install/erc_gazebo_sensors_py/lib/python3.12/site-packages:${PYTHONPATH} /usr/bin/python3 -W ignore:setup.py install is deprecated -W ignore:easy_install command is deprecated setup.py egg_info --egg-base ../build/erc_gazebo_sensors_py build --build-base /home/arnavb/erc_ws/src/build/erc_gazebo_sensors_py/build install --record /home/arnavb/erc_ws/src/build/erc_gazebo_sensors_py/install.log --single-version-externally-managed install_data
