[1.179s] Invoking command in '/home/arnavb/erc_ws/src/week1_tutorials': DEBUGINFOD_URLS=https://debuginfod.ubuntu.com PYTHONPATH=/home/arnavb/erc_ws/src/build/week1_tutorials/prefix_override:/usr/lib/python3/dist-packages/colcon_core/task/python/colcon_distutils_commands:/home/arnavb/erc_ws/src/install/week1_tutorials/lib/python3.12/site-packages:${PYTHONPATH} /usr/bin/python3 -W ignore:setup.py install is deprecated -W ignore:easy_install command is deprecated setup.py egg_info --egg-base ../build/week1_tutorials build --build-base /home/arnavb/erc_ws/src/build/week1_tutorials/build install --record /home/arnavb/erc_ws/src/build/week1_tutorials/install.log --single-version-externally-managed install_data
[1.494s] running egg_info
[1.494s] creating ../build/week1_tutorials/week1_tutorials.egg-info
[1.515s] writing ../build/week1_tutorials/week1_tutorials.egg-info/PKG-INFO
[1.516s] writing dependency_links to ../build/week1_tutorials/week1_tutorials.egg-info/dependency_links.txt
[1.516s] writing entry points to ../build/week1_tutorials/week1_tutorials.egg-info/entry_points.txt
[1.516s] writing requirements to ../build/week1_tutorials/week1_tutorials.egg-info/requires.txt
[1.516s] writing top-level names to ../build/week1_tutorials/week1_tutorials.egg-info/top_level.txt
[1.516s] writing manifest file '../build/week1_tutorials/week1_tutorials.egg-info/SOURCES.txt'
[1.559s] reading manifest file '../build/week1_tutorials/week1_tutorials.egg-info/SOURCES.txt'
[1.560s] writing manifest file '../build/week1_tutorials/week1_tutorials.egg-info/SOURCES.txt'
[1.560s] running build
[1.560s] running build_py
[1.560s] creating /home/arnavb/erc_ws/src/build/week1_tutorials/build
[1.560s] creating /home/arnavb/erc_ws/src/build/week1_tutorials/build/lib
[1.560s] creating /home/arnavb/erc_ws/src/build/week1_tutorials/build/lib/week1_tutorials
[1.560s] copying week1_tutorials/__init__.py -> /home/arnavb/erc_ws/src/build/week1_tutorials/build/lib/week1_tutorials
[1.561s] copying week1_tutorials/listener.py -> /home/arnavb/erc_ws/src/build/week1_tutorials/build/lib/week1_tutorials
[1.561s] copying week1_tutorials/talker.py -> /home/arnavb/erc_ws/src/build/week1_tutorials/build/lib/week1_tutorials
[1.561s] running install
[1.569s] running install_lib
[1.590s] creating /home/arnavb/erc_ws/src/install/week1_tutorials/lib/python3.12/site-packages/week1_tutorials
[1.591s] copying /home/arnavb/erc_ws/src/build/week1_tutorials/build/lib/week1_tutorials/__init__.py -> /home/arnavb/erc_ws/src/install/week1_tutorials/lib/python3.12/site-packages/week1_tutorials
[1.591s] copying /home/arnavb/erc_ws/src/build/week1_tutorials/build/lib/week1_tutorials/listener.py -> /home/arnavb/erc_ws/src/install/week1_tutorials/lib/python3.12/site-packages/week1_tutorials
[1.591s] copying /home/arnavb/erc_ws/src/build/week1_tutorials/build/lib/week1_tutorials/talker.py -> /home/arnavb/erc_ws/src/install/week1_tutorials/lib/python3.12/site-packages/week1_tutorials
[1.591s] byte-compiling /home/arnavb/erc_ws/src/install/week1_tutorials/lib/python3.12/site-packages/week1_tutorials/__init__.py to __init__.cpython-312.pyc
[1.591s] byte-compiling /home/arnavb/erc_ws/src/install/week1_tutorials/lib/python3.12/site-packages/week1_tutorials/listener.py to listener.cpython-312.pyc
[1.591s] byte-compiling /home/arnavb/erc_ws/src/install/week1_tutorials/lib/python3.12/site-packages/week1_tutorials/talker.py to talker.cpython-312.pyc
[1.592s] running install_data
[1.592s] creating /home/arnavb/erc_ws/src/install/week1_tutorials/share/ament_index
[1.592s] creating /home/arnavb/erc_ws/src/install/week1_tutorials/share/ament_index/resource_index
[1.592s] creating /home/arnavb/erc_ws/src/install/week1_tutorials/share/ament_index/resource_index/packages
[1.592s] copying resource/week1_tutorials -> /home/arnavb/erc_ws/src/install/week1_tutorials/share/ament_index/resource_index/packages
[1.592s] copying package.xml -> /home/arnavb/erc_ws/src/install/week1_tutorials/share/week1_tutorials
[1.593s] creating /home/arnavb/erc_ws/src/install/week1_tutorials/share/week1_tutorials/launch
[1.593s] copying launch/pubsub.launch.py -> /home/arnavb/erc_ws/src/install/week1_tutorials/share/week1_tutorials/launch
[1.593s] running install_egg_info
[1.616s] Copying ../build/week1_tutorials/week1_tutorials.egg-info to /home/arnavb/erc_ws/src/install/week1_tutorials/lib/python3.12/site-packages/week1_tutorials-0.0.0-py3.12.egg-info
[1.617s] running install_scripts
[1.763s] Installing publisher script to /home/arnavb/erc_ws/src/install/week1_tutorials/lib/week1_tutorials
[1.763s] Installing subscriber script to /home/arnavb/erc_ws/src/install/week1_tutorials/lib/week1_tutorials
[1.763s] writing list of installed files to '/home/arnavb/erc_ws/src/build/week1_tutorials/install.log'
[1.801s] Invoked command in '/home/arnavb/erc_ws/src/week1_tutorials' returned '0': DEBUGINFOD_URLS=https://debuginfod.ubuntu.com PYTHONPATH=/home/arnavb/erc_ws/src/build/week1_tutorials/prefix_override:/usr/lib/python3/dist-packages/colcon_core/task/python/colcon_distutils_commands:/home/arnavb/erc_ws/src/install/week1_tutorials/lib/python3.12/site-packages:${PYTHONPATH} /usr/bin/python3 -W ignore:setup.py install is deprecated -W ignore:easy_install command is deprecated setup.py egg_info --egg-base ../build/week1_tutorials build --build-base /home/arnavb/erc_ws/src/build/week1_tutorials/build install --record /home/arnavb/erc_ws/src/build/week1_tutorials/install.log --single-version-externally-managed install_data
