/home/arnavb/erc_ws/src/install/stark_os/lib/python3.12/site-packages/stark_os/__init__.py
/home/arnavb/erc_ws/src/install/stark_os/lib/python3.12/site-packages/stark_os/talker2.py
/home/arnavb/erc_ws/src/install/stark_os/lib/python3.12/site-packages/stark_os/talker1.py
/home/arnavb/erc_ws/src/install/stark_os/lib/python3.12/site-packages/stark_os/listener.py
/home/arnavb/erc_ws/src/install/stark_os/lib/python3.12/site-packages/stark_os/__pycache__/__init__.cpython-312.pyc
/home/arnavb/erc_ws/src/install/stark_os/lib/python3.12/site-packages/stark_os/__pycache__/talker2.cpython-312.pyc
/home/arnavb/erc_ws/src/install/stark_os/lib/python3.12/site-packages/stark_os/__pycache__/talker1.cpython-312.pyc
/home/arnavb/erc_ws/src/install/stark_os/lib/python3.12/site-packages/stark_os/__pycache__/listener.cpython-312.pyc
/home/arnavb/erc_ws/src/install/stark_os/share/ament_index/resource_index/packages/stark_os
/home/arnavb/erc_ws/src/install/stark_os/share/stark_os/package.xml
/home/arnavb/erc_ws/src/install/stark_os/share/stark_os/launch/pubsub.launch.py
/home/arnavb/erc_ws/src/install/stark_os/lib/python3.12/site-packages/stark_os-0.0.0-py3.12.egg-info/entry_points.txt
/home/arnavb/erc_ws/src/install/stark_os/lib/python3.12/site-packages/stark_os-0.0.0-py3.12.egg-info/dependency_links.txt
/home/arnavb/erc_ws/src/install/stark_os/lib/python3.12/site-packages/stark_os-0.0.0-py3.12.egg-info/zip-safe
/home/arnavb/erc_ws/src/install/stark_os/lib/python3.12/site-packages/stark_os-0.0.0-py3.12.egg-info/top_level.txt
/home/arnavb/erc_ws/src/install/stark_os/lib/python3.12/site-packages/stark_os-0.0.0-py3.12.egg-info/requires.txt
/home/arnavb/erc_ws/src/install/stark_os/lib/python3.12/site-packages/stark_os-0.0.0-py3.12.egg-info/SOURCES.txt
/home/arnavb/erc_ws/src/install/stark_os/lib/python3.12/site-packages/stark_os-0.0.0-py3.12.egg-info/PKG-INFO
/home/arnavb/erc_ws/src/install/stark_os/lib/stark_os/publisher1
/home/arnavb/erc_ws/src/install/stark_os/lib/stark_os/publisher2
/home/arnavb/erc_ws/src/install/stark_os/lib/stark_os/subscriber
