[0.969s] Invoking command in '/home/arnavb/erc_ws/src/mogi_trajectory_server': DEBUGINFOD_URLS=https://debuginfod.ubuntu.com PYTHONPATH=/home/arnavb/erc_ws/src/build/mogi_trajectory_server/prefix_override:/usr/lib/python3/dist-packages/colcon_core/task/python/colcon_distutils_commands:/home/arnavb/erc_ws/src/install/mogi_trajectory_server/lib/python3.12/site-packages:${PYTHONPATH} /usr/bin/python3 -W ignore:setup.py install is deprecated -W ignore:easy_install command is deprecated setup.py egg_info --egg-base ../build/mogi_trajectory_server build --build-base /home/arnavb/erc_ws/src/build/mogi_trajectory_server/build install --record /home/arnavb/erc_ws/src/build/mogi_trajectory_server/install.log --single-version-externally-managed install_data
[1.146s] running egg_info
[1.146s] creating ../build/mogi_trajectory_server/mogi_trajectory_server.egg-info
[1.158s] writing ../build/mogi_trajectory_server/mogi_trajectory_server.egg-info/PKG-INFO
[1.158s] writing dependency_links to ../build/mogi_trajectory_server/mogi_trajectory_server.egg-info/dependency_links.txt
[1.158s] writing entry points to ../build/mogi_trajectory_server/mogi_trajectory_server.egg-info/entry_points.txt
[1.159s] writing requirements to ../build/mogi_trajectory_server/mogi_trajectory_server.egg-info/requires.txt
[1.159s] writing top-level names to ../build/mogi_trajectory_server/mogi_trajectory_server.egg-info/top_level.txt
[1.159s] writing manifest file '../build/mogi_trajectory_server/mogi_trajectory_server.egg-info/SOURCES.txt'
[1.184s] reading manifest file '../build/mogi_trajectory_server/mogi_trajectory_server.egg-info/SOURCES.txt'
[1.184s] adding license file 'LICENSE'
[1.184s] writing manifest file '../build/mogi_trajectory_server/mogi_trajectory_server.egg-info/SOURCES.txt'
[1.184s] running build
[1.184s] running build_py
[1.184s] creating /home/arnavb/erc_ws/src/build/mogi_trajectory_server/build
[1.185s] creating /home/arnavb/erc_ws/src/build/mogi_trajectory_server/build/lib
[1.185s] creating /home/arnavb/erc_ws/src/build/mogi_trajectory_server/build/lib/mogi_trajectory_server
[1.185s] copying mogi_trajectory_server/__init__.py -> /home/arnavb/erc_ws/src/build/mogi_trajectory_server/build/lib/mogi_trajectory_server
[1.185s] copying mogi_trajectory_server/trajectory_topic_based.py -> /home/arnavb/erc_ws/src/build/mogi_trajectory_server/build/lib/mogi_trajectory_server
[1.185s] copying mogi_trajectory_server/trajectory.py -> /home/arnavb/erc_ws/src/build/mogi_trajectory_server/build/lib/mogi_trajectory_server
[1.185s] running install
[1.189s] running install_lib
[1.201s] creating /home/arnavb/erc_ws/src/install/mogi_trajectory_server/lib/python3.12/site-packages/mogi_trajectory_server
[1.201s] copying /home/arnavb/erc_ws/src/build/mogi_trajectory_server/build/lib/mogi_trajectory_server/__init__.py -> /home/arnavb/erc_ws/src/install/mogi_trajectory_server/lib/python3.12/site-packages/mogi_trajectory_server
[1.201s] copying /home/arnavb/erc_ws/src/build/mogi_trajectory_server/build/lib/mogi_trajectory_server/trajectory_topic_based.py -> /home/arnavb/erc_ws/src/install/mogi_trajectory_server/lib/python3.12/site-packages/mogi_trajectory_server
[1.201s] copying /home/arnavb/erc_ws/src/build/mogi_trajectory_server/build/lib/mogi_trajectory_server/trajectory.py -> /home/arnavb/erc_ws/src/install/mogi_trajectory_server/lib/python3.12/site-packages/mogi_trajectory_server
[1.202s] byte-compiling /home/arnavb/erc_ws/src/install/mogi_trajectory_server/lib/python3.12/site-packages/mogi_trajectory_server/__init__.py to __init__.cpython-312.pyc
[1.202s] byte-compiling /home/arnavb/erc_ws/src/install/mogi_trajectory_server/lib/python3.12/site-packages/mogi_trajectory_server/trajectory_topic_based.py to trajectory_topic_based.cpython-312.pyc
[1.202s] byte-compiling /home/arnavb/erc_ws/src/install/mogi_trajectory_server/lib/python3.12/site-packages/mogi_trajectory_server/trajectory.py to trajectory.cpython-312.pyc
[1.203s] running install_data
[1.203s] creating /home/arnavb/erc_ws/src/install/mogi_trajectory_server/share/ament_index
[1.203s] creating /home/arnavb/erc_ws/src/install/mogi_trajectory_server/share/ament_index/resource_index
[1.203s] creating /home/arnavb/erc_ws/src/install/mogi_trajectory_server/share/ament_index/resource_index/packages
[1.203s] copying resource/mogi_trajectory_server -> /home/arnavb/erc_ws/src/install/mogi_trajectory_server/share/ament_index/resource_index/packages
[1.203s] copying package.xml -> /home/arnavb/erc_ws/src/install/mogi_trajectory_server/share/mogi_trajectory_server
[1.203s] running install_egg_info
[1.217s] Copying ../build/mogi_trajectory_server/mogi_trajectory_server.egg-info to /home/arnavb/erc_ws/src/install/mogi_trajectory_server/lib/python3.12/site-packages/mogi_trajectory_server-1.0.0-py3.12.egg-info
[1.217s] running install_scripts
[1.302s] Installing mogi_trajectory_server script to /home/arnavb/erc_ws/src/install/mogi_trajectory_server/lib/mogi_trajectory_server
[1.302s] Installing mogi_trajectory_server_topic_based script to /home/arnavb/erc_ws/src/install/mogi_trajectory_server/lib/mogi_trajectory_server
[1.302s] writing list of installed files to '/home/arnavb/erc_ws/src/build/mogi_trajectory_server/install.log'
[1.324s] Invoked command in '/home/arnavb/erc_ws/src/mogi_trajectory_server' returned '0': DEBUGINFOD_URLS=https://debuginfod.ubuntu.com PYTHONPATH=/home/arnavb/erc_ws/src/build/mogi_trajectory_server/prefix_override:/usr/lib/python3/dist-packages/colcon_core/task/python/colcon_distutils_commands:/home/arnavb/erc_ws/src/install/mogi_trajectory_server/lib/python3.12/site-packages:${PYTHONPATH} /usr/bin/python3 -W ignore:setup.py install is deprecated -W ignore:easy_install command is deprecated setup.py egg_info --egg-base ../build/mogi_trajectory_server build --build-base /home/arnavb/erc_ws/src/build/mogi_trajectory_server/build install --record /home/arnavb/erc_ws/src/build/mogi_trajectory_server/install.log --single-version-externally-managed install_data
